01-20 06:53:17.919  1376  1435 I .apps.wellbeing: AssetManager2(0x784cb4b85978) locale list changing from [] to [en-US]
01-20 06:53:17.926  1376  1435 I .apps.wellbeing: AssetManager2(0x784cb4b82458) locale list changing from [] to [en-US]
01-20 06:53:17.941  1376  1435 I .apps.wellbeing: AssetManager2(0x784cb4b88858) locale list changing from [] to [en-US]
01-20 06:53:17.946  1376  1435 I .apps.wellbeing: AssetManager2(0x784cb4b897f8) locale list changing from [] to [en-US]
01-20 06:53:17.952  1376  1435 I .apps.wellbeing: AssetManager2(0x784cb4b78818) locale list changing from [] to [en-US]
01-20 06:53:17.957  1376  1435 I .apps.wellbeing: AssetManager2(0x784cb4b88e98) locale list changing from [] to [en-US]
01-20 06:53:17.961  4372  4372 I FirebaseApp: Device unlocked: initializing all Firebase APIs for app [DEFAULT]
01-20 06:53:17.966  1376  1435 I .apps.wellbeing: AssetManager2(0x784cb4b86f58) locale list changing from [] to [en-US]
01-20 06:53:17.969  1376  1435 I .apps.wellbeing: AssetManager2(0x784cb4b74358) locale list changing from [] to [en-US]
01-20 06:53:17.973  1376  1435 I .apps.wellbeing: AssetManager2(0x784cb4b88218) locale list changing from [] to [en-US]
01-20 06:53:17.976  1376  1435 I .apps.wellbeing: AssetManager2(0x784cb4b87ef8) locale list changing from [] to [en-US]
01-20 06:53:17.977  1376  1435 I .apps.wellbeing: AssetManager2(0x784cb4b83a38) locale list changing from [] to [en-US]
01-20 06:53:17.983  1376  1435 I .apps.wellbeing: AssetManager2(0x784cb4b88538) locale list changing from [] to [en-US]
01-20 06:53:17.991  1376  1435 I .apps.wellbeing: AssetManager2(0x784cb4b733b8) locale list changing from [] to [en-US]
01-20 06:53:17.995  1376  1435 I .apps.wellbeing: AssetManager2(0x784cb4b74678) locale list changing from [] to [en-US]
01-20 06:53:18.007  4372  4372 I FirebaseInitProvider: FirebaseApp initialization successful
01-20 06:53:18.009  4372  4372 D ReactNativeFirebaseApp: received application context.
01-20 06:53:18.048   699   890 D BackgroundInstallControlService: Package event received: 0
01-20 06:53:18.061  4372  4372 D CompatChangeReporter: Compat change id reported: 279646685; UID 10228; state: ENABLED
01-20 06:53:18.080  4372  4372 D WM-WrkMgrInitializer: Initializing WorkManager with default configuration.
01-20 06:53:18.087  1376  1435 I .apps.wellbeing: AssetManager2(0x784cb4b878b8) locale list changing from [] to [en-US]
01-20 06:53:18.090  1376  1435 I .apps.wellbeing: AssetManager2(0x784cb4b78b38) locale list changing from [] to [en-US]
01-20 06:53:18.099  1376  1435 I .apps.wellbeing: AssetManager2(0x784cb4b801f8) locale list changing from [] to [en-US]
01-20 06:53:18.106  1376  1435 I .apps.wellbeing: AssetManager2(0x784cb4b7aa78) locale list changing from [] to [en-US]
01-20 06:53:18.126  1376  1435 I .apps.wellbeing: AssetManager2(0x784cb4b79498) locale list changing from [] to [en-US]
01-20 06:53:18.138  1376  1435 I .apps.wellbeing: AssetManager2(0x784cb4b74fd8) locale list changing from [] to [en-US]
01-20 06:53:18.141  1376  1435 I .apps.wellbeing: AssetManager2(0x784cb4b7b6f8) locale list changing from [] to [en-US]
01-20 06:53:18.146  1376  1435 I .apps.wellbeing: AssetManager2(0x784cb4b7fed8) locale list changing from [] to [en-US]
01-20 06:53:18.157  1376  1435 I .apps.wellbeing: AssetManager2(0x784cb4b7ba18) locale list changing from [] to [en-US]
01-20 06:53:18.163  1376  1435 I .apps.wellbeing: AssetManager2(0x784cb4b7c058) locale list changing from [] to [en-US]
01-20 06:53:18.171  1376  1435 I .apps.wellbeing: AssetManager2(0x784cb4b7f258) locale list changing from [] to [en-US]
01-20 06:53:18.176  1376  1435 I .apps.wellbeing: AssetManager2(0x784cb4b81198) locale list changing from [] to [en-US]
01-20 06:53:18.197  1376  1435 I .apps.wellbeing: AssetManager2(0x784cb4b7c378) locale list changing from [] to [en-US]
01-20 06:53:18.206  1376  1435 I .apps.wellbeing: AssetManager2(0x784cb4b7a438) locale list changing from [] to [en-US]
01-20 06:53:18.223  1376  1435 I .apps.wellbeing: AssetManager2(0x784cb4b7f578) locale list changing from [] to [en-US]
01-20 06:53:18.227  1376  1435 I .apps.wellbeing: AssetManager2(0x784cb4b7f898) locale list changing from [] to [en-US]
01-20 06:53:18.247  4372  4414 D CompatChangeReporter: Compat change id reported: 312399441; UID 10228; state: ENABLED
01-20 06:53:18.251  4372  4372 D NOTIFEE : (context): received application context
01-20 06:53:18.254  4372  4414 E ashmem  : Pinning is deprecated since Android Q. Please use trim or other methods.
01-20 06:53:18.287  1376  1435 I .apps.wellbeing: AssetManager2(0x784cb4b7c698) locale list changing from [] to [en-US]
01-20 06:53:18.304  4372  4372 W SoLoader: Initializing SoLoader: 0
01-20 06:53:18.309  4372  4372 W SoLoader: Recording new base apk path: /data/app/~~kNRlYkQiCx-C1b3DbxgYuQ==/com.myapp1reactnative-cIospiekAByQ518w_KhoWg==/base.apk
01-20 06:53:18.309  4372  4372 W SoLoader: Previously recorded 0 base apk paths.
01-20 06:53:18.314  4372  4372 I SoLoader: Preparing SO source: DirectorySoSource[root = /vendor/lib64 flags = 2]
01-20 06:53:18.315  4372  4372 I SoLoader: Preparing SO source: DirectorySoSource[root = /system/lib64 flags = 2]
01-20 06:53:18.315  4372  4372 I SoLoader: Preparing SO source: DirectApkSoSource[root = [/data/app/~~kNRlYkQiCx-C1b3DbxgYuQ==/com.myapp1reactnative-cIospiekAByQ518w_KhoWg==/base.apk!/lib/x86_64]]
01-20 06:53:18.321  1376  1435 I .apps.wellbeing: AssetManager2(0x784cb4b82db8) locale list changing from [] to [en-US]
01-20 06:53:18.329  1376  1435 I .apps.wellbeing: AssetManager2(0x784cb4b862d8) locale list changing from [] to [en-US]
01-20 06:53:18.333  1376  1435 I .apps.wellbeing: AssetManager2(0x784cb4b8a478) locale list changing from [] to [en-US]
01-20 06:53:18.345  1376  1435 I .apps.wellbeing: AssetManager2(0x784cb4b87278) locale list changing from [] to [en-US]
01-20 06:53:18.384  1376  1435 I .apps.wellbeing: AssetManager2(0x784cb4b86918) locale list changing from [] to [en-US]
01-20 06:53:18.387  4372  4372 I SoLoader: Preparing SO source: ApplicationSoSource[DirectorySoSource[root = /data/app/~~kNRlYkQiCx-C1b3DbxgYuQ==/com.myapp1reactnative-cIospiekAByQ518w_KhoWg==/lib/x86_64 flags = 0]]
01-20 06:53:18.387  4372  4372 I SoLoader: init finish: 4 SO sources prepared
01-20 06:53:18.388  4372  4372 W SoLoader: SoLoader initialized: 8
01-20 06:53:18.394   699  1771 W OptProp : Cannot read opt property android.window.PROPERTY_COMPAT_ENABLE_FAKE_FOCUS
01-20 06:53:18.394   699  1771 D CompatChangeReporter: Compat change id reported: 324203798; UID 10228; state: ENABLED
01-20 06:53:18.403  1376  1435 I .apps.wellbeing: AssetManager2(0x784cb4b846b8) locale list changing from [] to [en-US]
01-20 06:53:18.408   699   890 D BackgroundInstallControlService: Package event received: 0
01-20 06:53:18.408   699   890 D BackgroundInstallControlService: Package event received: 0
01-20 06:53:18.412  1376  1435 I .apps.wellbeing: AssetManager2(0x784cb4b8ba58) locale list changing from [] to [en-US]
01-20 06:53:18.415  4372  4416 I DisplayManager: Choreographer implicitly registered for the refresh rate.
01-20 06:53:18.424  4372  4372 I app1reactnative: AssetManager2(0x784cb4b623d8) locale list changing from [] to [en-US]
01-20 06:53:18.427  1376  1435 I .apps.wellbeing: AssetManager2(0x784cb4b8d998) locale list changing from [] to [en-US]
01-20 06:53:18.436  1376  1435 I .apps.wellbeing: AssetManager2(0x784cb4b8d358) locale list changing from [] to [en-US]
01-20 06:53:18.447  1376  1435 I .apps.wellbeing: AssetManager2(0x784cb4b8c6d8) locale list changing from [] to [en-US]
01-20 06:53:18.449  1376  1435 I .apps.wellbeing: AssetManager2(0x784cb4b8add8) locale list changing from [] to [en-US]
01-20 06:53:18.459  1376  1435 I .apps.wellbeing: AssetManager2(0x784cb4b8e2f8) locale list changing from [] to [en-US]
01-20 06:53:18.466  1376  1435 I .apps.wellbeing: AssetManager2(0x784cb4b83718) locale list changing from [] to [en-US]
01-20 06:53:18.467  1376  1435 I .apps.wellbeing: AssetManager2(0x784cb4b85018) locale list changing from [] to [en-US]
01-20 06:53:18.509  1376  1435 I .apps.wellbeing: AssetManager2(0x784cb4b833f8) locale list changing from [] to [en-US]
01-20 06:53:18.543  1376  1435 I .apps.wellbeing: AssetManager2(0x784cb4b911d8) locale list changing from [] to [en-US]
01-20 06:53:18.548  1376  1435 I .apps.wellbeing: AssetManager2(0x784cb4b891b8) locale list changing from [] to [en-US]
01-20 06:53:18.558  1376  1435 I .apps.wellbeing: AssetManager2(0x784cb4b82a98) locale list changing from [] to [en-US]
01-20 06:53:18.558  4372  4372 D AppCompatDelegate: Checking for metadata for AppLocalesMetadataHolderService : Service not found
01-20 06:53:18.561  4372  4372 I app1reactnative: AssetManager2(0x784cb4b5e878) locale list changing from [] to [en-US]
01-20 06:53:18.567  1376  1435 I .apps.wellbeing: AssetManager2(0x784cb4b7d958) locale list changing from [] to [en-US]
01-20 06:53:18.577  4372  4416 I EGL_emulation: Opening libGLESv1_CM_emulation.so
01-20 06:53:18.579  4372  4416 I EGL_emulation: Opening libGLESv2_emulation.so
01-20 06:53:18.582  1376  1435 I .apps.wellbeing: AssetManager2(0x784cb4b87bd8) locale list changing from [] to [en-US]
01-20 06:53:18.585  1376  1435 I .apps.wellbeing: AssetManager2(0x784cb4b8ff18) locale list changing from [] to [en-US]
01-20 06:53:18.588  1376  1435 I .apps.wellbeing: AssetManager2(0x784cb4b66ed8) locale list changing from [] to [en-US]
01-20 06:53:18.591  1376  1435 I .apps.wellbeing: AssetManager2(0x784cb4b75938) locale list changing from [] to [en-US]
01-20 06:53:18.593  4372  4416 W HWUI    : Failed to choose config with EGL_SWAP_BEHAVIOR_PRESERVED, retrying without...
01-20 06:53:18.594  4372  4416 W HWUI    : Failed to initialize 101010-2 format, error = EGL_SUCCESS
01-20 06:53:18.599  1376  1435 I .apps.wellbeing: AssetManager2(0x784cb4b64c78) locale list changing from [] to [en-US]
01-20 06:53:18.673  1376  1435 I .apps.wellbeing: AssetManager2(0x784cb4b781d8) locale list changing from [] to [en-US]
01-20 06:53:18.675  4372  4372 W HWUI    : Image decoding logging dropped!
01-20 06:53:18.791  4372  4372 D nativeloader: Load /data/app/~~kNRlYkQiCx-C1b3DbxgYuQ==/com.myapp1reactnative-cIospiekAByQ518w_KhoWg==/base.apk!/lib/x86_64/libc++_shared.so using class loader ns clns-9 (caller=/data/app/~~kNRlYkQiCx-C1b3DbxgYuQ==/com.myapp1reactnative-cIospiekAByQ518w_KhoWg==/base.apk): ok
01-20 06:53:18.872  4372  4372 D nativeloader: Load /data/app/~~kNRlYkQiCx-C1b3DbxgYuQ==/com.myapp1reactnative-cIospiekAByQ518w_KhoWg==/base.apk!/lib/x86_64/libjsi.so using class loader ns clns-9 (caller=/data/app/~~kNRlYkQiCx-C1b3DbxgYuQ==/com.myapp1reactnative-cIospiekAByQ518w_KhoWg==/base.apk): ok
01-20 06:53:18.919  4372  4372 D nativeloader: Load /data/app/~~kNRlYkQiCx-C1b3DbxgYuQ==/com.myapp1reactnative-cIospiekAByQ518w_KhoWg==/base.apk!/lib/x86_64/libfbjni.so using class loader ns clns-9 (caller=/data/app/~~kNRlYkQiCx-C1b3DbxgYuQ==/com.myapp1reactnative-cIospiekAByQ518w_KhoWg==/base.apk): ok
01-20 06:53:18.935  4372  4372 D nativeloader: Load /data/app/~~kNRlYkQiCx-C1b3DbxgYuQ==/com.myapp1reactnative-cIospiekAByQ518w_KhoWg==/base.apk!/lib/x86_64/libreactnative.so using class loader ns clns-9 (caller=/data/app/~~kNRlYkQiCx-C1b3DbxgYuQ==/com.myapp1reactnative-cIospiekAByQ518w_KhoWg==/base.apk): ok
01-20 06:53:18.935  4372  4372 D jni_lib_merge: Entering merged library JNI_OnLoad.
01-20 06:53:18.935  4372  4372 D jni_lib_merge: Preparing 12 pre-merged libs (including stub)
01-20 06:53:18.935  4372  4372 D jni_lib_merge: Preparing to register libfabricjni_so.  onload_func: 0x784b895ce550
01-20 06:53:18.935  4372  4372 D jni_lib_merge: Preparing to register libreact_devsupportjni_so.  onload_func: 0x784b897bbc30
01-20 06:53:18.935  4372  4372 D jni_lib_merge: Preparing to register libreact_featureflagsjni_so.  onload_func: 0x784b897c9780
01-20 06:53:18.935  4372  4372 D jni_lib_merge: Preparing to register libreact_newarchdefaults_so.  onload_func: 0x784b8982e1f0
01-20 06:53:18.935  4372  4372 D jni_lib_merge: Preparing to register libreactnativeblob_so.  onload_func: 0x784b89a16400
01-20 06:53:18.935  4372  4372 D jni_lib_merge: Preparing to register libreactnativejni_so.  onload_func: 0x784b89a60cb0
01-20 06:53:18.935  4372  4372 D jni_lib_merge: Preparing to register libreactnativejni_common_so.  onload_func: 0x784b89a70ab0
01-20 06:53:18.935  4372  4372 D jni_lib_merge: Preparing to register librninstance_so.  onload_func: 0x784b89ab6920
01-20 06:53:18.936  4372  4372 D jni_lib_merge: Preparing to register libturbomodulejsijni_so.  onload_func: 0x784b89bd56e0
01-20 06:53:18.936  4372  4372 D jni_lib_merge: Preparing to register libuimanagerjni_so.  onload_func: 0x784b89bed960
01-20 06:53:18.936  4372  4372 D jni_lib_merge: Preparing to register libyoga_so.  onload_func: 0x784b89bfc8f0
01-20 06:53:18.936  4372  4372 D jni_lib_merge: About to register 11 actual methods.
01-20 06:53:19.008  4372  4372 W SoLoader: SoLoader already initialized
01-20 06:53:19.058  4372  4372 D nativeloader: Load /data/app/~~kNRlYkQiCx-C1b3DbxgYuQ==/com.myapp1reactnative-cIospiekAByQ518w_KhoWg==/base.apk!/lib/x86_64/libhermes.so using class loader ns clns-9 (caller=/data/app/~~kNRlYkQiCx-C1b3DbxgYuQ==/com.myapp1reactnative-cIospiekAByQ518w_KhoWg==/base.apk): ok
01-20 06:53:19.063   699   699 I ResourceTimer: GetResourceValue count=5037 pvalues=13000,37000,64000,670000
01-20 06:53:19.063   699   699 I ResourceTimer: RetrieveAttributes count=8133 pvalues=13000,33000,56000,340000
01-20 06:53:19.106  4372  4372 D nativeloader: Load /data/app/~~kNRlYkQiCx-C1b3DbxgYuQ==/com.myapp1reactnative-cIospiekAByQ518w_KhoWg==/base.apk!/lib/x86_64/libhermestooling.so using class loader ns clns-9 (caller=/data/app/~~kNRlYkQiCx-C1b3DbxgYuQ==/com.myapp1reactnative-cIospiekAByQ518w_KhoWg==/base.apk): ok
01-20 06:53:19.106  4372  4372 D jni_lib_merge: Entering merged library JNI_OnLoad.
01-20 06:53:19.106  4372  4372 D jni_lib_merge: Preparing 4 pre-merged libs (including stub)
01-20 06:53:19.106  4372  4372 D jni_lib_merge: Preparing to register libhermes_executor_so.  onload_func: 0x784b8cc69ce0
01-20 06:53:19.106  4372  4372 D jni_lib_merge: Preparing to register libhermesinstancejni_so.  onload_func: 0x784b8cc9c700
01-20 06:53:19.106  4372  4372 D jni_lib_merge: Preparing to register libjsijniprofiler_so.  onload_func: 0x784b8cc9e470
01-20 06:53:19.106  4372  4372 D jni_lib_merge: About to register 3 actual methods.
01-20 06:53:19.113  4372  4372 W SoLoader: SoLoader already initialized
01-20 06:53:19.137  4372  4372 D CompatChangeReporter: Compat change id reported: 309578419; UID 10228; state: ENABLED
01-20 06:53:19.139  4372  4372 D DesktopModeFlags: Toggle override initialized to: OVERRIDE_UNSET
01-20 06:53:19.174  4372  4372 I app1reactnative: hiddenapi: Accessing hidden method Landroid/view/ViewGroup;->makeOptionalFitsSystemWindows()V (runtime_flags=0, domain=platform, api=unsupported) from Landroidx/appcompat/widget/ViewUtils; (domain=app) using reflection: allowed
01-20 06:53:19.204  4372  4372 D CompatChangeReporter: Compat change id reported: 352594277; UID 10228; state: ENABLED
01-20 06:53:19.215   699   754 I AppsFilter: interaction: PackageSetting{1faf680 com.android.microdroid.empty_payload/10212} -> PackageSetting{4f91395 com.myapp1reactnative/10228} BLOCKED
01-20 06:53:19.229  4372  4372 D CompatChangeReporter: Compat change id reported: 349153669; UID 10228; state: ENABLED
01-20 06:53:19.230  1050  1113 D PackageUpdatedTask: Package updated: mOp=UPDATE packages=[com.myapp1reactnative], user=UserHandle{0}
01-20 06:53:19.237  4372  4372 W HWUI    : Unknown dataspace 0
01-20 06:53:19.237   699   888 D ShortcutService: received package broadcast intent: Intent { act=android.intent.action.PACKAGE_CHANGED dat=package: flg=0x45000010 (has extras) }
01-20 06:53:19.237   699   888 D ShortcutService: changing package: com.myapp1reactnative userId=0
01-20 06:53:19.239   699   795 I RoleService: Granting default roles...
01-20 06:53:19.240  1444  4246 I AiAiEcho: AppIndexer Package:[com.myapp1reactnative] UserProfile:[0] Enabled:[true].
01-20 06:53:19.241  1444  4246 I AiAiEcho: AppFetcherImplV2 updateApps package:[com.myapp1reactnative], userId:[0], reason:[package is updated.].
01-20 06:53:19.246  1038  1242 I SatelliteAppTracker: onPackageModified : com.myapp1reactnative
01-20 06:53:19.247  1050  1113 W HWUI    : Image decoding logging dropped!
01-20 06:53:19.250   931   931 D ControlsListingControllerImpl: ServiceConfig reloaded, count: 0
01-20 06:53:19.257  1038  1038 D CarrierSvcBindHelper: onPackageModified: com.myapp1reactnative
01-20 06:53:19.259  1038  1038 D CarrierSvcBindHelper: No carrier app for: 0
01-20 06:53:19.263   699  2471 W SignedPackage: Package doesn't have required signing certificate: com.google.android.retaildemo
01-20 06:53:19.263   699  2471 E RoleControllerServiceImpl: Default/fallback role holder package doesn't qualify for the role, package: com.google.android.gms.supervision, role: android.app.role.SYSTEM_SUPERVISION
01-20 06:53:19.265  1349  3764 I PermissionControllerServiceImpl: Updating user sensitive for uid 10228
01-20 06:53:19.265  1038  1038 E SmsApplication: com.google.android.apps.messaging lost android:read_cell_broadcasts:  (fixing)
01-20 06:53:19.266   699   988 W AppOpService: Ignored setUidMode call for runtime permission app op: uid = 10146, code = READ_CELL_BROADCASTS, mode = allow, callingUid = 1001, oldMode = allow
01-20 06:53:19.273   699   988 W AppOpService: Ignored setUidMode call for runtime permission app op: uid = 1001, code = READ_SMS, mode = allow, callingUid = 1001, oldMode = allow
01-20 06:53:19.274   699  1771 W AppOpService: Ignored setUidMode call for runtime permission app op: uid = 1001, code = RECEIVE_SMS, mode = allow, callingUid = 1001, oldMode = allow
01-20 06:53:19.274   699  1771 W AppOpService: Ignored setUidMode call for runtime permission app op: uid = 1001, code = RECEIVE_WAP_PUSH, mode = allow, callingUid = 1001, oldMode = allow
01-20 06:53:19.275   699  1771 W AppOpService: Ignored setUidMode call for runtime permission app op: uid = 1001, code = SEND_SMS, mode = allow, callingUid = 1001, oldMode = allow
01-20 06:53:19.275   699  2471 W SignedPackage: Package doesn't have required signing certificate: com.google.android.apps.work.clouddpc
01-20 06:53:19.278   699  1771 W AppOpService: Ignored setUidMode call for runtime permission app op: uid = 1001, code = READ_CELL_BROADCASTS, mode = allow, callingUid = 1001, oldMode = allow
01-20 06:53:19.282  1038  1235 D ImsResolver: maybeAddedImsService, packageName: com.myapp1reactnative
01-20 06:53:19.282  1038  1235 V ImsResolver: searchForImsServices: package=com.myapp1reactnative, users=[UserHandle{0}]
01-20 06:53:19.283  1038  1235 V ImsResolver: searchForImsServices: package=com.myapp1reactnative, users=[UserHandle{0}]
01-20 06:53:19.286  1038  1038 D SatelliteController: packageStateChanged: package:com.myapp1reactnative DefaultSmsPackageName:com.google.android.apps.messaging
01-20 06:53:19.286  1038  1038 V SatelliteController: Neither SMS or SatelliteGateway package
01-20 06:53:19.288  1038  1038 E SmsApplication: com.google.android.apps.messaging lost android:read_cell_broadcasts:  (fixing)
01-20 06:53:19.288   699   764 W AppOpService: Ignored setUidMode call for runtime permission app op: uid = 10146, code = READ_CELL_BROADCASTS, mode = allow, callingUid = 1001, oldMode = allow
01-20 06:53:19.296   699  1771 W AppOpService: Ignored setUidMode call for runtime permission app op: uid = 1001, code = READ_SMS, mode = allow, callingUid = 1001, oldMode = allow
01-20 06:53:19.297   699  1771 W AppOpService: Ignored setUidMode call for runtime permission app op: uid = 1001, code = RECEIVE_SMS, mode = allow, callingUid = 1001, oldMode = allow
01-20 06:53:19.298   699  1771 W AppOpService: Ignored setUidMode call for runtime permission app op: uid = 1001, code = RECEIVE_WAP_PUSH, mode = allow, callingUid = 1001, oldMode = allow
01-20 06:53:19.304   699  1771 W AppOpService: Ignored setUidMode call for runtime permission app op: uid = 1001, code = SEND_SMS, mode = allow, callingUid = 1001, oldMode = allow
01-20 06:53:19.305   699  1771 W AppOpService: Ignored setUidMode call for runtime permission app op: uid = 1001, code = READ_CELL_BROADCASTS, mode = allow, callingUid = 1001, oldMode = allow
01-20 06:53:19.305   699  1947 D CoreBackPreview: Window{b6f8e62 u0 com.myapp1reactnative/com.myapp1reactnative.MainActivity}: Setting back callback OnBackInvokedCallbackInfo{mCallback=android.window.IOnBackInvokedCallback$Stub$Proxy@a6ff2a0, mPriority=0, mIsAnimationCallback=false, mOverrideBehavior=0}
01-20 06:53:19.311   699   813 V AccessibilityManagerService: onUserStateChangedLocked for userId: 0, forceUpdate: false
01-20 06:53:19.313  1038  1038 D SatelliteAccessController: Current default SMS app:ComponentInfo{com.google.android.apps.messaging/com.google.android.apps.messaging.shared.receiver.SmsDeliverReceiver}
01-20 06:53:19.313  1038  1038 D SatelliteController: getSelectedSatelliteSubId: subId=-1
01-20 06:53:19.314  1038  1038 D SatelliteAccessController: supportedMsgApps:com.google.android.apps.messaging
01-20 06:53:19.315   699   813 W MagnificationConnectionManager: requestConnection duplicated request: connect=false, mConnectionState=DISCONNECTED
01-20 06:53:19.316   699   699 W IPCThreadState: Sending oneway calls to frozen process.
01-20 06:53:19.316   699   699 W IPCThreadState: Sending oneway calls to frozen process.
01-20 06:53:19.317   699   699 W IPCThreadState: Sending oneway calls to frozen process.
01-20 06:53:19.317   699   699 W IPCThreadState: Sending oneway calls to frozen process.
01-20 06:53:19.317   699   699 W IPCThreadState: Sending oneway calls to frozen process.
01-20 06:53:19.325   554  1133 W ServiceManagerCppClient: Permission failure: android.permission.ACCESS_SURFACE_FLINGER from uid=10228 pid=0
01-20 06:53:19.325   554  1133 D PermissionCache: checking android.permission.ACCESS_SURFACE_FLINGER for uid=10228 => denied (998 us)
01-20 06:53:19.325   554  1133 W ServiceManagerCppClient: Permission failure: android.permission.ROTATE_SURFACE_FLINGER from uid=10228 pid=0
01-20 06:53:19.325   554  1133 D PermissionCache: checking android.permission.ROTATE_SURFACE_FLINGER for uid=10228 => denied (295 us)
01-20 06:53:19.326   554  1133 W ServiceManagerCppClient: Permission failure: android.permission.INTERNAL_SYSTEM_WINDOW from uid=10228 pid=0
01-20 06:53:19.326   554  1133 D PermissionCache: checking android.permission.INTERNAL_SYSTEM_WINDOW for uid=10228 => denied (582 us)
01-20 06:53:19.326   554   654 W ServiceManagerCppClient: Permission failure: android.permission.INTERNAL_SYSTEM_WINDOW from uid=10228 pid=4372
01-20 06:53:19.326   554   654 D PermissionCache: checking android.permission.INTERNAL_SYSTEM_WINDOW for uid=10228 => denied (568 us)
01-20 06:53:19.327  1050  1113 W HWUI    : Image decoding logging dropped!
01-20 06:53:19.328  1050  1113 D AlphabeticIndexCompat: computeSectionName: cs:  sectionName: 
01-20 06:53:19.330   699  2471 I Role    : com.google.android.gms not qualified for android.app.role.SYSTEM_DEPENDENCY_INSTALLER due to missing RequiredComponent{mIntentFilterData=IntentFilterData{mAction='android.content.pm.action.INSTALL_DEPENDENCY', mCategories='[]', mDataScheme='null', mDataType='null'}, mMinTargetSdkVersion=1, mFlags='0', mPermission='android.permission.BIND_DEPENDENCY_INSTALLER', mQueryFlags=0, mMetaData=[]}
01-20 06:53:19.330   699  2471 E RoleControllerServiceImpl: Default/fallback role holder package doesn't qualify for the role, package: com.google.android.gms, role: android.app.role.SYSTEM_DEPENDENCY_INSTALLER
01-20 06:53:19.332  1050  1050 D AllAppsStore: setApps: apps.length=20
01-20 06:53:19.332  1050  1050 D AllAppsStore: notifyUpdate: notifying listeners
01-20 06:53:19.332  1050  1050 D ActivityAllAppsContainerView: onAppsUpdated; number of apps: 20
01-20 06:53:19.332  1050  1050 D ActivityAllAppsContainerView: rebindAdapters: force: false
01-20 06:53:19.332  1050  1050 D ActivityAllAppsContainerView: rebindAdapters: Not needed.
01-20 06:53:19.332  1050  1050 D StatsLog: LAUNCHER_ALLAPPS_COUNT
01-20 06:53:19.333  1050  1050 D AlphabeticalAppsList: Clearing FastScrollerSections.
01-20 06:53:19.333  1050  1050 D AlphabeticalAppsList: Adding apps with sections. HasPrivateApps: false
01-20 06:53:19.333  1050  1050 D AlphabeticalAppsList: addAppsWithSections: adding sectionName: C with appInfoTitle: Calendar
01-20 06:53:19.333  1050  1050 D AlphabeticalAppsList: addAppsWithSections: adding sectionName: D with appInfoTitle: Drive
01-20 06:53:19.333  1050  1050 D AlphabeticalAppsList: addAppsWithSections: adding sectionName: F with appInfoTitle: Files
01-20 06:53:19.333  1050  1050 D AlphabeticalAppsList: addAppsWithSections: adding sectionName: G with appInfoTitle: Gmail
01-20 06:53:19.333  1050  1050 D AlphabeticalAppsList: addAppsWithSections: adding sectionName: M with appInfoTitle: Maps
01-20 06:53:19.333  1050  1050 D AlphabeticalAppsList: addAppsWithSections: adding sectionName: P with appInfoTitle: Phone
01-20 06:53:19.333  1050  1050 D AlphabeticalAppsList: addAppsWithSections: adding sectionName: S with appInfoTitle: Safety
01-20 06:53:19.333  1050  1050 D AlphabeticalAppsList: addAppsWithSections: adding sectionName: T with appInfoTitle: TMoble
01-20 06:53:19.333  1050  1050 D AlphabeticalAppsList: addAppsWithSections: adding sectionName: Y with appInfoTitle: YouTube
01-20 06:53:19.333  1050  1050 D AlphabeticalAppsList: addAppsWithSections: adding sectionName:  with appInfoTitle: 
01-20 06:53:19.333  1050  1050 D AlphabeticalAppsList: Adding FastScrollSection duplicate to scroll to the bottom.
01-20 06:53:19.333  1050  1050 D AlphabeticalAppsList: Clearing FastScrollerSections.
01-20 06:53:19.333  1050  1050 D AlphabeticalAppsList: Adding apps with sections. HasPrivateApps: false
01-20 06:53:19.333  1050  1050 D AlphabeticalAppsList: addAppsWithSections: adding sectionName: C with appInfoTitle: Calendar
01-20 06:53:19.333  1050  1050 D AlphabeticalAppsList: addAppsWithSections: adding sectionName: D with appInfoTitle: Drive
01-20 06:53:19.334  1050  1050 D AlphabeticalAppsList: addAppsWithSections: adding sectionName: F with appInfoTitle: Files
01-20 06:53:19.334  1050  1050 D AlphabeticalAppsList: addAppsWithSections: adding sectionName: G with appInfoTitle: Gmail
01-20 06:53:19.334  1050  1050 D AlphabeticalAppsList: addAppsWithSections: adding sectionName: M with appInfoTitle: Maps
01-20 06:53:19.334  1050  1050 D AlphabeticalAppsList: addAppsWithSections: adding sectionName: P with appInfoTitle: Phone
01-20 06:53:19.334  1050  1050 D AlphabeticalAppsList: addAppsWithSections: adding sectionName: S with appInfoTitle: Safety
01-20 06:53:19.334  1050  1050 D AlphabeticalAppsList: addAppsWithSections: adding sectionName: T with appInfoTitle: TMoble
01-20 06:53:19.334  1050  1050 D AlphabeticalAppsList: addAppsWithSections: adding sectionName: Y with appInfoTitle: YouTube
01-20 06:53:19.334  1050  1050 D AlphabeticalAppsList: addAppsWithSections: adding sectionName:  with appInfoTitle: 
01-20 06:53:19.334  1050  1050 D AlphabeticalAppsList: Adding FastScrollSection duplicate to scroll to the bottom.
01-20 06:53:19.368   699  2471 E RoleControllerServiceImpl: Default/fallback role holder package doesn't qualify for the role, package: com.google.android.gms, role: android.app.role.WALLET
01-20 06:53:19.372   699  2471 W SignedPackage: Cannot get ApplicationInfo for package: com.google.android.devicelockcontroller
01-20 06:53:19.388  1050  1050 D b/387844520: getOutlineOffsetX: measured width = 173, mNormalizedIconSize = 159, last updated width = 173
01-20 06:53:19.502   699  1947 W ServiceManagerCppClient: Permission failure: android.permission.ACCESS_SURFACE_FLINGER from uid=10228 pid=0
01-20 06:53:19.502   699  1947 D PermissionCache: checking android.permission.ACCESS_SURFACE_FLINGER for uid=10228 => denied (135 us)
01-20 06:53:19.502   699  1947 W ServiceManagerCppClient: Permission failure: android.permission.ROTATE_SURFACE_FLINGER from uid=10228 pid=0
01-20 06:53:19.502   699  1947 D PermissionCache: checking android.permission.ROTATE_SURFACE_FLINGER for uid=10228 => denied (95 us)
01-20 06:53:19.502   699  1947 W ServiceManagerCppClient: Permission failure: android.permission.INTERNAL_SYSTEM_WINDOW from uid=10228 pid=0
01-20 06:53:19.502   699  1947 D PermissionCache: checking android.permission.INTERNAL_SYSTEM_WINDOW for uid=10228 => denied (60 us)
01-20 06:53:19.508   699   719 I ActivityTaskManager: Displayed com.myapp1reactnative/.MainActivity for user 0: +2s688ms
--------- beginning of crash
01-20 06:53:19.509  4372  4420 E AndroidRuntime: FATAL EXCEPTION: create_react_context
01-20 06:53:19.509  4372  4420 E AndroidRuntime: Process: com.myapp1reactnative, PID: 4372
01-20 06:53:19.509  4372  4420 E AndroidRuntime: java.lang.RuntimeException: Unable to load script.
01-20 06:53:19.509  4372  4420 E AndroidRuntime: 
01-20 06:53:19.509  4372  4420 E AndroidRuntime: Make sure you're running Metro or that your bundle 'index.android.bundle' is packaged correctly for release.
01-20 06:53:19.509  4372  4420 E AndroidRuntime: 
01-20 06:53:19.509  4372  4420 E AndroidRuntime: The device must either be USB connected (with bundler set to "localhost:8081") or be on the same Wi-Fi network as your computer (with bundler set to your computer IP) to connect to Metro.
01-20 06:53:19.509  4372  4420 E AndroidRuntime: 
01-20 06:53:19.509  4372  4420 E AndroidRuntime: If you're using USB on a physical device, make sure you also run this command:
01-20 06:53:19.509  4372  4420 E AndroidRuntime:   adb reverse tcp:8081 tcp:8081
01-20 06:53:19.509  4372  4420 E AndroidRuntime: 	at com.facebook.react.bridge.CatalystInstanceImpl.jniLoadScriptFromAssets(Native Method)
01-20 06:53:19.509  4372  4420 E AndroidRuntime: 	at com.facebook.react.bridge.CatalystInstanceImpl.loadScriptFromAssets(CatalystInstanceImpl.java:245)
01-20 06:53:19.509  4372  4420 E AndroidRuntime: 	at com.facebook.react.bridge.JSBundleLoader$Companion$createAssetLoader$1.loadScript(JSBundleLoader.kt:33)
01-20 06:53:19.509  4372  4420 E AndroidRuntime: 	at com.facebook.react.bridge.CatalystInstanceImpl.runJSBundle(CatalystInstanceImpl.java:274)
01-20 06:53:19.509  4372  4420 E AndroidRuntime: 	at com.facebook.react.ReactInstanceManager.createReactContext(ReactInstanceManager.java:1525)
01-20 06:53:19.509  4372  4420 E AndroidRuntime: 	at com.facebook.react.ReactInstanceManager.lambda$runCreateReactContextOnNewThread$2(ReactInstanceManager.java:1222)
01-20 06:53:19.509  4372  4420 E AndroidRuntime: 	at com.facebook.react.ReactInstanceManager.$r8$lambda$PrBhihCbbAFk4ZReAALGanVLCyc(Unknown Source:0)
01-20 06:53:19.509  4372  4420 E AndroidRuntime: 	at com.facebook.react.ReactInstanceManager$$ExternalSyntheticLambda1.run(D8$$SyntheticClass:0)
01-20 06:53:19.509  4372  4420 E AndroidRuntime: 	at java.lang.Thread.run(Thread.java:1119)
01-20 06:53:19.519  1050  1050 D BaseDepthController: setSurface:
01-20 06:53:19.519  1050  1050 D BaseDepthController: 	mWaitingOnSurfaceValidity: false
01-20 06:53:19.519  1050  1050 D BaseDepthController: 	mBaseSurface: null
01-20 06:53:19.519  1050  1050 D BaseDepthController: mSurface is null and mCurrentBlur is: 0
01-20 06:53:19.522   699   722 D OomAdjuster: Not killing cached processes
01-20 06:53:19.523  1050  1050 D StateManager: goToState - fromState: Normal, toState: Normal, partial trace:
01-20 06:53:19.523  1050  1050 D StateManager: 	at com.android.launcher3.statemanager.StateManager.moveToRestState(go/retraceme 72a59688580715d19f0e415c69e80376c2f062d1648c80db6730905005a27c20:4)
01-20 06:53:19.523  1050  1050 D StateManager: 	at com.android.launcher3.statemanager.StateManager.moveToRestState(go/retraceme 72a59688580715d19f0e415c69e80376c2f062d1648c80db6730905005a27c20:1)
01-20 06:53:19.523  1050  1050 D StateManager: 	at com.android.launcher3.statemanager.StatefulActivity.onStop(go/retraceme 72a59688580715d19f0e415c69e80376c2f062d1648c80db6730905005a27c20:34)
01-20 06:53:19.524  1050  1050 D StatsLog: LAUNCHER_ONSTOP
01-20 06:53:19.526  1050  2039 D GmsPlayProvider: Forcefully shut down the binder channel
01-20 06:53:19.529   699  4430 I DropBoxManagerService: add tag=data_app_crash isTagEnabled=true flags=0x2
01-20 06:53:19.530  1050  1050 D StatsLog: LAUNCHER_GOOGLE_SEARCH_RESTORE_LIST_SIZE_AFTER_ACTIVITY_RESTART
01-20 06:53:19.535  1050  1072 I IPCThreadState: oneway function results for code 2 on binder at 0x784cf4bc5970 will be dropped but finished with status UNKNOWN_TRANSACTION
01-20 06:53:19.541   699   890 D BackgroundInstallControlService: Package event received: 0
01-20 06:53:19.553   699   988 W ActivityTaskManager:   Force finishing activity com.myapp1reactnative/.MainActivity
01-20 06:53:19.554   931   986 V WindowManagerShell: Transition requested (#17): android.os.BinderProxy@78ed22e TransitionRequestInfo { type = CLOSE, triggerTask = TaskInfo{userId=0 taskId=49 effectiveUid=10228 displayId=0 isRunning=true baseIntent=Intent { act=android.intent.action.MAIN cat=[android.intent.category.LAUNCHER] flg=0x10000000 cmp=com.myapp1reactnative/.MainActivity } baseActivity=ComponentInfo{com.myapp1reactnative/com.myapp1reactnative.MainActivity} topActivity=ComponentInfo{com.myapp1reactnative/com.myapp1reactnative.MainActivity} origActivity=null realActivity=ComponentInfo{com.myapp1reactnative/com.myapp1reactnative.MainActivity} numActivities=1 lastActiveTime=312294 supportsMultiWindow=true resizeMode=1 isResizeable=true minWidth=-1 minHeight=-1 defaultMinSize=220 token=WCT{android.window.IWindowContainerToken$Stub$Proxy@96db1cf} topActivityType=1 pictureInPictureParams=null shouldDockBigOverlays=false launchIntoPipHostTaskId=-1 lastParentTaskIdBeforePip=-1 displayCutoutSafeInsets=Rect(0, 0 - 0, 0) topActivityInfo=ActivityInfo{4fbf75c com.myapp1reactnative.MainActivity} launchCookies=[] positionInParent=Point(0, 0) parentTaskId=-1 isFocused=true isVisible=true isVisibleRequested=true isTopActivityNoDisplay=false isSleeping=false locusId=null displayAreaFeatureId=1 isTopActivityTransparent=false isActivityStackTransparent=false lastNonFullscreenBounds=Rect(276, 696 - 805, 1776) capturedLink=null capturedLinkTimestamp=0 requestedVisibleTypes=-9 topActivityRequestOpenInBrowserEducationTimestamp=0 appCompatTaskInfo=AppCompatTaskInfo { topActivityInSizeCompat=false eligibleForLetterboxEducation= false isLetterboxEducationEnabled= true isLetterboxDoubleTapEnabled= false eligibleForUserAspectRatioButton= false topActivityBoundsLetterboxed= false isFromLetterboxDoubleTap= false topActivityLetterboxVerticalPosition= -1 topActivityLetterboxHorizontalPosition= -1 topActivityLetterboxWidth=-1 topActivityLetterboxHeight=-1 topActivityAppBounds=Rect(0, 0 - 1080, 2400) isUserFullscreenOverrideEnabled=false isSystemFullscreenOverrideEnabled=false hasMinAspectRatioOverride=false topActivityLetterboxBounds=null cameraCompatTaskInfo=CameraCompatTaskInfo { freeformCameraCompatMode=inactive}} topActivityMainWindowFrame=null}, pipChange = null, remoteTransition = null, displayChange = null, flags = 16, debugId = 17 }
01-20 06:53:19.560   699   809 I ImeTracker: com.myapp1reactnative:3b90e4bf: onRequestHide at ORIGIN_SERVER reason HIDE_UNSPECIFIED_WINDOW fromUser false
01-20 06:53:19.582  1258  1258 I PlayCloudSearchChimeraS: Stopping the server
01-20 06:53:19.582  1258  1258 I PlayCloudSearchLifeCycl: Stopping the GRPC server
01-20 06:53:19.584   554   654 I BpBinder: onLastStrongRef automatically unlinking death recipients: 
01-20 06:53:19.585  4372  4420 I Process : Sending signal. PID: 4372 SIG: 9
01-20 06:53:19.588   554   654 I BpBinder: onLastStrongRef automatically unlinking death recipients: 
01-20 06:53:19.598   699  1947 I ImeTracker: system_server:e89dfba6: onRequestHide at ORIGIN_SERVER reason IME_REQUESTED_CHANGED_LISTENER fromUser false
01-20 06:53:19.599   699   722 I ImeTracker: system_server:e89dfba6: onCancelled at PHASE_SERVER_SHOULD_HIDE
01-20 06:53:19.621  1337  1337 I GoogleInputMethodService: GoogleInputMethodService.onFinishInput():2043 
01-20 06:53:19.622   699   764 I ActivityManager: Process com.myapp1reactnative (pid 4372) has died: fg  TOP 
01-20 06:53:19.622   699  1475 I WindowManager: WIN DEATH: Window{b6f8e62 u0 com.myapp1reactnative/com.myapp1reactnative.MainActivity}
01-20 06:53:19.622   699  1620 I ImeTracker: com.myapp1reactnative:a854577c: onRequestHide at ORIGIN_SERVER reason HIDE_REMOVE_CLIENT fromUser false
01-20 06:53:19.623   699  1620 I ImeTracker: com.myapp1reactnative:a854577c: onCancelled at PHASE_SERVER_SHOULD_HIDE
01-20 06:53:19.624   562   562 I adbd    : Remote process closed the socket (on MSG_PEEK)
01-20 06:53:19.631   481   481 I Zygote  : Process 4372 exited due to signal 9 (Killed)
01-20 06:53:19.657   699   730 I libprocessgroup: Removed cgroup /sys/fs/cgroup/apps/uid_10228/pid_4372
01-20 06:53:19.658  1337  1337 I Module  : DeviceLockedStatusModuleProvider$Module.updateDeviceLockedStatus():100 repeatCheckTimes = 0, locked = false
01-20 06:53:19.670  1050  1050 D ViewRootImpl: Skipping stats log for color mode
01-20 06:53:19.673  1050  1050 D StatsLog: LAUNCHER_ONRESUME
01-20 06:53:19.677   931   986 D WindowManagerShell: setLauncherKeepClearAreaHeight: visible=true, height=527
01-20 06:53:19.678   699   722 W ActivityManager: setHasOverlayUi called on unknown pid: 4372
01-20 06:53:19.679   699   843 D InetDiagMessage: Destroyed 0 sockets, proto=IPPROTO_TCP, family=AF_INET, states=14
01-20 06:53:19.680   699   843 D InetDiagMessage: Destroyed 0 sockets, proto=IPPROTO_TCP, family=AF_INET6, states=14
01-20 06:53:19.680  1050  1050 D NexusLauncherModelDelegate: notifySmartspaceEvent: SmartspaceTargetEvent{mSmartspaceTarget=null, mSmartspaceActionId='null', mEventType=6}
01-20 06:53:19.680   699   843 D InetDiagMessage: Destroyed live tcp sockets for uids={10228} in 12ms
01-20 06:53:19.681   699   843 D InetDiagMessage: Destroyed 0 sockets, proto=IPPROTO_TCP, family=AF_INET, states=14
01-20 06:53:19.688   699   843 D InetDiagMessage: Destroyed 0 sockets, proto=IPPROTO_TCP, family=AF_INET6, states=14
01-20 06:53:19.688   699   843 D InetDiagMessage: Destroyed live tcp sockets for uids={20228} in 7ms
01-20 06:53:19.694   699   890 D BackgroundInstallControlService: Package event received: 0
01-20 06:53:19.694  1337  1337 I GoogleInputMethodService: GoogleInputMethodService.onStartInput():1293 onStartInput(EditorInfo{EditorInfo{packageName=com.myapp1reactnative, inputType=0, inputTypeString=NULL, enableLearning=false, autoCorrection=false, autoComplete=false, imeOptions=0, privateImeOptions=null, actionName=UNSPECIFIED, actionLabel=null, initialSelStart=-1, initialSelEnd=-1, initialCapsMode=0, label=null, fieldId=0, fieldName=null, extras=null, hintText=null, hintLocales=[]}}, false)
01-20 06:53:19.694   699   890 D BackgroundInstallControlService: Package event received: 0
01-20 06:53:19.694   699   890 D BackgroundInstallControlService: Package event received: 0
01-20 06:53:19.712  1050  1113 D QuickstepModelDelegate: notifyAppTargetEvent action=1 launchLocation=workspace/0/[-1,-1]/[1,1]
01-20 06:53:19.712  1050  1050 D BaseDepthController: setSurface:
01-20 06:53:19.712  1050  1050 D BaseDepthController: 	mWaitingOnSurfaceValidity: false
01-20 06:53:19.712  1050  1050 D BaseDepthController: 	mBaseSurface: Surface(name=com.google.android.apps.nexuslauncher/com.google.android.apps.nexuslauncher.NexusLauncherActivity)/@0xc15e1c
01-20 06:53:19.739  1337  1337 I Module  : DeviceLockedStatusModuleProvider$Module.updateDeviceLockedStatus():100 repeatCheckTimes = 1, locked = false
01-20 06:53:19.752  1444  1597 I AiAiEcho: Predicting[0]:  [CONTEXT sampling_count=5 ]
01-20 06:53:19.753  1444  1597 I AiAiEcho: EchoTargets: 
01-20 06:53:19.753  1444  1597 I AiAiEcho: Filtered by AiAi flag check: 
01-20 06:53:19.753  1444  1597 I AiAiEcho: [CONTEXT ratelimit_period="10 SECONDS" ]
01-20 06:53:19.753  1444  1597 I AiAiEcho: #remoteViewsTwiddler: feature disabled.
01-20 06:53:19.758  1337  1337 I EmojiCompatManager: EmojiCompatManager.getEmojiCompatIfLoaded():343 EmojiCompat.init() was never called.
01-20 06:53:19.758  1337  1337 I EmojiCompatManager: java.lang.IllegalStateException: EmojiCompat is not initialized. Please call EmojiCompat.init() first
01-20 06:53:19.758  1337  1337 I EmojiCompatManager: 	at asx.p(PG:6)
01-20 06:53:19.758  1337  1337 I EmojiCompatManager: 	at axb.b(PG:13)
01-20 06:53:19.758  1337  1337 I EmojiCompatManager: 	at jnr.b(PG:2)
01-20 06:53:19.758  1337  1337 I EmojiCompatManager: 	at jnr.c(PG:4)
01-20 06:53:19.758  1337  1337 I EmojiCompatManager: 	at jnr.f(PG:3)
01-20 06:53:19.758  1337  1337 I EmojiCompatManager: 	at jnx.c(PG:3)
01-20 06:53:19.758  1337  1337 I EmojiCompatManager: 	at kif.cz(PG:47)
01-20 06:53:19.758  1337  1337 I EmojiCompatManager: 	at lhl.run(PG:1025)
01-20 06:53:19.758  1337  1337 I EmojiCompatManager: 	at jaf.execute(PG:12)
01-20 06:53:19.758  1337  1337 I EmojiCompatManager: 	at nco.v(PG:13)
01-20 06:53:19.758  1337  1337 I EmojiCompatManager: 	at lhn.m(PG:96)
01-20 06:53:19.758  1337  1337 I EmojiCompatManager: 	at lhn.k(PG:25)
01-20 06:53:19.758  1337  1337 I EmojiCompatManager: 	at kgn.onStartInput(PG:250)
01-20 06:53:19.758  1337  1337 I EmojiCompatManager: 	at android.inputmethodservice.InputMethodService.doStartInput(InputMethodService.java:3521)
01-20 06:53:19.758  1337  1337 I EmojiCompatManager: 	at android.inputmethodservice.InputMethodService$InputMethodImpl.startInput(InputMethodService.java:879)
01-20 06:53:19.758  1337  1337 I EmojiCompatManager: 	at android.inputmethodservice.InputMethodService$InputMethodImpl.dispatchStartInput(InputMethodService.java:908)
01-20 06:53:19.758  1337  1337 I EmojiCompatManager: 	at android.inputmethodservice.IInputMethodWrapper.executeMessage(IInputMethodWrapper.java:201)
01-20 06:53:19.758  1337  1337 I EmojiCompatManager: 	at com.android.internal.os.HandlerCaller$MyHandler.handleMessage(HandlerCaller.java:44)
01-20 06:53:19.758  1337  1337 I EmojiCompatManager: 	at android.os.Handler.dispatchMessage(Handler.java:110)
01-20 06:53:19.758  1337  1337 I EmojiCompatManager: 	at android.os.Looper.loopOnce(Looper.java:248)
01-20 06:53:19.758  1337  1337 I EmojiCompatManager: 	at android.os.Looper.loop(Looper.java:338)
01-20 06:53:19.758  1337  1337 I EmojiCompatManager: 	at android.app.ActivityThread.main(ActivityThread.java:9067)
01-20 06:53:19.758  1337  1337 I EmojiCompatManager: 	at java.lang.reflect.Method.invoke(Native Method)
01-20 06:53:19.758  1337  1337 I EmojiCompatManager: 	at com.android.internal.os.RuntimeInit$MethodAndArgsCaller.run(RuntimeInit.java:593)
01-20 06:53:19.758  1337  1337 I EmojiCompatManager: 	at com.android.internal.os.ZygoteInit.main(ZygoteInit.java:932)
01-20 06:53:19.758  1337  1337 W NotificationCenter: NotificationCenter$NotificationQueue.notifyPendingNotificationsOnExecutor():877 Heavy notify work detected on UI thread: [kig->ilu, kig->ilu, kig->fef, kig->ilu, kig->imt, kig->ilu, kig->ilu, kig->fcb, kig->ilu, kig->ilu, kig->ilu, kig->ilu, kig->lux, kig->khg, kig->ilu, kig->ilu, kig->fro, kig->khc, kig->ijm, kig->jnx, kig->ilu, kig->ilu] takes 33ms
01-20 06:53:19.761  1444  1597 I AiAiEcho: #postPredictionTargets: Sending updates to UISurface home with targets# 0 (types=[])
01-20 06:53:19.842  1337  1337 W DynamicLanguageSetterModule: DynamicLanguageSetterModule.getApplicationLocales():385 Failed to get the application locales
01-20 06:53:19.842  1337  1337 W DynamicLanguageSetterModule: java.lang.SecurityException: getApplicationLocales: Neither user 10159 nor current process has android.permission.READ_APP_SPECIFIC_LOCALES.
01-20 06:53:19.842  1337  1337 W DynamicLanguageSetterModule: 	at android.os.Parcel.createExceptionOrNull(Parcel.java:3340)
01-20 06:53:19.842  1337  1337 W DynamicLanguageSetterModule: 	at android.os.Parcel.createException(Parcel.java:3324)
01-20 06:53:19.842  1337  1337 W DynamicLanguageSetterModule: 	at android.os.Parcel.readException(Parcel.java:3307)
01-20 06:53:19.842  1337  1337 W DynamicLanguageSetterModule: 	at android.os.Parcel.readException(Parcel.java:3249)
01-20 06:53:19.842  1337  1337 W DynamicLanguageSetterModule: 	at android.app.ILocaleManager$Stub$Proxy.getApplicationLocales(ILocaleManager.java:237)
01-20 06:53:19.842  1337  1337 W DynamicLanguageSetterModule: 	at android.app.LocaleManager.getApplicationLocales(LocaleManager.java:149)
01-20 06:53:19.842  1337  1337 W DynamicLanguageSetterModule: 	at a$$ExternalSyntheticApiModelOutline1.m(D8$$SyntheticClass:16)
01-20 06:53:19.842  1337  1337 W DynamicLanguageSetterModule: 	at jjw.g(PG:56)
01-20 06:53:19.842  1337  1337 W DynamicLanguageSetterModule: 	at jjs.c(PG:10)
01-20 06:53:19.842  1337  1337 W DynamicLanguageSetterModule: 	at kif.cz(PG:47)
01-20 06:53:19.842  1337  1337 W DynamicLanguageSetterModule: 	at lhl.run(PG:1025)
01-20 06:53:19.842  1337  1337 W DynamicLanguageSetterModule: 	at qds.execute(PG:1)
01-20 06:53:19.842  1337  1337 W DynamicLanguageSetterModule: 	at nco.v(PG:13)
01-20 06:53:19.842  1337  1337 W DynamicLanguageSetterModule: 	at lhn.m(PG:96)
01-20 06:53:19.842  1337  1337 W DynamicLanguageSetterModule: 	at lhn.k(PG:25)
01-20 06:53:19.842  1337  1337 W DynamicLanguageSetterModule: 	at kgn.onStartInput(PG:250)
01-20 06:53:19.842  1337  1337 W DynamicLanguageSetterModule: 	at android.inputmethodservice.InputMethodService.doStartInput(InputMethodService.java:3521)
01-20 06:53:19.842  1337  1337 W DynamicLanguageSetterModule: 	at android.inputmethodservice.InputMethodService$InputMethodImpl.startInput(InputMethodService.java:879)
01-20 06:53:19.842  1337  1337 W DynamicLanguageSetterModule: 	at android.inputmethodservice.InputMethodService$InputMethodImpl.dispatchStartInput(InputMethodService.java:908)
01-20 06:53:19.842  1337  1337 W DynamicLanguageSetterModule: 	at android.inputmethodservice.IInputMethodWrapper.executeMessage(IInputMethodWrapper.java:201)
01-20 06:53:19.842  1337  1337 W DynamicLanguageSetterModule: 	at com.android.internal.os.HandlerCaller$MyHandler.handleMessage(HandlerCaller.java:44)
01-20 06:53:19.842  1337  1337 W DynamicLanguageSetterModule: 	at android.os.Handler.dispatchMessage(Handler.java:110)
01-20 06:53:19.842  1337  1337 W DynamicLanguageSetterModule: 	at android.os.Looper.loopOnce(Looper.java:248)
01-20 06:53:19.842  1337  1337 W DynamicLanguageSetterModule: 	at android.os.Looper.loop(Looper.java:338)
01-20 06:53:19.842  1337  1337 W DynamicLanguageSetterModule: 	at android.app.ActivityThread.main(ActivityThread.java:9067)
01-20 06:53:19.842  1337  1337 W DynamicLanguageSetterModule: 	at java.lang.reflect.Method.invoke(Native Method)
01-20 06:53:19.842  1337  1337 W DynamicLanguageSetterModule: 	at com.android.internal.os.RuntimeInit$MethodAndArgsCaller.run(RuntimeInit.java:593)
01-20 06:53:19.842  1337  1337 W DynamicLanguageSetterModule: 	at com.android.internal.os.ZygoteInit.main(ZygoteInit.java:932)
01-20 06:53:19.842  1337  1337 W DynamicLanguageSetterModule: Caused by: android.os.RemoteException: Remote stack trace:
01-20 06:53:19.842  1337  1337 W DynamicLanguageSetterModule: 	at android.app.ContextImpl.enforce(ContextImpl.java:2437)
01-20 06:53:19.842  1337  1337 W DynamicLanguageSetterModule: 	at android.app.ContextImpl.enforceCallingOrSelfPermission(ContextImpl.java:2465)
01-20 06:53:19.842  1337  1337 W DynamicLanguageSetterModule: 	at com.android.server.locales.LocaleManagerService.enforceReadAppSpecificLocalesPermission(LocaleManagerService.java:504)
01-20 06:53:19.842  1337  1337 W DynamicLanguageSetterModule: 	at com.android.server.locales.LocaleManagerService.getApplicationLocales(LocaleManagerService.java:432)
01-20 06:53:19.842  1337  1337 W DynamicLanguageSetterModule: 	at com.android.server.locales.LocaleManagerService$LocaleManagerBinderService.getApplicationLocales(LocaleManagerService.java:196)
01-20 06:53:19.842  1337  1337 W DynamicLanguageSetterModule: 
01-20 06:53:19.842  1337  1337 W NotificationCenter: NotificationCenter$NotificationQueue.notifyPendingNotificationsOnExecutor():877 Heavy notify work detected on UI thread: [kig->jjs] takes 83ms
01-20 06:53:19.857  1050  1050 I NotificationListener: Handling notification state refresh for com.google.android.gms#0
01-20 06:53:19.858  1050  1050 D SsBaseTemplateCard: No text view can be set up
01-20 06:53:19.858  1050  1050 D SsBaseTemplateCard: Passed-in item info is null
01-20 06:53:19.858  1050  1050 D SsBaseTemplateCard: Passed-in item info is null
01-20 06:53:19.858  1050  1050 D SsBaseTemplateCard: Passed-in item info is null
01-20 06:53:19.859  1050  1050 I SsBaseTemplateCard: Secondary card pane is null
01-20 06:53:19.862   931  2189 V WindowManagerShell: onTransitionReady(transaction=3002182140514)
01-20 06:53:19.863   931   986 V WindowManagerShell: onTransitionReady (#17) android.os.BinderProxy@78ed22e: {id=17 t=CLOSE f=0x10 trk=0 r=[0@Point(0, 0)] c=[
01-20 06:53:19.863   931   986 V WindowManagerShell:         {m=TO_FRONT f=SHOW_WALLPAPER|MOVE_TO_TOP leash=Surface(name=Task=1)/@0xebd9beb sb=Rect(0, 0 - 1080, 2400) eb=Rect(0, 0 - 1080, 2400) epz=Point(1080, 2400) d=0 taskParent=-1},
01-20 06:53:19.863   931   986 V WindowManagerShell:         {m=CLOSE f=NONE leash=Surface(name=Task=49)/@0xeff2d48 sb=Rect(0, 0 - 1080, 2400) eb=Rect(0, 0 - 1080, 2400) epz=Point(1080, 2400) d=0 taskParent=-1},
01-20 06:53:19.863   931   986 V WindowManagerShell:         {m=TO_FRONT f=IS_WALLPAPER leash=Surface(name=WallpaperWindowToken{a8f127b showWhenLocked=false})/@0x2267e1 sb=Rect(0, 0 - 1080, 2400) eb=Rect(0, 0 - 1080, 2400) epz=Point(1080, 2400) d=0}
01-20 06:53:19.863   931   986 V WindowManagerShell:     ]}
01-20 06:53:19.863   931   986 V WindowManagerShell: Playing animation for (#17) android.os.BinderProxy@78ed22e@0
