01-20 06:49:52.604  3768  3852 I Finsky  : [58] Enqueuing libraries load for 484689121
01-20 06:49:52.606  3768  3839 I Finsky  : [53] Starting libraries load for 484689121
01-20 06:49:52.622  3768  3825 I cn_CronetLibraryLoader: Cronet version: 133.0.6876.3, arch: x86_64
01-20 06:49:52.631  3853  3853 D ApplicationLoaders: Returning zygote-cached class loader: /system/framework/org.apache.http.legacy.jar
01-20 06:49:52.631  3853  3853 D ApplicationLoaders: Returning zygote-cached class loader: /system_ext/framework/androidx.window.extensions.jar
01-20 06:49:52.631  3853  3853 D ApplicationLoaders: Returning zygote-cached class loader: /system_ext/framework/androidx.window.sidecar.jar
01-20 06:49:52.634  3768  3825 I Finsky  : [43] registerListener
01-20 06:49:52.635  1717  1906 W akkt    : missing version info.
01-20 06:49:52.644  3768  3825 I Finsky  : [43] DFS: Listener added for rwh@5a703ad
01-20 06:49:52.644  3768  3825 I Finsky  : [43] registerListener
01-20 06:49:52.679  3853  3853 W ding:background: Failed to find entry 'classes.dex': Entry not found
01-20 06:49:52.679  3853  3853 W ding:background: Failed to find entry 'classes.dex': Entry not found
01-20 06:49:52.679  3853  3853 W ding:background: Failed to find entry 'classes.dex': Entry not found
01-20 06:49:52.680  3853  3853 W ding:background: Failed to find entry 'classes.dex': Entry not found
01-20 06:49:52.680  3853  3853 W ding:background: Failed to find entry 'classes.dex': Entry not found
01-20 06:49:52.680  3853  3853 W ding:background: Failed to find entry 'classes.dex': Entry not found
01-20 06:49:52.681   699  1944 D OomAdjuster: Not killing cached processes
01-20 06:49:52.681  3853  3853 D nativeloader: Configuring clns-9 for other apk /data/app/~~XxgTjJy_Xe2TedVmD9j8Eg==/com.android.vending-L8kDgb45PVjGOpRklrfVxg==/base.apk:/data/app/~~XxgTjJy_Xe2TedVmD9j8Eg==/com.android.vending-L8kDgb45PVjGOpRklrfVxg==/split_config.en.apk:/data/app/~~XxgTjJy_Xe2TedVmD9j8Eg==/com.android.vending-L8kDgb45PVjGOpRklrfVxg==/split_config.x86_64.apk:/data/app/~~XxgTjJy_Xe2TedVmD9j8Eg==/com.android.vending-L8kDgb45PVjGOpRklrfVxg==/split_phonesky_data_loader.apk:/data/app/~~XxgTjJy_Xe2TedVmD9j8Eg==/com.android.vending-L8kDgb45PVjGOpRklrfVxg==/split_phonesky_data_loader.config.x86_64.apk:/data/app/~~XxgTjJy_Xe2TedVmD9j8Eg==/com.android.vending-L8kDgb45PVjGOpRklrfVxg==/split_phonesky_webrtc_native_lib.apk:/data/app/~~XxgTjJy_Xe2TedVmD9j8Eg==/com.android.vending-L8kDgb45PVjGOpRklrfVxg==/split_phonesky_webrtc_native_lib.config.x86_64.apk. target_sdk_version=36, uses_libraries=, library_path=/data/app/~~XxgTjJy_Xe2TedVmD9j8Eg==/com.android.vending-L8kDgb45PVjGOpRklrfVxg==/lib/x86_64:/data/app/~~XxgTjJy_Xe2TedVmD9j8Eg==/com.android.ven
01-20 06:49:52.682   699  1947 D ConnectivityService: requestNetwork for uid/pid:10145/3768 activeRequest: null callbackRequest: 163 [NetworkRequest [ REQUEST id=164, [ Capabilities: INTERNET&NOT_RESTRICTED&TRUSTED&NOT_VCN_MANAGED&NOT_BANDWIDTH_CONSTRAINED Uid: 10145 RequestorUid: 10145 RequestorPkg: com.android.vending UnderlyingNetworks: Null] ]] callback flags: 0 order: 2147483647 isUidTracked: false declaredMethods: AVAIL|LOST|NC|LP
01-20 06:49:52.690  3853  3853 I ding:background: AssetManager2(0x784cb4b61758) locale list changing from [] to [en-US]
01-20 06:49:52.709  3853  3853 V GraphicsEnvironment: Currently set values for:
01-20 06:49:52.709  3853  3853 V GraphicsEnvironment:   angle_gl_driver_selection_pkgs=[]
01-20 06:49:52.710  3853  3853 V GraphicsEnvironment:   angle_gl_driver_selection_values=[]
01-20 06:49:52.710  3853  3853 V GraphicsEnvironment: com.android.vending is not listed in per-application setting
01-20 06:49:52.710  3853  3853 V GraphicsEnvironment: ANGLE allowlist from config: com.dreamgames.royalmatch com.dts.freefiremax com.dxx.firenow com.gramgames.mergedragons com.ludo.king com.mojang.minecraftpe com.my.defense com.nintendo.zaka com.os.airforce com.playrix.fishdomdd.gplay io.teslatech.callbreak jp.konami.prospia net.peakgames.toonblast
01-20 06:49:52.710  3853  3853 V GraphicsEnvironment: com.android.vending is not listed in ANGLE allowlist or settings, returning default
01-20 06:49:52.710  3853  3853 V GraphicsEnvironment: Neither updatable production driver nor prerelease driver is supported.
01-20 06:49:52.721   699   843 D ConnectivityService: NetReassign [164 : null  100] [c 0] [a 1] [i 37]
01-20 06:49:52.721   699   837 D WifiNetworkFactory: got request NetworkRequest [ REQUEST id=164, [ Capabilities: INTERNET&NOT_RESTRICTED&TRUSTED&NOT_VCN_MANAGED&NOT_BANDWIDTH_CONSTRAINED Uid: 10145 RequestorUid: 10145 RequestorPkg: com.android.vending UnderlyingNetworks: Null] ]
01-20 06:49:52.722   699   837 D UntrustedWifiNetworkFactory: got request NetworkRequest [ REQUEST id=164, [ Capabilities: INTERNET&NOT_RESTRICTED&TRUSTED&NOT_VCN_MANAGED&NOT_BANDWIDTH_CONSTRAINED Uid: 10145 RequestorUid: 10145 RequestorPkg: com.android.vending UnderlyingNetworks: Null] ]
01-20 06:49:52.722   699   837 D OemPaidWifiNetworkFactory: got request NetworkRequest [ REQUEST id=164, [ Capabilities: INTERNET&NOT_RESTRICTED&TRUSTED&NOT_VCN_MANAGED&NOT_BANDWIDTH_CONSTRAINED Uid: 10145 RequestorUid: 10145 RequestorPkg: com.android.vending UnderlyingNetworks: Null] ]
01-20 06:49:52.722   699   837 D MultiInternetWifiNetworkFactory: got request NetworkRequest [ REQUEST id=164, [ Capabilities: INTERNET&NOT_RESTRICTED&TRUSTED&NOT_VCN_MANAGED&NOT_BANDWIDTH_CONSTRAINED Uid: 10145 RequestorUid: 10145 RequestorPkg: com.android.vending UnderlyingNetworks: Null] ]
01-20 06:49:52.732  3768  3839 I Finsky  : [53] Loaded library for account: [nfVcRdelUeYLEPH-3M_tQxLntLC8zGpG7VaVS_ipDsA]
01-20 06:49:52.738   699   843 D InetDiagMessage: Destroyed 2 sockets, proto=IPPROTO_TCP, family=AF_INET, states=14
01-20 06:49:52.739   699   843 D InetDiagMessage: Destroyed 0 sockets, proto=IPPROTO_TCP, family=AF_INET6, states=14
01-20 06:49:52.739   699   843 D InetDiagMessage: Destroyed live tcp sockets for uids={10133} in 5ms
01-20 06:49:52.739   699   843 D InetDiagMessage: Destroyed 0 sockets, proto=IPPROTO_TCP, family=AF_INET, states=14
01-20 06:49:52.739   699   843 D InetDiagMessage: Destroyed 0 sockets, proto=IPPROTO_TCP, family=AF_INET6, states=14
01-20 06:49:52.740   699   843 D InetDiagMessage: Destroyed live tcp sockets for uids={20133} in 1ms
01-20 06:49:52.743  3768  3839 I Finsky  : [53] Finished loading 1 libraries.
01-20 06:49:52.747   699   764 D CompatChangeReporter: Compat change id reported: 349487600; UID 10145; state: ENABLED
01-20 06:49:52.749  1501  1501 D BoundBrokerSvc: onBind: Intent { act=com.google.android.gms.safetynet.service.START xflg=0x4 pkg=com.google.android.gms }
01-20 06:49:52.749  1501  1501 D BoundBrokerSvc: Loading bound service for intent: Intent { act=com.google.android.gms.safetynet.service.START xflg=0x4 pkg=com.google.android.gms }
01-20 06:49:52.752   699   843 D ConnectivityService: NetReassign [no changes] [c 0] [a 2] [i 1]
01-20 06:49:52.781  3853  3853 I Finsky:background: [2] Process created at version: 49.6.23-31 [0] [PR] 853496792
01-20 06:49:52.802  3853  3853 I Finsky:background: [2] [BGP] Initializing early flags...
01-20 06:49:52.802  3853  3853 I Finsky:background: [2] [BGP] Initializing Gservices...
01-20 06:49:52.811  3853  3853 I Finsky:background: [2] [BGP] Initializing flags...
01-20 06:49:52.830  3853  3853 I Finsky:background: [2] Finished reading experiment flags from file [0tGUNCGIkbk4o6-fQ335kUYSKwVj4lusnHT-A5Dsy08] numFlags=2184.
01-20 06:49:52.842  3768  3768 I Finsky  : [2] ahkp - Received: android.intent.action.PACKAGE_ADDED, [3YmRuZdk5t4K8lT635X9TGpB8noq2MIh0YCaw_Djdz8]
01-20 06:49:52.849  3853  3921 D nativeloader: Load /data/app/~~XxgTjJy_Xe2TedVmD9j8Eg==/com.android.vending-L8kDgb45PVjGOpRklrfVxg==/split_config.x86_64.apk!/lib/x86_64/libmappedcountercacheversionjni.so using class loader ns clns-9 (caller=/data/app/~~XxgTjJy_Xe2TedVmD9j8Eg==/com.android.vending-L8kDgb45PVjGOpRklrfVxg==/base.apk): ok
01-20 06:49:52.859  3853  3853 E ashmem  : Pinning is deprecated since Android Q. Please use trim or other methods.
01-20 06:49:52.869  3853  3853 I Finsky:background: [2] Finished reading experiment flags from file [V9xqmVjgnO8HWQSzNWRlx0Vm0vdy7Ms4ULzJ0zVEEAQ] numFlags=2149.
01-20 06:49:52.875  1258  1668 W GetConfigSnapshotOp: Succeeded but not registered: com.google.android.gms.gmscompliance_client#com.android.vending [CONTEXT service_id=51 ]
01-20 06:49:52.891  3853  3853 I Finsky:background: [2] [BGP] Initializing crash detector...
01-20 06:49:52.903  3853  3853 I Finsky:background: [2] ahkf - Registering in memory receiver for android.intent.action.PACKAGE_ADDED and android.intent.action.PACKAGE_REMOVED
01-20 06:49:52.989  3853  3853 I Finsky:background: [2] This process start was not selected for Play memory metrics collection.
01-20 06:49:52.995  3853  3853 I Finsky:background: [2] ahkf - Received: android.intent.action.PACKAGE_ADDED, [3YmRuZdk5t4K8lT635X9TGpB8noq2MIh0YCaw_Djdz8]
01-20 06:49:53.025   699  1657 D FileUtils: Rounded bytes from 2067259392 to 4000000000
01-20 06:49:53.038  3768  3768 I Finsky  : [2] AIM: AppInfoCacheUpdater -> invalidating apps: [com.myapp1reactnative]
01-20 06:49:53.038  3768  3768 I Finsky  : [2] AIM: AppInfoManager-Perf > Creating AppInfoManager ...
01-20 06:49:53.039  1258  1668 W GetConfigSnapshotOp: Succeeded but not registered: com.google.android.libraries.onegoogle#com.android.vending [CONTEXT service_id=51 ]
01-20 06:49:53.044  3768  3828 I Finsky  : [46] Initializing pausers from value store.
01-20 06:49:53.047  3853  3936 W Settings: Setting download_manager_max_bytes_over_mobile has moved from android.provider.Settings.Secure to android.provider.Settings.Global.
01-20 06:49:53.060  3768  3828 I Finsky  : [46] IQ::HLD: Callers (Pausers) in PauseUpdatesCallersValueStore: []
01-20 06:49:53.089  3853  3936 I Finsky:background: [53] SettingNotFoundException, fall through to G.downloadBytesOverMobileMaximum
01-20 06:49:53.090  3853  3936 W Settings: Setting download_manager_recommended_max_bytes_over_mobile has moved from android.provider.Settings.Secure to android.provider.Settings.Global.
01-20 06:49:53.114  3768  3768 I Finsky  : [2] AIM: AppInfoManager-Perf > getApps > called for 1 apps
01-20 06:49:53.118  3853  3936 I Finsky:background: [53] SettingNotFoundException, fall through to G.downloadBytesOverMobileRecommended
01-20 06:49:53.118  3853  3936 I Finsky:background: [53] registerListener
01-20 06:49:53.119  3853  3936 I Finsky:background: [53] DFS: Listener added for rwh@b21c528
01-20 06:49:53.119  3853  3936 I Finsky:background: [53] registerListener
01-20 06:49:53.119  3853  3936 I Finsky:background: [53] registerListener
01-20 06:49:53.120  3853  3936 I Finsky:background: [53] DFS: Listener added for alpf@28a34c3
01-20 06:49:53.145  3768  3858 I Finsky  : [61] AIM: AppInfoManager-Perf > OnDeviceAppInfo > cacheHitCount=0, cacheMissCount=1. Missed  in cache (limit 10) : [com.myapp1reactnative]
01-20 06:49:53.162  3853  3936 I Finsky:background: [53] IV2: IQv2 is disabled. Recovering all active installs: []
01-20 06:49:53.169  3768  3867 I Finsky  : [63] AIM: Got app ownership map. App counts: . Unique apps: 0
01-20 06:49:53.169  3768  3867 E Finsky  : [63] [Counters] attempted to use a non-positive increment for: 4752
01-20 06:49:53.185  3768  3768 I Finsky  : [2] DTU: Received onPackageAdded, replacing: true
01-20 06:49:53.186  3768  3867 E Finsky  : [63] [Counters] attempted to use a non-positive increment for: 4753
01-20 06:49:53.186  3768  3839 I Finsky  : [53] SysUA: Set SystemUpdateActivity enabled state to 1
01-20 06:49:53.191  3768  3867 I Finsky  : [63] Set UnhibernateActivity enabled state to 1
01-20 06:49:53.221  3768  3839 I Finsky  : [53] SysCUA: Set {com.android.vending/com.google.android.finsky.systemcomponentupdateui.common.SystemComponentUpdateActivity} enabled state to 0
01-20 06:49:53.227  3768  3851 I android.vending: AssetManager2(0x784cb4b623d8) locale list changing from [] to [en-US]
01-20 06:49:53.263  3768  3825 I Finsky  : [43] cubesStatesValueStore = [1, 1, 2, 2, 2, 2, 2]
01-20 06:49:53.335  3768  3851 W HWUI    : Image decoding logging dropped!
01-20 06:49:53.350  3768  3768 I Finsky  : [2] Resetting scheduler db
01-20 06:49:53.351  3853  3930 I cn_CronetLibraryLoader: Cronet version: 133.0.6876.3, arch: x86_64
01-20 06:49:53.355  3853  3933 I Finsky:background: [51] RECEIVER_PACKAGE_MONITOR_BACKGROUND#logWorkEndAndFinishGoAsync: SUCCESS
01-20 06:49:53.365  3768  3824 I Finsky  : [42] RECEIVER_PACKAGE_MONITOR#logWorkEndAndFinishGoAsync: SUCCESS
01-20 06:49:53.377   699  1952 D ConnectivityService: requestNetwork for uid/pid:10145/3853 activeRequest: null callbackRequest: 166 [NetworkRequest [ REQUEST id=167, [ Capabilities: INTERNET&NOT_RESTRICTED&TRUSTED&NOT_VCN_MANAGED&NOT_BANDWIDTH_CONSTRAINED Uid: 10145 RequestorUid: 10145 RequestorPkg: com.android.vending UnderlyingNetworks: Null] ]] callback flags: 0 order: 2147483647 isUidTracked: false declaredMethods: AVAIL|LOST
01-20 06:49:53.381   699   843 D ConnectivityService: NetReassign [167 : null  100] [c 0] [a 1] [i 2]
01-20 06:49:53.382  3768  3839 I Finsky  : [53] AIM: AppInfoManager-Perf > OnDeviceAppInfo > cacheHitCount=1, cacheMissCount=0. Missed  in cache (limit 10) : []
01-20 06:49:53.382   699   837 D WifiNetworkFactory: got request NetworkRequest [ REQUEST id=167, [ Capabilities: INTERNET&NOT_RESTRICTED&TRUSTED&NOT_VCN_MANAGED&NOT_BANDWIDTH_CONSTRAINED Uid: 10145 RequestorUid: 10145 RequestorPkg: com.android.vending UnderlyingNetworks: Null] ]
01-20 06:49:53.382   699   837 D UntrustedWifiNetworkFactory: got request NetworkRequest [ REQUEST id=167, [ Capabilities: INTERNET&NOT_RESTRICTED&TRUSTED&NOT_VCN_MANAGED&NOT_BANDWIDTH_CONSTRAINED Uid: 10145 RequestorUid: 10145 RequestorPkg: com.android.vending UnderlyingNetworks: Null] ]
01-20 06:49:53.382   699   837 D OemPaidWifiNetworkFactory: got request NetworkRequest [ REQUEST id=167, [ Capabilities: INTERNET&NOT_RESTRICTED&TRUSTED&NOT_VCN_MANAGED&NOT_BANDWIDTH_CONSTRAINED Uid: 10145 RequestorUid: 10145 RequestorPkg: com.android.vending UnderlyingNetworks: Null] ]
01-20 06:49:53.382   699   837 D MultiInternetWifiNetworkFactory: got request NetworkRequest [ REQUEST id=167, [ Capabilities: INTERNET&NOT_RESTRICTED&TRUSTED&NOT_VCN_MANAGED&NOT_BANDWIDTH_CONSTRAINED Uid: 10145 RequestorUid: 10145 RequestorPkg: com.android.vending UnderlyingNetworks: Null] ]
01-20 06:49:53.384   699  1657 D ConnectivityService: requestNetwork for uid/pid:10145/3853 activeRequest: null callbackRequest: 168 [NetworkRequest [ REQUEST id=169, [ Capabilities: INTERNET&NOT_RESTRICTED&TRUSTED&NOT_VCN_MANAGED&NOT_BANDWIDTH_CONSTRAINED Uid: 10145 RequestorUid: 10145 RequestorPkg: com.android.vending UnderlyingNetworks: Null] ]] callback flags: 0 order: 2147483647 isUidTracked: false declaredMethods: AVAIL|LOST|NC|LP
01-20 06:49:53.386  3768  3839 I Finsky  : [53] AIM: Got app ownership map. App counts: . Unique apps: 0
01-20 06:49:53.386  3768  3839 E Finsky  : [53] [Counters] attempted to use a non-positive increment for: 4752
01-20 06:49:53.386  3768  3839 E Finsky  : [53] [Counters] attempted to use a non-positive increment for: 4753
01-20 06:49:53.386   699   837 D WifiNetworkFactory: got request NetworkRequest [ REQUEST id=169, [ Capabilities: INTERNET&NOT_RESTRICTED&TRUSTED&NOT_VCN_MANAGED&NOT_BANDWIDTH_CONSTRAINED Uid: 10145 RequestorUid: 10145 RequestorPkg: com.android.vending UnderlyingNetworks: Null] ]
01-20 06:49:53.387   699   837 D UntrustedWifiNetworkFactory: got request NetworkRequest [ REQUEST id=169, [ Capabilities: INTERNET&NOT_RESTRICTED&TRUSTED&NOT_VCN_MANAGED&NOT_BANDWIDTH_CONSTRAINED Uid: 10145 RequestorUid: 10145 RequestorPkg: com.android.vending UnderlyingNetworks: Null] ]
01-20 06:49:53.388   699   837 D OemPaidWifiNetworkFactory: got request NetworkRequest [ REQUEST id=169, [ Capabilities: INTERNET&NOT_RESTRICTED&TRUSTED&NOT_VCN_MANAGED&NOT_BANDWIDTH_CONSTRAINED Uid: 10145 RequestorUid: 10145 RequestorPkg: com.android.vending UnderlyingNetworks: Null] ]
01-20 06:49:53.389   699   837 D MultiInternetWifiNetworkFactory: got request NetworkRequest [ REQUEST id=169, [ Capabilities: INTERNET&NOT_RESTRICTED&TRUSTED&NOT_VCN_MANAGED&NOT_BANDWIDTH_CONSTRAINED Uid: 10145 RequestorUid: 10145 RequestorPkg: com.android.vending UnderlyingNetworks: Null] ]
01-20 06:49:53.389  3853  3934 I Finsky:background: [52] IQ: start evaluating install requests.
01-20 06:49:53.389  3853  3934 I Finsky:background: [52] IQ: no jobs active. Skipping
01-20 06:49:53.389   699   843 D ConnectivityService: NetReassign [169 : null  100] [c 1] [a 0] [i 4]
01-20 06:49:53.392   699   843 D ConnectivityService: NetReassign [no changes] [c 1] [a 0] [i 1]
01-20 06:49:53.393  3853  3930 I Finsky:background: [50] Finished reading experiment flags from file [Se-xCc4LzNyh3UrKMIU2sUf-PUKz4oQEbpKZDMuaFno] numFlags=2140.
01-20 06:49:53.407  3768  3768 I Finsky  : [2] onSubscriptionsChanged
01-20 06:49:53.423   699  1952 V SafetySourceDataValidat: Package: com.android.vending has expected signature
01-20 06:49:53.424   699  1952 V SafetySourceDataValidat: Package: com.android.vending has expected signature
01-20 06:49:53.433  3853  3930 I Finsky:background: [50] Subscription detail: DataSubscriptionInfo{groupIdLevel1=null, serviceProviderName=[Zr1R7g28S8p7iucp_gnNJJtsRl-pgO3Y6eIkCh24Iy0], simCarrierId=1}
01-20 06:49:53.442  3768  3858 I Finsky  : [61] SCH: Scheduling phonesky job Id: 1-1337, CT: 1768889604230, Constraints: [{ L: 29837703, D: 73037703, C: CHARGING_NONE, I: IDLE_NONE, N: NET_ANY, B: BATTERY_ANY }]
01-20 06:49:53.445  1717  2449 I IPCThreadState: oneway function results for code 2 on binder at 0x784cf4b82b60 will be dropped but finished with status UNKNOWN_TRANSACTION
01-20 06:49:53.447  3853  3952 I Finsky:background: [62] IQ: Pruning inactive install requests
01-20 06:49:53.449  3768  3858 I Finsky  : [61] SCH: Scheduling phonesky job Id: 10-79, CT: 1768889590963, Constraints: [{ L: 0, D: 86400000, C: CHARGING_NONE, I: IDLE_REQUIRED, N: NET_NONE, B: BATTERY_ANY }]
01-20 06:49:53.449  3768  3858 I Finsky  : [61] SCH: Scheduling phonesky job Id: 10-168, CT: 1768889590963, Constraints: [{ L: 0, D: 86400000, C: CHARGING_NONE, I: IDLE_REQUIRED, N: NET_NONE, B: BATTERY_ANY }]
01-20 06:49:53.450  3768  3858 I Finsky  : [61] SCH: Scheduling phonesky job Id: 20-23232323, CT: 1768889608231, Constraints: [{ L: 0, D: 82800000, C: CHARGING_REQUIRED, I: IDLE_NONE, N: NET_UNMETERED, B: BATTERY_ANY }]
01-20 06:49:53.450  3768  3858 I Finsky  : [61] SCH: Scheduling phonesky job Id: 24-77777777, CT: 1768889609646, Constraints: [{ L: 1, D: 82800000, C: CHARGING_NONE, I: IDLE_REQUIRED, N: NET_NONE, B: BATTERY_ANY }]
01-20 06:49:53.450  3768  3858 I Finsky  : [61] SCH: Scheduling phonesky job Id: 26-1414141414, CT: 1768889587242, Constraints: [{ L: 43200000, D: 44100000, C: CHARGING_NONE, I: IDLE_NONE, N: NET_NONE, B: BATTERY_ANY }]
01-20 06:49:53.450  3768  3858 I Finsky  : [61] SCH: Scheduling phonesky job Id: 34-14, CT: 1768889619267, Constraints: [{ L: 44967822, D: 1340967822, C: CHARGING_REQUIRED, I: IDLE_REQUIRED, N: NET_UNMETERED, B: BATTERY_ANY }, { L: 44967822, D: 1340967822, C: CHARGING_NONE, I: IDLE_REQUIRED, N: NET_UNMETERED, B: BATTERY_NOT_LOW }]
01-20 06:49:53.450  3768  3858 I Finsky  : [61] SCH: Scheduling phonesky job Id: 34-16, CT: 1768889636807, Constraints: [{ L: 79199401, D: 1375199401, C: CHARGING_NONE, I: IDLE_NONE, N: NET_ANY, B: BATTERY_ANY }]
01-20 06:49:53.450  3768  3858 I Finsky  : [61] SCH: Scheduling phonesky job Id: 34-17, CT: 1768889639840, Constraints: [{ L: 604800000, D: 2591997223, C: CHARGING_NONE, I: IDLE_NONE, N: NET_ANY, B: BATTERY_ANY }]
01-20 06:49:53.461  3853  3853 I Endpoint: Created gRPC endpoint for service class com.google.frameworks.client.data.android.server.play.BackgroundProcessEndpointService
01-20 06:49:53.462  3853  3934 I Finsky:background: [52] IQ: 0 scheduled install statuses found to proceed. 
01-20 06:49:53.465  3853  3950 I Finsky:background: [60] Wrote row to frosting DB: 591
01-20 06:49:53.484  3853  3952 I Finsky:background: [62] Resetting scheduler db
01-20 06:49:53.521  3853  3853 I Finsky:background: [2] onSubscriptionsChanged
01-20 06:49:53.538  3768  3858 I Finsky  : [61] SCH: Scheduling 0 system job(s)
01-20 06:49:53.554  3853  3937 I Finsky:background: [54] SCH: Scheduling phonesky job Id: 3-29, CT: 1768891723315, Constraints: [{ L: 0, D: 86400000, C: CHARGING_REQUIRED, I: IDLE_REQUIRED, N: NET_UNMETERED, B: BATTERY_ANY }]
01-20 06:49:53.554  3853  3937 I Finsky:background: [54] SCH: Scheduling phonesky job Id: 3-30, CT: 1768891723428, Constraints: [{ L: 0, D: 86400000, C: CHARGING_NONE, I: IDLE_REQUIRED, N: NET_UNMETERED, B: BATTERY_ANY }]
01-20 06:49:53.554  3853  3937 I Finsky:background: [54] SCH: Scheduling phonesky job Id: 3-31, CT: 1768891723428, Constraints: [{ L: 0, D: 86400000, C: CHARGING_REQUIRED, I: IDLE_NONE, N: NET_UNMETERED, B: BATTERY_ANY }]
01-20 06:49:53.554  3853  3937 I Finsky:background: [54] SCH: Scheduling phonesky job Id: 3-32, CT: 1768891723428, Constraints: [{ L: 0, D: 86400000, C: CHARGING_REQUIRED, I: IDLE_REQUIRED, N: NET_UNMETERED, B: BATTERY_ANY }]
01-20 06:49:53.554  3853  3937 I Finsky:background: [54] SCH: Scheduling phonesky job Id: 47-15, CT: 1768889648024, Constraints: [{ L: 3600000, D: 8193754, C: CHARGING_NONE, I: IDLE_REQUIRED, N: NET_NONE, B: BATTERY_ANY }]
01-20 06:49:53.564  3768  3958 I Finsky  : [97] SCH: Received scheduling request: Id: 12-1, Constraints: [{ L: 15000, D: 86400000, C: CHARGING_NONE, I: IDLE_NONE, N: NET_ANY, B: BATTERY_ANY }]
01-20 06:49:53.568  3768  3858 I Finsky  : [61] AIM: AppInfoManager-Perf > ItemModel > CacheSize=35, cacheHitCount=0, cacheMissCount=0, total appsWithNoServerDataCount=1. Missed  in cache (limit 10) : []
01-20 06:49:53.569  3768  3851 I Finsky  : [57] AIM: AppInfoManager-Perf > ItemModel > CacheSize=35, cacheHitCount=0, cacheMissCount=0, total appsWithNoServerDataCount=1. Missed  in cache (limit 10) : []
01-20 06:49:53.572  3768  3851 I Finsky  : [57] AIM: AppInfoManager-Perf > getApps > data collection finished
01-20 06:49:53.572  3768  3851 I Finsky  : [57] AIM: AppInfoManager-Perf > maybeDestroyAppInfoManager is called. actives = 0
01-20 06:49:53.599  3853  3950 I Finsky:background: [60] Wrote row to frosting DB: 592
01-20 06:49:53.601  3853  3937 I Finsky:background: [54] SCH: Scheduling 0 system job(s)
01-20 06:49:53.607   699   699 W binder:699_13: type=1400 audit(0.0:113): avc:  denied  { getopt } for  scontext=u:r:system_server:s0 tcontext=u:r:shell:s0 tclass=unix_stream_socket permissive=0
01-20 06:49:53.620   699  1661 E SystemServiceRegistry: No service published for: persistent_data_block
01-20 06:49:53.620   699  1661 E SystemServiceRegistry: android.os.ServiceManager$ServiceNotFoundException: No service published for: persistent_data_block
01-20 06:49:53.620   699  1661 E SystemServiceRegistry: 	at android.os.ServiceManager.getServiceOrThrow(ServiceManager.java:203)
01-20 06:49:53.620   699  1661 E SystemServiceRegistry: 	at android.app.SystemServiceRegistry$82.createService(SystemServiceRegistry.java:1110)
01-20 06:49:53.620   699  1661 E SystemServiceRegistry: 	at android.app.SystemServiceRegistry$82.createService(SystemServiceRegistry.java:1107)
01-20 06:49:53.620   699  1661 E SystemServiceRegistry: 	at android.app.SystemServiceRegistry$StaticServiceFetcher.getService(SystemServiceRegistry.java:2405)
01-20 06:49:53.620   699  1661 E SystemServiceRegistry: 	at android.app.SystemServiceRegistry.getSystemService(SystemServiceRegistry.java:1918)
01-20 06:49:53.620   699  1661 E SystemServiceRegistry: 	at android.app.ContextImpl.getSystemService(ContextImpl.java:2315)
01-20 06:49:53.620   699  1661 E SystemServiceRegistry: 	at android.content.Context.getSystemService(Context.java:4630)
01-20 06:49:53.620   699  1661 E SystemServiceRegistry: 	at com.android.server.pm.PackageInstallerSession.markAsSealed(PackageInstallerSession.java:2449)
01-20 06:49:53.620   699  1661 E SystemServiceRegistry: 	at com.android.server.pm.PackageInstallerSession.commit(PackageInstallerSession.java:2198)
01-20 06:49:53.620   699  1661 E SystemServiceRegistry: 	at android.content.pm.PackageInstaller$Session.commit(PackageInstaller.java:1988)
01-20 06:49:53.620   699  1661 E SystemServiceRegistry: 	at com.android.server.pm.PackageManagerShellCommand.doCommitSession(PackageManagerShellCommand.java:4316)
01-20 06:49:53.620   699  1661 E SystemServiceRegistry: 	at com.android.server.pm.PackageManagerShellCommand.doRunInstall(PackageManagerShellCommand.java:1641)
01-20 06:49:53.620   699  1661 E SystemServiceRegistry: 	at com.android.server.pm.PackageManagerShellCommand.runInstall(PackageManagerShellCommand.java:1562)
01-20 06:49:53.620   699  1661 E SystemServiceRegistry: 	at com.android.server.pm.PackageManagerShellCommand.onCommand(PackageManagerShellCommand.java:246)
01-20 06:49:53.620   699  1661 E SystemServiceRegistry: 	at com.android.modules.utils.BasicShellCommandHandler.exec(BasicShellCommandHandler.java:97)
01-20 06:49:53.620   699  1661 E SystemServiceRegistry: 	at android.os.ShellCommand.exec(ShellCommand.java:38)
01-20 06:49:53.620   699  1661 E SystemServiceRegistry: 	at com.android.server.pm.PackageManagerService$IPackageManagerImpl.onShellCommand(PackageManagerService.java:6684)
01-20 06:49:53.620   699  1661 E SystemServiceRegistry: 	at android.os.Binder.shellCommand(Binder.java:1151)
01-20 06:49:53.620   699  1661 E SystemServiceRegistry: 	at android.os.Binder.onTransact(Binder.java:953)
01-20 06:49:53.620   699  1661 E SystemServiceRegistry: 	at android.content.pm.IPackageManager$Stub.onTransact(IPackageManager.java:4729)
01-20 06:49:53.620   699  1661 E SystemServiceRegistry: 	at com.android.server.pm.PackageManagerService$IPackageManagerImpl.onTransact(PackageManagerService.java:6668)
01-20 06:49:53.620   699  1661 E SystemServiceRegistry: 	at android.os.Binder.execTransactInternal(Binder.java:1426)
01-20 06:49:53.620   699  1661 E SystemServiceRegistry: 	at android.os.Binder.execTransact(Binder.java:1365)
01-20 06:49:53.621   699  1661 E SystemServiceRegistry: Manager wrapper not available: persistent_data_block
01-20 06:49:53.622  3768  3824 I Finsky  : [42] RECEIVER_SINGLE_USER_SETTINGS#logWorkEndAndFinishGoAsync: SUCCESS
01-20 06:49:53.628  3853  3853 I Finsky:background: [2] Memory trim requested to level 40
01-20 06:49:53.628  3768  3768 I Finsky  : [2] Memory trim requested to level 40
01-20 06:49:53.628  3768  3768 I Finsky  : [2] Flushing in-memory image cache
01-20 06:49:53.643  3853  3975 I Finsky:background: [75] SCH: Canceling job 3-29
01-20 06:49:53.643  3853  3975 I Finsky:background: [75] WM::SCH: Logging work end for 3-29
01-20 06:49:53.645  3853  3930 I Finsky:background: [50] SCH: Scheduling phonesky job Id: 3-32, CT: 1768891723428, Constraints: [{ L: 0, D: 86400000, C: CHARGING_REQUIRED, I: IDLE_REQUIRED, N: NET_UNMETERED, B: BATTERY_ANY }]
01-20 06:49:53.653  1376  1435 I .apps.wellbeing: AssetManager2(0x784cb4b83718) locale list changing from [] to [en-US]
01-20 06:49:53.668  1376  1435 I .apps.wellbeing: AssetManager2(0x784cb4b878b8) locale list changing from [] to [en-US]
01-20 06:49:53.673  3853  3937 I Finsky:background: [54] SCH: Scheduling 1 system job(s)
01-20 06:49:53.678  3853  3937 I Finsky:background: [54] SCH: Scheduling system job Id: 10167, L: 0, D: 86329755, C: true, I: true, N: 2
01-20 06:49:53.685  1376  1435 I .apps.wellbeing: AssetManager2(0x784cb4b846b8) locale list changing from [] to [en-US]
01-20 06:49:53.695  1376  1435 I .apps.wellbeing: AssetManager2(0x784cb4b83a38) locale list changing from [] to [en-US]
01-20 06:49:53.707  1376  1435 I .apps.wellbeing: AssetManager2(0x784cb4b87ef8) locale list changing from [] to [en-US]
01-20 06:49:53.708  3768  3982 I Finsky  : [101] SM: There are no stale sessions to be pruned
01-20 06:49:53.710  3768  3768 I Finsky  : [2] Connecting InstallListener to SplitInstallService broadcaster...
01-20 06:49:53.714  1376  1435 I .apps.wellbeing: AssetManager2(0x784cb4b846b8) locale list changing from [] to [en-US]
01-20 06:49:53.719  1376  1435 I .apps.wellbeing: AssetManager2(0x784cb4b878b8) locale list changing from [] to [en-US]
01-20 06:49:53.727  3853  3975 I Finsky:background: [75] SCH: Canceling job 3-30
01-20 06:49:53.727  1376  1435 I .apps.wellbeing: AssetManager2(0x784cb4b82778) locale list changing from [] to [en-US]
01-20 06:49:53.731  3853  3975 I Finsky:background: [75] WM::SCH: Logging work end for 3-30
01-20 06:49:53.735  3853  3930 I Finsky:background: [50] SCH: no pending jobs to schedule.
01-20 06:49:53.737  1376  1435 I .apps.wellbeing: AssetManager2(0x784cb4b88b78) locale list changing from [] to [en-US]
01-20 06:49:53.746  1376  1435 I .apps.wellbeing: AssetManager2(0x784cb4b87278) locale list changing from [] to [en-US]
01-20 06:49:53.755  3853  3975 I Finsky:background: [75] SCH: Canceling job 3-31
01-20 06:49:53.755  3853  3975 I Finsky:background: [75] WM::SCH: Logging work end for 3-31
01-20 06:49:53.756  3853  3928 I Finsky:background: [48] SCH: no pending jobs to schedule.
01-20 06:49:53.770  1376  1435 I .apps.wellbeing: AssetManager2(0x784cb4b8a478) locale list changing from [] to [en-US]
01-20 06:49:53.778  1376  1435 I .apps.wellbeing: AssetManager2(0x784cb4b90238) locale list changing from [] to [en-US]
01-20 06:49:53.784  3853  3975 I Finsky:background: [75] SCH: Canceling job 3-32
01-20 06:49:53.784  3853  3975 I Finsky:background: [75] WM::SCH: Logging work end for 3-32
01-20 06:49:53.784  1376  1435 I .apps.wellbeing: AssetManager2(0x784cb4b8e2f8) locale list changing from [] to [en-US]
01-20 06:49:53.785  3853  3934 I Finsky:background: [52] SCH: no pending jobs to schedule.
01-20 06:49:53.793  1376  1435 I .apps.wellbeing: AssetManager2(0x784cb4b8f8d8) locale list changing from [] to [en-US]
01-20 06:49:53.801  1376  1435 I .apps.wellbeing: AssetManager2(0x784cb4b8d358) locale list changing from [] to [en-US]
01-20 06:49:53.809  3768  3883 I cn_CronetUrlRequestContext: destroyNativeStreamLocked android.net.connectivity.org.chromium.net.impl.CronetBidirectionalStream@316e562
01-20 06:49:53.812  3853  3952 I Finsky:background: [62] IQ: Creating job 33, for (REQ_CHARGING, REQ_DEVICE_IDLE, REQ_GEARHEAD_PROJECTION_OFF, NETWORK=UNMETERED, PROVISIONING_STATE=PROVISIONED, BACKUP_MANAGER_STATE=BACKUP_READY, AUTHENTICATION_REQUIRED, PROCESS_IMPORTANCE_THRESHOLD=125)
01-20 06:49:53.813  3853  3952 I Finsky:background: [62] IQ: Creating job 34, for (REQ_DEVICE_IDLE, REQ_GEARHEAD_PROJECTION_OFF, MIN_BATTERY=20, SHOULD_APPLY_BUDGET=true, NETWORK=UNMETERED, PROVISIONING_STATE=PROVISIONED, BACKUP_MANAGER_STATE=BACKUP_READY, AUTHENTICATION_REQUIRED)
01-20 06:49:53.813  3853  3952 I Finsky:background: [62] IQ: Creating job 35, for (REQ_CHARGING, REQ_GEARHEAD_PROJECTION_OFF, NETWORK=UNMETERED, PROVISIONING_STATE=PROVISIONED, BACKUP_MANAGER_STATE=BACKUP_READY, AUTHENTICATION_REQUIRED, PROCESS_IMPORTANCE_THRESHOLD=125)
01-20 06:49:53.814  3853  3952 I Finsky:background: [62] IQ: Creating job 36, for (REQ_CHARGING, REQ_DEVICE_IDLE, REQ_GEARHEAD_PROJECTION_OFF, IGNORE_HOLDOFF=true, NETWORK=UNMETERED, PROVISIONING_STATE=PROVISIONED, BACKUP_MANAGER_STATE=BACKUP_READY, AUTHENTICATION_REQUIRED)
01-20 06:49:53.814  3853  3952 I Finsky:background: [62] IQ: Bulk scheduling created jobs
01-20 06:49:53.816   699   721 D FileSystemUtils: Total number of LOAD segments 3
01-20 06:49:53.817   699   721 D FileSystemUtils: Size before punching holes st_blocks: 208176, st_blksize: 4096, st_size: 106581239
01-20 06:49:53.817   699   721 D FileSystemUtils: Size after punching holes st_blocks: 208176, st_blksize: 4096, st_size: 106581239
01-20 06:49:53.817   699   721 D FileSystemUtils: Extra field length: 406,  Size before punching holes st_blocks: 208176, st_blksize: 4096, st_size: 106581239
01-20 06:49:53.817   699   721 D FileSystemUtils: Skipping punching apk as extra field length is less than block size
01-20 06:49:53.817   699   721 W NativeLibraryHelper: Failed to punch apk : /data/app/vmdl1304473726.tmp/base.apk at extra field
01-20 06:49:53.817   699   721 D FileSystemUtils: Total number of LOAD segments 3
01-20 06:49:53.817   699   721 D FileSystemUtils: Size before punching holes st_blocks: 208176, st_blksize: 4096, st_size: 106581239
01-20 06:49:53.817   699   721 D FileSystemUtils: Size after punching holes st_blocks: 208176, st_blksize: 4096, st_size: 106581239
01-20 06:49:53.817   699   721 D FileSystemUtils: Extra field length: 11203,  Size before punching holes st_blocks: 208176, st_blksize: 4096, st_size: 106581239
01-20 06:49:53.817   699   721 D FileSystemUtils: Extra field length: 11203 content near offset: 0000000000000000000000000000000000000000000000000000000000000000000000000000000000000000000000000000000000000000000000000000000000000000000000000000000000000000000000000000000000000000000000000000000000000000000000000000000000000000000000000000000000000000000000000000000000000000000000000000000000000000000000000000000000000000000000000000000000000000000000000000000000000000000000000000000000000000000000000000000000000000000000000000000000000000000000000000000000000000000000000000000000000000000000000000000000000000000000000000000000000000000000000000000000000000000000000000000000000000000000000000000000000000000000000000000000000000000000000000000000000000000000000000000000000000000000000000000000000000000000000000000000000000000000000000000000000000000000000000000000000000000000000000000000000000000000000000000000000000000000000000000000000000000000000000000000000000000000000000000000000000000000000000000000000000000000000000000000000000000000000000000000000000
01-20 06:49:53.817   699   721 D FileSystemUtils: Punching hole in file - start: 84008960 len:8192
01-20 06:49:53.818  3853  3952 I Finsky:background: [62] SCH: Received scheduling request: Id: 3-33, Constraints: [{ L: 0, D: 86400000, C: CHARGING_REQUIRED, I: IDLE_REQUIRED, N: NET_UNMETERED, B: BATTERY_ANY }]
01-20 06:49:53.819   699   721 D FileSystemUtils: punchHolesInApk:: Size after punching holes st_blocks: 208160, st_blksize: 4096, st_size: 106581239
01-20 06:49:53.819   699   721 D FileSystemUtils: Total number of LOAD segments 3
01-20 06:49:53.819   699   721 D FileSystemUtils: Size before punching holes st_blocks: 208160, st_blksize: 4096, st_size: 106581239
01-20 06:49:53.819   699   721 D FileSystemUtils: Size after punching holes st_blocks: 208160, st_blksize: 4096, st_size: 106581239
01-20 06:49:53.819   699   721 D FileSystemUtils: Extra field length: 9884,  Size before punching holes st_blocks: 208160, st_blksize: 4096, st_size: 106581239
01-20 06:49:53.819   699   721 D FileSystemUtils: Extra field length: 9884 content near offset: 00000000000000000000000000000000000000000000000000000000000000000000000000000000000000000000000000000000000000000000000000000000000000000000000000000000000000000000000000000000000000000000000000000000000000000000000000000000000000000000000000000000000000000000000000000000000000000000000000000000000000000000000000000000000000000000000000000000000000000000000000000000000000000000000000000000000000000000000000000000000000000000000000000000000000000000000000000000000000000000000000000000000000000000000000000000000000000000000000000000000000000000000000000000000000000000000000000000000000000000000000000000000000000000000000000000000000000000000000000000000000000000000000000000000000000000000000000000000000000000000000000000000000000000000000000000000000000000000000000000000000000000000000000000000000000000000000000000000000000000000000000000000000000000000000000000000000000000000000000000000000000000000000000000000000000000000000000000000000000000000000000000000000000
01-20 06:49:53.819   699   721 D FileSystemUtils: Punching hole in file - start: 82419712 len:8192
01-20 06:49:53.822   699   721 D FileSystemUtils: punchHolesInApk:: Size after punching holes st_blocks: 208152, st_blksize: 4096, st_size: 106581239
01-20 06:49:53.822   699   721 D FileSystemUtils: Total number of LOAD segments 4
01-20 06:49:53.822   699   721 D FileSystemUtils: Size before punching holes st_blocks: 208152, st_blksize: 4096, st_size: 106581239
01-20 06:49:53.822   699   721 D FileSystemUtils: Size after punching holes st_blocks: 208152, st_blksize: 4096, st_size: 106581239
01-20 06:49:53.822   699   721 D FileSystemUtils: Extra field length: 1323,  Size before punching holes st_blocks: 208152, st_blksize: 4096, st_size: 106581239
01-20 06:49:53.822   699   721 D FileSystemUtils: Skipping punching apk as extra field length is less than block size
01-20 06:49:53.822   699   721 W NativeLibraryHelper: Failed to punch apk : /data/app/vmdl1304473726.tmp/base.apk at extra field
01-20 06:49:53.822   699   721 D FileSystemUtils: Total number of LOAD segments 3
01-20 06:49:53.822   699   721 D FileSystemUtils: Size before punching holes st_blocks: 208152, st_blksize: 4096, st_size: 106581239
01-20 06:49:53.822   699   721 D FileSystemUtils: Size after punching holes st_blocks: 208152, st_blksize: 4096, st_size: 106581239
01-20 06:49:53.822   699   721 D FileSystemUtils: Extra field length: 7228,  Size before punching holes st_blocks: 208152, st_blksize: 4096, st_size: 106581239
01-20 06:49:53.822   699   721 D FileSystemUtils: Extra field length: 7228 content near offset: 00000000000000000000000000000000000000000000000000000000000000000000000000000000000000000000000000000000000000000000000000000000000000000000000000000000000000000000000000000000000000000000000000000000000000000000000000000000000000000000000000000000000000000000000000000000000000000000000000000000000000000000000000000000000000000000000000000000000000000000000000000000000000000000000000000000000000000000000000000000000000000000000000000000000000000000000000000000000000000000000000000000000000000000000000000000000000000000000000000000000000000000000000000000000000000000000000000000000000000000000000000000000000000000000000000000000000000000000000000000000000000000000000000000000000000000000000000000000000000000000000000000000000000000000000000000000000000000000000000000000000000000000000000000000000000000000000000000000000000000000000000000000000000000000000000000000000000000000000000000000000000000000000000000000000000000000000000000000000000000000000000000000000000
01-20 06:49:53.822   699   721 D FileSystemUtils: Punching hole in file - start: 83079168 len:4096
01-20 06:49:53.825   699   721 D FileSystemUtils: punchHolesInApk:: Size after punching holes st_blocks: 208144, st_blksize: 4096, st_size: 106581239
01-20 06:49:53.825   699   721 D FileSystemUtils: Total number of LOAD segments 3
01-20 06:49:53.825   699   721 D FileSystemUtils: Size before punching holes st_blocks: 208144, st_blksize: 4096, st_size: 106581239
01-20 06:49:53.825   699   721 D FileSystemUtils: Size after punching holes st_blocks: 208144, st_blksize: 4096, st_size: 106581239
01-20 06:49:53.825   699   721 D FileSystemUtils: Extra field length: 9436,  Size before punching holes st_blocks: 208144, st_blksize: 4096, st_size: 106581239
01-20 06:49:53.825   699   721 D FileSystemUtils: Extra field length: 9436 content near offset: 00000000000000000000000000000000000000000000000000000000000000000000000000000000000000000000000000000000000000000000000000000000000000000000000000000000000000000000000000000000000000000000000000000000000000000000000000000000000000000000000000000000000000000000000000000000000000000000000000000000000000000000000000000000000000000000000000000000000000000000000000000000000000000000000000000000000000000000000000000000000000000000000000000000000000000000000000000000000000000000000000000000000000000000000000000000000000000000000000000000000000000000000000000000000000000000000000000000000000000000000000000000000000000000000000000000000000000000000000000000000000000000000000000000000000000000000000000000000000000000000000000000000000000000000000000000000000000000000000000000000000000000000000000000000000000000000000000000000000000000000000000000000000000000000000000000000000000000000000000000000000000000000000000000000000000000000000000000000000000000000000000000000000000
01-20 06:49:53.825   699   721 D FileSystemUtils: Punching hole in file - start: 78176256 len:8192
01-20 06:49:53.829   699   721 D FileSystemUtils: punchHolesInApk:: Size after punching holes st_blocks: 208128, st_blksize: 4096, st_size: 106581239
01-20 06:49:53.830   699   721 D FileSystemUtils: Total number of LOAD segments 3
01-20 06:49:53.830   699   721 D FileSystemUtils: Size before punching holes st_blocks: 208128, st_blksize: 4096, st_size: 106581239
01-20 06:49:53.830   699   721 D FileSystemUtils: Size after punching holes st_blocks: 208128, st_blksize: 4096, st_size: 106581239
01-20 06:49:53.830   699   721 D FileSystemUtils: Extra field length: 4048,  Size before punching holes st_blocks: 208128, st_blksize: 4096, st_size: 106581239
01-20 06:49:53.830   699   721 D FileSystemUtils: Skipping punching apk as extra field length is less than block size
01-20 06:49:53.830   699   721 W NativeLibraryHelper: Failed to punch apk : /data/app/vmdl1304473726.tmp/base.apk at extra field
01-20 06:49:53.830   699   721 D FileSystemUtils: Total number of LOAD segments 3
01-20 06:49:53.830   699   721 D FileSystemUtils: Size before punching holes st_blocks: 208128, st_blksize: 4096, st_size: 106581239
01-20 06:49:53.830   699   721 D FileSystemUtils: Size after punching holes st_blocks: 208128, st_blksize: 4096, st_size: 106581239
01-20 06:49:53.831   699   721 D FileSystemUtils: Extra field length: 7870,  Size before punching holes st_blocks: 208128, st_blksize: 4096, st_size: 106581239
01-20 06:49:53.831   699   721 D FileSystemUtils: Extra field length: 7870 content near offset: 00000000000000000000000000000000000000000000000000000000000000000000000000000000000000000000000000000000000000000000000000000000000000000000000000000000000000000000000000000000000000000000000000000000000000000000000000000000000000000000000000000000000000000000000000000000000000000000000000000000000000000000000000000000000000000000000000000000000000000000000000000000000000000000000000000000000000000000000000000000000000000000000000000000000000000000000000000000000000000000000000000000000000000000000000000000000000000000000000000000000000000000000000000000000000000000000000000000000000000000000000000000000000000000000000000000000000000000000000000000000000000000000000000000000000000000000000000000000000000000000000000000000000000000000000000000000000000000000000000000000000000000000000000000000000000000000000000000000000000000000000000000000000000000000000000000000000000000000000000000000000000000000000000000000000000000000000000000000000000000000000000000000000000
01-20 06:49:53.831   699   721 D FileSystemUtils: Punching hole in file - start: 83095552 len:4096
01-20 06:49:53.833   699   721 D FileSystemUtils: punchHolesInApk:: Size after punching holes st_blocks: 208120, st_blksize: 4096, st_size: 106581239
01-20 06:49:53.833   699   721 D FileSystemUtils: Total number of LOAD segments 3
01-20 06:49:53.833   699   721 D FileSystemUtils: Size before punching holes st_blocks: 208120, st_blksize: 4096, st_size: 106581239
01-20 06:49:53.833   699   721 D FileSystemUtils: Size after punching holes st_blocks: 208120, st_blksize: 4096, st_size: 106581239
01-20 06:49:53.833   699   721 D FileSystemUtils: Extra field length: 7219,  Size before punching holes st_blocks: 208120, st_blksize: 4096, st_size: 106581239
01-20 06:49:53.834   699   721 D FileSystemUtils: Extra field length: 7219 content near offset: 00000000000000000000000000000000000000000000000000000000000000000000000000000000000000000000000000000000000000000000000000000000000000000000000000000000000000000000000000000000000000000000000000000000000000000000000000000000000000000000000000000000000000000000000000000000000000000000000000000000000000000000000000000000000000000000000000000000000000000000000000000000000000000000000000000000000000000000000000000000000000000000000000000000000000000000000000000000000000000000000000000000000000000000000000000000000000000000000000000000000000000000000000000000000000000000000000000000000000000000000000000000000000000000000000000000000000000000000000000000000000000000000000000000000000000000000000000000000000000000000000000000000000000000000000000000000000000000000000000000000000000000000000000000000000000000000000000000000000000000000000000000000000000000000000000000000000000000000000000000000000000000000000000000000000000000000000000000000000000000000000000000000000000
01-20 06:49:53.834   699   721 D FileSystemUtils: Punching hole in file - start: 78360576 len:4096
01-20 06:49:53.838   699   721 D FileSystemUtils: punchHolesInApk:: Size after punching holes st_blocks: 208112, st_blksize: 4096, st_size: 106581239
01-20 06:49:53.838   699   721 D FileSystemUtils: Total number of LOAD segments 3
01-20 06:49:53.839   699   721 D FileSystemUtils: Size before punching holes st_blocks: 208112, st_blksize: 4096, st_size: 106581239
01-20 06:49:53.839   699   721 D FileSystemUtils: Size after punching holes st_blocks: 208112, st_blksize: 4096, st_size: 106581239
01-20 06:49:53.839   699   721 D FileSystemUtils: Extra field length: 2171,  Size before punching holes st_blocks: 208112, st_blksize: 4096, st_size: 106581239
01-20 06:49:53.839   699   721 D FileSystemUtils: Skipping punching apk as extra field length is less than block size
01-20 06:49:53.839   699   721 W NativeLibraryHelper: Failed to punch apk : /data/app/vmdl1304473726.tmp/base.apk at extra field
01-20 06:49:53.850   699   762 D InstallDependencyHelper: No missing dependency for com.myapp1reactnative
01-20 06:49:53.869   699   754 V Configuration: Updating configuration, locales updated from [] to [en_US]
01-20 06:49:53.869   699   754 I system_server: AssetManager2(0x784cb4b99b58) locale list changing from [] to [en-US]
01-20 06:49:53.870  3853  3952 D WM-PackageManagerHelper: Skipping component enablement for androidx.work.impl.background.systemjob.SystemJobService
01-20 06:49:53.871  3853  3952 D WM-Schedulers: Created SystemJobScheduler and enabled SystemJobService
01-20 06:49:53.874  1038  1242 D SatelliteController: iisInCarrierRoamingNbIotNtn: satellite is disabled
01-20 06:49:53.881  3853  3937 D WM-ForceStopRunnable: Is default app process = true
01-20 06:49:53.885  3853  3937 D WM-ForceStopRunnable: Performing cleanup operations.
01-20 06:49:53.887  3853  3952 I Finsky:background: [62] SCH: Received scheduling request: Id: 3-34, Constraints: [{ L: 0, D: 86400000, C: CHARGING_NONE, I: IDLE_REQUIRED, N: NET_UNMETERED, B: BATTERY_ANY }]
01-20 06:49:53.888  3853  3952 I Finsky:background: [62] SCH: Received scheduling request: Id: 3-35, Constraints: [{ L: 0, D: 86400000, C: CHARGING_REQUIRED, I: IDLE_NONE, N: NET_UNMETERED, B: BATTERY_ANY }]
01-20 06:49:53.888  3853  3952 I Finsky:background: [62] SCH: Received scheduling request: Id: 3-36, Constraints: [{ L: 0, D: 86400000, C: CHARGING_REQUIRED, I: IDLE_REQUIRED, N: NET_UNMETERED, B: BATTERY_ANY }]
01-20 06:49:53.897  3853  3930 I Finsky:background: [50] SSM: Start staged session task with 0 tracked staged sessions
01-20 06:49:53.903   699   754 I PackageManager: Update package com.myapp1reactnative code path from /data/app/~~_y8bxe-p1G3fffGF557XvQ==/com.myapp1reactnative-hsBMhInf6iiVe_IHXb270A== to /data/app/vmdl1304473726.tmp; Retain data and using new
01-20 06:49:53.946  3768  3831 I Finsky  : [47] WM::SCH: Logging work initialize for 12-1
01-20 06:49:53.980   699   754 I AppsFilter: interaction: PackageSetting{9e35d55 com.android.microdroid.empty_payload/10212} -> PackageSetting{4c56745 com.myapp1reactnative/10227} BLOCKED
01-20 06:49:53.981  3768  3851 I Finsky  : [57] SCH: Scheduling phonesky job Id: 12-1, CT: 1768891793567, Constraints: [{ L: 15000, D: 86400000, C: CHARGING_NONE, I: IDLE_NONE, N: NET_ANY, B: BATTERY_ANY }]
01-20 06:49:53.981   699   754 I AppsFilter: interaction: PackageSetting{9e35d55 com.android.microdroid.empty_payload/10212} -> PackageSetting{34b0c60 com.myapp1reactnative/10227} BLOCKED
01-20 06:49:53.983   699   728 I ActivityManager: Force stopping com.myapp1reactnative appid=10227 user=-1: installPackageLI
01-20 06:49:53.995  3768  3839 I Finsky  : [53] SCH: Scheduling 1 system job(s)
01-20 06:49:53.996  3768  3839 I Finsky  : [53] SCH: Scheduling system job Id: 9147, L: 14572, D: 70847938, C: false, I: false, N: 1
01-20 06:49:54.031  1376  1435 I .apps.wellbeing: AssetManager2(0x784cb4b8c6d8) locale list changing from [] to [en-US]
01-20 06:49:54.116  3853  3937 D WM-PackageManagerHelper: Skipping component enablement for androidx.work.impl.background.systemalarm.RescheduleReceiver
01-20 06:49:54.117  1376  1435 I .apps.wellbeing: AssetManager2(0x784cb4b8add8) locale list changing from [] to [en-US]
01-20 06:49:54.121   699   754 I PackageManager: installation completed for package:com.myapp1reactnative. Final code path: /data/app/~~8yLtt0iLqTeizclbqszFcg==/com.myapp1reactnative-kcqT14-wYTXcOHRmcOhHaA==
01-20 06:49:54.121  3768  3834 I Finsky  : [50] [ContentSync] finished, scheduled=true
01-20 06:49:54.124   699   754 I AppsFilter: interaction: PackageSetting{c7b18ff com.android.microdroid.empty_payload/10212} -> PackageSetting{e12704c com.myapp1reactnative/10227} BLOCKED
01-20 06:49:54.135   699   754 I ActivityManager: Force stopping com.myapp1reactnative appid=10227 user=0: pkg removed
01-20 06:49:54.146  3853  3923 I Finsky:background: [45] WM::SCH: Logging work initialize for 3-33
01-20 06:49:54.146  3853  3923 I Finsky:background: [45] WM::SCH: Logging work initialize for 3-34
01-20 06:49:54.146  3853  3923 I Finsky:background: [45] WM::SCH: Logging work initialize for 3-35
01-20 06:49:54.146  3853  3923 I Finsky:background: [45] WM::SCH: Logging work initialize for 3-36
01-20 06:49:54.149   699   754 W IPCThreadState: Sending oneway calls to frozen process.
