01-20 06:49:55.058   931   986 V WindowManagerShell:  Checking filter Pair{{types=[] flags=0x0] notFlags=0x0 checks=[{atype=undefined independent=true modes=[CLOSE,TO_BACK] flags=IN_TASK_WITH_EMBEDDED_ACTIVITY mustBeTask=false order=ANY topActivity=null launchCookie=null taskFragmentToken=android.os.BinderProxy@8c10f6c windowingMode=undefined}]} RemoteTransition { remoteTransition = android.window.IRemoteTransition$Stub$Proxy@66ea935, appThread = android.app.IApplicationThread$Stub$Proxy@8aa61ca, debugName = overlayBackTransition }}
01-20 06:49:55.058   931   986 V WindowManagerShell:  Checking filter Pair{{types=[] flags=0x0] notFlags=0x0 checks=[{atype=dream independent=true modes=[OPEN,TO_FRONT] flags=NONE mustBeTask=false order=ANY topActivity=null launchCookie=null windowingMode=undefined},{atype=home independent=true modes=[CLOSE,TO_BACK] flags=NONE mustBeTask=false order=ANY topActivity=null launchCookie=null windowingMode=undefined}]} RemoteTransition { remoteTransition = android.window.IRemoteTransition$Stub$Proxy@6935f3b, appThread = android.app.IApplicationThread$Stub$Proxy@665b658, debugName = LauncherToDream }}
01-20 06:49:55.058   931   986 V WindowManagerShell:  Checking filter Pair{{types=[] flags=0x0] notFlags=0x100 checks=[{atype=home independent=true modes=[OPEN,TO_FRONT] flags=NONE mustBeTask=false order=TOP topActivity=ComponentInfo{com.google.android.apps.nexuslauncher/com.google.android.apps.nexuslauncher.NexusLauncherActivity} launchCookie=null windowingMode=undefined},{atype=standard independent=true modes=[CLOSE,TO_BACK] flags=NONE mustBeTask=false order=ANY topActivity=null launchCookie=null windowingMode=undefined},{NOT atype=undefined independent=true modes=[] flags=NONE mustBeTask=true order=ANY topActivity=null launchCookie=null customAnim=true windowingMode=undefined}]} RemoteTransition { remoteTransition = android.window.IRemoteTransition$Stub$Proxy@6eda3b1, appThread = android.app.IApplicationThread$Stub$Proxy@6f4d096, debugName = QuickstepLaunchHome }}
01-20 06:49:55.058   931   986 V WindowManagerShell:  Delegate animation for (#13) to null
01-20 06:49:55.058   931   986 V WindowManagerShell: start default transition animation, info = {id=13 t=OPEN f=0x0 trk=0 r=[0@Point(0, 0)] c=[{m=OPEN f=NONE leash=Surface(name=Task=48)/@0xffbe88a sb=Rect(0, 0 - 1080, 2400) eb=Rect(0, 0 - 1080, 2400) epz=Point(1080, 2400) d=0 taskParent=-1},{m=TO_BACK f=SHOW_WALLPAPER leash=Surface(name=Task=1)/@0x7657b18 sb=Rect(0, 0 - 1080, 2400) eb=Rect(0, 0 - 1080, 2400) epz=Point(1080, 2400) d=0 taskParent=-1},{m=TO_BACK f=IS_WALLPAPER leash=Surface(name=WallpaperWindowToken{a8f127b showWhenLocked=false})/@0xe46e971 sb=Rect(0, 0 - 1080, 2400) eb=Rect(0, 0 - 1080, 2400) epz=Point(1080, 2400) d=0}]}
01-20 06:49:55.060  3768  3768 I Finsky  : [2] Memory trim requested to level 40
01-20 06:49:55.060  3853  3853 I Finsky:background: [2] Memory trim requested to level 40
01-20 06:49:55.060  3768  3768 I Finsky  : [2] Flushing in-memory image cache
01-20 06:49:55.061   699   719 V WindowManager: Sent Transition (#13) createdAt=01-20 06:49:54.622 via request=TransitionRequestInfo { type = OPEN, triggerTask = TaskInfo{userId=0 taskId=48 effectiveUid=10227 displayId=0 isRunning=true baseIntent=Intent { act=android.intent.action.MAIN cat=[android.intent.category.LAUNCHER] flg=0x10000000 cmp=com.myapp1reactnative/.MainActivity } baseActivity=ComponentInfo{com.myapp1reactnative/com.myapp1reactnative.MainActivity} topActivity=ComponentInfo{com.myapp1reactnative/com.myapp1reactnative.MainActivity} origActivity=null realActivity=ComponentInfo{com.myapp1reactnative/com.myapp1reactnative.MainActivity} numActivities=1 lastActiveTime=108627 supportsMultiWindow=true resizeMode=1 isResizeable=true minWidth=-1 minHeight=-1 defaultMinSize=220 token=WCT{RemoteToken{9c8a06c Task{10081b4 #48 type=standard A=10227:com.myapp1reactnative}}} topActivityType=1 pictureInPictureParams=null shouldDockBigOverlays=false launchIntoPipHostTaskId=-1 lastParentTaskIdBeforePip=-1 displayCutoutSafeInsets=Rect(0, 136 - 0, 0) topActivityInfo=ActivityInfo{ad56635 com.myapp1reactnative.MainActivity} launchCookies=[] positionInParent=Point(0, 0) parentTaskId=-1 isFocused=false isVisible=false isVisibleRequested=false isTopActivityNoDisplay=false isSleeping=false locusId=null displayAreaFeatureId=1 isTopActivityTransparent=false isActivityStackTransparent=false lastNonFullscreenBounds=Rect(276, 696 - 805, 1776) capturedLink=null capturedLinkTimestamp=0 requestedVisibleTypes=-9 topActivityRequestOpenInBrowserEducationTimestamp=0 appCompatTaskInfo=AppCompatTaskInfo { topActivityInSizeCompat=false eligibleForLetterboxEducation= false isLetterboxEducationEnabled= true isLetterboxDoubleTapEnabled= false eligibleForUserAspectRatioButton= false topActivityBoundsLetterboxed= false isFromLetterboxDoubleTap= false topActivityLetterboxVerticalPosition= -1 topActivityLetterboxHorizontalPosition= -1 topActivityLetterboxWidth=-1 topActivityLetterboxHeight=-1 topActivityAppBounds=Rect(0, 0 - 1080, 2400) isUserFullscreenOverrideEnabled=false isSystemFullscreenOverrideEnabled=false hasMinAspectRatioOverride=false topActivityLetterboxBounds=null cameraCompatTaskInfo=CameraCompatTaskInfo { freeformCameraCompatMode=inactive}} topActivityMainWindowFrame=null}, pipChange = null, remoteTransition = null, displayChange = null, flags = 0, debugId = 13 }
01-20 06:49:55.062   699   719 V WindowManager:     startWCT=WindowContainerTransaction { changes= {} hops= [] errorCallbackToken=null taskFragmentOrganizer=null }
01-20 06:49:55.062   699   719 V WindowManager:     info={id=13 t=OPEN f=0x0 trk=0 r=[0@Point(0, 0)] c=[
01-20 06:49:55.062   699   719 V WindowManager:         {WCT{RemoteToken{9c8a06c Task{10081b4 #48 type=standard A=10227:com.myapp1reactnative}}} m=OPEN f=NONE leash=Surface(name=Task=48)/@0xd024827 sb=Rect(0, 0 - 1080, 2400) eb=Rect(0, 0 - 1080, 2400) epz=Point(1080, 2400) d=0 taskParent=-1},
01-20 06:49:55.062   699   719 V WindowManager:         {WCT{RemoteToken{766b567 Task{272caf4 #1 type=home}}} m=TO_BACK f=SHOW_WALLPAPER leash=Surface(name=Task=1)/@0x6b0c149 sb=Rect(0, 0 - 1080, 2400) eb=Rect(0, 0 - 1080, 2400) epz=Point(1080, 2400) d=0 taskParent=-1},
01-20 06:49:55.062   699   719 V WindowManager:         {m=TO_BACK f=IS_WALLPAPER leash=Surface(name=WallpaperWindowToken{a8f127b showWhenLocked=false})/@0xd62eb50 sb=Rect(0, 0 - 1080, 2400) eb=Rect(0, 0 - 1080, 2400) epz=Point(1080, 2400) d=0}
01-20 06:49:55.062   699   719 V WindowManager:     ]}
01-20 06:49:55.085   931   986 V WindowManagerShell: loadAnimation: anim=android.view.animation.AnimationSet@d8fabad animAttr=0x13 type=OPEN isEntrance=false
01-20 06:49:55.087  4002  4002 D nativeloader: Load libframework-connectivity-tiramisu-jni.so using APEX ns com_android_tethering for caller /apex/com.android.tethering/javalib/framework-connectivity-t.jar: ok
01-20 06:49:55.099   931   986 V WindowManagerShell: loadAnimation: anim=android.view.animation.AnimationSet@5e0e2cf animAttr=0x12 type=OPEN isEntrance=true
01-20 06:49:55.103   931   986 V WindowManagerShell:  animated by com.android.wm.shell.transition.DefaultTransitionHandler@b3f98e
01-20 06:49:55.106   699   843 D InetDiagMessage: Destroyed 0 sockets, proto=IPPROTO_TCP, family=AF_INET, states=14
01-20 06:49:55.109   699   699 W Looper  : Drained
01-20 06:49:55.124   699   843 D InetDiagMessage: Destroyed 0 sockets, proto=IPPROTO_TCP, family=AF_INET6, states=14
01-20 06:49:55.124   699   843 D InetDiagMessage: Destroyed live tcp sockets for uids={10142} in 61ms
01-20 06:49:55.128  1258  3799 I ProximityAuth: [RecentAppsMediator] Package added: (user=UserHandle{0}) com.myapp1reactnative
01-20 06:49:55.137  1258  3799 I .gms.persistent: AssetManager2(0x784cb4b62d38) locale list changing from [] to [en-US]
01-20 06:49:55.141   699  1475 W HWUI    : Image decoding logging dropped!
01-20 06:49:55.206   699  4016 W HWUI    : Failed to choose config with EGL_SWAP_BEHAVIOR_PRESERVED, retrying without...
01-20 06:49:55.207   699  4016 W HWUI    : Failed to initialize 101010-2 format, error = EGL_SUCCESS
01-20 06:49:55.213   265  3693 I keystore2: system/security/keystore2/watchdog/src/lib.rs:377 - Watchdog thread idle -> terminating. Have a great day.
01-20 06:49:55.249   699   890 D BackgroundInstallControlService: Package event received: 0
01-20 06:49:55.277  1717  2043 W achh    : Abort, client detached.
01-20 06:49:55.277  1717  2043 W achh    : Abort, client detached.
01-20 06:49:55.303  1717  2043 W achh    : Abort, client detached.
01-20 06:49:55.352  1501  3794 I Auth    : (REDACTED) [SupervisedAccountIntentOperation] onHandleIntent: %s
01-20 06:49:55.363  1501  3818 I NearbyDiscovery: (REDACTED) processGrantSlicePermission: %s
01-20 06:49:55.365  1258  3799 I Fitness : (REDACTED) FitCleanupIntentOperation received Intent %s
01-20 06:49:55.390   699  1657 W HWUI    : Image decoding logging dropped!
01-20 06:49:55.392  1501  3830 I gle.android.gms: AssetManager2(0x784cb4b6cfb8) locale list changing from [] to [en-US]
01-20 06:49:55.410   931   986 V WindowManagerShell: Transition animation finished (aborted=false), notifying core (#13) android.os.BinderProxy@28809f7@0
01-20 06:49:55.420  1050  1050 D VRI[NexusLauncherActivity]: visibilityChanged oldVisibility=true newVisibility=false
01-20 06:49:55.420   931   986 V WindowManagerShell: Track 0 became idle
01-20 06:49:55.420   931   986 V WindowManagerShell: All active transition animations finished
01-20 06:49:55.432  1050  1050 D NexusLauncherModelDelegate: notifySmartspaceEvent: SmartspaceTargetEvent{mSmartspaceTarget=null, mSmartspaceActionId='null', mEventType=7}
01-20 06:49:55.439   699   719 V WindowManager: Finish Transition (#13): created at 01-20 06:49:54.622 collect-started=0.664ms request-sent=106.061ms started=136.461ms ready=415.105ms sent=421.055ms commit=69.88ms finished=789.354ms
01-20 06:49:55.526  1501  3814 W SQLiteLog: (28) double-quoted string literal: "com.myapp1reactnative"
01-20 06:49:55.571  4002  4002 D nativeloader: Configuring clns-9 for other apk /data/app/~~8yLtt0iLqTeizclbqszFcg==/com.myapp1reactnative-kcqT14-wYTXcOHRmcOhHaA==/base.apk. target_sdk_version=35, uses_libraries=, library_path=/data/app/~~8yLtt0iLqTeizclbqszFcg==/com.myapp1reactnative-kcqT14-wYTXcOHRmcOhHaA==/lib/x86_64:/data/app/~~8yLtt0iLqTeizclbqszFcg==/com.myapp1reactnative-kcqT14-wYTXcOHRmcOhHaA==/base.apk!/lib/x86_64, permitted_path=/data:/mnt/expand:/data/user/0/com.myapp1reactnative
01-20 06:49:55.573  4002  4002 D CompatChangeReporter: Compat change id reported: 202956589; UID 10227; state: ENABLED
01-20 06:49:55.578  4002  4002 I app1reactnative: AssetManager2(0x784cb4b5fb38) locale list changing from [] to [en-US]
01-20 06:49:55.585  4002  4002 V GraphicsEnvironment: Currently set values for:
01-20 06:49:55.585  4002  4002 V GraphicsEnvironment:   angle_gl_driver_selection_pkgs=[]
01-20 06:49:55.585  4002  4002 V GraphicsEnvironment:   angle_gl_driver_selection_values=[]
01-20 06:49:55.585  4002  4002 V GraphicsEnvironment: com.myapp1reactnative is not listed in per-application setting
01-20 06:49:55.585  4002  4002 V GraphicsEnvironment: ANGLE allowlist from config: com.dreamgames.royalmatch com.dts.freefiremax com.dxx.firenow com.gramgames.mergedragons com.ludo.king com.mojang.minecraftpe com.my.defense com.nintendo.zaka com.os.airforce com.playrix.fishdomdd.gplay io.teslatech.callbreak jp.konami.prospia net.peakgames.toonblast
01-20 06:49:55.586  4002  4002 V GraphicsEnvironment: com.myapp1reactnative is not listed in ANGLE allowlist or settings, returning default
01-20 06:49:55.586  4002  4002 V GraphicsEnvironment: Neither updatable production driver nor prerelease driver is supported.
01-20 06:49:55.596  1376  1435 I .apps.wellbeing: AssetManager2(0x784cb4b85018) locale list changing from [] to [en-US]
01-20 06:49:55.617  1376  1435 I .apps.wellbeing: AssetManager2(0x784cb4b8ba58) locale list changing from [] to [en-US]
01-20 06:49:55.630  1376  1435 I .apps.wellbeing: AssetManager2(0x784cb4b82a98) locale list changing from [] to [en-US]
01-20 06:49:55.646  1376  1435 I .apps.wellbeing: AssetManager2(0x784cb4b911d8) locale list changing from [] to [en-US]
01-20 06:49:55.656  1376  1435 I .apps.wellbeing: AssetManager2(0x784cb4b83d58) locale list changing from [] to [en-US]
01-20 06:49:55.696  1376  1435 I .apps.wellbeing: AssetManager2(0x784cb4b8ba58) locale list changing from [] to [en-US]
01-20 06:49:55.710  4002  4002 I FirebaseApp: Device unlocked: initializing all Firebase APIs for app [DEFAULT]
01-20 06:49:55.726  1258  1270 W .gms.persistent: Cleared Reference was only reachable from finalizer (only reported once)
01-20 06:49:55.768  4002  4002 I FirebaseInitProvider: FirebaseApp initialization successful
01-20 06:49:55.773  4002  4002 D ReactNativeFirebaseApp: received application context.
01-20 06:49:55.846  4002  4002 D CompatChangeReporter: Compat change id reported: 279646685; UID 10227; state: ENABLED
01-20 06:49:55.867  4002  4002 D WM-WrkMgrInitializer: Initializing WorkManager with default configuration.
01-20 06:49:55.878  1501  3830 I gle.android.gms: AssetManager2(0x784cb4b6cfb8) locale list changing from [] to [en-US]
01-20 06:49:55.880  1717  2369 I dmkr    : (REDACTED) Writing data of size=%d bytes with N=%d keys to Geller corpus %s at ts=%d
01-20 06:49:55.913  1717  1796 I akkt    : refreshDeviceAppInfoForAccount done.
01-20 06:49:55.938  1501  1667 I Icing   : Indexing com.google.android.gms-apps from com.google.android.gms
01-20 06:49:55.995  1501  1667 I Icing   : Indexing done com.google.android.gms-apps
01-20 06:49:55.999  1501  1667 I Icing   : Indexing com.google.android.gms-apps from com.google.android.gms
01-20 06:49:55.999  1501  1667 I Icing   : Indexing done com.google.android.gms-apps
01-20 06:49:56.002  1717  2163 W akkt    : missing version info.
01-20 06:49:56.039  4002  4002 D NOTIFEE : (context): received application context
01-20 06:49:56.079  4002  4028 E ashmem  : Pinning is deprecated since Android Q. Please use trim or other methods.
01-20 06:49:56.098  4002  4002 W SoLoader: Initializing SoLoader: 0
01-20 06:49:56.106  4002  4002 W SoLoader: Recording new base apk path: /data/app/~~8yLtt0iLqTeizclbqszFcg==/com.myapp1reactnative-kcqT14-wYTXcOHRmcOhHaA==/base.apk
01-20 06:49:56.106  4002  4002 W SoLoader: Previously recorded 0 base apk paths.
01-20 06:49:56.116  4002  4002 D CompatChangeReporter: Compat change id reported: 312399441; UID 10227; state: ENABLED
01-20 06:49:56.116  4002  4002 I SoLoader: Preparing SO source: DirectorySoSource[root = /vendor/lib64 flags = 2]
01-20 06:49:56.116  4002  4002 I SoLoader: Preparing SO source: DirectorySoSource[root = /system/lib64 flags = 2]
01-20 06:49:56.117  4002  4002 I SoLoader: Preparing SO source: DirectApkSoSource[root = [/data/app/~~8yLtt0iLqTeizclbqszFcg==/com.myapp1reactnative-kcqT14-wYTXcOHRmcOhHaA==/base.apk!/lib/x86_64]]
01-20 06:49:56.210  4002  4002 I SoLoader: Preparing SO source: ApplicationSoSource[DirectorySoSource[root = /data/app/~~8yLtt0iLqTeizclbqszFcg==/com.myapp1reactnative-kcqT14-wYTXcOHRmcOhHaA==/lib/x86_64 flags = 0]]
01-20 06:49:56.210  4002  4002 I SoLoader: init finish: 4 SO sources prepared
01-20 06:49:56.211  4002  4002 W SoLoader: SoLoader initialized: 8
01-20 06:49:56.215   699  1943 W OptProp : Cannot read opt property android.window.PROPERTY_COMPAT_ENABLE_FAKE_FOCUS
01-20 06:49:56.215   699  1943 D CompatChangeReporter: Compat change id reported: 324203798; UID 10227; state: ENABLED
01-20 06:49:56.220   699   890 D BackgroundInstallControlService: Package event received: 0
01-20 06:49:56.221   699   890 D BackgroundInstallControlService: Package event received: 0
01-20 06:49:56.232  4002  4030 I DisplayManager: Choreographer implicitly registered for the refresh rate.
01-20 06:49:56.238  4002  4002 I app1reactnative: AssetManager2(0x784cb4b68af8) locale list changing from [] to [en-US]
01-20 06:49:56.335  4002  4030 I EGL_emulation: Opening libGLESv1_CM_emulation.so
01-20 06:49:56.336  4002  4002 D AppCompatDelegate: Checking for metadata for AppLocalesMetadataHolderService : Service not found
01-20 06:49:56.337  4002  4030 I EGL_emulation: Opening libGLESv2_emulation.so
01-20 06:49:56.338  4002  4002 I app1reactnative: AssetManager2(0x784cb4b63cd8) locale list changing from [] to [en-US]
01-20 06:49:56.344  4002  4030 W HWUI    : Failed to choose config with EGL_SWAP_BEHAVIOR_PRESERVED, retrying without...
01-20 06:49:56.344  4002  4030 W HWUI    : Failed to initialize 101010-2 format, error = EGL_SUCCESS
01-20 06:49:56.401  4002  4002 W HWUI    : Image decoding logging dropped!
01-20 06:49:56.460  1376  1435 I .apps.wellbeing: AssetManager2(0x784cb4b85018) locale list changing from [] to [en-US]
01-20 06:49:56.465  1376  1435 I .apps.wellbeing: AssetManager2(0x784cb4b8add8) locale list changing from [] to [en-US]
01-20 06:49:56.467  1376  1435 I .apps.wellbeing: AssetManager2(0x784cb4b8d998) locale list changing from [] to [en-US]
01-20 06:49:56.471  1376  1435 I .apps.wellbeing: AssetManager2(0x784cb4b8d358) locale list changing from [] to [en-US]
01-20 06:49:56.475  1376  1435 I .apps.wellbeing: AssetManager2(0x784cb4b8e2f8) locale list changing from [] to [en-US]
01-20 06:49:56.478  1376  1435 I .apps.wellbeing: AssetManager2(0x784cb4b87278) locale list changing from [] to [en-US]
01-20 06:49:56.481  1376  1435 I .apps.wellbeing: AssetManager2(0x784cb4b878b8) locale list changing from [] to [en-US]
01-20 06:49:56.487  1376  1435 I .apps.wellbeing: AssetManager2(0x784cb4b846b8) locale list changing from [] to [en-US]
01-20 06:49:56.493  1376  1435 I .apps.wellbeing: AssetManager2(0x784cb4b83a38) locale list changing from [] to [en-US]
01-20 06:49:56.500  1376  1435 I .apps.wellbeing: AssetManager2(0x784cb4b862d8) locale list changing from [] to [en-US]
01-20 06:49:56.509  1376  1435 I .apps.wellbeing: AssetManager2(0x784cb4b87ef8) locale list changing from [] to [en-US]
01-20 06:49:56.511  4002  4002 D nativeloader: Load /data/app/~~8yLtt0iLqTeizclbqszFcg==/com.myapp1reactnative-kcqT14-wYTXcOHRmcOhHaA==/base.apk!/lib/x86_64/libc++_shared.so using class loader ns clns-9 (caller=/data/app/~~8yLtt0iLqTeizclbqszFcg==/com.myapp1reactnative-kcqT14-wYTXcOHRmcOhHaA==/base.apk): ok
01-20 06:49:56.534  1376  1435 I .apps.wellbeing: AssetManager2(0x784cb4b84398) locale list changing from [] to [en-US]
01-20 06:49:56.539  1376  1435 I .apps.wellbeing: AssetManager2(0x784cb4b88e98) locale list changing from [] to [en-US]
01-20 06:49:56.565  1376  1435 I .apps.wellbeing: AssetManager2(0x784cb4b86f58) locale list changing from [] to [en-US]
01-20 06:49:56.573  1376  1435 I .apps.wellbeing: AssetManager2(0x784cb4b88218) locale list changing from [] to [en-US]
01-20 06:49:56.577  4002  4002 D nativeloader: Load /data/app/~~8yLtt0iLqTeizclbqszFcg==/com.myapp1reactnative-kcqT14-wYTXcOHRmcOhHaA==/base.apk!/lib/x86_64/libjsi.so using class loader ns clns-9 (caller=/data/app/~~8yLtt0iLqTeizclbqszFcg==/com.myapp1reactnative-kcqT14-wYTXcOHRmcOhHaA==/base.apk): ok
01-20 06:49:56.619  1376  1435 I .apps.wellbeing: AssetManager2(0x784cb4b86f58) locale list changing from [] to [en-US]
01-20 06:49:56.622  4002  4002 D nativeloader: Load /data/app/~~8yLtt0iLqTeizclbqszFcg==/com.myapp1reactnative-kcqT14-wYTXcOHRmcOhHaA==/base.apk!/lib/x86_64/libfbjni.so using class loader ns clns-9 (caller=/data/app/~~8yLtt0iLqTeizclbqszFcg==/com.myapp1reactnative-kcqT14-wYTXcOHRmcOhHaA==/base.apk): ok
01-20 06:49:56.631  1376  1435 I .apps.wellbeing: AssetManager2(0x784cb4b88e98) locale list changing from [] to [en-US]
01-20 06:49:56.637  1376  1435 I .apps.wellbeing: AssetManager2(0x784cb4b89b18) locale list changing from [] to [en-US]
01-20 06:49:56.637  4002  4002 D nativeloader: Load /data/app/~~8yLtt0iLqTeizclbqszFcg==/com.myapp1reactnative-kcqT14-wYTXcOHRmcOhHaA==/base.apk!/lib/x86_64/libreactnative.so using class loader ns clns-9 (caller=/data/app/~~8yLtt0iLqTeizclbqszFcg==/com.myapp1reactnative-kcqT14-wYTXcOHRmcOhHaA==/base.apk): ok
01-20 06:49:56.637  4002  4002 D jni_lib_merge: Entering merged library JNI_OnLoad.
01-20 06:49:56.637  4002  4002 D jni_lib_merge: Preparing 12 pre-merged libs (including stub)
01-20 06:49:56.637  4002  4002 D jni_lib_merge: Preparing to register libfabricjni_so.  onload_func: 0x784b8b203550
01-20 06:49:56.637  4002  4002 D jni_lib_merge: Preparing to register libreact_devsupportjni_so.  onload_func: 0x784b8b3f0c30
01-20 06:49:56.637  4002  4002 D jni_lib_merge: Preparing to register libreact_featureflagsjni_so.  onload_func: 0x784b8b3fe780
01-20 06:49:56.637  4002  4002 D jni_lib_merge: Preparing to register libreact_newarchdefaults_so.  onload_func: 0x784b8b4631f0
01-20 06:49:56.637  4002  4002 D jni_lib_merge: Preparing to register libreactnativeblob_so.  onload_func: 0x784b8b64b400
01-20 06:49:56.637  4002  4002 D jni_lib_merge: Preparing to register libreactnativejni_so.  onload_func: 0x784b8b695cb0
01-20 06:49:56.637  4002  4002 D jni_lib_merge: Preparing to register libreactnativejni_common_so.  onload_func: 0x784b8b6a5ab0
01-20 06:49:56.637  4002  4002 D jni_lib_merge: Preparing to register librninstance_so.  onload_func: 0x784b8b6eb920
01-20 06:49:56.637  4002  4002 D jni_lib_merge: Preparing to register libturbomodulejsijni_so.  onload_func: 0x784b8b80a6e0
01-20 06:49:56.638  4002  4002 D jni_lib_merge: Preparing to register libuimanagerjni_so.  onload_func: 0x784b8b822960
01-20 06:49:56.638  4002  4002 D jni_lib_merge: Preparing to register libyoga_so.  onload_func: 0x784b8b8318f0
01-20 06:49:56.638  4002  4002 D jni_lib_merge: About to register 11 actual methods.
01-20 06:49:56.640  1376  1435 I .apps.wellbeing: AssetManager2(0x784cb4b84398) locale list changing from [] to [en-US]
01-20 06:49:56.652  1376  1435 I .apps.wellbeing: AssetManager2(0x784cb4b82db8) locale list changing from [] to [en-US]
01-20 06:49:56.659  1376  1435 I .apps.wellbeing: AssetManager2(0x784cb4b87ef8) locale list changing from [] to [en-US]
01-20 06:49:56.671  1376  1435 I .apps.wellbeing: AssetManager2(0x784cb4b88538) locale list changing from [] to [en-US]
01-20 06:49:56.677  1376  1435 I .apps.wellbeing: AssetManager2(0x784cb4b83a38) locale list changing from [] to [en-US]
01-20 06:49:56.711  1376  1435 I .apps.wellbeing: AssetManager2(0x784cb4b846b8) locale list changing from [] to [en-US]
01-20 06:49:56.714  4002  4002 W SoLoader: SoLoader already initialized
01-20 06:49:56.721  1376  1435 I .apps.wellbeing: AssetManager2(0x784cb4b878b8) locale list changing from [] to [en-US]
01-20 06:49:56.730  1376  1435 I .apps.wellbeing: AssetManager2(0x784cb4b86918) locale list changing from [] to [en-US]
01-20 06:49:56.735  1376  1435 I .apps.wellbeing: AssetManager2(0x784cb4b87278) locale list changing from [] to [en-US]
01-20 06:49:56.737  1376  1435 I .apps.wellbeing: AssetManager2(0x784cb4b88b78) locale list changing from [] to [en-US]
01-20 06:49:56.761  4002  4002 D nativeloader: Load /data/app/~~8yLtt0iLqTeizclbqszFcg==/com.myapp1reactnative-kcqT14-wYTXcOHRmcOhHaA==/base.apk!/lib/x86_64/libhermes.so using class loader ns clns-9 (caller=/data/app/~~8yLtt0iLqTeizclbqszFcg==/com.myapp1reactnative-kcqT14-wYTXcOHRmcOhHaA==/base.apk): ok
01-20 06:49:56.763  1376  1435 I .apps.wellbeing: AssetManager2(0x784cb4b8e2f8) locale list changing from [] to [en-US]
01-20 06:49:56.766  1376  1435 I .apps.wellbeing: AssetManager2(0x784cb4b8d358) locale list changing from [] to [en-US]
01-20 06:49:56.768  1376  1435 I .apps.wellbeing: AssetManager2(0x784cb4b8add8) locale list changing from [] to [en-US]
01-20 06:49:56.774  1376  1435 I .apps.wellbeing: AssetManager2(0x784cb4b85018) locale list changing from [] to [en-US]
01-20 06:49:56.781  1376  1435 I .apps.wellbeing: AssetManager2(0x784cb4b8ba58) locale list changing from [] to [en-US]
01-20 06:49:56.787  1376  1435 I .apps.wellbeing: AssetManager2(0x784cb4b83d58) locale list changing from [] to [en-US]
01-20 06:49:56.792  1376  1435 I .apps.wellbeing: AssetManager2(0x784cb4b911d8) locale list changing from [] to [en-US]
01-20 06:49:56.802  1376  1435 I .apps.wellbeing: AssetManager2(0x784cb4b833f8) locale list changing from [] to [en-US]
01-20 06:49:56.807  4002  4002 D nativeloader: Load /data/app/~~8yLtt0iLqTeizclbqszFcg==/com.myapp1reactnative-kcqT14-wYTXcOHRmcOhHaA==/base.apk!/lib/x86_64/libhermestooling.so using class loader ns clns-9 (caller=/data/app/~~8yLtt0iLqTeizclbqszFcg==/com.myapp1reactnative-kcqT14-wYTXcOHRmcOhHaA==/base.apk): ok
01-20 06:49:56.807  4002  4002 D jni_lib_merge: Entering merged library JNI_OnLoad.
01-20 06:49:56.807  4002  4002 D jni_lib_merge: Preparing 4 pre-merged libs (including stub)
01-20 06:49:56.808  4002  4002 D jni_lib_merge: Preparing to register libhermes_executor_so.  onload_func: 0x784b84e7fce0
01-20 06:49:56.808  4002  4002 D jni_lib_merge: Preparing to register libhermesinstancejni_so.  onload_func: 0x784b84eb2700
01-20 06:49:56.808  4002  4002 D jni_lib_merge: Preparing to register libjsijniprofiler_so.  onload_func: 0x784b84eb4470
01-20 06:49:56.808  4002  4002 D jni_lib_merge: About to register 3 actual methods.
01-20 06:49:56.817  4002  4002 W SoLoader: SoLoader already initialized
01-20 06:49:56.825  1376  1435 I .apps.wellbeing: AssetManager2(0x784cb4b82a98) locale list changing from [] to [en-US]
01-20 06:49:56.836  1376  1435 I .apps.wellbeing: AssetManager2(0x784cb4b891b8) locale list changing from [] to [en-US]
01-20 06:49:56.837  4002  4002 D CompatChangeReporter: Compat change id reported: 309578419; UID 10227; state: ENABLED
01-20 06:49:56.839  4002  4002 D DesktopModeFlags: Toggle override initialized to: OVERRIDE_UNSET
01-20 06:49:56.847  1376  1435 I .apps.wellbeing: AssetManager2(0x784cb4b8ff18) locale list changing from [] to [en-US]
01-20 06:49:56.865  1376  1435 I .apps.wellbeing: AssetManager2(0x784cb4b87bd8) locale list changing from [] to [en-US]
01-20 06:49:56.877  1376  1435 I .apps.wellbeing: AssetManager2(0x784cb4b85fb8) locale list changing from [] to [en-US]
01-20 06:49:56.881  4002  4002 I app1reactnative: hiddenapi: Accessing hidden method Landroid/view/ViewGroup;->makeOptionalFitsSystemWindows()V (runtime_flags=0, domain=platform, api=unsupported) from Landroidx/appcompat/widget/ViewUtils; (domain=app) using reflection: allowed
01-20 06:49:56.881  1376  1435 I .apps.wellbeing: AssetManager2(0x784cb4b84078) locale list changing from [] to [en-US]
01-20 06:49:56.898  1376  1435 I .apps.wellbeing: AssetManager2(0x784cb4b87598) locale list changing from [] to [en-US]
01-20 06:49:56.898  4002  4002 D CompatChangeReporter: Compat change id reported: 352594277; UID 10227; state: ENABLED
01-20 06:49:56.918  1376  1435 I .apps.wellbeing: AssetManager2(0x784cb4b830d8) locale list changing from [] to [en-US]
01-20 06:49:56.919  4002  4002 D CompatChangeReporter: Compat change id reported: 349153669; UID 10227; state: ENABLED
01-20 06:49:56.925  4002  4002 W HWUI    : Unknown dataspace 0
01-20 06:49:56.934  1376  1435 I .apps.wellbeing: AssetManager2(0x784cb4b7d958) locale list changing from [] to [en-US]
01-20 06:49:56.939  1376  1435 I .apps.wellbeing: AssetManager2(0x784cb4b86c38) locale list changing from [] to [en-US]
01-20 06:49:56.951  1376  1435 I .apps.wellbeing: AssetManager2(0x784cb4b71dd8) locale list changing from [] to [en-US]
01-20 06:49:56.961   699  1769 D CoreBackPreview: Window{b0123a8 u0 com.myapp1reactnative/com.myapp1reactnative.MainActivity}: Setting back callback OnBackInvokedCallbackInfo{mCallback=android.window.IOnBackInvokedCallback$Stub$Proxy@716c666, mPriority=0, mIsAnimationCallback=false, mOverrideBehavior=0}
01-20 06:49:56.966  1376  1435 I .apps.wellbeing: AssetManager2(0x784cb4b71478) locale list changing from [] to [en-US]
01-20 06:49:56.969  1376  1435 I .apps.wellbeing: AssetManager2(0x784cb4b6e598) locale list changing from [] to [en-US]
01-20 06:49:56.974  1376  1435 I .apps.wellbeing: AssetManager2(0x784cb4b64f98) locale list changing from [] to [en-US]
01-20 06:49:56.976   554   567 W ServiceManagerCppClient: Permission failure: android.permission.ACCESS_SURFACE_FLINGER from uid=10227 pid=0
01-20 06:49:56.976   554   567 D PermissionCache: checking android.permission.ACCESS_SURFACE_FLINGER for uid=10227 => denied (990 us)
01-20 06:49:56.977   554   567 W ServiceManagerCppClient: Permission failure: android.permission.ROTATE_SURFACE_FLINGER from uid=10227 pid=0
01-20 06:49:56.977   554   567 D PermissionCache: checking android.permission.ROTATE_SURFACE_FLINGER for uid=10227 => denied (372 us)
01-20 06:49:56.977   554   567 W ServiceManagerCppClient: Permission failure: android.permission.INTERNAL_SYSTEM_WINDOW from uid=10227 pid=0
01-20 06:49:56.977   554   567 D PermissionCache: checking android.permission.INTERNAL_SYSTEM_WINDOW for uid=10227 => denied (488 us)
01-20 06:49:56.978   554   655 W ServiceManagerCppClient: Permission failure: android.permission.INTERNAL_SYSTEM_WINDOW from uid=10227 pid=4002
01-20 06:49:56.978   554   655 D PermissionCache: checking android.permission.INTERNAL_SYSTEM_WINDOW for uid=10227 => denied (522 us)
01-20 06:49:56.980  1376  1435 I .apps.wellbeing: AssetManager2(0x784cb4b6d918) locale list changing from [] to [en-US]
01-20 06:49:57.002  1376  1435 I .apps.wellbeing: AssetManager2(0x784cb4b63058) locale list changing from [] to [en-US]
01-20 06:49:57.006  1376  1435 I .apps.wellbeing: AssetManager2(0x784cb4b6a3f8) locale list changing from [] to [en-US]
01-20 06:49:57.013  1376  1435 I .apps.wellbeing: AssetManager2(0x784cb4b70e38) locale list changing from [] to [en-US]
01-20 06:49:57.022  1376  1435 I .apps.wellbeing: AssetManager2(0x784cb4b684b8) locale list changing from [] to [en-US]
01-20 06:49:57.034  1376  1435 I .apps.wellbeing: AssetManager2(0x784cb4b67518) locale list changing from [] to [en-US]
01-20 06:49:57.070  1376  1435 I .apps.wellbeing: AssetManager2(0x784cb4b6f858) locale list changing from [] to [en-US]
01-20 06:49:57.077  1376  1435 I .apps.wellbeing: AssetManager2(0x784cb4b658f8) locale list changing from [] to [en-US]
01-20 06:49:57.081  1376  1435 I .apps.wellbeing: AssetManager2(0x784cb4b6b078) locale list changing from [] to [en-US]
01-20 06:49:57.083  1376  1435 I .apps.wellbeing: AssetManager2(0x784cb4b5fb38) locale list changing from [] to [en-US]
01-20 06:49:57.084   699  1947 W ServiceManagerCppClient: Permission failure: android.permission.ACCESS_SURFACE_FLINGER from uid=10227 pid=0
01-20 06:49:57.084   699  1947 D PermissionCache: checking android.permission.ACCESS_SURFACE_FLINGER for uid=10227 => denied (166 us)
01-20 06:49:57.084   699  1947 W ServiceManagerCppClient: Permission failure: android.permission.ROTATE_SURFACE_FLINGER from uid=10227 pid=0
01-20 06:49:57.085   699  1947 D PermissionCache: checking android.permission.ROTATE_SURFACE_FLINGER for uid=10227 => denied (413 us)
01-20 06:49:57.085   699  1947 W ServiceManagerCppClient: Permission failure: android.permission.INTERNAL_SYSTEM_WINDOW from uid=10227 pid=0
01-20 06:49:57.085   699  1947 D PermissionCache: checking android.permission.INTERNAL_SYSTEM_WINDOW for uid=10227 => denied (83 us)
01-20 06:49:57.093  1376  1435 I .apps.wellbeing: AssetManager2(0x784cb4b69458) locale list changing from [] to [en-US]
01-20 06:49:57.095   699   722 W IPCThreadState: Sending oneway calls to frozen process.
01-20 06:49:57.110  1376  1435 I .apps.wellbeing: AssetManager2(0x784cb4b64958) locale list changing from [] to [en-US]
01-20 06:49:57.126  1050  1050 D BaseDepthController: setSurface:
01-20 06:49:57.126  1050  1050 D BaseDepthController: 	mWaitingOnSurfaceValidity: false
01-20 06:49:57.126  1050  1050 D BaseDepthController: 	mBaseSurface: null
01-20 06:49:57.126  1050  1050 D BaseDepthController: mSurface is null and mCurrentBlur is: 0
--------- beginning of crash
01-20 06:49:57.134  4002  4032 E AndroidRuntime: FATAL EXCEPTION: create_react_context
01-20 06:49:57.134  4002  4032 E AndroidRuntime: Process: com.myapp1reactnative, PID: 4002
01-20 06:49:57.134  4002  4032 E AndroidRuntime: java.lang.RuntimeException: Unable to load script.
01-20 06:49:57.134  4002  4032 E AndroidRuntime: 
01-20 06:49:57.134  4002  4032 E AndroidRuntime: Make sure you're running Metro or that your bundle 'index.android.bundle' is packaged correctly for release.
01-20 06:49:57.134  4002  4032 E AndroidRuntime: 
01-20 06:49:57.134  4002  4032 E AndroidRuntime: The device must either be USB connected (with bundler set to "localhost:8081") or be on the same Wi-Fi network as your computer (with bundler set to your computer IP) to connect to Metro.
01-20 06:49:57.134  4002  4032 E AndroidRuntime: 
01-20 06:49:57.134  4002  4032 E AndroidRuntime: If you're using USB on a physical device, make sure you also run this command:
01-20 06:49:57.134  4002  4032 E AndroidRuntime:   adb reverse tcp:8081 tcp:8081
01-20 06:49:57.134  4002  4032 E AndroidRuntime: 	at com.facebook.react.bridge.CatalystInstanceImpl.jniLoadScriptFromAssets(Native Method)
01-20 06:49:57.134  4002  4032 E AndroidRuntime: 	at com.facebook.react.bridge.CatalystInstanceImpl.loadScriptFromAssets(CatalystInstanceImpl.java:245)
01-20 06:49:57.134  4002  4032 E AndroidRuntime: 	at com.facebook.react.bridge.JSBundleLoader$Companion$createAssetLoader$1.loadScript(JSBundleLoader.kt:33)
01-20 06:49:57.134  4002  4032 E AndroidRuntime: 	at com.facebook.react.bridge.CatalystInstanceImpl.runJSBundle(CatalystInstanceImpl.java:274)
01-20 06:49:57.134  4002  4032 E AndroidRuntime: 	at com.facebook.react.ReactInstanceManager.createReactContext(ReactInstanceManager.java:1525)
01-20 06:49:57.134  4002  4032 E AndroidRuntime: 	at com.facebook.react.ReactInstanceManager.lambda$runCreateReactContextOnNewThread$2(ReactInstanceManager.java:1222)
01-20 06:49:57.134  4002  4032 E AndroidRuntime: 	at com.facebook.react.ReactInstanceManager.$r8$lambda$PrBhihCbbAFk4ZReAALGanVLCyc(Unknown Source:0)
01-20 06:49:57.134  4002  4032 E AndroidRuntime: 	at com.facebook.react.ReactInstanceManager$$ExternalSyntheticLambda1.run(D8$$SyntheticClass:0)
01-20 06:49:57.134  4002  4032 E AndroidRuntime: 	at java.lang.Thread.run(Thread.java:1119)
01-20 06:49:57.136  1050  1050 D StateManager: goToState - fromState: Normal, toState: Normal, partial trace:
01-20 06:49:57.136  1050  1050 D StateManager: 	at com.android.launcher3.statemanager.StateManager.moveToRestState(go/retraceme 72a59688580715d19f0e415c69e80376c2f062d1648c80db6730905005a27c20:4)
01-20 06:49:57.136  1050  1050 D StateManager: 	at com.android.launcher3.statemanager.StateManager.moveToRestState(go/retraceme 72a59688580715d19f0e415c69e80376c2f062d1648c80db6730905005a27c20:1)
01-20 06:49:57.136  1050  1050 D StateManager: 	at com.android.launcher3.statemanager.StatefulActivity.onStop(go/retraceme 72a59688580715d19f0e415c69e80376c2f062d1648c80db6730905005a27c20:34)
01-20 06:49:57.136   699   719 I ActivityTaskManager: Displayed com.myapp1reactnative/.MainActivity for user 0: +2s532ms
01-20 06:49:57.139  1376  1435 I .apps.wellbeing: AssetManager2(0x784cb4b60ad8) locale list changing from [] to [en-US]
01-20 06:49:57.140  1050  1050 D StatsLog: LAUNCHER_ONSTOP
01-20 06:49:57.146   699  4042 I DropBoxManagerService: add tag=data_app_crash isTagEnabled=true flags=0x2
01-20 06:49:57.152  1050  1050 D StatsLog: LAUNCHER_GOOGLE_SEARCH_RESTORE_LIST_SIZE_AFTER_ACTIVITY_RESTART
01-20 06:49:57.164   699  1947 W ActivityTaskManager:   Force finishing activity com.myapp1reactnative/.MainActivity
01-20 06:49:57.171   554   655 I BpBinder: onLastStrongRef automatically unlinking death recipients: 
01-20 06:49:57.174   699   809 I ImeTracker: com.myapp1reactnative:c2783127: onRequestHide at ORIGIN_SERVER reason HIDE_UNSPECIFIED_WINDOW fromUser false
01-20 06:49:57.175   931   986 V WindowManagerShell: Transition requested (#14): android.os.BinderProxy@d39da48 TransitionRequestInfo { type = CLOSE, triggerTask = TaskInfo{userId=0 taskId=48 effectiveUid=10227 displayId=0 isRunning=true baseIntent=Intent { act=android.intent.action.MAIN cat=[android.intent.category.LAUNCHER] flg=0x10000000 cmp=com.myapp1reactnative/.MainActivity } baseActivity=ComponentInfo{com.myapp1reactnative/com.myapp1reactnative.MainActivity} topActivity=ComponentInfo{com.myapp1reactnative/com.myapp1reactnative.MainActivity} origActivity=null realActivity=ComponentInfo{com.myapp1reactnative/com.myapp1reactnative.MainActivity} numActivities=1 lastActiveTime=110115 supportsMultiWindow=true resizeMode=1 isResizeable=true minWidth=-1 minHeight=-1 defaultMinSize=220 token=WCT{android.window.IWindowContainerToken$Stub$Proxy@dd410e1} topActivityType=1 pictureInPictureParams=null shouldDockBigOverlays=false launchIntoPipHostTaskId=-1 lastParentTaskIdBeforePip=-1 displayCutoutSafeInsets=Rect(0, 0 - 0, 0) topActivityInfo=ActivityInfo{f75ee06 com.myapp1reactnative.MainActivity} launchCookies=[] positionInParent=Point(0, 0) parentTaskId=-1 isFocused=true isVisible=true isVisibleRequested=true isTopActivityNoDisplay=false isSleeping=false locusId=null displayAreaFeatureId=1 isTopActivityTransparent=false isActivityStackTransparent=false lastNonFullscreenBounds=Rect(276, 696 - 805, 1776) capturedLink=null capturedLinkTimestamp=0 requestedVisibleTypes=-9 topActivityRequestOpenInBrowserEducationTimestamp=0 appCompatTaskInfo=AppCompatTaskInfo { topActivityInSizeCompat=false eligibleForLetterboxEducation= false isLetterboxEducationEnabled= true isLetterboxDoubleTapEnabled= false eligibleForUserAspectRatioButton= false topActivityBoundsLetterboxed= false isFromLetterboxDoubleTap= false topActivityLetterboxVerticalPosition= -1 topActivityLetterboxHorizontalPosition= -1 topActivityLetterboxWidth=-1 topActivityLetterboxHeight=-1 topActivityAppBounds=Rect(0, 0 - 1080, 2400) isUserFullscreenOverrideEnabled=false isSystemFullscreenOverrideEnabled=false hasMinAspectRatioOverride=false topActivityLetterboxBounds=null cameraCompatTaskInfo=CameraCompatTaskInfo { freeformCameraCompatMode=inactive}} topActivityMainWindowFrame=null}, pipChange = null, remoteTransition = null, displayChange = null, flags = 16, debugId = 14 }
01-20 06:49:57.176  4002  4002 D InsetsController: hide(ime(), fromIme=false)
01-20 06:49:57.177  4002  4002 I ImeTracker: com.myapp1reactnative:c2783127: onCancelled at PHASE_CLIENT_ALREADY_HIDDEN
01-20 06:49:57.184  4002  4032 I Process : Sending signal. PID: 4002 SIG: 9
01-20 06:49:57.189   699  1769 I ActivityManager: updateOomAdj start time is before than pendingPid added, don't delete it
01-20 06:49:57.191  1050  1050 D ViewRootImpl: Skipping stats log for color mode
01-20 06:49:57.194  1050  1050 D StatsLog: LAUNCHER_ONRESUME
01-20 06:49:57.196   554   554 I BpBinder: onLastStrongRef automatically unlinking death recipients: 
01-20 06:49:57.199  1337  1337 I GoogleInputMethodService: GoogleInputMethodService.onFinishInput():2043 
01-20 06:49:57.199   699  1943 I ImeTracker: system_server:5648a1e0: onRequestHide at ORIGIN_SERVER reason IME_REQUESTED_CHANGED_LISTENER fromUser false
01-20 06:49:57.200  1050  1050 D NexusLauncherModelDelegate: notifySmartspaceEvent: SmartspaceTargetEvent{mSmartspaceTarget=null, mSmartspaceActionId='null', mEventType=6}
01-20 06:49:57.202   699   890 D BackgroundInstallControlService: Package event received: 0
01-20 06:49:57.204   931   986 D WindowManagerShell: setLauncherKeepClearAreaHeight: visible=true, height=527
01-20 06:49:57.206   931  2189 V WindowManagerShell: onTransitionReady(transaction=3002182140406)
01-20 06:49:57.206   699   890 D BackgroundInstallControlService: Package event received: 0
01-20 06:49:57.207   931   986 V WindowManagerShell: onTransitionReady (#14) android.os.BinderProxy@d39da48: {id=14 t=CLOSE f=0x10 trk=0 r=[0@Point(0, 0)] c=[
01-20 06:49:57.207   931   986 V WindowManagerShell:         {m=TO_FRONT f=SHOW_WALLPAPER|MOVE_TO_TOP leash=Surface(name=Task=1)/@0x2605cc7 sb=Rect(0, 0 - 1080, 2400) eb=Rect(0, 0 - 1080, 2400) epz=Point(1080, 2400) d=0 taskParent=-1},
01-20 06:49:57.207   931   986 V WindowManagerShell:         {m=CLOSE f=NONE leash=Surface(name=Task=48)/@0x83652f4 sb=Rect(0, 0 - 1080, 2400) eb=Rect(0, 0 - 1080, 2400) epz=Point(1080, 2400) d=0 taskParent=-1}
01-20 06:49:57.207   931   986 V WindowManagerShell:     ]}
01-20 06:49:57.207   931   986 V WindowManagerShell: Playing animation for (#14) android.os.BinderProxy@d39da48@0
01-20 06:49:57.207   931   986 V ShellRecents: RecentsTransitionHandler.startAnimation: no controller found
01-20 06:49:57.207   931   986 V WindowManagerShell: Transition doesn't have explicit remote, search filters for match for {id=14 t=CLOSE f=0x10 trk=0 r=[0@Point(0, 0)] c=[{m=TO_FRONT f=SHOW_WALLPAPER|MOVE_TO_TOP leash=Surface(name=Task=1)/@0x2605cc7 sb=Rect(0, 0 - 1080, 2400) eb=Rect(0, 0 - 1080, 2400) epz=Point(1080, 2400) d=0 taskParent=-1},{m=CLOSE f=NONE leash=Surface(name=Task=48)/@0x83652f4 sb=Rect(0, 0 - 1080, 2400) eb=Rect(0, 0 - 1080, 2400) epz=Point(1080, 2400) d=0 taskParent=-1}]}
01-20 06:49:57.207   931   986 V WindowManagerShell:  Checking filter Pair{{types=[] flags=0x0] notFlags=0x0 checks=[{atype=undefined independent=true modes=[CLOSE,TO_BACK] flags=IN_TASK_WITH_EMBEDDED_ACTIVITY mustBeTask=false order=ANY topActivity=null launchCookie=null taskFragmentToken=android.os.BinderProxy@8c10f6c windowingMode=undefined}]} RemoteTransition { remoteTransition = android.window.IRemoteTransition$Stub$Proxy@66ea935, appThread = android.app.IApplicationThread$Stub$Proxy@8aa61ca, debugName = overlayBackTransition }}
01-20 06:49:57.208   931   986 V WindowManagerShell:  Checking filter Pair{{types=[] flags=0x0] notFlags=0x0 checks=[{atype=dream independent=true modes=[OPEN,TO_FRONT] flags=NONE mustBeTask=false order=ANY topActivity=null launchCookie=null windowingMode=undefined},{atype=home independent=true modes=[CLOSE,TO_BACK] flags=NONE mustBeTask=false order=ANY topActivity=null launchCookie=null windowingMode=undefined}]} RemoteTransition { remoteTransition = android.window.IRemoteTransition$Stub$Proxy@6935f3b, appThread = android.app.IApplicationThread$Stub$Proxy@665b658, debugName = LauncherToDream }}
01-20 06:49:57.208   931   986 V WindowManagerShell:  Checking filter Pair{{types=[] flags=0x0] notFlags=0x100 checks=[{atype=home independent=true modes=[OPEN,TO_FRONT] flags=NONE mustBeTask=false order=TOP topActivity=ComponentInfo{com.google.android.apps.nexuslauncher/com.google.android.apps.nexuslauncher.NexusLauncherActivity} launchCookie=null windowingMode=undefined},{atype=standard independent=true modes=[CLOSE,TO_BACK] flags=NONE mustBeTask=false order=ANY topActivity=null launchCookie=null windowingMode=undefined},{NOT atype=undefined independent=true modes=[] flags=NONE mustBeTask=true order=ANY topActivity=null launchCookie=null customAnim=true windowingMode=undefined}]} RemoteTransition { remoteTransition = android.window.IRemoteTransition$Stub$Proxy@6eda3b1, appThread = android.app.IApplicationThread$Stub$Proxy@6f4d096, debugName = QuickstepLaunchHome }}
01-20 06:49:57.208   931   986 D RemoteTransitionHandler: Found filterPair{{types=[] flags=0x0] notFlags=0x100 checks=[{atype=home independent=true modes=[OPEN,TO_FRONT] flags=NONE mustBeTask=false order=TOP topActivity=ComponentInfo{com.google.android.apps.nexuslauncher/com.google.android.apps.nexuslauncher.NexusLauncherActivity} launchCookie=null windowingMode=undefined},{atype=standard independent=true modes=[CLOSE,TO_BACK] flags=NONE mustBeTask=false order=ANY topActivity=null launchCookie=null windowingMode=undefined},{NOT atype=undefined independent=true modes=[] flags=NONE mustBeTask=true order=ANY topActivity=null launchCookie=null customAnim=true windowingMode=undefined}]} RemoteTransition { remoteTransition = android.window.IRemoteTransition$Stub$Proxy@6eda3b1, appThread = android.app.IApplicationThread$Stub$Proxy@6f4d096, debugName = QuickstepLaunchHome }}
01-20 06:49:57.208   931   986 V WindowManagerShell:  Delegate animation for (#14) to RemoteTransition { remoteTransition = android.window.IRemoteTransition$Stub$Proxy@6eda3b1, appThread = android.app.IApplicationThread$Stub$Proxy@6f4d096, debugName = QuickstepLaunchHome }
01-20 06:49:57.235  1337  1337 I Module  : DeviceLockedStatusModuleProvider$Module.updateDeviceLockedStatus():100 repeatCheckTimes = 0, locked = false
01-20 06:49:57.238   699   719 V WindowManager: Sent Transition (#14) createdAt=01-20 06:49:57.164 via request=TransitionRequestInfo { type = CLOSE, triggerTask = TaskInfo{userId=0 taskId=48 effectiveUid=10227 displayId=0 isRunning=true baseIntent=Intent { act=android.intent.action.MAIN cat=[android.intent.category.LAUNCHER] flg=0x10000000 cmp=com.myapp1reactnative/.MainActivity } baseActivity=ComponentInfo{com.myapp1reactnative/com.myapp1reactnative.MainActivity} topActivity=ComponentInfo{com.myapp1reactnative/com.myapp1reactnative.MainActivity} origActivity=null realActivity=ComponentInfo{com.myapp1reactnative/com.myapp1reactnative.MainActivity} numActivities=1 lastActiveTime=110115 supportsMultiWindow=true resizeMode=1 isResizeable=true minWidth=-1 minHeight=-1 defaultMinSize=220 token=WCT{RemoteToken{9c8a06c Task{10081b4 #48 type=standard A=10227:com.myapp1reactnative}}} topActivityType=1 pictureInPictureParams=null shouldDockBigOverlays=false launchIntoPipHostTaskId=-1 lastParentTaskIdBeforePip=-1 displayCutoutSafeInsets=Rect(0, 0 - 0, 0) topActivityInfo=ActivityInfo{ad56635 com.myapp1reactnative.MainActivity} launchCookies=[] positionInParent=Point(0, 0) parentTaskId=-1 isFocused=true isVisible=true isVisibleRequested=true isTopActivityNoDisplay=false isSleeping=false locusId=null displayAreaFeatureId=1 isTopActivityTransparent=false isActivityStackTransparent=false lastNonFullscreenBounds=Rect(276, 696 - 805, 1776) capturedLink=null capturedLinkTimestamp=0 requestedVisibleTypes=-9 topActivityRequestOpenInBrowserEducationTimestamp=0 appCompatTaskInfo=AppCompatTaskInfo { topActivityInSizeCompat=false eligibleForLetterboxEducation= false isLetterboxEducationEnabled= true isLetterboxDoubleTapEnabled= false eligibleForUserAspectRatioButton= false topActivityBoundsLetterboxed= false isFromLetterboxDoubleTap= false topActivityLetterboxVerticalPosition= -1 topActivityLetterboxHorizontalPosition= -1 topActivityLetterboxWidth=-1 topActivityLetterboxHeight=-1 topActivityAppBounds=Rect(0, 0 - 1080, 2400) isUserFullscreenOverrideEnabled=false isSystemFullscreenOverrideEnabled=false hasMinAspectRatioOverride=false topActivityLetterboxBounds=null cameraCompatTaskInfo=CameraCompatTaskInfo { freeformCameraCompatMode=inactive}} topActivityMainWindowFrame=null}, pipChange = null, remoteTransition = null, displayChange = null, flags = 16, debugId = 14 }
01-20 06:49:57.239   699   719 V WindowManager:     startWCT=WindowContainerTransaction { changes= {} hops= [] errorCallbackToken=null taskFragmentOrganizer=null }
01-20 06:49:57.240   699   719 V WindowManager:     info={id=14 t=CLOSE f=0x10 trk=0 r=[0@Point(0, 0)] c=[
01-20 06:49:57.240   699   719 V WindowManager:         {WCT{RemoteToken{766b567 Task{272caf4 #1 type=home}}} m=TO_FRONT f=SHOW_WALLPAPER|MOVE_TO_TOP leash=Surface(name=Task=1)/@0x6b0c149 sb=Rect(0, 0 - 1080, 2400) eb=Rect(0, 0 - 1080, 2400) epz=Point(1080, 2400) d=0 taskParent=-1},
01-20 06:49:57.240   699   719 V WindowManager:         {WCT{RemoteToken{9c8a06c Task{10081b4 #48 type=standard A=10227:com.myapp1reactnative}}} m=CLOSE f=NONE leash=Surface(name=Task=48)/@0xd024827 sb=Rect(0, 0 - 1080, 2400) eb=Rect(0, 0 - 1080, 2400) epz=Point(1080, 2400) d=0 taskParent=-1}
01-20 06:49:57.240   699   719 V WindowManager:     ]}
01-20 06:49:57.246  1050  1113 D QuickstepModelDelegate: notifyAppTargetEvent action=1 launchLocation=workspace/0/[-1,-1]/[1,1]
01-20 06:49:57.252   699   722 I ImeTracker: system_server:5648a1e0: onCancelled at PHASE_SERVER_SHOULD_HIDE
01-20 06:49:57.254   699   890 D BackgroundInstallControlService: Package event received: 0
01-20 06:49:57.254  1050  1050 D BaseDepthController: setSurface:
01-20 06:49:57.254  1050  1050 D BaseDepthController: 	mWaitingOnSurfaceValidity: false
01-20 06:49:57.254  1050  1050 D BaseDepthController: 	mBaseSurface: Surface(name=com.google.android.apps.nexuslauncher/com.google.android.apps.nexuslauncher.NexusLauncherActivity)/@0xc15e1c
01-20 06:49:57.255   699   890 D BackgroundInstallControlService: Package event received: 0
01-20 06:49:57.260  1337  1337 I GoogleInputMethodService: GoogleInputMethodService.onStartInput():1293 onStartInput(EditorInfo{EditorInfo{packageName=com.myapp1reactnative, inputType=0, inputTypeString=NULL, enableLearning=false, autoCorrection=false, autoComplete=false, imeOptions=0, privateImeOptions=null, actionName=UNSPECIFIED, actionLabel=null, initialSelStart=-1, initialSelEnd=-1, initialCapsMode=0, label=null, fieldId=0, fieldName=null, extras=null, hintText=null, hintLocales=[]}}, false)
01-20 06:49:57.263   562   562 I adbd    : Remote process closed the socket (on MSG_PEEK)
01-20 06:49:57.266   699  1952 I ActivityManager: Process com.myapp1reactnative (pid 4002) has died: fg  TOP 
01-20 06:49:57.267   699  1771 I ImeTracker: com.myapp1reactnative:e46b52fc: onRequestHide at ORIGIN_SERVER reason HIDE_REMOVE_CLIENT fromUser false
01-20 06:49:57.267   699  1771 I ImeTracker: com.myapp1reactnative:e46b52fc: onCancelled at PHASE_SERVER_SHOULD_HIDE
01-20 06:49:57.274   699  1661 I WindowManager: WIN DEATH: Window{b0123a8 u0 com.myapp1reactnative/com.myapp1reactnative.MainActivity}
01-20 06:49:57.274   481   481 I Zygote  : Process 4002 exited due to signal 9 (Killed)
01-20 06:49:57.281   699   730 I libprocessgroup: Removed cgroup /sys/fs/cgroup/apps/uid_10227/pid_4002
01-20 06:49:57.288   699   843 D InetDiagMessage: Destroyed 0 sockets, proto=IPPROTO_TCP, family=AF_INET, states=14
01-20 06:49:57.288   699   843 D InetDiagMessage: Destroyed 0 sockets, proto=IPPROTO_TCP, family=AF_INET6, states=14
01-20 06:49:57.288   699   843 D InetDiagMessage: Destroyed live tcp sockets for uids={10227} in 2ms
