01-20 06:38:28.281   693   747 W IPCThreadState: Sending oneway calls to frozen process.
01-20 06:38:28.281   693   747 W IPCThreadState: Sending oneway calls to frozen process.
01-20 06:38:28.309   693  1565 E TaskPersister: File error accessing recents directory (directory doesn't exist?).
01-20 06:38:28.310   693   808 V StorageManagerService: Package com.myapp1reactnative does not have legacy storage
01-20 06:38:28.358  1054  1054 D CarrierSvcBindHelper: onPackageRemoved: com.myapp1reactnative
01-20 06:38:28.359  1054  1293 I SatelliteAppTracker: onPackageRemoved : com.myapp1reactnative
01-20 06:38:28.361  1063  1063 I NotificationListener: received notification removed event - com.google.android.packageinstaller#UserHandle{0},category=-1
01-20 06:38:28.363  1054  1054 D CarrierSvcBindHelper: No carrier app for: 0
01-20 06:38:28.378  1054  1054 E SmsApplication: com.google.android.apps.messaging lost android:read_cell_broadcasts:  (fixing)
01-20 06:38:28.379   693  1683 W AppOpService: Ignored setUidMode call for runtime permission app op: uid = 10146, code = READ_CELL_BROADCASTS, mode = allow, callingUid = 1001, oldMode = allow
01-20 06:38:28.388   693   722 D ActivityManager: sync unfroze 6463 com.google.android.documentsui for 3
01-20 06:38:28.397   693   886 D ShortcutService: received package broadcast intent: Intent { act=android.intent.action.PACKAGE_REMOVED dat=package: flg=0x4000010 (has extras) }
01-20 06:38:28.397   693   886 D ShortcutService: removing package: com.myapp1reactnative userId=0
01-20 06:38:28.415   693   807 I system_server: AssetManager2(0x70782277a418) locale list changing from [] to [en-US]
01-20 06:38:28.419   693   924 I HealthFirstGrantTimeMan: State for user: 0 has not been restored and validated.
01-20 06:38:28.423  2507  2507 I Finsky:background: [2] Memory trim requested to level 40
01-20 06:38:28.423  2507  2507 I Finsky:background: [2] Memory trim requested to level 40
01-20 06:38:28.423  2507  2507 I Finsky:background: [2] Memory trim requested to level 40
01-20 06:38:28.425   693  1683 W AppOpService: Ignored setUidMode call for runtime permission app op: uid = 1001, code = READ_SMS, mode = allow, callingUid = 1001, oldMode = allow
01-20 06:38:28.425   693   833 W WifiService: Couldn't get PackageInfo for package:com.myapp1reactnative
01-20 06:38:28.425   693   833 D WifiService: Remove settings for package:com.myapp1reactnative
01-20 06:38:28.432   693  1683 W AppOpService: Ignored setUidMode call for runtime permission app op: uid = 1001, code = RECEIVE_SMS, mode = allow, callingUid = 1001, oldMode = allow
01-20 06:38:28.432   693  1831 W AppOpService: Ignored setUidMode call for runtime permission app op: uid = 1001, code = RECEIVE_WAP_PUSH, mode = allow, callingUid = 1001, oldMode = allow
01-20 06:38:28.432   693  1831 W AppOpService: Ignored setUidMode call for runtime permission app op: uid = 1001, code = SEND_SMS, mode = allow, callingUid = 1001, oldMode = allow
01-20 06:38:28.432   693  1831 W AppOpService: Ignored setUidMode call for runtime permission app op: uid = 1001, code = READ_CELL_BROADCASTS, mode = allow, callingUid = 1001, oldMode = allow
01-20 06:38:28.440   693   722 D ActivityManager: sync unfroze 2507 com.android.vending:background for 3
01-20 06:38:28.442  2507  2507 I Finsky:background: [2] Memory trim requested to level 40
01-20 06:38:28.446   693   833 D WifiConfigManager: Remove all networks for app ApplicationInfo{ec1f42 com.myapp1reactnative}
01-20 06:38:28.447   693   716 I system_server: AssetManager2(0x70782277f238) locale list changing from [] to [en-US]
01-20 06:38:28.447   693   722 D ActivityManager: sync unfroze 1857 com.android.vending for 3
01-20 06:38:28.452  1857  1857 I Finsky  : [2] Memory trim requested to level 40
01-20 06:38:28.454   931   999 V WindowManagerShell: Transition requested (#50): android.os.BinderProxy@abb540b TransitionRequestInfo { type = CLOSE, triggerTask = TaskInfo{userId=0 taskId=37 effectiveUid=1000 displayId=0 isRunning=false baseIntent=Intent { act=android.settings.APPLICATION_DETAILS_SETTINGS dat=package: flg=0x10008000 cmp=com.android.settings/.applications.InstalledAppDetails } baseActivity=null topActivity=null origActivity=ComponentInfo{com.android.settings/com.android.settings.applications.InstalledAppDetails} realActivity=ComponentInfo{com.android.settings/com.android.settings.applications.InstalledAppDetailsTop} numActivities=0 lastActiveTime=1558475 supportsMultiWindow=true resizeMode=1 isResizeable=true minWidth=-1 minHeight=-1 defaultMinSize=220 token=WCT{android.window.IWindowContainerToken$Stub$Proxy@e052e8} topActivityType=1 pictureInPictureParams=null shouldDockBigOverlays=false launchIntoPipHostTaskId=-1 lastParentTaskIdBeforePip=-1 displayCutoutSafeInsets=Rect(0, 0 - 0, 0) topActivityInfo=null launchCookies=[android.os.BinderProxy@90ef8bb] positionInParent=Point(0, 0) parentTaskId=-1 isFocused=true isVisible=true isVisibleRequested=true isTopActivityNoDisplay=false isSleeping=false locusId=null displayAreaFeatureId=1 isTopActivityTransparent=false isActivityStackTransparent=true lastNonFullscreenBounds=Rect(276, 696 - 805, 1776) capturedLink=null capturedLinkTimestamp=0 requestedVisibleTypes=-9 topActivityRequestOpenInBrowserEducationTimestamp=0 appCompatTaskInfo=AppCompatTaskInfo { topActivityInSizeCompat=false eligibleForLetterboxEducation= false isLetterboxEducationEnabled= false isLetterboxDoubleTapEnabled= false eligibleForUserAspectRatioButton= false topActivityBoundsLetterboxed= false isFromLetterboxDoubleTap= false topActivityLetterboxVerticalPosition= -1 topActivityLetterboxHorizontalPosition= -1 topActivityLetterboxWidth=-1 topActivityLetterboxHeight=-1 topActivityAppBounds=Rect(0, 0 - 0, 0) isUserFullscreenOverrideEnabled=false isSystemFullscreenOverrideEnabled=false hasMinAspectRatioOverride=false topActivityLetterboxBounds=null cameraCompatTaskInfo=CameraCompatTaskInfo { freeformCameraCompatMode=undefined}} topActivityMainWindowFrame=null}, pipChange = null, remoteTransition = null, displayChange = null, flags = 0, debugId = 50 }
01-20 06:38:28.454  2507  2507 I Finsky:background: [2] Memory trim requested to level 40
01-20 06:38:28.458   693   804 I system_server: AssetManager2(0x70782277e8d8) locale list changing from [] to [en-US]
01-20 06:38:28.471   549   549 I BpBinder: onLastStrongRef automatically unlinking death recipients: 
01-20 06:38:28.471  2507  2507 I Finsky:background: [2] Memory trim requested to level 40
01-20 06:38:28.471  2507  2507 I Finsky:background: [2] Memory trim requested to level 40
01-20 06:38:28.505   693   846 E AppOps  : attributionTag VCN not declared in manifest of android
01-20 06:38:28.507  1857  1857 I Finsky  : [2] Flushing in-memory image cache
01-20 06:38:28.514  1857  1857 I Finsky  : [2] Memory trim requested to level 40
01-20 06:38:28.514  1857  1857 I Finsky  : [2] Flushing in-memory image cache
01-20 06:38:28.514  1857  1857 I Finsky  : [2] Memory trim requested to level 40
01-20 06:38:28.514   693   782 I RollbackManager: broadcast=ACTION_PACKAGE_FULLY_REMOVED pkg=com.myapp1reactnative
01-20 06:38:28.514  1857  1857 I Finsky  : [2] Flushing in-memory image cache
01-20 06:38:28.516  1857  1857 I Finsky  : [2] Memory trim requested to level 40
01-20 06:38:28.516  1857  1857 I Finsky  : [2] Flushing in-memory image cache
01-20 06:38:28.516  1857  1857 I Finsky  : [2] Memory trim requested to level 40
01-20 06:38:28.516  1857  1857 I Finsky  : [2] Flushing in-memory image cache
01-20 06:38:28.535  1857  1857 I Finsky  : [2] ahkp - Received: android.intent.action.PACKAGE_REMOVED, [3YmRuZdk5t4K8lT635X9TGpB8noq2MIh0YCaw_Djdz8]
01-20 06:38:28.542  2507  2507 I Finsky:background: [2] ahkf - Received: android.intent.action.PACKAGE_REMOVED, [3YmRuZdk5t4K8lT635X9TGpB8noq2MIh0YCaw_Djdz8]
01-20 06:38:28.545  6463  6469 W oid.documentsui: Suspending all threads took: 60.462ms
01-20 06:38:28.546   693   833 I PasspointManager: No app ops listener found for com.myapp1reactnative
01-20 06:38:28.563   931   931 D ControlsListingControllerImpl: ServiceConfig reloaded, count: 0
01-20 06:38:28.569  6463  6463 D ActivityThread: Package [com.myapp1reactnative] reported as REPLACED, but missing application info. Assuming REMOVED.
01-20 06:38:28.572   931   931 I ndroid.systemui: AssetManager2(0x7078226af538) locale list changing from [] to [en-US]
01-20 06:38:28.576  2507  2507 I Finsky:background: [2] Package no longer installed: com.myapp1reactnative
01-20 06:38:28.590   931   999 D WindowManagerShell: setLauncherKeepClearAreaHeight: visible=false, height=527
01-20 06:38:28.590   931   999 D WindowManagerShell: setLauncherKeepClearAreaHeight: visible=true, height=527
01-20 06:38:28.592  6463  6463 D ActivityThread: Package [com.myapp1reactnative] reported as REPLACED, but missing application info. Assuming REMOVED.
01-20 06:38:28.604  6463  6463 D ActivityThread: Package [com.myapp1reactnative] reported as REPLACED, but missing application info. Assuming REMOVED.
01-20 06:38:28.612  6463  6463 D ActivityThread: Package [com.myapp1reactnative] reported as REPLACED, but missing application info. Assuming REMOVED.
01-20 06:38:28.615  2507  2507 I Finsky:background: [2] Package no longer installed: com.myapp1reactnative
01-20 06:38:28.615   693   833 W WifiService: Couldn't get PackageInfo for package:com.myapp1reactnative
01-20 06:38:28.615   693   833 D WifiService: Remove settings for package:com.myapp1reactnative
01-20 06:38:28.615   693   833 D WifiConfigManager: Remove all networks for app ApplicationInfo{8dba2f0 com.myapp1reactnative}
01-20 06:38:28.615   693   833 I PasspointManager: No app ops listener found for com.myapp1reactnative
01-20 06:38:28.628  1063  1063 D NexusLauncherModelDelegate: notifySmartspaceEvent: SmartspaceTargetEvent{mSmartspaceTarget=null, mSmartspaceActionId='null', mEventType=6}
01-20 06:38:28.641   693  1822 D ActivityManager: sync unfroze 6523 com.android.externalstorage for 7
01-20 06:38:28.647   693  1822 W ContentProviderHelper: Slow operation: 52ms so far, now at getContentProviderImpl: after updateOomAdj
01-20 06:38:28.648   693  1822 W ContentProviderHelper: Slow operation: 53ms so far, now at getContentProviderImpl: done!
01-20 06:38:28.660  6975  6979 W ackageinstaller: Cleared Reference was only reachable from finalizer (only reported once)
01-20 06:38:28.673  6523  6523 D ActivityThread: Package [com.myapp1reactnative] reported as REPLACED, but missing application info. Assuming REMOVED.
01-20 06:38:28.675  6523  6523 D ActivityThread: Package [com.myapp1reactnative] reported as REPLACED, but missing application info. Assuming REMOVED.
01-20 06:38:28.677  6523  6523 D ActivityThread: Package [com.myapp1reactnative] reported as REPLACED, but missing application info. Assuming REMOVED.
01-20 06:38:28.678  6523  6523 D ActivityThread: Package [com.myapp1reactnative] reported as REPLACED, but missing application info. Assuming REMOVED.
01-20 06:38:28.692  2507  2507 I Finsky:background: [2] IQ: onPackageRemoved com.myapp1reactnative, replacing=false, uninstallingFromPlay=false
01-20 06:38:28.703  1063  1063 D BaseDepthController: setSurface:
01-20 06:38:28.703  1063  1063 D BaseDepthController: 	mWaitingOnSurfaceValidity: false
01-20 06:38:28.703  1063  1063 D BaseDepthController: 	mBaseSurface: Surface(name=com.google.android.apps.nexuslauncher/com.google.android.apps.nexuslauncher.NexusLauncherActivity)/@0x49c470d
01-20 06:38:28.713   693   804 I system_server: AssetManager2(0x7078226d2178) locale list changing from [] to [en-US]
01-20 06:38:28.761   693   832 I system_server: AssetManager2(0x7078226d7c18) locale list changing from [] to [en-US]
01-20 06:38:28.764   693   887 D BackgroundInstallControlService: Package event received: 0
01-20 06:38:28.785  4787  4787 W ndroid.settings: Weak pointer dereference blocked for 84 milliseconds.
01-20 06:38:28.818   549   571 W VsyncModulator: setTransactionSchedule: Unexpected EarlyEnd
01-20 06:38:28.819   693   887 D BackgroundInstallControlService: Package event received: 0
01-20 06:38:28.819   693   721 I CredentialManager: updateProvidersWhenPackageRemoved
01-20 06:38:28.820   693   887 D BackgroundInstallControlService: Package event received: 0
01-20 06:38:28.821   693   807 I system_server: AssetManager2(0x7078226d0878) locale list changing from [] to [en-US]
01-20 06:38:28.832  1063  1063 D StatsLog: LAUNCHER_ONRESUME
01-20 06:38:28.842   693   807 I system_server: AssetManager2(0x7078226d78f8) locale list changing from [] to [en-US]
01-20 06:38:28.852   931  4412 V WindowManagerShell: onTransitionReady(transaction=2976412338300)
01-20 06:38:28.853   931   999 V WindowManagerShell: onTransitionReady (#50) android.os.BinderProxy@abb540b: {id=50 t=CLOSE f=0x0 trk=0 r=[0@Point(0, 0)] c=[
01-20 06:38:28.853   931   999 V WindowManagerShell:         {m=TO_FRONT f=SHOW_WALLPAPER|MOVE_TO_TOP leash=Surface(name=Task=1)/@0xe615b3a sb=Rect(0, 0 - 1080, 2400) eb=Rect(0, 0 - 1080, 2400) epz=Point(1080, 2400) d=0 taskParent=-1},
01-20 06:38:28.853   931   999 V WindowManagerShell:         {m=CLOSE f=NONE leash=Surface(name=Task=37)/@0x21bb3eb sb=Rect(0, 0 - 1080, 2400) eb=Rect(0, 0 - 1080, 2400) epz=Point(1080, 2400) d=0 taskParent=-1},
01-20 06:38:28.853   931   999 V WindowManagerShell:         {m=TO_FRONT f=IS_WALLPAPER leash=Surface(name=WallpaperWindowToken{775e1d6 showWhenLocked=false})/@0x95f6548 sb=Rect(0, 0 - 1080, 2400) eb=Rect(0, 0 - 1080, 2400) epz=Point(1080, 2400) d=0}
01-20 06:38:28.853   931   999 V WindowManagerShell:     ]}
01-20 06:38:28.856   931   999 V WindowManagerShell: Playing animation for (#50) android.os.BinderProxy@abb540b@0
01-20 06:38:28.856   931   999 V ShellRecents: RecentsTransitionHandler.startAnimation: no controller found
01-20 06:38:28.856   931   999 V WindowManagerShell: Transition doesn't have explicit remote, search filters for match for {id=50 t=CLOSE f=0x0 trk=0 r=[0@Point(0, 0)] c=[{m=TO_FRONT f=SHOW_WALLPAPER|MOVE_TO_TOP leash=Surface(name=Task=1)/@0xe615b3a sb=Rect(0, 0 - 1080, 2400) eb=Rect(0, 0 - 1080, 2400) epz=Point(1080, 2400) d=0 taskParent=-1},{m=CLOSE f=NONE leash=Surface(name=Task=37)/@0x21bb3eb sb=Rect(0, 0 - 1080, 2400) eb=Rect(0, 0 - 1080, 2400) epz=Point(1080, 2400) d=0 taskParent=-1},{m=TO_FRONT f=IS_WALLPAPER leash=Surface(name=WallpaperWindowToken{775e1d6 showWhenLocked=false})/@0x95f6548 sb=Rect(0, 0 - 1080, 2400) eb=Rect(0, 0 - 1080, 2400) epz=Point(1080, 2400) d=0}]}
01-20 06:38:28.856   931   999 V WindowManagerShell:  Checking filter Pair{{types=[] flags=0x0] notFlags=0x0 checks=[{atype=undefined independent=true modes=[CLOSE,TO_BACK] flags=IN_TASK_WITH_EMBEDDED_ACTIVITY mustBeTask=false order=ANY topActivity=null launchCookie=null taskFragmentToken=android.os.BinderProxy@b77a7 windowingMode=undefined}]} RemoteTransition { remoteTransition = android.window.IRemoteTransition$Stub$Proxy@5810454, appThread = android.app.IApplicationThread$Stub$Proxy@4389ffd, debugName = overlayBackTransition }}
01-20 06:38:28.856   931   999 V WindowManagerShell:  Checking filter Pair{{types=[] flags=0x0] notFlags=0x0 checks=[{atype=dream independent=true modes=[OPEN,TO_FRONT] flags=NONE mustBeTask=false order=ANY topActivity=null launchCookie=null windowingMode=undefined},{atype=home independent=true modes=[CLOSE,TO_BACK] flags=NONE mustBeTask=false order=ANY topActivity=null launchCookie=null windowingMode=undefined}]} RemoteTransition { remoteTransition = android.window.IRemoteTransition$Stub$Proxy@78964f2, appThread = android.app.IApplicationThread$Stub$Proxy@76de743, debugName = LauncherToDream }}
01-20 06:38:28.856   931   999 V WindowManagerShell:  Checking filter Pair{{types=[] flags=0x0] notFlags=0x100 checks=[{atype=home independent=true modes=[OPEN,TO_FRONT] flags=NONE mustBeTask=false order=TOP topActivity=ComponentInfo{com.google.android.apps.nexuslauncher/com.google.android.apps.nexuslauncher.NexusLauncherActivity} launchCookie=null windowingMode=undefined},{atype=standard independent=true modes=[CLOSE,TO_BACK] flags=NONE mustBeTask=false order=ANY topActivity=null launchCookie=null windowingMode=undefined},{NOT atype=undefined independent=true modes=[] flags=NONE mustBeTask=true order=ANY topActivity=null launchCookie=null customAnim=true windowingMode=undefined}]} RemoteTransition { remoteTransition = android.window.IRemoteTransition$Stub$Proxy@71411c0, appThread = android.app.IApplicationThread$Stub$Proxy@b743ef9, debugName = QuickstepLaunchHome }}
01-20 06:38:28.856   931   999 D RemoteTransitionHandler: Found filterPair{{types=[] flags=0x0] notFlags=0x100 checks=[{atype=home independent=true modes=[OPEN,TO_FRONT] flags=NONE mustBeTask=false order=TOP topActivity=ComponentInfo{com.google.android.apps.nexuslauncher/com.google.android.apps.nexuslauncher.NexusLauncherActivity} launchCookie=null windowingMode=undefined},{atype=standard independent=true modes=[CLOSE,TO_BACK] flags=NONE mustBeTask=false order=ANY topActivity=null launchCookie=null windowingMode=undefined},{NOT atype=undefined independent=true modes=[] flags=NONE mustBeTask=true order=ANY topActivity=null launchCookie=null customAnim=true windowingMode=undefined}]} RemoteTransition { remoteTransition = android.window.IRemoteTransition$Stub$Proxy@71411c0, appThread = android.app.IApplicationThread$Stub$Proxy@b743ef9, debugName = QuickstepLaunchHome }}
01-20 06:38:28.856   931   999 V WindowManagerShell:  Delegate animation for (#50) to RemoteTransition { remoteTransition = android.window.IRemoteTransition$Stub$Proxy@71411c0, appThread = android.app.IApplicationThread$Stub$Proxy@b743ef9, debugName = QuickstepLaunchHome }
01-20 06:38:28.862   549  1043 I BpBinder: onLastStrongRef automatically unlinking death recipients: 
01-20 06:38:28.877   693   713 V WindowManager: Sent Transition (#50) createdAt=01-20 06:38:28.445 via request=TransitionRequestInfo { type = CLOSE, triggerTask = TaskInfo{userId=0 taskId=37 effectiveUid=1000 displayId=0 isRunning=false baseIntent=Intent { act=android.settings.APPLICATION_DETAILS_SETTINGS dat=package: flg=0x10008000 cmp=com.android.settings/.applications.InstalledAppDetails } baseActivity=null topActivity=null origActivity=ComponentInfo{com.android.settings/com.android.settings.applications.InstalledAppDetails} realActivity=ComponentInfo{com.android.settings/com.android.settings.applications.InstalledAppDetailsTop} numActivities=0 lastActiveTime=1558475 supportsMultiWindow=true resizeMode=1 isResizeable=true minWidth=-1 minHeight=-1 defaultMinSize=220 token=WCT{RemoteToken{774622e Task{a8ea2df #37 type=standard A=1000:com.android.settings}}} topActivityType=1 pictureInPictureParams=null shouldDockBigOverlays=false launchIntoPipHostTaskId=-1 lastParentTaskIdBeforePip=-1 displayCutoutSafeInsets=Rect(0, 0 - 0, 0) topActivityInfo=null launchCookies=[android.os.BinderProxy@2c4075c] positionInParent=Point(0, 0) parentTaskId=-1 isFocused=true isVisible=true isVisibleRequested=true isTopActivityNoDisplay=false isSleeping=false locusId=null displayAreaFeatureId=1 isTopActivityTransparent=false isActivityStackTransparent=true lastNonFullscreenBounds=Rect(276, 696 - 805, 1776) capturedLink=null capturedLinkTimestamp=0 requestedVisibleTypes=-9 topActivityRequestOpenInBrowserEducationTimestamp=0 appCompatTaskInfo=AppCompatTaskInfo { topActivityInSizeCompat=false eligibleForLetterboxEducation= false isLetterboxEducationEnabled= false isLetterboxDoubleTapEnabled= false eligibleForUserAspectRatioButton= false topActivityBoundsLetterboxed= false isFromLetterboxDoubleTap= false topActivityLetterboxVerticalPosition= -1 topActivityLetterboxHorizontalPosition= -1 topActivityLetterboxWidth=-1 topActivityLetterboxHeight=-1 topActivityAppBounds=Rect(0, 0 - 0, 0) isUserFullscreenOverrideEnabled=false isSystemFullscreenOverrideEnabled=false hasMinAspectRatioOverride=false topActivityLetterboxBounds=null cameraCompatTaskInfo=CameraCompatTaskInfo { freeformCameraCompatMode=undefined}} topActivityMainWindowFrame=null}, pipChange = null, remoteTransition = null, displayChange = null, flags = 0, debugId = 50 }
01-20 06:38:28.877   693   713 V WindowManager:     startWCT=WindowContainerTransaction { changes= {} hops= [] errorCallbackToken=null taskFragmentOrganizer=null }
01-20 06:38:28.877   693   713 V WindowManager:     info={id=50 t=CLOSE f=0x0 trk=0 r=[0@Point(0, 0)] c=[
01-20 06:38:28.877   693   713 V WindowManager:         {WCT{RemoteToken{d3797d4 Task{37cbc36 #1 type=home}}} m=TO_FRONT f=SHOW_WALLPAPER|MOVE_TO_TOP leash=Surface(name=Task=1)/@0xde0aac5 sb=Rect(0, 0 - 1080, 2400) eb=Rect(0, 0 - 1080, 2400) epz=Point(1080, 2400) d=0 taskParent=-1},
01-20 06:38:28.877   693   713 V WindowManager:         {WCT{RemoteToken{774622e Task{a8ea2df #37 type=standard A=1000:com.android.settings}}} m=CLOSE f=NONE leash=Surface(name=Task=37)/@0xe659830 sb=Rect(0, 0 - 1080, 2400) eb=Rect(0, 0 - 1080, 2400) epz=Point(1080, 2400) d=0 taskParent=-1},
01-20 06:38:28.877   693   713 V WindowManager:         {m=TO_FRONT f=IS_WALLPAPER leash=Surface(name=WallpaperWindowToken{775e1d6 showWhenLocked=false})/@0x13add3c sb=Rect(0, 0 - 1080, 2400) eb=Rect(0, 0 - 1080, 2400) epz=Point(1080, 2400) d=0}
01-20 06:38:28.877   693   713 V WindowManager:     ]}
01-20 06:38:28.887  2507  2507 I Finsky:background: [2] ahkf - Received: android.intent.action.PACKAGE_FULLY_REMOVED, [3YmRuZdk5t4K8lT635X9TGpB8noq2MIh0YCaw_Djdz8]
01-20 06:38:28.900   931   999 V WindowManagerShell:  animated by com.android.wm.shell.transition.RemoteTransitionHandler@aee63af
01-20 06:38:28.900  1857  1857 I Finsky  : [2] Clearing split related stale data.
01-20 06:38:28.901  1857  7033 I Finsky  : [267] Asset module storage cleared for package com.myapp1reactnative.
01-20 06:38:28.904  2507  2507 I Finsky:background: [2] Package no longer installed: com.myapp1reactnative
01-20 06:38:28.922  2507  2507 I Finsky:background: [2] ahkf - Deduping intent android.intent.action.PACKAGE_FULLY_REMOVED
01-20 06:38:28.933  2507  7020 I Finsky:background: [196] Frosting DB delete succeeded: true
01-20 06:38:28.934  2507  7020 I Finsky:background: [196] Frosting DB delete succeeded: false
01-20 06:38:28.934  2507  7020 I Finsky:background: [196] Frosting DB delete succeeded: false
01-20 06:38:28.935  1063  1063 D StateManager: createAtomicAnimation - fromState: Background, toState: Normal, partial trace:
01-20 06:38:28.935  1063  1063 D StateManager: 	at com.android.quickstep.util.WorkspaceRevealAnim.prepareToAnimate(go/retraceme 72a59688580715d19f0e415c69e80376c2f062d1648c80db6730905005a27c20:22)
01-20 06:38:28.935  1063  1063 D StateManager: 	at com.android.quickstep.util.WorkspaceRevealAnim.<init>(go/retraceme 72a59688580715d19f0e415c69e80376c2f062d1648c80db6730905005a27c20:11)
01-20 06:38:28.935  1063  1063 D StateManager: 	at com.android.launcher3.QuickstepTransitionManager.createWallpaperOpenAnimations(go/retraceme 72a59688580715d19f0e415c69e80376c2f062d1648c80db6730905005a27c20:339)
01-20 06:38:28.936  1063  1063 D b/311077782: LauncherAnimationRunner.setAnimation
01-20 06:38:28.938  2507  2646 I Finsky:background: [61] RECEIVER_PACKAGE_MONITOR_BACKGROUND#logWorkEndAndFinishGoAsync: SUCCESS
01-20 06:38:28.960   693   807 I system_server: AssetManager2(0x7078226d5cd8) locale list changing from [] to [en-US]
01-20 06:38:28.961  2507  2616 I Finsky:background: [48] ahkf - recording uninstall for com.myapp1reactnative on [nfVcRdelUeYLEPH-3M_tQxLntLC8zGpG7VaVS_ipDsA]
01-20 06:38:28.963   693   721 I system_server: AssetManager2(0x70782271ddf8) locale list changing from [] to [en-US]
01-20 06:38:28.963  1857  1857 I Finsky  : [2] AIM: AppInfoCacheUpdater -> invalidating apps: [com.myapp1reactnative]
01-20 06:38:28.967  1857  1857 I Finsky  : [2] AIM: AppInfoManager-Perf > getApps > called for 1 apps
01-20 06:38:28.973   510   590 I RanchuHwc: logCompositionFallbackIfChanged: layer 96 CompositionType fallback from 2 to 1
01-20 06:38:28.973   510   590 I RanchuHwc: logCompositionFallbackIfChanged: layer 97 CompositionType fallback from 2 to 1
01-20 06:38:28.976  1857  7038 I Finsky  : [271] SCH: Received scheduling request: Id: 12-1, Constraints: [{ L: 15000, D: 86400000, C: CHARGING_NONE, I: IDLE_NONE, N: NET_ANY, B: BATTERY_ANY }]
01-20 06:38:28.990   510   590 I RanchuHwc: logCompositionFallbackIfChanged: layer 98 CompositionType fallback from 2 to 1
01-20 06:38:28.990   693   807 V AccessibilityManagerService: onUserStateChangedLocked for userId: 0, forceUpdate: false
01-20 06:38:29.008  2507  7039 I Finsky:background: [199] IQ: Canceling installs. packages=[com.myapp1reactnative] from surface=35
01-20 06:38:29.012   693   807 W MagnificationConnectionManager: requestConnection duplicated request: connect=false, mConnectionState=DISCONNECTED
01-20 06:38:29.014  1857  2347 I Finsky  : [67] AIM: AppInfoManager-Perf > OnDeviceAppInfo > cacheHitCount=0, cacheMissCount=1. Missed  in cache (limit 10) : [com.myapp1reactnative]
01-20 06:38:29.049  1857  2305 W ziparchive: Unable to open '/data/app/~~rkeOw_LWo7DTfyGIiFLt3w==/com.myapp1reactnative-NzfWafGNemvodX3rx-bi4A==/base.apk': No such file or directory
01-20 06:38:29.049  1857  2339 I Finsky  : [64] AIM: AppInfoManager-Perf > OnDeviceAppInfo > cacheHitCount=1, cacheMissCount=0. Missed  in cache (limit 10) : []
01-20 06:38:29.049  1857  2305 E android.vending: Failed to open APK '/data/app/~~rkeOw_LWo7DTfyGIiFLt3w==/com.myapp1reactnative-NzfWafGNemvodX3rx-bi4A==/base.apk': I/O error
01-20 06:38:29.051  1857  2262 I Finsky  : [53] AIM: Got app ownership map. App counts: 1. Unique apps: 1
01-20 06:38:29.062   693   803 I ImeTracker: com.google.android.apps.nexuslauncher:2700f509: onRequestHide at ORIGIN_SERVER reason HIDE_UNSPECIFIED_WINDOW fromUser false
01-20 06:38:29.068  1063  1075 I s.nexuslauncher: Background concurrent mark compact GC freed 833KB AllocSpace bytes, 6(312KB) LOS objects, 49% free, 8113KB/15MB, paused 26.731ms,1.804ms total 788.786ms
01-20 06:38:29.068  1496  1627 I AiAiEcho: Predicting[0]:  [CONTEXT sampling_count=5 ]
01-20 06:38:29.070  1496  1627 I AiAiEcho: EchoTargets: 
01-20 06:38:29.070  1496  1627 I AiAiEcho: Filtered by AiAi flag check: 
01-20 06:38:29.070  1496  1627 I AiAiEcho: [CONTEXT ratelimit_period="10 SECONDS" ]
01-20 06:38:29.071  1857  2305 W ResourcesManager: failed to preload asset path '/data/app/~~rkeOw_LWo7DTfyGIiFLt3w==/com.myapp1reactnative-NzfWafGNemvodX3rx-bi4A==/base.apk'
01-20 06:38:29.071  1857  2305 W ResourcesManager: java.io.IOException: Failed to load asset path /data/app/~~rkeOw_LWo7DTfyGIiFLt3w==/com.myapp1reactnative-NzfWafGNemvodX3rx-bi4A==/base.apk
01-20 06:38:29.071  1857  2305 W ResourcesManager: 	at android.content.res.ApkAssets.nativeLoad(Native Method)
01-20 06:38:29.071  1857  2305 W ResourcesManager: 	at android.content.res.ApkAssets.<init>(ApkAssets.java:322)
01-20 06:38:29.071  1857  2305 W ResourcesManager: 	at android.content.res.ApkAssets.loadFromPath(ApkAssets.java:171)
01-20 06:38:29.071  1857  2305 W ResourcesManager: 	at android.app.ResourcesManager.loadApkAssets(ResourcesManager.java:618)
01-20 06:38:29.071  1857  2305 W ResourcesManager: 	at android.app.ResourcesManager$ApkAssetsSupplier.load(ResourcesManager.java:287)
01-20 06:38:29.071  1857  2305 W ResourcesManager: 	at android.app.ResourcesManager.createApkAssetsSupplierNotLocked(ResourcesManager.java:1169)
01-20 06:38:29.071  1857  2305 W ResourcesManager: 	at android.app.ResourcesManager.getResources(ResourcesManager.java:1288)
01-20 06:38:29.071  1857  2305 W ResourcesManager: 	at android.app.ActivityThread.getTopLevelResources(ActivityThread.java:2979)
01-20 06:38:29.071  1857  2305 W ResourcesManager: 	at android.app.ApplicationPackageManager.getResourcesForApplication(ApplicationPackageManager.java:2154)
01-20 06:38:29.071  1857  2305 W ResourcesManager: 	at android.app.ApplicationPackageManager.getResourcesForApplication(ApplicationPackageManager.java:2140)
01-20 06:38:29.071  1857  2305 W ResourcesManager: 	at android.app.ApplicationPackageManager.getDrawable(ApplicationPackageManager.java:1869)
01-20 06:38:29.071  1857  2305 W ResourcesManager: 	at android.app.ApplicationPackageManager.loadUnbadgedItemIcon(ApplicationPackageManager.java:3510)
01-20 06:38:29.071  1857  2305 W ResourcesManager: 	at android.app.ApplicationPackageManager.loadItemIcon(ApplicationPackageManager.java:3486)
01-20 06:38:29.071  1857  2305 W ResourcesManager: 	at android.content.pm.PackageItemInfo.loadIcon(PackageItemInfo.java:291)
01-20 06:38:29.071  1857  2305 W ResourcesManager: 	at android.app.ApplicationPackageManager.getApplicationIcon(ApplicationPackageManager.java:1932)
01-20 06:38:29.071  1857  2305 W ResourcesManager: 	at oqe.a(PG:19)
01-20 06:38:29.071  1857  2305 W ResourcesManager: 	at oql.l(PG:30)
01-20 06:38:29.071  1857  2305 W ResourcesManager: 	at qh.kM(PG:762)
01-20 06:38:29.071  1857  2305 W ResourcesManager: 	at opp.k(PG:36)
01-20 06:38:29.071  1857  2305 W ResourcesManager: 	at opi.f(PG:17)
01-20 06:38:29.071  1857  2305 W ResourcesManager: 	at opi.i(PG:31)
01-20 06:38:29.071  1857  2305 W ResourcesManager: 	at oqj.i(PG:1)
01-20 06:38:29.071  1857  2305 W ResourcesManager: 	at oqm.d(PG:11)
01-20 06:38:29.071  1857  2305 W ResourcesManager: 	at oqm.e(PG:13)
01-20 06:38:29.071  1857  2305 W ResourcesManager: 	at odd.apply(PG:1647)
01-20 06:38:29.071  1857  2305 W ResourcesManager: 	at bjim.d(PG:3)
01-20 06:38:29.071  1857  2305 W ResourcesManager: 	at bjin.run(PG:38)
01-20 06:38:29.071  1857  2305 W ResourcesManager: 	at java.util.concurrent.ThreadPoolExecutor.runWorker(ThreadPoolExecutor.java:1156)
01-20 06:38:29.071  1857  2305 W ResourcesManager: 	at java.util.concurrent.ThreadPoolExecutor$Worker.run(ThreadPoolExecutor.java:651)
01-20 06:38:29.071  1857  2305 W ResourcesManager: 	at tmx.run(PG:610)
01-20 06:38:29.071  1857  2305 W ResourcesManager: 	at java.lang.Thread.run(Thread.java:1119)
01-20 06:38:29.071  1857  2305 W ziparchive: Unable to open '/data/app/~~rkeOw_LWo7DTfyGIiFLt3w==/com.myapp1reactnative-NzfWafGNemvodX3rx-bi4A==/base.apk': No such file or directory
01-20 06:38:29.071  1857  2305 E android.vending: Failed to open APK '/data/app/~~rkeOw_LWo7DTfyGIiFLt3w==/com.myapp1reactnative-NzfWafGNemvodX3rx-bi4A==/base.apk': I/O error
01-20 06:38:29.071  1496  1627 I AiAiEcho: #remoteViewsTwiddler: feature disabled.
01-20 06:38:29.071  1857  2305 E ResourcesManager: failed to add asset path '/data/app/~~rkeOw_LWo7DTfyGIiFLt3w==/com.myapp1reactnative-NzfWafGNemvodX3rx-bi4A==/base.apk'
01-20 06:38:29.071  1857  2305 E ResourcesManager: java.io.IOException: Failed to load asset path /data/app/~~rkeOw_LWo7DTfyGIiFLt3w==/com.myapp1reactnative-NzfWafGNemvodX3rx-bi4A==/base.apk
01-20 06:38:29.071  1857  2305 E ResourcesManager: 	at android.content.res.ApkAssets.nativeLoad(Native Method)
01-20 06:38:29.071  1857  2305 E ResourcesManager: 	at android.content.res.ApkAssets.<init>(ApkAssets.java:322)
01-20 06:38:29.071  1857  2305 E ResourcesManager: 	at android.content.res.ApkAssets.loadFromPath(ApkAssets.java:171)
01-20 06:38:29.071  1857  2305 E ResourcesManager: 	at android.app.ResourcesManager.loadApkAssets(ResourcesManager.java:618)
01-20 06:38:29.071  1857  2305 E ResourcesManager: 	at android.app.ResourcesManager$ApkAssetsSupplier.load(ResourcesManager.java:287)
01-20 06:38:29.071  1857  2305 E ResourcesManager: 	at android.app.ResourcesManager.createAssetManager(ResourcesManager.java:714)
01-20 06:38:29.071  1857  2305 E ResourcesManager: 	at android.app.ResourcesManager.createResourcesImpl(ResourcesManager.java:801)
01-20 06:38:29.071  1857  2305 E ResourcesManager: 	at android.app.ResourcesManager.findOrCreateResourcesImplForKeyLocked(ResourcesManager.java:854)
01-20 06:38:29.071  1857  2305 E ResourcesManager: 	at android.app.ResourcesManager.createResources(ResourcesManager.java:1199)
01-20 06:38:29.071  1857  2305 E ResourcesManager: 	at android.app.ResourcesManager.getResources(ResourcesManager.java:1301)
01-20 06:38:29.071  1857  2305 E ResourcesManager: 	at android.app.ActivityThread.getTopLevelResources(ActivityThread.java:2979)
01-20 06:38:29.071  1857  2305 E ResourcesManager: 	at android.app.ApplicationPackageManager.getResourcesForApplication(ApplicationPackageManager.java:2154)
01-20 06:38:29.071  1857  2305 E ResourcesManager: 	at android.app.ApplicationPackageManager.getResourcesForApplication(ApplicationPackageManager.java:2140)
01-20 06:38:29.071  1857  2305 E ResourcesManager: 	at android.app.ApplicationPackageManager.getDrawable(ApplicationPackageManager.java:1869)
01-20 06:38:29.071  1857  2305 E ResourcesManager: 	at android.app.ApplicationPackageManager.loadUnbadgedItemIcon(ApplicationPackageManager.java:3510)
01-20 06:38:29.071  1857  2305 E ResourcesManager: 	at android.app.ApplicationPackageManager.loadItemIcon(ApplicationPackageManager.java:3486)
01-20 06:38:29.071  1857  2305 E ResourcesManager: 	at android.content.pm.PackageItemInfo.loadIcon(PackageItemInfo.java:291)
01-20 06:38:29.071  1857  2305 E ResourcesManager: 	at android.app.ApplicationPackageManager.getApplicationIcon(ApplicationPackageManager.java:1932)
01-20 06:38:29.071  1857  2305 E ResourcesManager: 	at oqe.a(PG:19)
01-20 06:38:29.071  1857  2305 E ResourcesManager: 	at oql.l(PG:30)
01-20 06:38:29.071  1857  2305 E ResourcesManager: 	at qh.kM(PG:762)
01-20 06:38:29.071  1857  2305 E ResourcesManager: 	at opp.k(PG:36)
01-20 06:38:29.071  1857  2305 E ResourcesManager: 	at opi.f(PG:17)
01-20 06:38:29.071  1857  2305 E ResourcesManager: 	at opi.i(PG:31)
01-20 06:38:29.071  1857  2305 E ResourcesManager: 	at oqj.i(PG:1)
01-20 06:38:29.071  1857  2305 E ResourcesManager: 	at oqm.d(PG:11)
01-20 06:38:29.071  1857  2305 E ResourcesManager: 	at oqm.e(PG:13)
01-20 06:38:29.071  1857  2305 E ResourcesManager: 	at odd.apply(PG:1647)
01-20 06:38:29.071  1857  2305 E ResourcesManager: 	at bjim.d(PG:3)
01-20 06:38:29.071  1857  2305 E ResourcesManager: 	at bjin.run(PG:38)
01-20 06:38:29.071  1857  2305 E ResourcesManager: 	at java.util.concurrent.ThreadPoolExecutor.runWorker(ThreadPoolExecutor.java:1156)
01-20 06:38:29.071  1857  2305 E ResourcesManager: 	at java.util.concurrent.ThreadPoolExecutor$Worker.run(ThreadPoolExecutor.java:651)
01-20 06:38:29.071  1857  2305 E ResourcesManager: 	at tmx.run(PG:610)
01-20 06:38:29.071  1857  2305 E ResourcesManager: 	at java.lang.Thread.run(Thread.java:1119)
01-20 06:38:29.071  1857  2305 W PackageManager: Failure retrieving resources for com.myapp1reactnative
01-20 06:38:29.070  1063  1111 D QuickstepModelDelegate: notifyAppTargetEvent action=1 launchLocation=workspace/0/[-1,-1]/[1,1]
01-20 06:38:29.072  1496  1627 I AiAiEcho: #postPredictionTargets: Sending updates to UISurface home with targets# 0 (types=[])
01-20 06:38:29.083  1063  1063 D InsetsController: hide(ime(), fromIme=false)
01-20 06:38:29.083  1063  1063 I ImeTracker: com.google.android.apps.nexuslauncher:2700f509: onCancelled at PHASE_CLIENT_ALREADY_HIDDEN
01-20 06:38:29.083  1063  1063 I NotificationListener: Handling notification state refresh for com.google.android.gms#0
01-20 06:38:29.083  1063  1063 I NotificationListener: Handling notification state refresh for com.android.systemui#0
01-20 06:38:29.087  1857  1857 I Finsky  : [2] Do not start WearSupportService due to Wear service optimization
01-20 06:38:29.093  1063  1077 W System  : A resource failed to call release. 
01-20 06:38:29.094  1063  1077 W System  : A resource failed to call release. 
01-20 06:38:29.094  1063  1077 W System  : A resource failed to call release. 
01-20 06:38:29.094  1063  1077 W System  : A resource failed to call release. 
01-20 06:38:29.116  1063  1063 D SsBaseTemplateCard: No text view can be set up
01-20 06:38:29.117  1063  1063 D SsBaseTemplateCard: Passed-in item info is null
01-20 06:38:29.117  1063  1063 D SsBaseTemplateCard: Passed-in item info is null
01-20 06:38:29.117  1063  1063 D SsBaseTemplateCard: Passed-in item info is null
01-20 06:38:29.117  1063  1063 I SsBaseTemplateCard: Secondary card pane is null
01-20 06:38:29.146  1857  2262 I Finsky  : [53] AIM: Got app ownership map. App counts: . Unique apps: 0
01-20 06:38:29.146  1857  2262 E Finsky  : [53] [Counters] attempted to use a non-positive increment for: 4752
01-20 06:38:29.147  1857  2305 E Finsky  : [57] [Counters] attempted to use a non-positive increment for: 4753
01-20 06:38:29.155  1063  1077 W System  : A resource failed to call release. 
01-20 06:38:29.155  1063  1077 W System  : A resource failed to call release. 
01-20 06:38:29.155  1063  1077 W System  : A resource failed to call release. 
01-20 06:38:29.155  1063  1077 W System  : A resource failed to call release. 
01-20 06:38:29.155  1063  1077 W System  : A resource failed to call release. 
01-20 06:38:29.171  1386  1386 I GoogleInputMethodService: GoogleInputMethodService.onFinishInput():2043 
01-20 06:38:29.172   693  1831 I ImeTracker: system_server:8f360ae8: onRequestHide at ORIGIN_SERVER reason IME_REQUESTED_CHANGED_LISTENER fromUser false
01-20 06:38:29.181  1386  1386 I Module  : DeviceLockedStatusModuleProvider$Module.updateDeviceLockedStatus():100 repeatCheckTimes = 0, locked = false
01-20 06:38:29.204   693   693 D ActivityManager: sync unfroze 5467 com.android.keychain for 10
01-20 06:38:29.213  1386  1386 I GoogleInputMethodService: GoogleInputMethodService.onStartInput():1293 onStartInput(EditorInfo{EditorInfo{packageName=com.google.android.apps.nexuslauncher, inputType=0, inputTypeString=NULL, enableLearning=false, autoCorrection=false, autoComplete=false, imeOptions=0, privateImeOptions=null, actionName=UNSPECIFIED, actionLabel=null, initialSelStart=-1, initialSelEnd=-1, initialCapsMode=0, label=null, fieldId=0, fieldName=null, extras=null, hintText=null, hintLocales=[]}}, false)
01-20 06:38:29.216   693   887 D BackgroundInstallControlService: Package event received: 0
01-20 06:38:29.216   693   693 W Looper  : Slow dispatch took 780ms main app=system_server main=true group=FOREGROUND h=android.app.ActivityThread$H c=android.app.LoadedApk$ReceiverDispatcher$Args$$ExternalSyntheticLambda0@367f36c m=0
01-20 06:38:29.220  1857  1857 I Finsky  : [2] ahkp - Received: android.intent.action.PACKAGE_FULLY_REMOVED, [3YmRuZdk5t4K8lT635X9TGpB8noq2MIh0YCaw_Djdz8]
01-20 06:38:29.222  1857  1857 I Finsky  : [2] ahkp - Deduping intent android.intent.action.PACKAGE_FULLY_REMOVED
01-20 06:38:29.222   693   693 W Looper  : Slow delivery took 885ms main app=system_server main=true group=FOREGROUND h=android.app.ActivityThread$H c=android.app.LoadedApk$ReceiverDispatcher$Args$$ExternalSyntheticLambda0@445e5ca m=0
01-20 06:38:29.223  1857  1857 I Finsky  : [2] Memory trim requested to level 40
01-20 06:38:29.224  1857  1857 I Finsky  : [2] Flushing in-memory image cache
01-20 06:38:29.224  1857  2149 I Finsky  : [44] RECEIVER_PACKAGE_MONITOR#logWorkEndAndFinishGoAsync: SUCCESS
01-20 06:38:29.225  1857  1857 I Finsky  : [2] Memory trim requested to level 40
01-20 06:38:29.225  1857  1857 I Finsky  : [2] Flushing in-memory image cache
01-20 06:38:29.230  1386  1386 I Module  : DeviceLockedStatusModuleProvider$Module.updateDeviceLockedStatus():100 repeatCheckTimes = 1, locked = false
01-20 06:38:29.230  1386  1386 I EmojiCompatManager: EmojiCompatManager.getEmojiCompatIfLoaded():343 EmojiCompat.init() was never called.
01-20 06:38:29.230  1386  1386 I EmojiCompatManager: java.lang.IllegalStateException: EmojiCompat is not initialized. Please call EmojiCompat.init() first
01-20 06:38:29.230  1386  1386 I EmojiCompatManager: 	at asx.p(PG:6)
01-20 06:38:29.230  1386  1386 I EmojiCompatManager: 	at axb.b(PG:13)
01-20 06:38:29.230  1386  1386 I EmojiCompatManager: 	at jnr.b(PG:2)
01-20 06:38:29.230  1386  1386 I EmojiCompatManager: 	at jnr.c(PG:4)
01-20 06:38:29.230  1386  1386 I EmojiCompatManager: 	at jnr.f(PG:3)
01-20 06:38:29.230  1386  1386 I EmojiCompatManager: 	at jnx.c(PG:3)
01-20 06:38:29.230  1386  1386 I EmojiCompatManager: 	at kif.cz(PG:47)
01-20 06:38:29.230  1386  1386 I EmojiCompatManager: 	at lhl.run(PG:1025)
01-20 06:38:29.230  1386  1386 I EmojiCompatManager: 	at jaf.execute(PG:12)
01-20 06:38:29.230  1386  1386 I EmojiCompatManager: 	at nco.v(PG:13)
01-20 06:38:29.230  1386  1386 I EmojiCompatManager: 	at lhn.m(PG:96)
01-20 06:38:29.230  1386  1386 I EmojiCompatManager: 	at lhn.k(PG:25)
01-20 06:38:29.230  1386  1386 I EmojiCompatManager: 	at kgn.onStartInput(PG:250)
01-20 06:38:29.230  1386  1386 I EmojiCompatManager: 	at android.inputmethodservice.InputMethodService.doStartInput(InputMethodService.java:3521)
01-20 06:38:29.230  1386  1386 I EmojiCompatManager: 	at android.inputmethodservice.InputMethodService$InputMethodImpl.startInput(InputMethodService.java:879)
01-20 06:38:29.230  1386  1386 I EmojiCompatManager: 	at android.inputmethodservice.InputMethodService$InputMethodImpl.dispatchStartInput(InputMethodService.java:908)
01-20 06:38:29.230  1386  1386 I EmojiCompatManager: 	at android.inputmethodservice.IInputMethodWrapper.executeMessage(IInputMethodWrapper.java:201)
01-20 06:38:29.230  1386  1386 I EmojiCompatManager: 	at com.android.internal.os.HandlerCaller$MyHandler.handleMessage(HandlerCaller.java:44)
01-20 06:38:29.230  1386  1386 I EmojiCompatManager: 	at android.os.Handler.dispatchMessage(Handler.java:110)
01-20 06:38:29.230  1386  1386 I EmojiCompatManager: 	at android.os.Looper.loopOnce(Looper.java:248)
01-20 06:38:29.230  1386  1386 I EmojiCompatManager: 	at android.os.Looper.loop(Looper.java:338)
01-20 06:38:29.230  1386  1386 I EmojiCompatManager: 	at android.app.ActivityThread.main(ActivityThread.java:9067)
01-20 06:38:29.230  1386  1386 I EmojiCompatManager: 	at java.lang.reflect.Method.invoke(Native Method)
01-20 06:38:29.230  1386  1386 I EmojiCompatManager: 	at com.android.internal.os.RuntimeInit$MethodAndArgsCaller.run(RuntimeInit.java:593)
01-20 06:38:29.230  1386  1386 I EmojiCompatManager: 	at com.android.internal.os.ZygoteInit.main(ZygoteInit.java:932)
01-20 06:38:29.230  1857  1857 W Finsky  : [2] STU: Failed to get storage stats for package 'com.myapp1reactnative' (1601: Error getting stats: android.content.pm.PackageManager.NameNotFoundException)
01-20 06:38:29.233   693   789 I RoleService: Granting default roles...
01-20 06:38:29.238   693  1814 W PackageConfigPersister: App-specific configuration not found for packageName: com.google.android.apps.nexuslauncher and userId: 0
01-20 06:38:29.256  1857  1857 I Endpoint: Created gRPC endpoint for service class com.google.frameworks.client.data.android.server.play.MainProcessEndpointService
01-20 06:38:29.264   693   887 D BackgroundInstallControlService: Package event received: 0
01-20 06:38:29.284   693   693 I Telecom : CarModeTracker: Package com.myapp1reactnative is not tracked.: SSH.oR@ANI
01-20 06:38:29.284   693   693 I Telecom : InCallController: updateCarModeForConnections: car mode apps: : SSH.oR@ANI
01-20 06:38:29.286   693   693 I Telecom : InCallController: update carmode current:UserHandle{0} parent:null: SSH.oR@ANI
01-20 06:38:29.308  2507  2621 I Finsky:background: [50] IQ: start evaluating install requests.
01-20 06:38:29.312  2507  2621 I Finsky:background: [50] IQ: no jobs active. Skipping
01-20 06:38:29.315  1063  1063 D WorkspaceRevealAnim: onAnimationEnd: workspace alpha = 1.0
01-20 06:38:29.327   931   999 V WindowManagerShell: Transition animation finished (aborted=false), notifying core (#50) android.os.BinderProxy@abb540b@0
01-20 06:38:29.340   693   693 D AppSearchAppsIndexerManagerS: userid in package receiver: 10226
01-20 06:38:29.345  1857  2305 I Finsky  : [57] AIM: AppInfoManager-Perf > ItemModel > CacheSize=35, cacheHitCount=0, cacheMissCount=1, total appsWithNoServerDataCount=1. Missed  in cache (limit 10) : [com.myapp1reactnative]
01-20 06:38:29.350   693   714 W Looper  : Slow dispatch took 136ms android.ui app=system_server main=false group=TOP_APP h=com.android.server.am.ActivityManagerService$UiHandler c=com.android.server.am.UidObserverController$$ExternalSyntheticLambda0@d2d898b m=0
01-20 06:38:29.352  1857  2305 I Finsky  : [57] AIM: AppInfoManager-Perf > ItemModel > ItemStore Called 1 apps cacheOptions = USE_CACHE
01-20 06:38:29.355  1857  2305 I Finsky  : [57] AIM: ItemModel fetch - unauth(0), auth([nfVcRdelUeYLEPH-3M_tQxLntLC8zGpG7VaVS_ipDsA]->1)
01-20 06:38:29.356  1857  2305 I Finsky  : [57] AIM: AppInfoManager-Perf > ItemModel > CacheSize=35, cacheHitCount=0, cacheMissCount=1, total appsWithNoServerDataCount=1. Missed  in cache (limit 10) : [com.myapp1reactnative]
01-20 06:38:29.356  1857  2305 I Finsky  : [57] AIM: AppInfoManager-Perf > ItemModel > ItemStore Called 1 apps cacheOptions = REFRESH_LOCAL_CACHE
01-20 06:38:29.356  1857  2305 I Finsky  : [57] AIM: ItemModel fetch - unauth(0), auth([nfVcRdelUeYLEPH-3M_tQxLntLC8zGpG7VaVS_ipDsA]->1)
01-20 06:38:29.365  1857  2305 I Finsky  : [57] ItemStore: Not cached: com.myapp1reactnative
01-20 06:38:29.366  1857  2305 I Finsky  : [57] ItemStore: Not cached: com.myapp1reactnative
01-20 06:38:29.378   693  1831 V SafetySourceDataValidat: Package: com.android.vending has expected signature
01-20 06:38:29.378   693  1831 V SafetySourceDataValidat: Package: com.android.vending has expected signature
01-20 06:38:29.383   693   713 V WindowManager: Finish Transition (#50): created at 01-20 06:38:28.445 collect-started=0.086ms request-sent=0.584ms started=9.495ms ready=183.043ms sent=396.422ms commit=96.012ms finished=937.193ms
01-20 06:38:29.399  2507  2634 I Finsky:background: [52] RECEIVER_ENGAGE_PACKAGE_CHANGED#logWorkEndAndFinishGoAsync: SUCCESS
01-20 06:38:29.425   693   721 I system_server: AssetManager2(0x707822781df8) locale list changing from [] to [en-US]
01-20 06:38:29.481  2507  2621 I Finsky:background: [50] IQ: 0 scheduled install statuses found to proceed. 
01-20 06:38:29.485   693  4089 W SignedPackage: Package doesn't have required signing certificate: com.google.android.retaildemo
01-20 06:38:29.495  2507  7039 I Finsky:background: [199] IQ: handled package removed
01-20 06:38:29.508   693   693 W IPCThreadState: Sending oneway calls to frozen process.
01-20 06:38:29.511   693  4089 E RoleControllerServiceImpl: Default/fallback role holder package doesn't qualify for the role, package: com.google.android.gms.supervision, role: android.app.role.SYSTEM_SUPERVISION
01-20 06:38:29.521   693   693 W IPCThreadState: Sending oneway calls to frozen process.
01-20 06:38:29.522   693   693 W IPCThreadState: Sending oneway calls to frozen process.
01-20 06:38:29.522   693   693 W IPCThreadState: Sending oneway calls to frozen process.
01-20 06:38:29.522   693   693 W IPCThreadState: Sending oneway calls to frozen process.
01-20 06:38:29.525   693   693 W IPCThreadState: Sending oneway calls to frozen process.
01-20 06:38:29.551  2507  2507 I Finsky:background: [2] Memory trim requested to level 40
01-20 06:38:29.564   693   721 I system_server: AssetManager2(0x7078226d0b98) locale list changing from [] to [en-US]
01-20 06:38:29.586  1857  1857 I Finsky  : [2] Memory trim requested to level 40
01-20 06:38:29.587  1857  1857 I Finsky  : [2] Flushing in-memory image cache
01-20 06:38:29.589  1857  2146 I Finsky  : [43] AAM: Canceling app install. Auto-archiving is not in progress: com.myapp1reactnative
01-20 06:38:29.592   693  4089 W SignedPackage: Package doesn't have required signing certificate: com.google.android.apps.work.clouddpc
01-20 06:38:29.603   693   721 D LauncherAppsService: onPackageRemoved: triggering onPackageRemoved for user=UserHandle{0}, packageName=com.myapp1reactnative
01-20 06:38:29.604   693   721 D LauncherAppsService: onPackageRemoved: triggering onPackageRemoved for user=UserHandle{0}, packageName=com.myapp1reactnative
01-20 06:38:29.604   693   721 D LauncherAppsService: onPackageRemoved: triggering onPackageRemoved for user=UserHandle{0}, packageName=com.myapp1reactnative
01-20 06:38:29.604  1063  1111 D LauncherAppsCallbackImpl: onPackageRemoved triggered for packageName=com.myapp1reactnative, user=UserHandle{0}
01-20 06:38:29.605  1063  1111 D PackageUpdatedTask: Package updated: mOp=REMOVE packages=[com.myapp1reactnative], user=UserHandle{0}
01-20 06:38:29.610  4787  4787 D VRI[SpaActivity]: visibilityChanged oldVisibility=true newVisibility=false
01-20 06:38:29.619   693   693 I ConditionProviders: Disallowing condition provider com.myapp1reactnative (userSet: true)
01-20 06:38:29.621   693   693 V ConditionProviders: enabling condition provider for 0: ComponentInfo{com.google.android.apps.wellbeing/com.google.android.apps.wellbeing.azr.impl.AzrConditionProviderService}
01-20 06:38:29.621   693   693 V ConditionProviders: Not registering ComponentInfo{com.google.android.apps.wellbeing/com.google.android.apps.wellbeing.azr.impl.AzrConditionProviderService} is already bound
01-20 06:38:29.626   693   887 D BackgroundInstallControlService: Package event received: 0
01-20 06:38:29.626   693   887 D BackgroundInstallControlService: Package event received: 0
01-20 06:38:29.631  1496  1496 I AiAiEcho: AppFetcherImplV2 onPackageRemoved com.myapp1reactnative.
01-20 06:38:29.640   693   693 W Looper  : Drained
01-20 06:38:29.814   931   999 V WindowManagerShell: Track 0 became idle
01-20 06:38:29.814   931   999 V WindowManagerShell: All active transition animations finished
01-20 06:38:29.826   693   716 I ImeTracker: system_server:8f360ae8: onCancelled at PHASE_SERVER_SHOULD_HIDE
01-20 06:38:29.831  4787  4787 D SpaLogMetricsProvider: PAGE_LEAVE page 0
01-20 06:38:29.871  1063  1111 D PackageUpdatedTask: REMOVE: removing package=com.myapp1reactnative
01-20 06:38:29.872  1063  1111 D PackageUpdatedTask: OP_REMOVE: removing packages=[com.myapp1reactnative]
01-20 06:38:29.872  1063  1111 D ModelWriter: removing items from db . Reason: [removed because the corresponding package or component is removed. mOp=3 removedPackages=[com.myapp1reactnative] removedComponents=[]]
01-20 06:38:29.878  1063  1063 D AllAppsStore: setApps: apps.length=19
01-20 06:38:29.878  1063  1063 D AllAppsStore: notifyUpdate: notifying listeners
