01-20 06:49:54.149   699   754 W IPCThreadState: Sending oneway calls to frozen process.
01-20 06:49:54.150   699   754 W IPCThreadState: Sending oneway calls to frozen process.
01-20 06:49:54.150   699   754 W IPCThreadState: Sending oneway calls to frozen process.
01-20 06:49:54.150   699   754 W IPCThreadState: Sending oneway calls to frozen process.
01-20 06:49:54.150   699   754 W IPCThreadState: Sending oneway calls to frozen process.
01-20 06:49:54.150   699   754 W IPCThreadState: Sending oneway calls to frozen process.
01-20 06:49:54.157   699   754 W IPCThreadState: Sending oneway calls to frozen process.
01-20 06:49:54.157   699   754 W IPCThreadState: Sending oneway calls to frozen process.
01-20 06:49:54.157   699   754 W IPCThreadState: Sending oneway calls to frozen process.
01-20 06:49:54.158   699   754 W IPCThreadState: Sending oneway calls to frozen process.
01-20 06:49:54.158   699   754 W IPCThreadState: Sending oneway calls to frozen process.
01-20 06:49:54.158   699   754 W IPCThreadState: Sending oneway calls to frozen process.
01-20 06:49:54.158   699   754 W IPCThreadState: Sending oneway calls to frozen process.
01-20 06:49:54.159   699   754 W IPCThreadState: Sending oneway calls to frozen process.
01-20 06:49:54.159   699   754 W IPCThreadState: Sending oneway calls to frozen process.
01-20 06:49:54.159   699   754 W IPCThreadState: Sending oneway calls to frozen process.
01-20 06:49:54.171  1376  1435 I .apps.wellbeing: AssetManager2(0x784cb4b83718) locale list changing from [] to [en-US]
01-20 06:49:54.192  3853  3934 I Finsky:background: [52] SCH: Scheduling phonesky job Id: 3-33, CT: 1768891793819, Constraints: [{ L: 0, D: 86400000, C: CHARGING_REQUIRED, I: IDLE_REQUIRED, N: NET_UNMETERED, B: BATTERY_ANY }]
01-20 06:49:54.192  3853  3934 I Finsky:background: [52] SCH: Scheduling phonesky job Id: 3-34, CT: 1768891793888, Constraints: [{ L: 0, D: 86400000, C: CHARGING_NONE, I: IDLE_REQUIRED, N: NET_UNMETERED, B: BATTERY_ANY }]
01-20 06:49:54.192  3853  3934 I Finsky:background: [52] SCH: Scheduling phonesky job Id: 3-35, CT: 1768891793888, Constraints: [{ L: 0, D: 86400000, C: CHARGING_REQUIRED, I: IDLE_NONE, N: NET_UNMETERED, B: BATTERY_ANY }]
01-20 06:49:54.210  3853  3934 I Finsky:background: [52] SCH: Scheduling phonesky job Id: 3-36, CT: 1768891793888, Constraints: [{ L: 0, D: 86400000, C: CHARGING_REQUIRED, I: IDLE_REQUIRED, N: NET_UNMETERED, B: BATTERY_ANY }]
01-20 06:49:54.212   699   722 I system_server: AssetManager2(0x784cb4b99b58) locale list changing from [] to [en-US]
01-20 06:49:54.212   699   888 D ShortcutService: received package broadcast intent: Intent { act=android.intent.action.PACKAGE_REMOVED dat=package: flg=0x4000010 (has extras) }
01-20 06:49:54.219  3853  3937 I Finsky:background: [54] SCH: Scheduling 0 system job(s)
01-20 06:49:54.240   699   849 E AppOps  : attributionTag VCN not declared in manifest of android
01-20 06:49:54.259   699   810 I system_server: AssetManager2(0x784cb4b98ed8) locale list changing from [] to [en-US]
01-20 06:49:54.273   931   931 D ControlsListingControllerImpl: ServiceConfig reloaded, count: 0
01-20 06:49:54.278  1038  1242 I SatelliteAppTracker: onPackageUpdateFinished : com.myapp1reactnative
01-20 06:49:54.283  1038  1242 I SatelliteAppTracker: onPackageModified : com.myapp1reactnative
01-20 06:49:54.291  1038  1038 E SmsApplication: com.google.android.apps.messaging lost android:read_cell_broadcasts:  (fixing)
01-20 06:49:54.295   699   895 I SdkSandboxManager: No SDKs used. Skipping SDK data reconcilation for CallingInfo{mUid=10227, mPackageName='com.myapp1reactnative, mAppProcessToken='null'}
01-20 06:49:54.297   931   931 D ControlsListingControllerImpl: ServiceConfig reloaded, count: 0
01-20 06:49:54.303  1337  1337 D ActivityThread: Package [com.myapp1reactnative] reported as REPLACED, but missing application info. Assuming REMOVED.
01-20 06:49:54.304  3771  3771 D ActivityThread: Package [com.myapp1reactnative] reported as REPLACED, but missing application info. Assuming REMOVED.
01-20 06:49:54.304  3853  3853 D ActivityThread: Package [com.myapp1reactnative] reported as REPLACED, but missing application info. Assuming REMOVED.
01-20 06:49:54.305  1119  1119 D ActivityThread: Package [com.myapp1reactnative] reported as REPLACED, but missing application info. Assuming REMOVED.
01-20 06:49:54.305  1349  1349 D ActivityThread: Package [com.myapp1reactnative] reported as REPLACED, but missing application info. Assuming REMOVED.
01-20 06:49:54.305  1422  1422 D ActivityThread: Package [com.myapp1reactnative] reported as REPLACED, but missing application info. Assuming REMOVED.
01-20 06:49:54.306  1050  1050 D ActivityThread: Package [com.myapp1reactnative] reported as REPLACED, but missing application info. Assuming REMOVED.
01-20 06:49:54.307  3768  3768 D ActivityThread: Package [com.myapp1reactnative] reported as REPLACED, but missing application info. Assuming REMOVED.
01-20 06:49:54.307  1258  1258 D ActivityThread: Package [com.myapp1reactnative] reported as REPLACED, but missing application info. Assuming REMOVED.
01-20 06:49:54.307  2465  2465 D ActivityThread: Package [com.myapp1reactnative] reported as REPLACED, but missing application info. Assuming REMOVED.
01-20 06:49:54.308  2913  2913 D ActivityThread: Package [com.myapp1reactnative] reported as REPLACED, but missing application info. Assuming REMOVED.
01-20 06:49:54.308  3679  3679 D ActivityThread: Package [com.myapp1reactnative] reported as REPLACED, but missing application info. Assuming REMOVED.
01-20 06:49:54.309  1501  1501 D ActivityThread: Package [com.myapp1reactnative] reported as REPLACED, but missing application info. Assuming REMOVED.
01-20 06:49:54.309  2275  2275 D ActivityThread: Package [com.myapp1reactnative] reported as REPLACED, but missing application info. Assuming REMOVED.
01-20 06:49:54.310  1717  1717 D ActivityThread: Package [com.myapp1reactnative] reported as REPLACED, but missing application info. Assuming REMOVED.
01-20 06:49:54.310  1376  1376 D ActivityThread: Package [com.myapp1reactnative] reported as REPLACED, but missing application info. Assuming REMOVED.
01-20 06:49:54.310  1473  1473 D ActivityThread: Package [com.myapp1reactnative] reported as REPLACED, but missing application info. Assuming REMOVED.
01-20 06:49:54.311  1715  1715 D ActivityThread: Package [com.myapp1reactnative] reported as REPLACED, but missing application info. Assuming REMOVED.
01-20 06:49:54.311  3456  3456 D ActivityThread: Package [com.myapp1reactnative] reported as REPLACED, but missing application info. Assuming REMOVED.
01-20 06:49:54.313   699   810 I system_server: AssetManager2(0x784cb4baf318) locale list changing from [] to [en-US]
01-20 06:49:54.313   699  1657 W AppOpService: Ignored setUidMode call for runtime permission app op: uid = 10146, code = READ_CELL_BROADCASTS, mode = allow, callingUid = 1001, oldMode = allow
01-20 06:49:54.315  1444  1444 D ActivityThread: Package [com.myapp1reactnative] reported as REPLACED, but missing application info. Assuming REMOVED.
01-20 06:49:54.315   699   890 D BackgroundInstallControlService: Package event received: 0
01-20 06:49:54.318   699   813 V AccessibilityManagerService: onUserStateChangedLocked for userId: 0, forceUpdate: false
01-20 06:49:54.318   699   888 D ShortcutService: received package broadcast intent: Intent { act=android.intent.action.PACKAGE_ADDED dat=package: flg=0x4000010 (has extras) }
01-20 06:49:54.318   699   888 D ShortcutService: replacing package: com.myapp1reactnative userId=0
01-20 06:49:54.318   699   699 I Telecom : CarModeTracker: Package com.myapp1reactnative is not tracked.: SSH.oR@AIk
01-20 06:49:54.319   699   699 I Telecom : InCallController: updateCarModeForConnections: car mode apps: : SSH.oR@AIk
01-20 06:49:54.319   699   699 I Telecom : InCallController: update carmode current:UserHandle{0} parent:null: SSH.oR@AIk
01-20 06:49:54.319   699   754 W IPCThreadState: Sending oneway calls to frozen process.
01-20 06:49:54.320  2827  2827 D ActivityThread: Package [com.myapp1reactnative] reported as REPLACED, but missing application info. Assuming REMOVED.
01-20 06:49:54.320   699   754 W IPCThreadState: Sending oneway calls to frozen process.
01-20 06:49:54.320   699   754 W IPCThreadState: Sending oneway calls to frozen process.
01-20 06:49:54.320   699   754 W IPCThreadState: Sending oneway calls to frozen process.
01-20 06:49:54.320   699   754 W IPCThreadState: Sending oneway calls to frozen process.
01-20 06:49:54.320   699   754 W IPCThreadState: Sending oneway calls to frozen process.
01-20 06:49:54.321   699   754 W IPCThreadState: Sending oneway calls to frozen process.
01-20 06:49:54.321   699   754 W IPCThreadState: Sending oneway calls to frozen process.
01-20 06:49:54.321   699   754 W IPCThreadState: Sending oneway calls to frozen process.
01-20 06:49:54.321   699   754 W IPCThreadState: Sending oneway calls to frozen process.
01-20 06:49:54.321   699   754 W IPCThreadState: Sending oneway calls to frozen process.
01-20 06:49:54.321   699   754 W IPCThreadState: Sending oneway calls to frozen process.
01-20 06:49:54.321   699   754 W IPCThreadState: Sending oneway calls to frozen process.
01-20 06:49:54.321   699   754 W IPCThreadState: Sending oneway calls to frozen process.
01-20 06:49:54.321   699   754 W IPCThreadState: Sending oneway calls to frozen process.
01-20 06:49:54.321   699   754 W IPCThreadState: Sending oneway calls to frozen process.
01-20 06:49:54.321   699   754 W IPCThreadState: Sending oneway calls to frozen process.
01-20 06:49:54.322   699   813 W MagnificationConnectionManager: requestConnection duplicated request: connect=false, mConnectionState=DISCONNECTED
01-20 06:49:54.322  1005  1005 D ActivityThread: Package [com.myapp1reactnative] reported as REPLACED, but missing application info. Assuming REMOVED.
01-20 06:49:54.322  1519  1519 D ActivityThread: Package [com.myapp1reactnative] reported as REPLACED, but missing application info. Assuming REMOVED.
01-20 06:49:54.324  1033  1033 D ActivityThread: Package [com.myapp1reactnative] reported as REPLACED, but missing application info. Assuming REMOVED.
01-20 06:49:54.326  1551  1551 D ActivityThread: Package [com.myapp1reactnative] reported as REPLACED, but missing application info. Assuming REMOVED.
01-20 06:49:54.329   931   931 D ActivityThread: Package [com.myapp1reactnative] reported as REPLACED, but missing application info. Assuming REMOVED.
01-20 06:49:54.332  1337  1337 D ActivityThread: Package [com.myapp1reactnative] reported as REPLACED, but missing application info. Assuming REMOVED.
01-20 06:49:54.333  1050  1050 D ActivityThread: Package [com.myapp1reactnative] reported as REPLACED, but missing application info. Assuming REMOVED.
01-20 06:49:54.334  3771  3771 D ActivityThread: Package [com.myapp1reactnative] reported as REPLACED, but missing application info. Assuming REMOVED.
01-20 06:49:54.335   699   813 V AccessibilityManagerService: onUserStateChangedLocked for userId: 0, forceUpdate: false
01-20 06:49:54.335  3853  3853 D ActivityThread: Package [com.myapp1reactnative] reported as REPLACED, but missing application info. Assuming REMOVED.
01-20 06:49:54.336   699   813 W MagnificationConnectionManager: requestConnection duplicated request: connect=false, mConnectionState=DISCONNECTED
01-20 06:49:54.336  1258  1258 D ActivityThread: Package [com.myapp1reactnative] reported as REPLACED, but missing application info. Assuming REMOVED.
01-20 06:49:54.337  3768  3768 D ActivityThread: Package [com.myapp1reactnative] reported as REPLACED, but missing application info. Assuming REMOVED.
01-20 06:49:54.337  2465  2465 D ActivityThread: Package [com.myapp1reactnative] reported as REPLACED, but missing application info. Assuming REMOVED.
01-20 06:49:54.337  1473  1473 D ActivityThread: Package [com.myapp1reactnative] reported as REPLACED, but missing application info. Assuming REMOVED.
01-20 06:49:54.337  1717  1717 D ActivityThread: Package [com.myapp1reactnative] reported as REPLACED, but missing application info. Assuming REMOVED.
01-20 06:49:54.338  1715  1715 D ActivityThread: Package [com.myapp1reactnative] reported as REPLACED, but missing application info. Assuming REMOVED.
01-20 06:49:54.338  2913  2913 D ActivityThread: Package [com.myapp1reactnative] reported as REPLACED, but missing application info. Assuming REMOVED.
01-20 06:49:54.339  3679  3679 D ActivityThread: Package [com.myapp1reactnative] reported as REPLACED, but missing application info. Assuming REMOVED.
01-20 06:49:54.339  1422  1422 D ActivityThread: Package [com.myapp1reactnative] reported as REPLACED, but missing application info. Assuming REMOVED.
01-20 06:49:54.339  1119  1119 D ActivityThread: Package [com.myapp1reactnative] reported as REPLACED, but missing application info. Assuming REMOVED.
01-20 06:49:54.339  1349  1349 D ActivityThread: Package [com.myapp1reactnative] reported as REPLACED, but missing application info. Assuming REMOVED.
01-20 06:49:54.341  1501  1501 D ActivityThread: Package [com.myapp1reactnative] reported as REPLACED, but missing application info. Assuming REMOVED.
01-20 06:49:54.341  2275  2275 D ActivityThread: Package [com.myapp1reactnative] reported as REPLACED, but missing application info. Assuming REMOVED.
01-20 06:49:54.341   699   754 W IPCThreadState: Sending oneway calls to frozen process.
01-20 06:49:54.341  3456  3456 D ActivityThread: Package [com.myapp1reactnative] reported as REPLACED, but missing application info. Assuming REMOVED.
01-20 06:49:54.341   699   754 W IPCThreadState: Sending oneway calls to frozen process.
01-20 06:49:54.341  1376  1376 D ActivityThread: Package [com.myapp1reactnative] reported as REPLACED, but missing application info. Assuming REMOVED.
01-20 06:49:54.342  2827  2827 D ActivityThread: Package [com.myapp1reactnative] reported as REPLACED, but missing application info. Assuming REMOVED.
01-20 06:49:54.342   699   754 W IPCThreadState: Sending oneway calls to frozen process.
01-20 06:49:54.343  1444  1444 D ActivityThread: Package [com.myapp1reactnative] reported as REPLACED, but missing application info. Assuming REMOVED.
01-20 06:49:54.345   699   754 W IPCThreadState: Sending oneway calls to frozen process.
01-20 06:49:54.345   699   754 W IPCThreadState: Sending oneway calls to frozen process.
01-20 06:49:54.345   699   754 W IPCThreadState: Sending oneway calls to frozen process.
01-20 06:49:54.345   699   754 W IPCThreadState: Sending oneway calls to frozen process.
01-20 06:49:54.345   699   754 W IPCThreadState: Sending oneway calls to frozen process.
01-20 06:49:54.345   699   754 W IPCThreadState: Sending oneway calls to frozen process.
01-20 06:49:54.345   699   754 W IPCThreadState: Sending oneway calls to frozen process.
01-20 06:49:54.345   699   754 W IPCThreadState: Sending oneway calls to frozen process.
01-20 06:49:54.345   699   754 W IPCThreadState: Sending oneway calls to frozen process.
01-20 06:49:54.346   699   754 W IPCThreadState: Sending oneway calls to frozen process.
01-20 06:49:54.346   699   754 W IPCThreadState: Sending oneway calls to frozen process.
01-20 06:49:54.346   699   754 W IPCThreadState: Sending oneway calls to frozen process.
01-20 06:49:54.346   699   754 W IPCThreadState: Sending oneway calls to frozen process.
01-20 06:49:54.346   699   754 W IPCThreadState: Sending oneway calls to frozen process.
01-20 06:49:54.347  1033  1033 D ActivityThread: Package [com.myapp1reactnative] reported as REPLACED, but missing application info. Assuming REMOVED.
01-20 06:49:54.347   931   931 D ActivityThread: Package [com.myapp1reactnative] reported as REPLACED, but missing application info. Assuming REMOVED.
01-20 06:49:54.347  1005  1005 D ActivityThread: Package [com.myapp1reactnative] reported as REPLACED, but missing application info. Assuming REMOVED.
01-20 06:49:54.349  1551  1551 D ActivityThread: Package [com.myapp1reactnative] reported as REPLACED, but missing application info. Assuming REMOVED.
01-20 06:49:54.349  1519  1519 D ActivityThread: Package [com.myapp1reactnative] reported as REPLACED, but missing application info. Assuming REMOVED.
01-20 06:49:54.351  1050  1065 I s.nexuslauncher: Background concurrent mark compact GC freed 3041KB AllocSpace bytes, 7(632KB) LOS objects, 49% free, 7501KB/14MB, paused 18.577ms,3.268ms total 209.999ms
01-20 06:49:54.355  3853  3853 I Finsky:background: [2] Memory trim requested to level 40
01-20 06:49:54.355   699  1475 W AppOpService: Ignored setUidMode call for runtime permission app op: uid = 1001, code = READ_SMS, mode = allow, callingUid = 1001, oldMode = allow
01-20 06:49:54.356  3853  3853 I Finsky:background: [2] Memory trim requested to level 40
01-20 06:49:54.356  3768  3768 I Finsky  : [2] Memory trim requested to level 40
01-20 06:49:54.356  3768  3768 I Finsky  : [2] Flushing in-memory image cache
01-20 06:49:54.356   699  1475 W AppOpService: Ignored setUidMode call for runtime permission app op: uid = 1001, code = RECEIVE_SMS, mode = allow, callingUid = 1001, oldMode = allow
01-20 06:49:54.358  3768  3768 I Finsky  : [2] Memory trim requested to level 40
01-20 06:49:54.359   699   895 I SdkSandboxManager: No SDKs used. Skipping SDK data reconcilation for CallingInfo{mUid=10227, mPackageName='com.myapp1reactnative, mAppProcessToken='null'}
01-20 06:49:54.359  3768  3768 I Finsky  : [2] Flushing in-memory image cache
01-20 06:49:54.359  3768  3768 I Finsky  : [2] ahkp - Received: android.intent.action.PACKAGE_REMOVED, [3YmRuZdk5t4K8lT635X9TGpB8noq2MIh0YCaw_Djdz8]
01-20 06:49:54.362   699   754 D PackageInstallerSession: Marking session 1304473726 as applied
01-20 06:49:54.366   699   816 W PackageConfigPersister: App-specific configuration not found for packageName: com.myapp1reactnative and userId: 0
01-20 06:49:54.367   699   795 I RoleService: Granting default roles...
01-20 06:49:54.369   699   762 D InstallDependencyHelper: Session complete for 1304473726
01-20 06:49:54.369  3853  3853 I Finsky:background: [2] ahkf - Received: android.intent.action.PACKAGE_REMOVED, [3YmRuZdk5t4K8lT635X9TGpB8noq2MIh0YCaw_Djdz8]
01-20 06:49:54.373  1349  1349 I SafetyLabelChangedBroadcastReceiver: received broadcast packageName: com.myapp1reactnative, current user: UserHandle{0}, packageChangeEvent: UPDATE, intent user: UserHandle{0}
01-20 06:49:54.382  3853  3853 I Finsky:background: [2] IQ: onPackageRemoved com.myapp1reactnative, replacing=true, uninstallingFromPlay=false
01-20 06:49:54.383  3768  3768 I Finsky  : [2] AIM: AppInfoCacheUpdater -> invalidating apps: [com.myapp1reactnative]
01-20 06:49:54.383  3768  3768 I Finsky  : [2] AIM: AppInfoManager-Perf > getApps > called for 1 apps
01-20 06:49:54.385  3768  3867 I Finsky  : [63] AIM: AppInfoManager-Perf > OnDeviceAppInfo > cacheHitCount=0, cacheMissCount=1. Missed  in cache (limit 10) : [com.myapp1reactnative]
01-20 06:49:54.387  3768  3851 I Finsky  : [57] AIM: Got app ownership map. App counts: . Unique apps: 0
01-20 06:49:54.387  3853  3952 I Finsky:background: [62] IQ: handled package removed
01-20 06:49:54.389  1050  1113 D PackageUpdatedTask: Package updated: mOp=UPDATE packages=[com.myapp1reactnative], user=UserHandle{0}
01-20 06:49:54.390  3768  3851 E Finsky  : [57] [Counters] attempted to use a non-positive increment for: 4752
01-20 06:49:54.394  1444  3770 I AiAiEcho: AppIndexer Package:[com.myapp1reactnative] UserProfile:[0] Enabled:[true].
01-20 06:49:54.394  1444  3770 I AiAiEcho: AppFetcherImplV2 updateApps package:[com.myapp1reactnative], userId:[0], reason:[package is updated.].
01-20 06:49:54.399  3768  3851 E Finsky  : [57] [Counters] attempted to use a non-positive increment for: 4753
01-20 06:49:54.401  3768  3858 I android.vending: AssetManager2(0x784cb4b639b8) locale list changing from [] to [en-US]
01-20 06:49:54.402   699  1952 W AppOpService: Ignored setUidMode call for runtime permission app op: uid = 1001, code = RECEIVE_WAP_PUSH, mode = allow, callingUid = 1001, oldMode = allow
01-20 06:49:54.387   699   699 W binder:699_13: type=1400 audit(0.0:114): avc:  denied  { getopt } for  scontext=u:r:system_server:s0 tcontext=u:r:shell:s0 tclass=unix_stream_socket permissive=0
01-20 06:49:54.406  3768  3858 W HWUI    : Image decoding logging dropped!
01-20 06:49:54.387   699   699 W binder:699_13: type=1400 audit(0.0:115): avc:  denied  { getopt } for  scontext=u:r:system_server:s0 tcontext=u:r:shell:s0 tclass=unix_stream_socket permissive=0
01-20 06:49:54.415   699   890 D BackgroundInstallControlService: Package event received: 0
01-20 06:49:54.418  1444  3770 I ogle.android.as: AssetManager2(0x784cb4b7fed8) locale list changing from [] to [en-US]
01-20 06:49:54.387   699   699 W binder:699_13: type=1400 audit(0.0:116): avc:  denied  { getopt } for  scontext=u:r:system_server:s0 tcontext=u:r:shell:s0 tclass=unix_stream_socket permissive=0
01-20 06:49:54.421   931   931 D ControlsListingControllerImpl: ServiceConfig reloaded, count: 0
01-20 06:49:54.422  3853  3853 I Finsky:background: [2] ahkf - Received: android.intent.action.PACKAGE_ADDED, [3YmRuZdk5t4K8lT635X9TGpB8noq2MIh0YCaw_Djdz8]
01-20 06:49:54.430   699   699 D AppSearchAppsIndexerManagerS: userid in package receiver: 10227
01-20 06:49:54.433   699   714 W AppOpService: Ignored setUidMode call for runtime permission app op: uid = 1001, code = SEND_SMS, mode = allow, callingUid = 1001, oldMode = allow
01-20 06:49:54.433  3853  3950 I Finsky:background: [60] Wrote row to frosting DB: 593
01-20 06:49:54.436   699  1659 W AppOpService: Ignored setUidMode call for runtime permission app op: uid = 1001, code = READ_CELL_BROADCASTS, mode = allow, callingUid = 1001, oldMode = allow
01-20 06:49:54.441  1349  1362 I PermissionControllerServiceImpl: Updating user sensitive for uid 10227
01-20 06:49:54.445  3768  3958 I Finsky  : [97] [ContentSync] finished, scheduled=false
01-20 06:49:54.446  1050  1113 I s.nexuslauncher: AssetManager2(0x784cb4bc0c58) locale list changing from [] to [en-US]
01-20 06:49:54.449  3768  3768 I Finsky  : [2] ahkp - Received: android.intent.action.PACKAGE_ADDED, [3YmRuZdk5t4K8lT635X9TGpB8noq2MIh0YCaw_Djdz8]
01-20 06:49:54.452  1050  1113 W HWUI    : Image decoding logging dropped!
01-20 06:49:54.454  3768  3867 I Finsky  : [63] AIM: AppInfoManager-Perf > OnDeviceAppInfo > cacheHitCount=1, cacheMissCount=0. Missed  in cache (limit 10) : []
01-20 06:49:54.454  3768  3867 I Finsky  : [63] AIM: Got app ownership map. App counts: . Unique apps: 0
01-20 06:49:54.455  3768  3867 E Finsky  : [63] [Counters] attempted to use a non-positive increment for: 4752
01-20 06:49:54.455  3768  3867 E Finsky  : [63] [Counters] attempted to use a non-positive increment for: 4753
01-20 06:49:54.464  3853  3950 I Finsky:background: [60] Wrote row to frosting DB: 594
01-20 06:49:54.480  3768  3768 I Finsky  : [2] AIM: AppInfoCacheUpdater -> invalidating apps: [com.myapp1reactnative]
01-20 06:49:54.480  3768  3768 I Finsky  : [2] AIM: AppInfoManager-Perf > getApps > called for 1 apps
01-20 06:49:54.481   699  2471 W SignedPackage: Package doesn't have required signing certificate: com.google.android.retaildemo
01-20 06:49:54.482   699  2471 E RoleControllerServiceImpl: Default/fallback role holder package doesn't qualify for the role, package: com.google.android.gms.supervision, role: android.app.role.SYSTEM_SUPERVISION
01-20 06:49:54.482  3768  3867 I Finsky  : [63] AIM: AppInfoManager-Perf > OnDeviceAppInfo > cacheHitCount=0, cacheMissCount=1. Missed  in cache (limit 10) : [com.myapp1reactnative]
01-20 06:49:54.485   699  2471 W SignedPackage: Package doesn't have required signing certificate: com.google.android.apps.work.clouddpc
01-20 06:49:54.486   699   699 D ActivityThread: Package [com.myapp1reactnative] reported as REPLACED, but missing application info. Assuming REMOVED.
01-20 06:49:54.486   699   699 W IPCThreadState: Sending oneway calls to frozen process.
01-20 06:49:54.487   699   699 W IPCThreadState: Sending oneway calls to frozen process.
01-20 06:49:54.487  3768  3867 I Finsky  : [63] AIM: Got app ownership map. App counts: . Unique apps: 0
01-20 06:49:54.487  3768  3867 E Finsky  : [63] [Counters] attempted to use a non-positive increment for: 4752
01-20 06:49:54.489   699   699 W IPCThreadState: Sending oneway calls to frozen process.
01-20 06:49:54.492   699   699 W IPCThreadState: Sending oneway calls to frozen process.
01-20 06:49:54.493  3768  3839 E Finsky  : [53] [Counters] attempted to use a non-positive increment for: 4753
01-20 06:49:54.493   699   699 W IPCThreadState: Sending oneway calls to frozen process.
01-20 06:49:54.494   699   699 W IPCThreadState: Sending oneway calls to frozen process.
01-20 06:49:54.494  3853  3950 I Finsky:background: [60] Wrote row to frosting DB: 595
01-20 06:49:54.497   699   699 D ActivityThread: Package [com.myapp1reactnative] reported as REPLACED, but missing application info. Assuming REMOVED.
01-20 06:49:54.498  1050  1067 W System  : A resource failed to call release. 
01-20 06:49:54.498  1050  1067 W System  : A resource failed to call release. 
01-20 06:49:54.498  1050  1067 W System  : A resource failed to call release. 
01-20 06:49:54.511  1038  1038 D CarrierSvcBindHelper: onPackageUpdateFinished: com.myapp1reactnative
01-20 06:49:54.517  3853  3950 I Finsky:background: [60] Wrote row to frosting DB: 596
01-20 06:49:54.519  3768  3867 I Finsky  : [63] AIM: AppInfoManager-Perf > ItemModel > CacheSize=35, cacheHitCount=0, cacheMissCount=0, total appsWithNoServerDataCount=1. Missed  in cache (limit 10) : []
01-20 06:49:54.519  1050  1113 W HWUI    : Image decoding logging dropped!
01-20 06:49:54.526  1050  1113 D AlphabeticIndexCompat: computeSectionName: cs:  sectionName: 
01-20 06:49:54.531  1050  1050 D AllAppsStore: setApps: apps.length=20
01-20 06:49:54.531  1050  1050 D AllAppsStore: notifyUpdate: notifying listeners
01-20 06:49:54.531  1050  1050 D ActivityAllAppsContainerView: onAppsUpdated; number of apps: 20
01-20 06:49:54.531  1050  1050 D ActivityAllAppsContainerView: rebindAdapters: force: false
01-20 06:49:54.531  1050  1050 D ActivityAllAppsContainerView: rebindAdapters: Not needed.
01-20 06:49:54.531  1050  1050 D StatsLog: LAUNCHER_ALLAPPS_COUNT
01-20 06:49:54.531  1050  1050 D AlphabeticalAppsList: Clearing FastScrollerSections.
01-20 06:49:54.531  1050  1050 D AlphabeticalAppsList: Adding apps with sections. HasPrivateApps: false
01-20 06:49:54.531  1050  1050 D AlphabeticalAppsList: addAppsWithSections: adding sectionName: C with appInfoTitle: Calendar
01-20 06:49:54.531  1050  1050 D AlphabeticalAppsList: addAppsWithSections: adding sectionName: D with appInfoTitle: Drive
01-20 06:49:54.531  1050  1050 D AlphabeticalAppsList: addAppsWithSections: adding sectionName: F with appInfoTitle: Files
01-20 06:49:54.531  1050  1050 D AlphabeticalAppsList: addAppsWithSections: adding sectionName: G with appInfoTitle: Gmail
01-20 06:49:54.531  1050  1050 D AlphabeticalAppsList: addAppsWithSections: adding sectionName: M with appInfoTitle: Maps
01-20 06:49:54.531  1050  1050 D AlphabeticalAppsList: addAppsWithSections: adding sectionName: P with appInfoTitle: Phone
01-20 06:49:54.531  1050  1050 D AlphabeticalAppsList: addAppsWithSections: adding sectionName: S with appInfoTitle: Safety
01-20 06:49:54.531  1050  1050 D AlphabeticalAppsList: addAppsWithSections: adding sectionName: T with appInfoTitle: TMoble
01-20 06:49:54.531  1050  1050 D AlphabeticalAppsList: addAppsWithSections: adding sectionName: Y with appInfoTitle: YouTube
01-20 06:49:54.531  1050  1050 D AlphabeticalAppsList: addAppsWithSections: adding sectionName:  with appInfoTitle: 
01-20 06:49:54.531  1050  1050 D AlphabeticalAppsList: Adding FastScrollSection duplicate to scroll to the bottom.
01-20 06:49:54.532  1050  1050 D AlphabeticalAppsList: Clearing FastScrollerSections.
01-20 06:49:54.532  1050  1050 D AlphabeticalAppsList: Adding apps with sections. HasPrivateApps: false
01-20 06:49:54.532  1050  1050 D AlphabeticalAppsList: addAppsWithSections: adding sectionName: C with appInfoTitle: Calendar
01-20 06:49:54.532  1050  1050 D AlphabeticalAppsList: addAppsWithSections: adding sectionName: D with appInfoTitle: Drive
01-20 06:49:54.532  1050  1050 D AlphabeticalAppsList: addAppsWithSections: adding sectionName: F with appInfoTitle: Files
01-20 06:49:54.532  1050  1050 D AlphabeticalAppsList: addAppsWithSections: adding sectionName: G with appInfoTitle: Gmail
01-20 06:49:54.532  1050  1050 D AlphabeticalAppsList: addAppsWithSections: adding sectionName: M with appInfoTitle: Maps
01-20 06:49:54.532  1050  1050 D AlphabeticalAppsList: addAppsWithSections: adding sectionName: P with appInfoTitle: Phone
01-20 06:49:54.532  1050  1050 D AlphabeticalAppsList: addAppsWithSections: adding sectionName: S with appInfoTitle: Safety
01-20 06:49:54.532  1050  1050 D AlphabeticalAppsList: addAppsWithSections: adding sectionName: T with appInfoTitle: TMoble
01-20 06:49:54.532  1050  1050 D AlphabeticalAppsList: addAppsWithSections: adding sectionName: Y with appInfoTitle: YouTube
01-20 06:49:54.532  1050  1050 D AlphabeticalAppsList: addAppsWithSections: adding sectionName:  with appInfoTitle: 
01-20 06:49:54.532  1050  1050 D AlphabeticalAppsList: Adding FastScrollSection duplicate to scroll to the bottom.
01-20 06:49:54.540   699  2471 I Role    : com.google.android.gms not qualified for android.app.role.SYSTEM_DEPENDENCY_INSTALLER due to missing RequiredComponent{mIntentFilterData=IntentFilterData{mAction='android.content.pm.action.INSTALL_DEPENDENCY', mCategories='[]', mDataScheme='null', mDataType='null'}, mMinTargetSdkVersion=1, mFlags='0', mPermission='android.permission.BIND_DEPENDENCY_INSTALLER', mQueryFlags=0, mMetaData=[]}
01-20 06:49:54.540   699  2471 E RoleControllerServiceImpl: Default/fallback role holder package doesn't qualify for the role, package: com.google.android.gms, role: android.app.role.SYSTEM_DEPENDENCY_INSTALLER
01-20 06:49:54.541  1038  1038 D CarrierSvcBindHelper: No carrier app for: 0
01-20 06:49:54.542  3853  3853 I Finsky:background: [2] ahkf - Received: android.intent.action.PACKAGE_ADDED, [3YmRuZdk5t4K8lT635X9TGpB8noq2MIh0YCaw_Djdz8]
01-20 06:49:54.548  3768  3851 I Finsky  : [57] AIM: AppInfoManager-Perf > ItemModel > CacheSize=35, cacheHitCount=0, cacheMissCount=0, total appsWithNoServerDataCount=1. Missed  in cache (limit 10) : []
01-20 06:49:54.550  1050  1050 D b/387844520: getOutlineOffsetX: measured width = 173, mNormalizedIconSize = 159, last updated width = 173
01-20 06:49:54.552  3768  3839 I Finsky  : [53] AIM: AppInfoManager-Perf > ItemModel > CacheSize=35, cacheHitCount=0, cacheMissCount=0, total appsWithNoServerDataCount=1. Missed  in cache (limit 10) : []
01-20 06:49:54.555  3768  3768 I Finsky  : [2] DTU: Received onPackageAdded, replacing: true
01-20 06:49:54.558  1038  1038 D CarrierSvcBindHelper: onPackageModified: com.myapp1reactnative
01-20 06:49:54.558  1038  1038 D CarrierSvcBindHelper: No carrier app for: 0
01-20 06:49:54.562   699   764 E AppOps  : attributionTag VCN not declared in manifest of android
01-20 06:49:54.588   699  1521 I system_server: AssetManager2(0x784cb4baae58) locale list changing from [] to [en-US]
01-20 06:49:54.591  3768  3768 I Finsky  : [2] ahkp - Received: android.intent.action.PACKAGE_ADDED, [3YmRuZdk5t4K8lT635X9TGpB8noq2MIh0YCaw_Djdz8]
01-20 06:49:54.592  3768  3958 I Finsky  : [97] [ContentSync] finished, scheduled=false
01-20 06:49:54.595  3768  3867 I Finsky  : [63] AIM: AppInfoManager-Perf > OnDeviceAppInfo > cacheHitCount=1, cacheMissCount=0. Missed  in cache (limit 10) : []
01-20 06:49:54.596   699  1657 W ActivityTaskManager: callingPackage for (uid=2000, pid=3997) has no WPC
01-20 06:49:54.606  3853  3853 I Finsky:background: [2] ahkf - Deduping intent android.intent.action.PACKAGE_ADDED
01-20 06:49:54.608  3853  3853 I Finsky:background: [2] ahkf - Received: android.intent.action.PACKAGE_ADDED, [3YmRuZdk5t4K8lT635X9TGpB8noq2MIh0YCaw_Djdz8]
01-20 06:49:54.612   699  1657 V GrammaticalInflectionUtils: AttributionSource: android.content.AttributionSource@822f8711 does not have READ_SYSTEM_GRAMMATICAL_GENDER permission.
01-20 06:49:54.612  3853  3950 I Finsky:background: [60] Wrote row to frosting DB: 597
01-20 06:49:54.613   699  1657 W OptProp : Cannot read opt property android.window.PROPERTY_COMPAT_ALLOW_USER_ASPECT_RATIO_OVERRIDE
01-20 06:49:54.613   699  1657 W OptProp : Cannot read opt property android.window.PROPERTY_COMPAT_ALLOW_USER_ASPECT_RATIO_FULLSCREEN_OVERRIDE
01-20 06:49:54.613   699  1657 W OptProp : Cannot read opt property android.window.PROPERTY_COMPAT_ALLOW_RESIZEABLE_ACTIVITY_OVERRIDES
01-20 06:49:54.614  3768  3777 W android.vending: Suspending all threads took: 15.664ms
01-20 06:49:54.622   699  1657 W OptProp : Cannot read opt property android.window.PROPERTY_COMPAT_ALLOW_MIN_ASPECT_RATIO_OVERRIDE
01-20 06:49:54.623  3853  3853 I Finsky:background: [2] ahkf - Deduping intent android.intent.action.PACKAGE_ADDED
01-20 06:49:54.625  3853  3933 I Finsky:background: [51] RECEIVER_PACKAGE_MONITOR_BACKGROUND#logWorkEndAndFinishGoAsync: SUCCESS
01-20 06:49:54.632  3853  3950 I Finsky:background: [60] Wrote row to frosting DB: 598
01-20 06:49:54.637  3768  3867 I Finsky  : [63] AIM: Got app ownership map. App counts: . Unique apps: 0
01-20 06:49:54.637  3768  3867 E Finsky  : [63] [Counters] attempted to use a non-positive increment for: 4752
01-20 06:49:54.637  3768  3867 E Finsky  : [63] [Counters] attempted to use a non-positive increment for: 4753
01-20 06:49:54.637   699   793 D ActivityManager: freezing 2275 com.google.android.rkpdapp
01-20 06:49:54.642  1038  1038 E SmsApplication: com.google.android.apps.messaging lost android:read_cell_broadcasts:  (fixing)
01-20 06:49:54.642   699   714 W AppOpService: Ignored setUidMode call for runtime permission app op: uid = 10146, code = READ_CELL_BROADCASTS, mode = allow, callingUid = 1001, oldMode = allow
01-20 06:49:54.665   699   843 D InetDiagMessage: Destroyed 0 sockets, proto=IPPROTO_TCP, family=AF_INET, states=14
01-20 06:49:54.665   699   843 D InetDiagMessage: Destroyed 0 sockets, proto=IPPROTO_TCP, family=AF_INET6, states=14
01-20 06:49:54.665   699   843 D InetDiagMessage: Destroyed live tcp sockets for uids={10202} in 3ms
01-20 06:49:54.667  1422  1422 W MediaProvider: WorkProfileOwnerApps cache is empty
01-20 06:49:54.668  1422  1422 D PickerSyncLockManager: Trying to acquire lock com.android.providers.media.photopicker.sync.CloseableReentrantLock@92381f4[Unlocked]. Lock Name = CLOUD_PROVIDER_LOCK. Threads that may be waiting to acquire this lock = []
01-20 06:49:54.668  1422  1422 D CloseableReentrantLock: Successfully acquired lock com.android.providers.media.photopicker.sync.CloseableReentrantLock@92381f4[Locked by thread main]. Lock Name = CLOUD_PROVIDER_LOCK. Threads that may be waiting to acquire this lock = []
01-20 06:49:54.668  1422  1422 D CloseableReentrantLock: Successfully released lock com.android.providers.media.photopicker.sync.CloseableReentrantLock@92381f4[Unlocked]. Lock Name = CLOUD_PROVIDER_LOCK. Threads that may be waiting to acquire this lock = []
01-20 06:49:54.679  3768  3851 I Finsky  : [57] AIM: AppInfoManager-Perf > ItemModel > CacheSize=35, cacheHitCount=0, cacheMissCount=0, total appsWithNoServerDataCount=1. Missed  in cache (limit 10) : []
01-20 06:49:54.679   699  1952 V SafetySourceDataValidat: Package: com.android.vending has expected signature
01-20 06:49:54.681   699  1952 V SafetySourceDataValidat: Package: com.android.vending has expected signature
01-20 06:49:54.682   699  1952 W AppOpService: Ignored setUidMode call for runtime permission app op: uid = 1001, code = READ_SMS, mode = allow, callingUid = 1001, oldMode = allow
01-20 06:49:54.683  3768  3768 I Finsky  : [2] ahkp - Deduping intent android.intent.action.PACKAGE_ADDED
01-20 06:49:54.685  3768  3768 I Finsky  : [2] ahkp - Received: android.intent.action.PACKAGE_ADDED, [3YmRuZdk5t4K8lT635X9TGpB8noq2MIh0YCaw_Djdz8]
01-20 06:49:54.688   699  1013 W AppOpService: Ignored setUidMode call for runtime permission app op: uid = 1001, code = RECEIVE_SMS, mode = allow, callingUid = 1001, oldMode = allow
01-20 06:49:54.689   699  1659 W AppOpService: Ignored setUidMode call for runtime permission app op: uid = 1001, code = RECEIVE_WAP_PUSH, mode = allow, callingUid = 1001, oldMode = allow
01-20 06:49:54.689   699  1475 W AppOpService: Ignored setUidMode call for runtime permission app op: uid = 1001, code = SEND_SMS, mode = allow, callingUid = 1001, oldMode = allow
01-20 06:49:54.690  1473  1473 I faht    : (REDACTED) O received %s
01-20 06:49:54.693   699  1013 W AppOpService: Ignored setUidMode call for runtime permission app op: uid = 1001, code = READ_CELL_BROADCASTS, mode = allow, callingUid = 1001, oldMode = allow
01-20 06:49:54.699  1473  1473 I faht    : (REDACTED) O received %s
01-20 06:49:54.704   554   655 I BpBinder: onLastStrongRef automatically unlinking death recipients: 
01-20 06:49:54.705  3768  3768 I Finsky  : [2] ahkp - Deduping intent android.intent.action.PACKAGE_ADDED
01-20 06:49:54.705  3768  3825 I Finsky  : [43] RECEIVER_PACKAGE_MONITOR#logWorkEndAndFinishGoAsync: SUCCESS
01-20 06:49:54.706  3768  3867 I Finsky  : [63] AIM: AppInfoManager-Perf > getApps > data collection finished
01-20 06:49:54.706  3768  3867 I Finsky  : [63] AIM: AppInfoManager-Perf > maybeDestroyAppInfoManager is called. actives = 1
01-20 06:49:54.707  3768  3851 I Finsky  : [57] AIM: AppInfoManager-Perf > getApps > data collection finished
01-20 06:49:54.707  3768  3851 I Finsky  : [57] AIM: AppInfoManager-Perf > maybeDestroyAppInfoManager is called. actives = 0
01-20 06:49:54.709   699  1657 W OptProp : Cannot read opt property android.window.PROPERTY_COMPAT_ALLOW_ORIENTATION_OVERRIDE
01-20 06:49:54.713   699  2471 E RoleControllerServiceImpl: Default/fallback role holder package doesn't qualify for the role, package: com.google.android.gms, role: android.app.role.WALLET
01-20 06:49:54.717  1473  1473 I faht    : (REDACTED) O received %s
01-20 06:49:54.729   699  1657 I ActivityTaskManager: START u0 {act=android.intent.action.MAIN cat=[android.intent.category.LAUNCHER] flg=0x10000000 xflg=0x4 cmp=com.myapp1reactnative/.MainActivity} with LAUNCH_SINGLE_TASK from uid 2000 (BAL_ALLOW_PERMISSION) result code=0
01-20 06:49:54.729   931  1034 I ndroid.systemui: AssetManager2(0x784cb4b99518) locale list changing from [] to [en-US]
01-20 06:49:54.736   699   699 W Looper  : Slow delivery took 239ms main app=system_server main=true group=FOREGROUND h=android.app.ActivityThread$H c=android.app.LoadedApk$ReceiverDispatcher$Args$$ExternalSyntheticLambda0@401477f m=0
01-20 06:49:54.736   699   699 W Looper  : Slow dispatch took 144ms main app=system_server main=true group=FOREGROUND h=android.app.ActivityThread$H c=android.app.LoadedApk$ReceiverDispatcher$Args$$ExternalSyntheticLambda0@401477f m=0
01-20 06:49:54.736   699   699 D AppSearchAppsIndexerManagerS: userid in package receiver: 10227
01-20 06:49:54.738  1050  1050 W SplitSelectStateCtor: Missing session instanceIds
01-20 06:49:54.738  1050  1050 D StatsLog: LAUNCHER_SPLIT_SELECTION_EXIT_INTERRUPTED
01-20 06:49:54.742   931  1035 W HWUI    : Image decoding logging dropped!
01-20 06:49:54.746   931   986 V WindowManagerShell: Transition requested (#13): android.os.BinderProxy@28809f7 TransitionRequestInfo { type = OPEN, triggerTask = TaskInfo{userId=0 taskId=48 effectiveUid=10227 displayId=0 isRunning=true baseIntent=Intent { act=android.intent.action.MAIN cat=[android.intent.category.LAUNCHER] flg=0x10000000 cmp=com.myapp1reactnative/.MainActivity } baseActivity=ComponentInfo{com.myapp1reactnative/com.myapp1reactnative.MainActivity} topActivity=ComponentInfo{com.myapp1reactnative/com.myapp1reactnative.MainActivity} origActivity=null realActivity=ComponentInfo{com.myapp1reactnative/com.myapp1reactnative.MainActivity} numActivities=1 lastActiveTime=108627 supportsMultiWindow=true resizeMode=1 isResizeable=true minWidth=-1 minHeight=-1 defaultMinSize=220 token=WCT{android.window.IWindowContainerToken$Stub$Proxy@2ffb064} topActivityType=1 pictureInPictureParams=null shouldDockBigOverlays=false launchIntoPipHostTaskId=-1 lastParentTaskIdBeforePip=-1 displayCutoutSafeInsets=Rect(0, 136 - 0, 0) topActivityInfo=ActivityInfo{ff4c2cd com.myapp1reactnative.MainActivity} launchCookies=[] positionInParent=Point(0, 0) parentTaskId=-1 isFocused=false isVisible=false isVisibleRequested=false isTopActivityNoDisplay=false isSleeping=false locusId=null displayAreaFeatureId=1 isTopActivityTransparent=false isActivityStackTransparent=false lastNonFullscreenBounds=Rect(276, 696 - 805, 1776) capturedLink=null capturedLinkTimestamp=0 requestedVisibleTypes=-9 topActivityRequestOpenInBrowserEducationTimestamp=0 appCompatTaskInfo=AppCompatTaskInfo { topActivityInSizeCompat=false eligibleForLetterboxEducation= false isLetterboxEducationEnabled= true isLetterboxDoubleTapEnabled= false eligibleForUserAspectRatioButton= false topActivityBoundsLetterboxed= false isFromLetterboxDoubleTap= false topActivityLetterboxVerticalPosition= -1 topActivityLetterboxHorizontalPosition= -1 topActivityLetterboxWidth=-1 topActivityLetterboxHeight=-1 topActivityAppBounds=Rect(0, 0 - 1080, 2400) isUserFullscreenOverrideEnabled=false isSystemFullscreenOverrideEnabled=false hasMinAspectRatioOverride=false topActivityLetterboxBounds=null cameraCompatTaskInfo=CameraCompatTaskInfo { freeformCameraCompatMode=inactive}} topActivityMainWindowFrame=null}, pipChange = null, remoteTransition = null, displayChange = null, flags = 0, debugId = 13 }
01-20 06:49:54.747   931   986 D ShellSplitScreen: logExit: no-op, mLoggerSessionId is null
01-20 06:49:54.747   699  2471 I system_server: AssetManager2(0x784cb4b89e38) locale list changing from [] to [en-US]
01-20 06:49:54.753   931  1035 W HWUI    : Image decoding logging dropped!
01-20 06:49:54.755   699   722 V GrammaticalInflectionUtils: AttributionSource: android.content.AttributionSource@822f8711 does not have READ_SYSTEM_GRAMMATICAL_GENDER permission.
01-20 06:49:54.760   931   986 D WindowManagerShell: setLauncherKeepClearAreaHeight: visible=false, height=527
01-20 06:49:54.764   554   554 I BpBinder: onLastStrongRef automatically unlinking death recipients: 
01-20 06:49:54.768   699  2471 W SignedPackage: Cannot get ApplicationInfo for package: com.google.android.devicelockcontroller
01-20 06:49:54.776  1038  1038 E SmsApplication: com.google.android.apps.messaging lost android:read_cell_broadcasts:  (fixing)
01-20 06:49:54.778   481   481 D Zygote  : Forked child process 4002
01-20 06:49:54.789   699   764 W AppOpService: Ignored setUidMode call for runtime permission app op: uid = 10146, code = READ_CELL_BROADCASTS, mode = allow, callingUid = 1001, oldMode = allow
01-20 06:49:54.811  1473  1777 I hbox:interactor: AssetManager2(0x784cb4b63cd8) locale list changing from [] to [en-US]
01-20 06:49:54.821   699   890 D BackgroundInstallControlService: Package event received: 0
01-20 06:49:54.830  4002  4002 I app1reactnative: Late-enabling -Xcheck:jni
01-20 06:49:54.838   699  1952 D CoreBackPreview: Window{9a1bfe4 u0 Splash Screen com.myapp1reactnative}: Setting back callback OnBackInvokedCallbackInfo{mCallback=android.window.IOnBackInvokedCallback$Stub$Proxy@facf650, mPriority=0, mIsAnimationCallback=false, mOverrideBehavior=0}
01-20 06:49:54.841   699   729 W ActivityManager: Slow operation: 87ms so far, now at startProcess: done updating battery stats
01-20 06:49:54.860   699  1952 W AppOpService: Ignored setUidMode call for runtime permission app op: uid = 1001, code = READ_SMS, mode = allow, callingUid = 1001, oldMode = allow
01-20 06:49:54.866   699   729 W ActivityManager: Slow operation: 112ms so far, now at startProcess: building log message
01-20 06:49:54.866   699   729 I ActivityManager: Start proc 4002:com.myapp1reactnative/u0a227 for next-top-activity {com.myapp1reactnative/com.myapp1reactnative.MainActivity}
01-20 06:49:54.866   699   729 W ActivityManager: Slow operation: 112ms so far, now at startProcess: starting to update pids map
01-20 06:49:54.870   699   729 I ActivityManager: ProcessObserver broadcast disabled
01-20 06:49:54.870   699   729 W ActivityManager: Slow operation: 116ms so far, now at startProcess: done updating pids map
01-20 06:49:54.901   699   699 W AlarmManager: Package com.myapp1reactnative, uid 10227 lost permission to set exact alarms!
01-20 06:49:54.901   699   699 W Looper  : Slow dispatch took 108ms main app=system_server main=true group=FOREGROUND h=com.android.server.alarm.AlarmManagerService$AlarmHandler c=null m=13
01-20 06:49:54.913   699   722 W IPCThreadState: Sending oneway calls to frozen process.
01-20 06:49:54.920  4002  4002 I app1reactnative: Using CollectorTypeCMC GC.
01-20 06:49:54.929   699  1952 W AppOpService: Ignored setUidMode call for runtime permission app op: uid = 1001, code = RECEIVE_SMS, mode = allow, callingUid = 1001, oldMode = allow
01-20 06:49:54.930  4002  4002 W app1reactnative: Unexpected CPU variant for x86: x86_64.
01-20 06:49:54.930  4002  4002 W app1reactnative: Known variants: atom, sandybridge, silvermont, goldmont, goldmont-plus, goldmont-without-sha-xsaves, tremont, kabylake, alderlake, default
01-20 06:49:54.937   699   714 W AppOpService: Ignored setUidMode call for runtime permission app op: uid = 1001, code = RECEIVE_WAP_PUSH, mode = allow, callingUid = 1001, oldMode = allow
01-20 06:49:54.959   562   582 I adbd    : jdwp connection from 4002
01-20 06:49:55.003   699  1661 W AppOpService: Ignored setUidMode call for runtime permission app op: uid = 1001, code = SEND_SMS, mode = allow, callingUid = 1001, oldMode = allow
01-20 06:49:55.004   699  1661 W AppOpService: Ignored setUidMode call for runtime permission app op: uid = 1001, code = READ_CELL_BROADCASTS, mode = allow, callingUid = 1001, oldMode = allow
01-20 06:49:55.012   699   727 I system_server: AssetManager2(0x784cb4b8b738) locale list changing from [] to [en-US]
01-20 06:49:55.015  1038  1235 D ImsResolver: maybeAddedImsService, packageName: com.myapp1reactnative
01-20 06:49:55.015  1038  1235 V ImsResolver: searchForImsServices: package=com.myapp1reactnative, users=[UserHandle{0}]
01-20 06:49:55.015   699   727 I system_server: AssetManager2(0x784cb4b8d038) locale list changing from [] to [en-US]
01-20 06:49:55.015  1038  1235 V ImsResolver: searchForImsServices: package=com.myapp1reactnative, users=[UserHandle{0}]
01-20 06:49:55.019  1038  1038 W VvmPkgInstalledRcvr: carrierVvmPkgAdded: carrier vvm packages doesn't contain com.myapp1reactnative
01-20 06:49:55.020  1038  1038 D ActivityThread: Package [com.myapp1reactnative] reported as REPLACED, but missing application info. Assuming REMOVED.
01-20 06:49:55.022  1038  1038 D ActivityThread: Package [com.myapp1reactnative] reported as REPLACED, but missing application info. Assuming REMOVED.
01-20 06:49:55.033  1038  1038 D SatelliteController: packageStateChanged: package:com.myapp1reactnative DefaultSmsPackageName:com.google.android.apps.messaging
01-20 06:49:55.033  1038  1038 V SatelliteController: Neither SMS or SatelliteGateway package
01-20 06:49:55.040   699   793 D ActivityManager: freezing 3679 com.google.android.dialer
01-20 06:49:55.052   931   943 V WindowManagerShell: onTransitionReady(transaction=3002182140383)
01-20 06:49:55.054   931   986 V WindowManagerShell: onTransitionReady (#13) android.os.BinderProxy@28809f7: {id=13 t=OPEN f=0x0 trk=0 r=[0@Point(0, 0)] c=[
01-20 06:49:55.054   931   986 V WindowManagerShell:         {m=OPEN f=NONE leash=Surface(name=Task=48)/@0xffbe88a sb=Rect(0, 0 - 1080, 2400) eb=Rect(0, 0 - 1080, 2400) epz=Point(1080, 2400) d=0 taskParent=-1},
01-20 06:49:55.054   931   986 V WindowManagerShell:         {m=TO_BACK f=SHOW_WALLPAPER leash=Surface(name=Task=1)/@0x7657b18 sb=Rect(0, 0 - 1080, 2400) eb=Rect(0, 0 - 1080, 2400) epz=Point(1080, 2400) d=0 taskParent=-1},
01-20 06:49:55.054   931   986 V WindowManagerShell:         {m=TO_BACK f=IS_WALLPAPER leash=Surface(name=WallpaperWindowToken{a8f127b showWhenLocked=false})/@0xe46e971 sb=Rect(0, 0 - 1080, 2400) eb=Rect(0, 0 - 1080, 2400) epz=Point(1080, 2400) d=0}
01-20 06:49:55.054   931   986 V WindowManagerShell:     ]}
01-20 06:49:55.055   931   986 V WindowManagerShell: Playing animation for (#13) android.os.BinderProxy@28809f7@0
01-20 06:49:55.056   699   699 W Looper  : Slow dispatch took 153ms main app=system_server main=true group=FOREGROUND h=com.android.server.notification.NotificationManagerService$WorkerHandler c=com.android.server.notification.NotificationManagerService$CancelNotificationRunnable@6608b79 m=0
01-20 06:49:55.057   931   986 V ShellRecents: RecentsTransitionHandler.startAnimation: no controller found
01-20 06:49:55.058   931   986 V WindowManagerShell: Transition doesn't have explicit remote, search filters for match for {id=13 t=OPEN f=0x0 trk=0 r=[0@Point(0, 0)] c=[{m=OPEN f=NONE leash=Surface(name=Task=48)/@0xffbe88a sb=Rect(0, 0 - 1080, 2400) eb=Rect(0, 0 - 1080, 2400) epz=Point(1080, 2400) d=0 taskParent=-1},{m=TO_BACK f=SHOW_WALLPAPER leash=Surface(name=Task=1)/@0x7657b18 sb=Rect(0, 0 - 1080, 2400) eb=Rect(0, 0 - 1080, 2400) epz=Point(1080, 2400) d=0 taskParent=-1},{m=TO_BACK f=IS_WALLPAPER leash=Surface(name=WallpaperWindowToken{a8f127b showWhenLocked=false})/@0xe46e971 sb=Rect(0, 0 - 1080, 2400) eb=Rect(0, 0 - 1080, 2400) epz=Point(1080, 2400) d=0}]}
