01-20 06:49:50.532  1337  1337 I EmojiCompatManager: 	at android.inputmethodservice.InputMethodService.doStartInput(InputMethodService.java:3521)
01-20 06:49:50.532  1337  1337 I EmojiCompatManager: 	at android.inputmethodservice.InputMethodService$InputMethodImpl.startInput(InputMethodService.java:879)
01-20 06:49:50.532  1337  1337 I EmojiCompatManager: 	at android.inputmethodservice.InputMethodService$InputMethodImpl.dispatchStartInput(InputMethodService.java:908)
01-20 06:49:50.532  1337  1337 I EmojiCompatManager: 	at android.inputmethodservice.IInputMethodWrapper.executeMessage(IInputMethodWrapper.java:201)
01-20 06:49:50.532  1337  1337 I EmojiCompatManager: 	at com.android.internal.os.HandlerCaller$MyHandler.handleMessage(HandlerCaller.java:44)
01-20 06:49:50.532  1337  1337 I EmojiCompatManager: 	at android.os.Handler.dispatchMessage(Handler.java:110)
01-20 06:49:50.532  1337  1337 I EmojiCompatManager: 	at android.os.Looper.loopOnce(Looper.java:248)
01-20 06:49:50.532  1337  1337 I EmojiCompatManager: 	at android.os.Looper.loop(Looper.java:338)
01-20 06:49:50.532  1337  1337 I EmojiCompatManager: 	at android.app.ActivityThread.main(ActivityThread.java:9067)
01-20 06:49:50.532  1337  1337 I EmojiCompatManager: 	at java.lang.reflect.Method.invoke(Native Method)
01-20 06:49:50.532  1337  1337 I EmojiCompatManager: 	at com.android.internal.os.RuntimeInit$MethodAndArgsCaller.run(RuntimeInit.java:593)
01-20 06:49:50.532  1337  1337 I EmojiCompatManager: 	at com.android.internal.os.ZygoteInit.main(ZygoteInit.java:932)
01-20 06:49:50.533  1337  1337 W NotificationCenter: NotificationCenter$NotificationQueue.notifyPendingNotificationsOnExecutor():877 Heavy notify work detected on UI thread: [kig->ilu, kig->ilu, kig->fef, kig->ilu, kig->imt, kig->ilu, kig->ilu, kig->fcb, kig->ilu, kig->ilu, kig->ilu, kig->ilu, kig->lux, kig->khg, kig->ilu, kig->ilu, kig->fro, kig->khc, kig->ijm, kig->jnx, kig->ilu, kig->ilu] takes 26ms
01-20 06:49:50.534   699   699 W Looper  : Slow dispatch took 160ms main app=system_server main=true group=FOREGROUND h=android.app.ActivityThread$H c=android.app.LoadedApk$ReceiverDispatcher$Args$$ExternalSyntheticLambda0@abe9b25 m=0
01-20 06:49:50.535  1038  1038 E SmsApplication: com.google.android.apps.messaging lost android:read_cell_broadcasts:  (fixing)
01-20 06:49:50.538  3771  3771 I ndroid.keychain: Using CollectorTypeCMC GC.
01-20 06:49:50.539  3771  3771 W ndroid.keychain: Unexpected CPU variant for x86: x86_64.
01-20 06:49:50.539  3771  3771 W ndroid.keychain: Known variants: atom, sandybridge, silvermont, goldmont, goldmont-plus, goldmont-without-sha-xsaves, tremont, kabylake, alderlake, default
01-20 06:49:50.541  3768  3768 I android.vending: Using CollectorTypeCMC GC.
01-20 06:49:50.541  3768  3768 W android.vending: Unexpected CPU variant for x86: x86_64.
01-20 06:49:50.541  3768  3768 W android.vending: Known variants: atom, sandybridge, silvermont, goldmont, goldmont-plus, goldmont-without-sha-xsaves, tremont, kabylake, alderlake, default
01-20 06:49:50.543   699   699 W Looper  : Slow delivery took 302ms main app=system_server main=true group=FOREGROUND h=android.app.ActivityThread$H c=android.app.LoadedApk$ReceiverDispatcher$Args$$ExternalSyntheticLambda0@ac80508 m=0
01-20 06:49:50.543  1050  1050 D InsetsController: hide(ime(), fromIme=false)
01-20 06:49:50.544  1050  1050 I ImeTracker: com.google.android.apps.nexuslauncher:9e20c12d: onCancelled at PHASE_CLIENT_ALREADY_HIDDEN
01-20 06:49:50.545   554   554 E SurfaceFlinger: Out of order buffers detected for RequestedLayerState{com.google.android.apps.nexuslauncher/com.google.android.apps.nexuslauncher.NexusLauncherActivity#113 parentId=110} producedId=5 frameNumber=56 -> producedId=5 frameNumber=4
01-20 06:49:50.546  3768  3768 E android.vending: Not starting debugger since process cannot load the jdwp agent.
01-20 06:49:50.546  3771  3771 E ndroid.keychain: Not starting debugger since process cannot load the jdwp agent.
01-20 06:49:50.554   699   816 W PackageConfigPersister: App-specific configuration not found for packageName: com.myapp1reactnative and userId: 0
01-20 06:49:50.558  3768  3768 D nativeloader: Load libframework-connectivity-tiramisu-jni.so using APEX ns com_android_tethering for caller /apex/com.android.tethering/javalib/framework-connectivity-t.jar: ok
01-20 06:49:50.559   699   764 W PackageConfigPersister: App-specific configuration not found for packageName: com.google.android.apps.nexuslauncher and userId: 0
01-20 06:49:50.560  3771  3771 D nativeloader: Load libframework-connectivity-tiramisu-jni.so using APEX ns com_android_tethering for caller /apex/com.android.tethering/javalib/framework-connectivity-t.jar: ok
01-20 06:49:50.560   699   714 W AppOpService: Ignored setUidMode call for runtime permission app op: uid = 10146, code = READ_CELL_BROADCASTS, mode = allow, callingUid = 1001, oldMode = allow
01-20 06:49:50.561  1337  1337 W NotificationCenter: NotificationCenter$NotificationQueue.notifyPendingNotificationsOnExecutor():877 Heavy notify work detected on UI thread: [kig->jjs] takes 24ms
01-20 06:49:50.562   554   554 E SurfaceFlinger: Out of order buffers detected for RequestedLayerState{com.google.android.apps.nexuslauncher/com.google.android.apps.nexuslauncher.NexusLauncherActivity#113 parentId=110} producedId=5 frameNumber=56 -> producedId=5 frameNumber=5
01-20 06:49:50.567   699   720 W Looper  : Slow dispatch took 103ms android.ui app=system_server main=false group=TOP_APP h=com.android.server.am.ActivityManagerService$UiHandler c=com.android.server.am.UidObserverController$$ExternalSyntheticLambda0@70f5395 m=0
01-20 06:49:50.573   699  1000 W AppOpService: Ignored setUidMode call for runtime permission app op: uid = 1001, code = READ_SMS, mode = allow, callingUid = 1001, oldMode = allow
01-20 06:49:50.580  1349  1349 I SafetyLabelChangedBroadcastReceiver: received broadcast packageName: com.myapp1reactnative, current user: UserHandle{0}, packageChangeEvent: UPDATE, intent user: UserHandle{0}
01-20 06:49:50.588   699  1944 W AppOpService: Ignored setUidMode call for runtime permission app op: uid = 1001, code = RECEIVE_SMS, mode = allow, callingUid = 1001, oldMode = allow
01-20 06:49:50.595   554   554 E SurfaceFlinger: Out of order buffers detected for RequestedLayerState{com.google.android.apps.nexuslauncher/com.google.android.apps.nexuslauncher.NexusLauncherActivity#113 parentId=110} producedId=5 frameNumber=56 -> producedId=5 frameNumber=6
01-20 06:49:50.606   699  1944 W AppOpService: Ignored setUidMode call for runtime permission app op: uid = 1001, code = RECEIVE_WAP_PUSH, mode = allow, callingUid = 1001, oldMode = allow
01-20 06:49:50.612   554   554 E SurfaceFlinger: Out of order buffers detected for RequestedLayerState{com.google.android.apps.nexuslauncher/com.google.android.apps.nexuslauncher.NexusLauncherActivity#113 parentId=110} producedId=5 frameNumber=56 -> producedId=5 frameNumber=7
01-20 06:49:50.611  1050  1113 W HWUI    : Image decoding logging dropped!
01-20 06:49:50.615   699   714 W AppOpService: Ignored setUidMode call for runtime permission app op: uid = 1001, code = SEND_SMS, mode = allow, callingUid = 1001, oldMode = allow
01-20 06:49:50.625  3768  3768 D ApplicationLoaders: Returning zygote-cached class loader: /system/framework/org.apache.http.legacy.jar
01-20 06:49:50.626  3768  3768 D ApplicationLoaders: Returning zygote-cached class loader: /system_ext/framework/androidx.window.extensions.jar
01-20 06:49:50.626  3768  3768 D ApplicationLoaders: Returning zygote-cached class loader: /system_ext/framework/androidx.window.sidecar.jar
01-20 06:49:50.629   554   554 E SurfaceFlinger: Out of order buffers detected for RequestedLayerState{com.google.android.apps.nexuslauncher/com.google.android.apps.nexuslauncher.NexusLauncherActivity#113 parentId=110} producedId=5 frameNumber=56 -> producedId=5 frameNumber=8
01-20 06:49:50.637   699   714 W AppOpService: Ignored setUidMode call for runtime permission app op: uid = 1001, code = READ_CELL_BROADCASTS, mode = allow, callingUid = 1001, oldMode = allow
01-20 06:49:50.653   699   699 I Telecom : CarModeTracker: Package com.myapp1reactnative is not tracked.: SSH.oR@AIQ
01-20 06:49:50.657   699   699 I Telecom : InCallController: updateCarModeForConnections: car mode apps: : SSH.oR@AIQ
01-20 06:49:50.663   699   699 I Telecom : InCallController: update carmode current:UserHandle{0} parent:null: SSH.oR@AIQ
01-20 06:49:50.666   699   890 D BackgroundInstallControlService: Package event received: 0
01-20 06:49:50.678   554   554 E SurfaceFlinger: Out of order buffers detected for RequestedLayerState{com.google.android.apps.nexuslauncher/com.google.android.apps.nexuslauncher.NexusLauncherActivity#113 parentId=110} producedId=5 frameNumber=56 -> producedId=5 frameNumber=9
01-20 06:49:50.691   699   795 I RoleService: Granting default roles...
01-20 06:49:50.696   554   554 E SurfaceFlinger: Out of order buffers detected for RequestedLayerState{com.google.android.apps.nexuslauncher/com.google.android.apps.nexuslauncher.NexusLauncherActivity#113 parentId=110} producedId=5 frameNumber=56 -> producedId=5 frameNumber=10
01-20 06:49:50.701  1473  1473 I faht    : (REDACTED) O received %s
01-20 06:49:50.715   699   699 D ActivityThread: Package [com.myapp1reactnative] reported as REPLACED, but missing application info. Assuming REMOVED.
01-20 06:49:50.719  1038  1038 E SmsApplication: com.google.android.apps.messaging lost android:read_cell_broadcasts:  (fixing)
01-20 06:49:50.723   699  2471 W SignedPackage: Package doesn't have required signing certificate: com.google.android.retaildemo
01-20 06:49:50.723  3771  3771 D nativeloader: Configuring clns-shared-9 for other apk /system/app/KeyChain/KeyChain.apk. target_sdk_version=36, uses_libraries=, library_path=/system/app/KeyChain/lib/x86_64:/system/app/KeyChain/KeyChain.apk!/lib/x86_64:/system/lib64:/system_ext/lib64, permitted_path=/data:/mnt/expand:/data/user/0/com.android.keychain:/system/app/KeyChain:/system/lib64:/system_ext/lib64
01-20 06:49:50.724   699  2471 E RoleControllerServiceImpl: Default/fallback role holder package doesn't qualify for the role, package: com.google.android.gms.supervision, role: android.app.role.SYSTEM_SUPERVISION
01-20 06:49:50.729   554   554 E SurfaceFlinger: Out of order buffers detected for RequestedLayerState{com.google.android.apps.nexuslauncher/com.google.android.apps.nexuslauncher.NexusLauncherActivity#113 parentId=110} producedId=5 frameNumber=56 -> producedId=5 frameNumber=11
01-20 06:49:50.731   699  1944 W AppOpService: Ignored setUidMode call for runtime permission app op: uid = 10146, code = READ_CELL_BROADCASTS, mode = allow, callingUid = 1001, oldMode = allow
01-20 06:49:50.736   699  2471 W SignedPackage: Package doesn't have required signing certificate: com.google.android.apps.work.clouddpc
01-20 06:49:50.739   699   699 D AppSearchAppsIndexerManagerS: userid in package receiver: 10227
01-20 06:49:50.745   554   554 E SurfaceFlinger: Out of order buffers detected for RequestedLayerState{com.google.android.apps.nexuslauncher/com.google.android.apps.nexuslauncher.NexusLauncherActivity#113 parentId=110} producedId=5 frameNumber=56 -> producedId=5 frameNumber=12
01-20 06:49:50.762   554   554 E SurfaceFlinger: Out of order buffers detected for RequestedLayerState{com.google.android.apps.nexuslauncher/com.google.android.apps.nexuslauncher.NexusLauncherActivity#113 parentId=110} producedId=5 frameNumber=56 -> producedId=5 frameNumber=13
01-20 06:49:50.769   699   890 D BackgroundInstallControlService: Package event received: 0
01-20 06:49:50.769   699   890 D BackgroundInstallControlService: Package event received: 0
01-20 06:49:50.774  1050  1113 W HWUI    : Image decoding logging dropped!
01-20 06:49:50.777  3771  3771 I ndroid.keychain: AssetManager2(0x784cb4b61758) locale list changing from [] to [en-US]
01-20 06:49:50.779   554   554 E SurfaceFlinger: Out of order buffers detected for RequestedLayerState{com.google.android.apps.nexuslauncher/com.google.android.apps.nexuslauncher.NexusLauncherActivity#113 parentId=110} producedId=5 frameNumber=56 -> producedId=5 frameNumber=14
01-20 06:49:50.782   699  1944 W AppOpService: Ignored setUidMode call for runtime permission app op: uid = 1001, code = READ_SMS, mode = allow, callingUid = 1001, oldMode = allow
01-20 06:49:50.793   699  1000 W AppOpService: Ignored setUidMode call for runtime permission app op: uid = 1001, code = RECEIVE_SMS, mode = allow, callingUid = 1001, oldMode = allow
01-20 06:49:50.794   699  1771 W AppOpService: Ignored setUidMode call for runtime permission app op: uid = 1001, code = RECEIVE_WAP_PUSH, mode = allow, callingUid = 1001, oldMode = allow
01-20 06:49:50.794  3771  3771 V GraphicsEnvironment: Currently set values for:
01-20 06:49:50.794  3771  3771 V GraphicsEnvironment:   angle_gl_driver_selection_pkgs=[]
01-20 06:49:50.794  3771  3771 V GraphicsEnvironment:   angle_gl_driver_selection_values=[]
01-20 06:49:50.794  3771  3771 V GraphicsEnvironment: com.android.keychain is not listed in per-application setting
01-20 06:49:50.795  3771  3771 V GraphicsEnvironment: ANGLE allowlist from config: com.dreamgames.royalmatch com.dts.freefiremax com.dxx.firenow com.gramgames.mergedragons com.ludo.king com.mojang.minecraftpe com.my.defense com.nintendo.zaka com.os.airforce com.playrix.fishdomdd.gplay io.teslatech.callbreak jp.konami.prospia net.peakgames.toonblast
01-20 06:49:50.795   699  1771 W AppOpService: Ignored setUidMode call for runtime permission app op: uid = 1001, code = SEND_SMS, mode = allow, callingUid = 1001, oldMode = allow
01-20 06:49:50.795  3771  3771 V GraphicsEnvironment: com.android.keychain is not listed in ANGLE allowlist or settings, returning default
01-20 06:49:50.795  3771  3771 V GraphicsEnvironment: Neither updatable production driver nor prerelease driver is supported.
01-20 06:49:50.795   699   764 W AppOpService: Ignored setUidMode call for runtime permission app op: uid = 1001, code = READ_CELL_BROADCASTS, mode = allow, callingUid = 1001, oldMode = allow
01-20 06:49:50.795   554   554 E SurfaceFlinger: Out of order buffers detected for RequestedLayerState{com.google.android.apps.nexuslauncher/com.google.android.apps.nexuslauncher.NexusLauncherActivity#113 parentId=110} producedId=5 frameNumber=56 -> producedId=5 frameNumber=15
01-20 06:49:50.796  1422  1422 W MediaProvider: WorkProfileOwnerApps cache is empty
01-20 06:49:50.802  1050  1113 D AlphabeticIndexCompat: computeSectionName: cs:  sectionName: 
01-20 06:49:50.803   699  2471 I Role    : com.google.android.gms not qualified for android.app.role.SYSTEM_DEPENDENCY_INSTALLER due to missing RequiredComponent{mIntentFilterData=IntentFilterData{mAction='android.content.pm.action.INSTALL_DEPENDENCY', mCategories='[]', mDataScheme='null', mDataType='null'}, mMinTargetSdkVersion=1, mFlags='0', mPermission='android.permission.BIND_DEPENDENCY_INSTALLER', mQueryFlags=0, mMetaData=[]}
01-20 06:49:50.803   699  2471 E RoleControllerServiceImpl: Default/fallback role holder package doesn't qualify for the role, package: com.google.android.gms, role: android.app.role.SYSTEM_DEPENDENCY_INSTALLER
01-20 06:49:50.805  1050  1050 D AllAppsStore: setApps: apps.length=20
01-20 06:49:50.805  1050  1050 D AllAppsStore: notifyUpdate: notifying listeners
01-20 06:49:50.805  1050  1050 D ActivityAllAppsContainerView: onAppsUpdated; number of apps: 20
01-20 06:49:50.805  1050  1050 D ActivityAllAppsContainerView: rebindAdapters: force: false
01-20 06:49:50.805  1050  1050 D ActivityAllAppsContainerView: rebindAdapters: Not needed.
01-20 06:49:50.806  1050  1050 D StatsLog: LAUNCHER_ALLAPPS_COUNT
01-20 06:49:50.807  1050  1050 D AlphabeticalAppsList: Clearing FastScrollerSections.
01-20 06:49:50.807  1050  1050 D AlphabeticalAppsList: Adding apps with sections. HasPrivateApps: false
01-20 06:49:50.807  1050  1050 D AlphabeticalAppsList: addAppsWithSections: adding sectionName: C with appInfoTitle: Calendar
01-20 06:49:50.807  1050  1050 D AlphabeticalAppsList: addAppsWithSections: adding sectionName: D with appInfoTitle: Drive
01-20 06:49:50.807  1050  1050 D AlphabeticalAppsList: addAppsWithSections: adding sectionName: F with appInfoTitle: Files
01-20 06:49:50.807  1050  1050 D AlphabeticalAppsList: addAppsWithSections: adding sectionName: G with appInfoTitle: Gmail
01-20 06:49:50.807  1050  1050 D AlphabeticalAppsList: addAppsWithSections: adding sectionName: M with appInfoTitle: Maps
01-20 06:49:50.807  1050  1050 D AlphabeticalAppsList: addAppsWithSections: adding sectionName: P with appInfoTitle: Phone
01-20 06:49:50.807  1050  1050 D AlphabeticalAppsList: addAppsWithSections: adding sectionName: S with appInfoTitle: Safety
01-20 06:49:50.807  1050  1050 D AlphabeticalAppsList: addAppsWithSections: adding sectionName: T with appInfoTitle: TMoble
01-20 06:49:50.807  1050  1050 D AlphabeticalAppsList: addAppsWithSections: adding sectionName: Y with appInfoTitle: YouTube
01-20 06:49:50.807  1050  1050 D AlphabeticalAppsList: addAppsWithSections: adding sectionName:  with appInfoTitle: 
01-20 06:49:50.807  1050  1050 D AlphabeticalAppsList: Adding FastScrollSection duplicate to scroll to the bottom.
01-20 06:49:50.808  1050  1050 D AlphabeticalAppsList: Clearing FastScrollerSections.
01-20 06:49:50.808  1050  1050 D AlphabeticalAppsList: Adding apps with sections. HasPrivateApps: false
01-20 06:49:50.808  1050  1050 D AlphabeticalAppsList: addAppsWithSections: adding sectionName: C with appInfoTitle: Calendar
01-20 06:49:50.808  1050  1050 D AlphabeticalAppsList: addAppsWithSections: adding sectionName: D with appInfoTitle: Drive
01-20 06:49:50.808  1050  1050 D AlphabeticalAppsList: addAppsWithSections: adding sectionName: F with appInfoTitle: Files
01-20 06:49:50.809  1050  1050 D AlphabeticalAppsList: addAppsWithSections: adding sectionName: G with appInfoTitle: Gmail
01-20 06:49:50.809  1050  1050 D AlphabeticalAppsList: addAppsWithSections: adding sectionName: M with appInfoTitle: Maps
01-20 06:49:50.809  1050  1050 D AlphabeticalAppsList: addAppsWithSections: adding sectionName: P with appInfoTitle: Phone
01-20 06:49:50.809  1050  1050 D AlphabeticalAppsList: addAppsWithSections: adding sectionName: S with appInfoTitle: Safety
01-20 06:49:50.809  1050  1050 D AlphabeticalAppsList: addAppsWithSections: adding sectionName: T with appInfoTitle: TMoble
01-20 06:49:50.809  1050  1050 D AlphabeticalAppsList: addAppsWithSections: adding sectionName: Y with appInfoTitle: YouTube
01-20 06:49:50.809  1050  1050 D AlphabeticalAppsList: addAppsWithSections: adding sectionName:  with appInfoTitle: 
01-20 06:49:50.809  1050  1050 D AlphabeticalAppsList: Adding FastScrollSection duplicate to scroll to the bottom.
01-20 06:49:50.811  1038  1235 D ImsResolver: maybeAddedImsService, packageName: com.myapp1reactnative
01-20 06:49:50.812  1473  1473 I faht    : (REDACTED) O received %s
01-20 06:49:50.812   554   554 E SurfaceFlinger: Out of order buffers detected for RequestedLayerState{com.google.android.apps.nexuslauncher/com.google.android.apps.nexuslauncher.NexusLauncherActivity#113 parentId=110} producedId=5 frameNumber=56 -> producedId=5 frameNumber=16
01-20 06:49:50.815  1038  1235 V ImsResolver: searchForImsServices: package=com.myapp1reactnative, users=[UserHandle{0}]
01-20 06:49:50.820  1038  1235 V ImsResolver: searchForImsServices: package=com.myapp1reactnative, users=[UserHandle{0}]
01-20 06:49:50.822  1050  1050 D b/387844520: getOutlineOffsetX: measured width = 173, mNormalizedIconSize = 159, last updated width = 173
01-20 06:49:50.823  1473  1473 I faht    : (REDACTED) O received %s
01-20 06:49:50.829   554   554 E SurfaceFlinger: Out of order buffers detected for RequestedLayerState{com.google.android.apps.nexuslauncher/com.google.android.apps.nexuslauncher.NexusLauncherActivity#113 parentId=110} producedId=5 frameNumber=56 -> producedId=5 frameNumber=17
01-20 06:49:50.831  1050  1050 D SsBaseTemplateCard: No text view can be set up
01-20 06:49:50.831  1050  1050 D SsBaseTemplateCard: Passed-in item info is null
01-20 06:49:50.831  1050  1050 D SsBaseTemplateCard: Passed-in item info is null
01-20 06:49:50.831  1050  1050 D SsBaseTemplateCard: Passed-in item info is null
01-20 06:49:50.832  1050  1050 I SsBaseTemplateCard: Secondary card pane is null
01-20 06:49:50.834  1349  2677 I PermissionControllerServiceImpl: Updating user sensitive for uid 10227
01-20 06:49:50.835  1038  1038 W VvmPkgInstalledRcvr: carrierVvmPkgAdded: carrier vvm packages doesn't contain com.myapp1reactnative
01-20 06:49:50.835  1038  1038 D ActivityThread: Package [com.myapp1reactnative] reported as REPLACED, but missing application info. Assuming REMOVED.
01-20 06:49:50.845   554   554 E SurfaceFlinger: Out of order buffers detected for RequestedLayerState{com.google.android.apps.nexuslauncher/com.google.android.apps.nexuslauncher.NexusLauncherActivity#113 parentId=110} producedId=5 frameNumber=56 -> producedId=5 frameNumber=18
01-20 06:49:50.856  1422  1422 D PickerSyncLockManager: Trying to acquire lock com.android.providers.media.photopicker.sync.CloseableReentrantLock@92381f4[Unlocked]. Lock Name = CLOUD_PROVIDER_LOCK. Threads that may be waiting to acquire this lock = []
01-20 06:49:50.862   554   554 E SurfaceFlinger: Out of order buffers detected for RequestedLayerState{com.google.android.apps.nexuslauncher/com.google.android.apps.nexuslauncher.NexusLauncherActivity#113 parentId=110} producedId=5 frameNumber=56 -> producedId=5 frameNumber=19
01-20 06:49:50.863  1422  1422 D CloseableReentrantLock: Successfully acquired lock com.android.providers.media.photopicker.sync.CloseableReentrantLock@92381f4[Locked by thread main]. Lock Name = CLOUD_PROVIDER_LOCK. Threads that may be waiting to acquire this lock = []
01-20 06:49:50.863  1422  1422 D CloseableReentrantLock: Successfully released lock com.android.providers.media.photopicker.sync.CloseableReentrantLock@92381f4[Unlocked]. Lock Name = CLOUD_PROVIDER_LOCK. Threads that may be waiting to acquire this lock = []
01-20 06:49:50.872  1038  1038 D ActivityThread: Package [com.myapp1reactnative] reported as REPLACED, but missing application info. Assuming REMOVED.
01-20 06:49:50.876  1038  1038 D SatelliteController: packageStateChanged: package:com.myapp1reactnative DefaultSmsPackageName:com.google.android.apps.messaging
01-20 06:49:50.877  1038  1038 V SatelliteController: Neither SMS or SatelliteGateway package
01-20 06:49:50.879   554   554 E SurfaceFlinger: Out of order buffers detected for RequestedLayerState{com.google.android.apps.nexuslauncher/com.google.android.apps.nexuslauncher.NexusLauncherActivity#113 parentId=110} producedId=5 frameNumber=56 -> producedId=5 frameNumber=20
01-20 06:49:50.887  1717  2043 W achh    : Abort, client detached.
01-20 06:49:50.887  1717  2043 W achh    : Abort, client detached.
01-20 06:49:50.895   554   554 E SurfaceFlinger: Out of order buffers detected for RequestedLayerState{com.google.android.apps.nexuslauncher/com.google.android.apps.nexuslauncher.NexusLauncherActivity#113 parentId=110} producedId=5 frameNumber=56 -> producedId=5 frameNumber=21
01-20 06:49:50.901  1717  2043 W achh    : Abort, client detached.
01-20 06:49:50.902  3771  3795 E ashmem  : Pinning is deprecated since Android Q. Please use trim or other methods.
01-20 06:49:50.912  1473  2009 I hbox:interactor: AssetManager2(0x784cb4b68af8) locale list changing from [] to [en-US]
01-20 06:49:50.912   554   554 E SurfaceFlinger: Out of order buffers detected for RequestedLayerState{com.google.android.apps.nexuslauncher/com.google.android.apps.nexuslauncher.NexusLauncherActivity#113 parentId=110} producedId=5 frameNumber=56 -> producedId=5 frameNumber=22
01-20 06:49:50.929   554   554 E SurfaceFlinger: Out of order buffers detected for RequestedLayerState{com.google.android.apps.nexuslauncher/com.google.android.apps.nexuslauncher.NexusLauncherActivity#113 parentId=110} producedId=5 frameNumber=56 -> producedId=5 frameNumber=23
01-20 06:49:50.945   554   554 E SurfaceFlinger: Out of order buffers detected for RequestedLayerState{com.google.android.apps.nexuslauncher/com.google.android.apps.nexuslauncher.NexusLauncherActivity#113 parentId=110} producedId=5 frameNumber=56 -> producedId=5 frameNumber=24
01-20 06:49:50.962   554   554 E SurfaceFlinger: Out of order buffers detected for RequestedLayerState{com.google.android.apps.nexuslauncher/com.google.android.apps.nexuslauncher.NexusLauncherActivity#113 parentId=110} producedId=5 frameNumber=56 -> producedId=5 frameNumber=25
01-20 06:49:50.978  1258  3799 I Fitness : (REDACTED) FitCleanupIntentOperation received Intent %s
01-20 06:49:50.979   554   554 E SurfaceFlinger: Out of order buffers detected for RequestedLayerState{com.google.android.apps.nexuslauncher/com.google.android.apps.nexuslauncher.NexusLauncherActivity#113 parentId=110} producedId=5 frameNumber=56 -> producedId=5 frameNumber=26
01-20 06:49:50.990   699   699 W Looper  : Slow dispatch took 190ms main app=system_server main=true group=FOREGROUND h=android.app.ActivityThread$H c=android.app.LoadedApk$ReceiverDispatcher$Args$$ExternalSyntheticLambda0@16e0c0f m=0
01-20 06:49:50.992   699   699 D ActivityThread: Package [com.myapp1reactnative] reported as REPLACED, but missing application info. Assuming REMOVED.
01-20 06:49:50.994  1258  3796 I ProximityAuth: [RecentAppsMediator] Package added: (user=UserHandle{0}) com.myapp1reactnative
01-20 06:49:50.996   554   554 E SurfaceFlinger: Out of order buffers detected for RequestedLayerState{com.google.android.apps.nexuslauncher/com.google.android.apps.nexuslauncher.NexusLauncherActivity#113 parentId=110} producedId=5 frameNumber=56 -> producedId=5 frameNumber=27
01-20 06:49:51.006  1258  3796 I .gms.persistent: AssetManager2(0x784cb4b72738) locale list changing from [] to [en-US]
01-20 06:49:51.011   699  1521 I system_server: AssetManager2(0x784cb4ba0598) locale list changing from [] to [en-US]
01-20 06:49:51.012   554   554 E SurfaceFlinger: Out of order buffers detected for RequestedLayerState{com.google.android.apps.nexuslauncher/com.google.android.apps.nexuslauncher.NexusLauncherActivity#113 parentId=110} producedId=5 frameNumber=56 -> producedId=5 frameNumber=28
01-20 06:49:51.026  1258  3796 W HWUI    : Image decoding logging dropped!
01-20 06:49:51.029   554   554 E SurfaceFlinger: Out of order buffers detected for RequestedLayerState{com.google.android.apps.nexuslauncher/com.google.android.apps.nexuslauncher.NexusLauncherActivity#113 parentId=110} producedId=5 frameNumber=56 -> producedId=5 frameNumber=29
01-20 06:49:51.045   554   554 E SurfaceFlinger: Out of order buffers detected for RequestedLayerState{com.google.android.apps.nexuslauncher/com.google.android.apps.nexuslauncher.NexusLauncherActivity#113 parentId=110} producedId=5 frameNumber=56 -> producedId=5 frameNumber=30
01-20 06:49:51.062   554   554 E SurfaceFlinger: Out of order buffers detected for RequestedLayerState{com.google.android.apps.nexuslauncher/com.google.android.apps.nexuslauncher.NexusLauncherActivity#113 parentId=110} producedId=5 frameNumber=56 -> producedId=5 frameNumber=31
01-20 06:49:51.069   699   699 D AppSearchAppsIndexerManagerS: userid in package receiver: 10227
01-20 06:49:51.079   554   554 E SurfaceFlinger: Out of order buffers detected for RequestedLayerState{com.google.android.apps.nexuslauncher/com.google.android.apps.nexuslauncher.NexusLauncherActivity#113 parentId=110} producedId=5 frameNumber=56 -> producedId=5 frameNumber=32
01-20 06:49:51.086   699   699 W AlarmManager: Package com.myapp1reactnative, uid 10227 lost permission to set exact alarms!
01-20 06:49:51.095   699   813 I system_server: AssetManager2(0x784cb4b9c3f8) locale list changing from [] to [en-US]
01-20 06:49:51.097   554   554 E SurfaceFlinger: Out of order buffers detected for RequestedLayerState{com.google.android.apps.nexuslauncher/com.google.android.apps.nexuslauncher.NexusLauncherActivity#113 parentId=110} producedId=5 frameNumber=56 -> producedId=5 frameNumber=33
01-20 06:49:51.101   699   699 W Looper  : Drained
01-20 06:49:51.112   554   554 E SurfaceFlinger: Out of order buffers detected for RequestedLayerState{com.google.android.apps.nexuslauncher/com.google.android.apps.nexuslauncher.NexusLauncherActivity#113 parentId=110} producedId=5 frameNumber=56 -> producedId=5 frameNumber=34
01-20 06:49:51.116  1119  1119 E ashmem  : Pinning is deprecated since Android Q. Please use trim or other methods.
01-20 06:49:51.126  3768  3768 W android.vending: Failed to find entry 'classes.dex': Entry not found
01-20 06:49:51.128  3768  3768 W android.vending: Failed to find entry 'classes.dex': Entry not found
01-20 06:49:51.129   554   554 E SurfaceFlinger: Out of order buffers detected for RequestedLayerState{com.google.android.apps.nexuslauncher/com.google.android.apps.nexuslauncher.NexusLauncherActivity#113 parentId=110} producedId=5 frameNumber=56 -> producedId=5 frameNumber=35
01-20 06:49:51.140  3768  3768 W android.vending: Failed to find entry 'classes.dex': Entry not found
01-20 06:49:51.145   554   554 E SurfaceFlinger: Out of order buffers detected for RequestedLayerState{com.google.android.apps.nexuslauncher/com.google.android.apps.nexuslauncher.NexusLauncherActivity#113 parentId=110} producedId=5 frameNumber=56 -> producedId=5 frameNumber=36
01-20 06:49:51.151  3768  3768 W android.vending: Failed to find entry 'classes.dex': Entry not found
01-20 06:49:51.157  3768  3768 W android.vending: Failed to find entry 'classes.dex': Entry not found
01-20 06:49:51.160  3768  3768 W android.vending: Failed to find entry 'classes.dex': Entry not found
01-20 06:49:51.162   554   554 E SurfaceFlinger: Out of order buffers detected for RequestedLayerState{com.google.android.apps.nexuslauncher/com.google.android.apps.nexuslauncher.NexusLauncherActivity#113 parentId=110} producedId=5 frameNumber=56 -> producedId=5 frameNumber=37
01-20 06:49:51.165  3768  3768 D nativeloader: Configuring clns-9 for other apk /data/app/~~XxgTjJy_Xe2TedVmD9j8Eg==/com.android.vending-L8kDgb45PVjGOpRklrfVxg==/base.apk:/data/app/~~XxgTjJy_Xe2TedVmD9j8Eg==/com.android.vending-L8kDgb45PVjGOpRklrfVxg==/split_config.en.apk:/data/app/~~XxgTjJy_Xe2TedVmD9j8Eg==/com.android.vending-L8kDgb45PVjGOpRklrfVxg==/split_config.x86_64.apk:/data/app/~~XxgTjJy_Xe2TedVmD9j8Eg==/com.android.vending-L8kDgb45PVjGOpRklrfVxg==/split_phonesky_data_loader.apk:/data/app/~~XxgTjJy_Xe2TedVmD9j8Eg==/com.android.vending-L8kDgb45PVjGOpRklrfVxg==/split_phonesky_data_loader.config.x86_64.apk:/data/app/~~XxgTjJy_Xe2TedVmD9j8Eg==/com.android.vending-L8kDgb45PVjGOpRklrfVxg==/split_phonesky_webrtc_native_lib.apk:/data/app/~~XxgTjJy_Xe2TedVmD9j8Eg==/com.android.vending-L8kDgb45PVjGOpRklrfVxg==/split_phonesky_webrtc_native_lib.config.x86_64.apk. target_sdk_version=36, uses_libraries=, library_path=/data/app/~~XxgTjJy_Xe2TedVmD9j8Eg==/com.android.vending-L8kDgb45PVjGOpRklrfVxg==/lib/x86_64:/data/app/~~XxgTjJy_Xe2TedVmD9j8Eg==/com.android.ven
01-20 06:49:51.170   699   813 I system_server: AssetManager2(0x784cb4b99838) locale list changing from [] to [en-US]
01-20 06:49:51.179   554   554 E SurfaceFlinger: Out of order buffers detected for RequestedLayerState{com.google.android.apps.nexuslauncher/com.google.android.apps.nexuslauncher.NexusLauncherActivity#113 parentId=110} producedId=5 frameNumber=56 -> producedId=5 frameNumber=38
01-20 06:49:51.195   554   554 E SurfaceFlinger: Out of order buffers detected for RequestedLayerState{com.google.android.apps.nexuslauncher/com.google.android.apps.nexuslauncher.NexusLauncherActivity#113 parentId=110} producedId=5 frameNumber=56 -> producedId=5 frameNumber=39
01-20 06:49:51.211  3768  3768 I android.vending: AssetManager2(0x784cb4b61758) locale list changing from [] to [en-US]
01-20 06:49:51.212   554   554 E SurfaceFlinger: Out of order buffers detected for RequestedLayerState{com.google.android.apps.nexuslauncher/com.google.android.apps.nexuslauncher.NexusLauncherActivity#113 parentId=110} producedId=5 frameNumber=56 -> producedId=5 frameNumber=40
01-20 06:49:51.218  1501  3680 I gle.android.gms: AssetManager2(0x784cb4b87bd8) locale list changing from [] to [en-US]
01-20 06:49:51.227   699  2471 E RoleControllerServiceImpl: Default/fallback role holder package doesn't qualify for the role, package: com.google.android.gms, role: android.app.role.WALLET
01-20 06:49:51.228  3768  3768 V GraphicsEnvironment: Currently set values for:
01-20 06:49:51.228  3768  3768 V GraphicsEnvironment:   angle_gl_driver_selection_pkgs=[]
01-20 06:49:51.228  3768  3768 V GraphicsEnvironment:   angle_gl_driver_selection_values=[]
01-20 06:49:51.228  3768  3768 V GraphicsEnvironment: com.android.vending is not listed in per-application setting
01-20 06:49:51.228  3768  3768 V GraphicsEnvironment: ANGLE allowlist from config: com.dreamgames.royalmatch com.dts.freefiremax com.dxx.firenow com.gramgames.mergedragons com.ludo.king com.mojang.minecraftpe com.my.defense com.nintendo.zaka com.os.airforce com.playrix.fishdomdd.gplay io.teslatech.callbreak jp.konami.prospia net.peakgames.toonblast
01-20 06:49:51.228  3768  3768 V GraphicsEnvironment: com.android.vending is not listed in ANGLE allowlist or settings, returning default
01-20 06:49:51.229   554   554 E SurfaceFlinger: Out of order buffers detected for RequestedLayerState{com.google.android.apps.nexuslauncher/com.google.android.apps.nexuslauncher.NexusLauncherActivity#113 parentId=110} producedId=5 frameNumber=56 -> producedId=5 frameNumber=41
01-20 06:49:51.238  3768  3768 V GraphicsEnvironment: Neither updatable production driver nor prerelease driver is supported.
01-20 06:49:51.246   554   554 E SurfaceFlinger: Out of order buffers detected for RequestedLayerState{com.google.android.apps.nexuslauncher/com.google.android.apps.nexuslauncher.NexusLauncherActivity#113 parentId=110} producedId=5 frameNumber=56 -> producedId=5 frameNumber=42
01-20 06:49:51.262   554   554 E SurfaceFlinger: Out of order buffers detected for RequestedLayerState{com.google.android.apps.nexuslauncher/com.google.android.apps.nexuslauncher.NexusLauncherActivity#113 parentId=110} producedId=5 frameNumber=56 -> producedId=5 frameNumber=43
01-20 06:49:51.278   554   554 E SurfaceFlinger: Out of order buffers detected for RequestedLayerState{com.google.android.apps.nexuslauncher/com.google.android.apps.nexuslauncher.NexusLauncherActivity#113 parentId=110} producedId=5 frameNumber=56 -> producedId=5 frameNumber=44
01-20 06:49:51.295   554   554 E SurfaceFlinger: Out of order buffers detected for RequestedLayerState{com.google.android.apps.nexuslauncher/com.google.android.apps.nexuslauncher.NexusLauncherActivity#113 parentId=110} producedId=5 frameNumber=56 -> producedId=5 frameNumber=45
01-20 06:49:51.313   554   554 E SurfaceFlinger: Out of order buffers detected for RequestedLayerState{com.google.android.apps.nexuslauncher/com.google.android.apps.nexuslauncher.NexusLauncherActivity#113 parentId=110} producedId=5 frameNumber=56 -> producedId=5 frameNumber=46
01-20 06:49:51.329   554   554 E SurfaceFlinger: Out of order buffers detected for RequestedLayerState{com.google.android.apps.nexuslauncher/com.google.android.apps.nexuslauncher.NexusLauncherActivity#113 parentId=110} producedId=5 frameNumber=56 -> producedId=5 frameNumber=47
01-20 06:49:51.345   554   554 E SurfaceFlinger: Out of order buffers detected for RequestedLayerState{com.google.android.apps.nexuslauncher/com.google.android.apps.nexuslauncher.NexusLauncherActivity#113 parentId=110} producedId=5 frameNumber=56 -> producedId=5 frameNumber=48
01-20 06:49:51.350  1501  3794 I Auth    : (REDACTED) [SupervisedAccountIntentOperation] onHandleIntent: %s
01-20 06:49:51.362   554   554 E SurfaceFlinger: Out of order buffers detected for RequestedLayerState{com.google.android.apps.nexuslauncher/com.google.android.apps.nexuslauncher.NexusLauncherActivity#113 parentId=110} producedId=5 frameNumber=56 -> producedId=5 frameNumber=49
01-20 06:49:51.379   554   554 E SurfaceFlinger: Out of order buffers detected for RequestedLayerState{com.google.android.apps.nexuslauncher/com.google.android.apps.nexuslauncher.NexusLauncherActivity#113 parentId=110} producedId=5 frameNumber=56 -> producedId=5 frameNumber=50
01-20 06:49:51.390  1501  1667 I gle.android.gms: AssetManager2(0x784cb4b65c18) locale list changing from [] to [en-US]
01-20 06:49:51.395   554   554 E SurfaceFlinger: Out of order buffers detected for RequestedLayerState{com.google.android.apps.nexuslauncher/com.google.android.apps.nexuslauncher.NexusLauncherActivity#113 parentId=110} producedId=5 frameNumber=56 -> producedId=5 frameNumber=51
01-20 06:49:51.395  1501  3794 I NearbyDiscovery: (REDACTED) processGrantSlicePermission: %s
01-20 06:49:51.412   554   554 E SurfaceFlinger: Out of order buffers detected for RequestedLayerState{com.google.android.apps.nexuslauncher/com.google.android.apps.nexuslauncher.NexusLauncherActivity#113 parentId=110} producedId=5 frameNumber=56 -> producedId=5 frameNumber=52
01-20 06:49:51.417  1050  1050 D ScalingWorkspaceRevealAnim: alpha of workspace at the end of animation: 1.0
01-20 06:49:51.421   931   986 V WindowManagerShell: Transition animation finished (aborted=false), notifying core (#12) android.os.BinderProxy@c2a04c5@0
01-20 06:49:51.423   699   719 V WindowManager: Finish Transition (#12): created at 01-20 06:49:50.148 collect-started=0.078ms request-sent=0.133ms started=8.957ms ready=181.087ms sent=199.026ms commit=48.45ms finished=1274.262ms
01-20 06:49:51.428   554   554 E SurfaceFlinger: Out of order buffers detected for RequestedLayerState{com.google.android.apps.nexuslauncher/com.google.android.apps.nexuslauncher.NexusLauncherActivity#113 parentId=110} producedId=5 frameNumber=56 -> producedId=5 frameNumber=53
01-20 06:49:51.430   931   986 V WindowManagerShell: Track 0 became idle
01-20 06:49:51.430   931   986 V WindowManagerShell: All active transition animations finished
01-20 06:49:51.446   554   554 E SurfaceFlinger: Out of order buffers detected for RequestedLayerState{com.google.android.apps.nexuslauncher/com.google.android.apps.nexuslauncher.NexusLauncherActivity#113 parentId=110} producedId=5 frameNumber=56 -> producedId=5 frameNumber=54
01-20 06:49:51.442  1050  1050 D RecentsView: onTaskRemoved: 47, not handling task stack changes
01-20 06:49:51.454  1050  1050 D RecentsView: onTaskRemoved: 47, not handling task stack changes
01-20 06:49:51.462   554   554 E SurfaceFlinger: Out of order buffers detected for RequestedLayerState{com.google.android.apps.nexuslauncher/com.google.android.apps.nexuslauncher.NexusLauncherActivity#113 parentId=110} producedId=5 frameNumber=56 -> producedId=5 frameNumber=55
01-20 06:49:51.475   699   727 I system_server: AssetManager2(0x784cb4b8fbf8) locale list changing from [] to [en-US]
01-20 06:49:51.514  1501  3803 W SQLiteLog: (28) double-quoted string literal: "com.myapp1reactnative"
01-20 06:49:51.572   699   727 I system_server: AssetManager2(0x784cb4b99518) locale list changing from [] to [en-US]
01-20 06:49:51.595   699  2471 I system_server: AssetManager2(0x784cb4b8f298) locale list changing from [] to [en-US]
01-20 06:49:51.680  1501  1501 D BoundBrokerSvc: onBind: Intent { act=com.google.android.gms.feedback.internal.IFeedbackService dat=chimera-action:/... xflg=0x4 cmp=com.google.android.gms/.chimera.GmsBoundBrokerService }
01-20 06:49:51.680  1501  1501 D BoundBrokerSvc: Loading bound service for intent: Intent { act=com.google.android.gms.feedback.internal.IFeedbackService dat=chimera-action:/... xflg=0x4 cmp=com.google.android.gms/.chimera.GmsBoundBrokerService }
01-20 06:49:51.717   699  2471 W SignedPackage: Cannot get ApplicationInfo for package: com.google.android.devicelockcontroller
01-20 06:49:51.721   699  3822 I DisplayManager: Choreographer implicitly registered for the refresh rate.
01-20 06:49:51.726   699  3822 I EGL_emulation: Opening libGLESv1_CM_emulation.so
01-20 06:49:51.731  3768  3768 I Finsky  : [2] Process created at version: 49.6.23-31 [0] [PR] 853496792
01-20 06:49:51.737   699  3822 I EGL_emulation: Opening libGLESv2_emulation.so
01-20 06:49:51.738  1717  1799 I earchbox:search: AssetManager2(0x784cb4b720f8) locale list changing from [] to [en-US]
01-20 06:49:51.776   489  3736 D android.hardware.audio@7.1-impl.ranchu: threadLoop: entering standby, frames: 147968
01-20 06:49:51.776   489  3736 D android.hardware.audio@7.1-impl.ranchu: ~TinyalsaSink: joining consumeThread
01-20 06:49:51.792   699   727 I system_server: AssetManager2(0x784cb4b96638) locale list changing from [] to [en-US]
01-20 06:49:51.802   699  3822 W HWUI    : Failed to choose config with EGL_SWAP_BEHAVIOR_PRESERVED, retrying without...
01-20 06:49:51.803   699  3822 W HWUI    : Failed to initialize 101010-2 format, error = EGL_SUCCESS
01-20 06:49:51.875   489  3738 D android.hardware.audio@7.1-impl.ranchu: consumeThread: exiting
01-20 06:49:51.875   489  3736 D android.hardware.audio@7.1-impl.ranchu: ~TinyalsaSink: stopping PCM stream
01-20 06:49:51.887  1501  1651 I Icing   : IndexChimeraService.getServiceInterface callingPackage=com.google.android.gms componentName=AppsCorpus serviceId=36
01-20 06:49:51.905  1717  1799 I earchbox:search: AssetManager2(0x784cb4b6d5f8) locale list changing from [] to [en-US]
01-20 06:49:51.944  3679  3692 V ClearcutMetricXmitter: Transmission is done.
01-20 06:49:51.948  3679  3692 V ClearcutMetricXmitter: Transmission is done.
01-20 06:49:52.004   699   710 I system_server: Background concurrent mark compact GC freed 35MB AllocSpace bytes, 41(964KB) LOS objects, 44% free, 30MB/54MB, paused 11.647ms,11.214ms total 1.688s
01-20 06:49:52.026   699   712 W System  : A resource failed to call close. 
01-20 06:49:52.026   699   712 W System  : A resource failed to call release. 
01-20 06:49:52.033  1501  2894 I cn_CronetUrlRequestContext: destroyNativeStreamLocked org.chromium.net.impl.CronetBidirectionalStream@1051fcd
01-20 06:49:52.071   699   813 I system_server: AssetManager2(0x784cb4b92df8) locale list changing from [] to [en-US]
01-20 06:49:52.084  1717  1799 I earchbox:search: AssetManager2(0x784cb4b6c018) locale list changing from [] to [en-US]
01-20 06:49:52.097  1501  2106 I Icing   : IndexChimeraService.getServiceInterface callingPackage=com.google.android.gms componentName=null serviceId=30
01-20 06:49:52.100   931   939 W System  : A resource failed to call release. 
01-20 06:49:52.100   931   939 W System  : A resource failed to call release. 
01-20 06:49:52.100   931   939 W System  : A resource failed to call release. 
01-20 06:49:52.122  1501  1666 I Icing   : Usage reports ok 1, Failed Usage reports 0, indexed 0, rejected 0
01-20 06:49:52.126   699   813 V AccessibilityManagerService: onUserStateChangedLocked for userId: 0, forceUpdate: false
01-20 06:49:52.127   699   727 I system_server: AssetManager2(0x784cb4b8f298) locale list changing from [] to [en-US]
01-20 06:49:52.132  3768  3825 I Finsky  : [43] Finished reading experiment flags from file [0tGUNCGIkbk4o6-fQ335kUYSKwVj4lusnHT-A5Dsy08] numFlags=2184.
01-20 06:49:52.134   699   813 W MagnificationConnectionManager: requestConnection duplicated request: connect=false, mConnectionState=DISCONNECTED
01-20 06:49:52.142   699   699 W IPCThreadState: Sending oneway calls to frozen process.
01-20 06:49:52.143   699   699 W IPCThreadState: Sending oneway calls to frozen process.
01-20 06:49:52.144   699   699 W IPCThreadState: Sending oneway calls to frozen process.
01-20 06:49:52.145  3768  3825 I Finsky  : [43] Finished reading experiment flags from file [Se-xCc4LzNyh3UrKMIU2sUf-PUKz4oQEbpKZDMuaFno] numFlags=2140.
01-20 06:49:52.162   699   813 I system_server: AssetManager2(0x784cb4b8b0f8) locale list changing from [] to [en-US]
01-20 06:49:52.182   699  1574 E TaskPersister: File error accessing recents directory (directory doesn't exist?).
01-20 06:49:52.190   699   813 I system_server: AssetManager2(0x784cb4b99838) locale list changing from [] to [en-US]
01-20 06:49:52.193  1501  1666 I Icing   : Usage reports ok 0, Failed Usage reports 0, indexed 0, rejected 0
01-20 06:49:52.198   699   813 V AccessibilityManagerService: onUserStateChangedLocked for userId: 0, forceUpdate: false
01-20 06:49:52.199   699   813 W MagnificationConnectionManager: requestConnection duplicated request: connect=false, mConnectionState=DISCONNECTED
01-20 06:49:52.200   699   699 W IPCThreadState: Sending oneway calls to frozen process.
01-20 06:49:52.201   699   699 W IPCThreadState: Sending oneway calls to frozen process.
01-20 06:49:52.201   699   699 W IPCThreadState: Sending oneway calls to frozen process.
01-20 06:49:52.202  1501  1666 I Icing   : Indexing com.google.android.gms-apps from com.google.android.gms
01-20 06:49:52.235  3768  3833 D nativeloader: Load /data/app/~~XxgTjJy_Xe2TedVmD9j8Eg==/com.android.vending-L8kDgb45PVjGOpRklrfVxg==/split_config.x86_64.apk!/lib/x86_64/libmappedcountercacheversionjni.so using class loader ns clns-9 (caller=/data/app/~~XxgTjJy_Xe2TedVmD9j8Eg==/com.android.vending-L8kDgb45PVjGOpRklrfVxg==/base.apk): ok
01-20 06:49:52.255  1717  1796 I akkt    : (REDACTED) remove existing package for update: %s
01-20 06:49:52.260  3768  3768 E ashmem  : Pinning is deprecated since Android Q. Please use trim or other methods.
01-20 06:49:52.278  3768  3827 I Finsky  : [45] Finished reading experiment flags from file [V9xqmVjgnO8HWQSzNWRlx0Vm0vdy7Ms4ULzJ0zVEEAQ] numFlags=2149.
01-20 06:49:52.298  1501  1666 I Icing   : Indexing done com.google.android.gms-apps
01-20 06:49:52.303  3768  3826 W Finsky  : [44] Failed to get the task info for cold start.
01-20 06:49:52.303  3768  3826 I Finsky  : [44] Process started for unknown session.
01-20 06:49:52.323  1717  2369 I dmkr    : (REDACTED) soft deleting data for %s
01-20 06:49:52.344  3768  3825 I Finsky  : [43] ahkp - Registering in memory receiver for android.intent.action.PACKAGE_ADDED and android.intent.action.PACKAGE_REMOVED
01-20 06:49:52.344  3768  3768 I Finsky  : [2] Profiling: Starting up (0)
01-20 06:49:52.359  3840  3840 I abb     : StartCommandInProcess(73657474696e67730067657400676c6f settings.get.glo [truncated])
01-20 06:49:52.367   699   699 W binder:699_1D: type=1400 audit(0.0:110): avc:  denied  { getopt } for  scontext=u:r:system_server:s0 tcontext=u:r:shell:s0 tclass=unix_stream_socket permissive=0
01-20 06:49:52.376  3840  3840 I abb     : StartCommandInProcess(7061636b61676500696e7374616c6c00 package.install. [truncated])
01-20 06:49:52.367   699   699 W binder:699_1D: type=1400 audit(0.0:111): avc:  denied  { getopt } for  scontext=u:r:system_server:s0 tcontext=u:r:shell:s0 tclass=unix_stream_socket permissive=0
01-20 06:49:52.367   699   699 W binder:699_1D: type=1400 audit(0.0:112): avc:  denied  { getopt } for  scontext=u:r:system_server:s0 tcontext=u:r:shell:s0 tclass=unix_stream_socket permissive=0
01-20 06:49:52.391  1717  1796 I dmkh    : Scheduling deletion propagation for Geller data.
01-20 06:49:52.399  1717  1781 I dmkr    : (REDACTED) Writing data of size=%d bytes with N=%d keys to Geller corpus %s at ts=%d
01-20 06:49:52.410  1717  2369 I dmkh    : Performing deletion propagation for Geller data.
01-20 06:49:52.435  3768  3768 I Finsky  : [2] AsyncInit: Mandatory tasks are executed!
01-20 06:49:52.470  3768  3768 W Settings: Setting download_manager_max_bytes_over_mobile has moved from android.provider.Settings.Secure to android.provider.Settings.Global.
01-20 06:49:52.476  3768  3768 I Finsky  : [2] SettingNotFoundException, fall through to G.downloadBytesOverMobileMaximum
01-20 06:49:52.476  3768  3768 W Settings: Setting download_manager_recommended_max_bytes_over_mobile has moved from android.provider.Settings.Secure to android.provider.Settings.Global.
01-20 06:49:52.479  3768  3768 I Finsky  : [2] SettingNotFoundException, fall through to G.downloadBytesOverMobileRecommended
01-20 06:49:52.489   481   481 D Zygote  : Forked child process 3853
01-20 06:49:52.490   699   729 I ActivityManager: Start proc 3853:com.android.vending:background/u0a145 for broadcast {com.android.vending/com.google.android.finsky.packagemonitor.backgroundimpl.BackgroundPackageMonitorReceiverImpl$RegisteredReceiver}
01-20 06:49:52.491   699   729 I ActivityManager: ProcessObserver broadcast disabled
01-20 06:49:52.494  1717  1799 I akkt    : refreshDeviceAppInfoForAccount done.
01-20 06:49:52.500  3768  3826 I Finsky  : [44] Subscription detail: DataSubscriptionInfo{groupIdLevel1=null, serviceProviderName=[Zr1R7g28S8p7iucp_gnNJJtsRl-pgO3Y6eIkCh24Iy0], simCarrierId=1}
01-20 06:49:52.500  3768  3768 I Finsky  : [2] This process start was not selected for Play memory metrics collection.
01-20 06:49:52.508  3768  3824 I Finsky  : [42] playLoggingServerUrl: https://play.googleapis.com/play/log
01-20 06:49:52.508  3768  3824 I Finsky  : [42] playLoggingServerTimestampUrl: https://play.googleapis.com/play/log/timestamp
01-20 06:49:52.509  3768  3852 I Finsky  : [58] VerifyApps: Setup app restrictions monitor
01-20 06:49:52.511  3853  3853 I ding:background: Using CollectorTypeCMC GC.
01-20 06:49:52.511  3853  3853 W ding:background: Unexpected CPU variant for x86: x86_64.
01-20 06:49:52.511  3853  3853 W ding:background: Known variants: atom, sandybridge, silvermont, goldmont, goldmont-plus, goldmont-without-sha-xsaves, tremont, kabylake, alderlake, default
01-20 06:49:52.518  3853  3853 E ding:background: Not starting debugger since process cannot load the jdwp agent.
01-20 06:49:52.528  3853  3853 D nativeloader: Load libframework-connectivity-tiramisu-jni.so using APEX ns com_android_tethering for caller /apex/com.android.tethering/javalib/framework-connectivity-t.jar: ok
01-20 06:49:52.553  3768  3827 I Finsky  : [45] ApplicationRestrictions: {}
01-20 06:49:52.555  3768  3852 I Finsky  : [58] VerifyApps: Device wide unknown source restriction updated
