01-20 06:53:14.975  3768  4337 I Finsky  : [147] SCH: Received scheduling request: Id: 12-1, Constraints: [{ L: 15000, D: 86400000, C: CHARGING_NONE, I: IDLE_NONE, N: NET_ANY, B: BATTERY_ANY }]
01-20 06:53:14.983  3768  3867 I Finsky  : [63] AIM: AppInfoManager-Perf > OnDeviceAppInfo > cacheHitCount=0, cacheMissCount=1. Missed  in cache (limit 10) : [com.myapp1reactnative]
01-20 06:53:15.005  3768  3825 I Finsky  : [43] RECEIVER_PACKAGE_MONITOR#logWorkEndAndFinishGoAsync: SUCCESS
01-20 06:53:15.007  3768  3867 I Finsky  : [63] AIM: Got app ownership map. App counts: . Unique apps: 0
01-20 06:53:15.010  3768  3867 E Finsky  : [63] [Counters] attempted to use a non-positive increment for: 4752
01-20 06:53:15.015  3768  3867 E Finsky  : [63] [Counters] attempted to use a non-positive increment for: 4753
01-20 06:53:15.016  3768  3867 I Finsky  : [63] AIM: AppInfoManager-Perf > OnDeviceAppInfo > cacheHitCount=1, cacheMissCount=0. Missed  in cache (limit 10) : []
01-20 06:53:15.017  3768  3867 I Finsky  : [63] AIM: Got app ownership map. App counts: . Unique apps: 0
01-20 06:53:15.017  3768  3867 E Finsky  : [63] [Counters] attempted to use a non-positive increment for: 4752
01-20 06:53:15.018  1501  4316 I Dck     : (REDACTED) disableDckSupport: %s
01-20 06:53:15.022  3768  3867 I Finsky  : [63] AIM: AppInfoManager-Perf > getApps > data collection finished
01-20 06:53:15.023  3768  3867 I Finsky  : [63] AIM: AppInfoManager-Perf > maybeDestroyAppInfoManager is called. actives = 1
01-20 06:53:15.029  3768  3867 I Finsky  : [63] AIM: AppInfoManager-Perf > ItemModel > CacheSize=35, cacheHitCount=0, cacheMissCount=0, total appsWithNoServerDataCount=1. Missed  in cache (limit 10) : []
01-20 06:53:15.034  1501  4316 W Dck     : [WirelessCapabilitiesFeatures] wccSysProp: 0 [CONTEXT service_id=289 ]
01-20 06:53:15.034  1501  4316 I Dck     : [WirelessCapabilitiesFeatures] wccMendel: 3 [CONTEXT service_id=289 ]
01-20 06:53:15.034  1501  4316 I Dck     : [WirelessCapabilitiesFeatures] deviceWccOverride: false [CONTEXT service_id=289 ]
01-20 06:53:15.034  1501  4316 I Dck     : [WirelessCapabilitiesFeatures] replaceSupportedWccWithWccOverride: true [CONTEXT service_id=289 ]
01-20 06:53:15.034  1501  4316 I Dck     : [WirelessCapabilitiesFeatures] wccOverride: not set [CONTEXT service_id=289 ]
01-20 06:53:15.036  1501  4316 I Dck     : (REDACTED) [WirelessCapabilitiesFeatures] returned wcc: %s
01-20 06:53:15.036  1501  4316 I Dck     : Dck module condition - hasWccSupport: false [CONTEXT service_id=289 ]
01-20 06:53:15.036  1501  4316 I Dck     : Dck module condition - downloadAllowed: false [CONTEXT service_id=289 ]
01-20 06:53:15.036  1501  4316 W Dck     : Dck module not eligible for asynchronous downloading [CONTEXT service_id=289 ]
01-20 06:53:15.048  1501  1501 D BoundBrokerSvc: onBind: Intent { act=com.google.android.gms.feedback.internal.IFeedbackService dat=chimera-action:/... xflg=0x4 cmp=com.google.android.gms/.chimera.GmsBoundBrokerService }
01-20 06:53:15.048  1501  1501 D BoundBrokerSvc: Loading bound service for intent: Intent { act=com.google.android.gms.feedback.internal.IFeedbackService dat=chimera-action:/... xflg=0x4 cmp=com.google.android.gms/.chimera.GmsBoundBrokerService }
01-20 06:53:15.061  1501  4310 I NearbyDiscovery: (REDACTED) processGrantSlicePermission: %s
01-20 06:53:15.069  1258  4332 I ProximityAuth: [RecentAppsMediator] Package added: (user=UserHandle{0}) com.myapp1reactnative
01-20 06:53:15.088  1258  4339 W GCM     : Unexpected forwarded intent: Intent { act=android.intent.action.PACKAGE_ADDED dat=package: flg=0x4000010 pkg=com.google.android.gms cmp=com.google.android.gms/.chimera.PersistentIntentOperationService (has extras) }
01-20 06:53:15.094  3768  3851 E Finsky  : [57] [Counters] attempted to use a non-positive increment for: 4753
01-20 06:53:15.101  1258  4344 W NetworkScheduler: Unexpected forwarded intent: Intent { act=android.intent.action.PACKAGE_ADDED dat=package: flg=0x4000010 pkg=com.google.android.gms cmp=com.google.android.gms/.chimera.PersistentIntentOperationService (has extras) }
01-20 06:53:15.103  1258  4332 I .gms.persistent: AssetManager2(0x784cb4b78818) locale list changing from [] to [en-US]
01-20 06:53:15.140  3768  3851 I Finsky  : [57] AIM: AppInfoManager-Perf > ItemModel > CacheSize=35, cacheHitCount=0, cacheMissCount=0, total appsWithNoServerDataCount=1. Missed  in cache (limit 10) : []
01-20 06:53:15.151  3768  3851 I Finsky  : [57] AIM: AppInfoManager-Perf > ItemModel > CacheSize=35, cacheHitCount=0, cacheMissCount=0, total appsWithNoServerDataCount=1. Missed  in cache (limit 10) : []
01-20 06:53:15.159  3768  3851 I Finsky  : [57] AIM: AppInfoManager-Perf > getApps > data collection finished
01-20 06:53:15.159  3768  3851 I Finsky  : [57] AIM: AppInfoManager-Perf > maybeDestroyAppInfoManager is called. actives = 0
01-20 06:53:15.184  3853  3949 I Finsky:background: [59] RECEIVER_ENGAGE_PACKAGE_CHANGED#logWorkEndAndFinishGoAsync: SKIPPED_PRECONDITIONS_UNMET
01-20 06:53:15.198   699   890 D BackgroundInstallControlService: Package event received: 0
01-20 06:53:15.202  1258  4339 I Fitness : (REDACTED) FitCleanupIntentOperation received Intent %s
01-20 06:53:15.203  1258  4332 I Fitness : (REDACTED) OnPackageChangedOperation got intent: %s
01-20 06:53:15.204   699   764 V SafetySourceDataValidat: Package: com.android.vending has expected signature
01-20 06:53:15.204   699   764 V SafetySourceDataValidat: Package: com.android.vending has expected signature
01-20 06:53:15.211  1501  3797 I Icing   : Usage reports ok 0, Failed Usage reports 0, indexed 0, rejected 0
01-20 06:53:15.220  1258  4344 I Fitness : (REDACTED) FitCleanupIntentOperation received Intent %s
01-20 06:53:15.230  1501  4261 I Icing   : IndexChimeraService.getServiceInterface callingPackage=com.google.android.gms componentName=null serviceId=30
01-20 06:53:15.258  3768  3768 I Finsky  : [2] Memory trim requested to level 40
01-20 06:53:15.260  3768  3768 I Finsky  : [2] Flushing in-memory image cache
01-20 06:53:15.264  3853  3853 I Finsky:background: [2] Memory trim requested to level 40
01-20 06:53:15.281  3768  3831 I Finsky  : [47] WM::SCH: Logging work initialize for 12-1
01-20 06:53:15.288   699   710 I system_server: Background concurrent mark compact GC freed 25MB AllocSpace bytes, 48(1288KB) LOS objects, 42% free, 33MB/57MB, paused 5.062ms,23.625ms total 1.452s
01-20 06:53:15.307   699   712 W System  : A resource failed to call close. 
01-20 06:53:15.310  3768  3839 I Finsky  : [53] SCH: Scheduling phonesky job Id: 12-1, CT: 1768891994975, Constraints: [{ L: 15000, D: 86400000, C: CHARGING_NONE, I: IDLE_NONE, N: NET_ANY, B: BATTERY_ANY }]
01-20 06:53:15.314  3768  3851 I Finsky  : [57] SCH: Scheduling 1 system job(s)
01-20 06:53:15.314  3768  3851 I Finsky  : [57] SCH: Scheduling system job Id: 9165, L: 14661, D: 70646619, C: false, I: false, N: 1
01-20 06:53:15.336  3768  3833 I Finsky  : [49] [ContentSync] finished, scheduled=true
01-20 06:53:15.348  1501  4207 I gle.android.gms: AssetManager2(0x784cb4b639b8) locale list changing from [] to [en-US]
01-20 06:53:15.350  1717  4250 I dmkr    : (REDACTED) Writing data of size=%d bytes with N=%d keys to Geller corpus %s at ts=%d
01-20 06:53:15.358  1717  1796 I akkt    : refreshDeviceAppInfoForAccount done.
01-20 06:53:15.360  1501  3797 I Icing   : Usage reports ok 0, Failed Usage reports 0, indexed 0, rejected 0
01-20 06:53:15.375  1717  1906 W akkt    : missing version info.
01-20 06:53:15.412  1501  3797 I Icing   : Indexing com.google.android.gms-apps from com.google.android.gms
01-20 06:53:15.442  1501  3797 I Icing   : Indexing done com.google.android.gms-apps
01-20 06:53:15.443  1501  3797 I Icing   : Indexing com.google.android.gms-apps from com.google.android.gms
01-20 06:53:15.444  1501  3797 I Icing   : Indexing done com.google.android.gms-apps
01-20 06:53:15.598  1376  1435 I .apps.wellbeing: AssetManager2(0x784cb4b81af8) locale list changing from [] to [en-US]
01-20 06:53:15.604  1376  1435 I .apps.wellbeing: AssetManager2(0x784cb4b7b0b8) locale list changing from [] to [en-US]
01-20 06:53:15.614  1376  1435 I .apps.wellbeing: AssetManager2(0x784cb4b81af8) locale list changing from [] to [en-US]
01-20 06:53:15.617  1376  1435 I .apps.wellbeing: AssetManager2(0x784cb4b7c378) locale list changing from [] to [en-US]
01-20 06:53:15.618   699  1947 D CompatChangeReporter: Compat change id reported: 311208749; UID 10148; state: ENABLED
01-20 06:53:15.618   699  1947 I ActivityManager: Background started FGS: Allowed [callingPackage: com.google.android.apps.wellbeing; callingUid: 10148; uidState: BTOP; uidBFSL: [BFSL]; intent: Intent { xflg=0x4 cmp=com.google.android.apps.wellbeing/com.google.apps.tiktok.concurrent.InternalForegroundService (has extras) }; code:BACKGROUND_ACTIVITY_PERMISSION; tempAllowListReason:<null>; allowWiu:58; targetSdkVersion:35; callerTargetSdkVersion:35; startForegroundCount:0; bindFromPackage:null: isBindService:false]
01-20 06:53:15.622  1376  1435 I .apps.wellbeing: AssetManager2(0x784cb4b81198) locale list changing from [] to [en-US]
01-20 06:53:15.626   699   764 D CompatChangeReporter: Compat change id reported: 296558535; UID 10148; state: ENABLED
01-20 06:53:15.626   699   764 D CompatChangeReporter: Compat change id reported: 317799821; UID 10148; state: ENABLED
01-20 06:53:15.627   699   764 D CompatChangeReporter: Compat change id reported: 313677553; UID 10148; state: ENABLED
01-20 06:53:15.629  1376  1435 I .apps.wellbeing: AssetManager2(0x784cb4b814b8) locale list changing from [] to [en-US]
01-20 06:53:15.630   699   890 D BackgroundInstallControlService: Package event received: 0
01-20 06:53:15.630   699   764 W ForegroundServiceTypeLoggerModule: Foreground service start for UID: 10148 does not have any types
01-20 06:53:15.634   699   764 W ForegroundServiceTypeLoggerModule: FGS stop call for: 10148 has no types!
01-20 06:53:15.635   699   890 D BackgroundInstallControlService: Package event received: 0
01-20 06:53:15.642  1376  1435 I .apps.wellbeing: AssetManager2(0x784cb4b7a438) locale list changing from [] to [en-US]
01-20 06:53:15.649  1376  1435 I .apps.wellbeing: AssetManager2(0x784cb4b7bd38) locale list changing from [] to [en-US]
01-20 06:53:15.656  1376  1435 I .apps.wellbeing: AssetManager2(0x784cb4b817d8) locale list changing from [] to [en-US]
01-20 06:53:15.663  1376  1435 I .apps.wellbeing: AssetManager2(0x784cb4b7f578) locale list changing from [] to [en-US]
01-20 06:53:15.666  1376  1435 I .apps.wellbeing: AssetManager2(0x784cb4b7ef38) locale list changing from [] to [en-US]
01-20 06:53:15.673  1376  1435 I .apps.wellbeing: AssetManager2(0x784cb4b7f898) locale list changing from [] to [en-US]
01-20 06:53:15.679  1376  1435 I .apps.wellbeing: AssetManager2(0x784cb4b7c9b8) locale list changing from [] to [en-US]
01-20 06:53:15.686  1376  1435 I .apps.wellbeing: AssetManager2(0x784cb4b7dc78) locale list changing from [] to [en-US]
01-20 06:53:15.693  3840  3840 I abb     : StartCommandInProcess(73657474696e67730067657400676c6f settings.get.glo [truncated])
01-20 06:53:15.693  1376  1435 I .apps.wellbeing: AssetManager2(0x784cb4b7c698) locale list changing from [] to [en-US]
01-20 06:53:15.695   699   699 W binder:699_1B: type=1400 audit(0.0:206): avc:  denied  { getopt } for  scontext=u:r:system_server:s0 tcontext=u:r:shell:s0 tclass=unix_stream_socket permissive=0
01-20 06:53:15.695   699   699 W binder:699_1B: type=1400 audit(0.0:207): avc:  denied  { getopt } for  scontext=u:r:system_server:s0 tcontext=u:r:shell:s0 tclass=unix_stream_socket permissive=0
01-20 06:53:15.695   699   699 W binder:699_1B: type=1400 audit(0.0:208): avc:  denied  { getopt } for  scontext=u:r:system_server:s0 tcontext=u:r:shell:s0 tclass=unix_stream_socket permissive=0
01-20 06:53:15.705  3840  3840 I abb     : StartCommandInProcess(7061636b61676500696e7374616c6c00 package.install. [truncated])
01-20 06:53:15.714   699   890 D BackgroundInstallControlService: Package event received: 0
01-20 06:53:15.795  1376  1435 I .apps.wellbeing: AssetManager2(0x784cb4b7c698) locale list changing from [] to [en-US]
01-20 06:53:15.826  1376  1435 I .apps.wellbeing: AssetManager2(0x784cb4b7c9b8) locale list changing from [] to [en-US]
01-20 06:53:15.842  1376  1435 I .apps.wellbeing: AssetManager2(0x784cb4b7dc78) locale list changing from [] to [en-US]
01-20 06:53:15.850   699   699 I NotificationService: Cannot find enqueued record for key: 0|com.google.android.apps.wellbeing|174344743|null|10148
01-20 06:53:15.861  1376  1435 I .apps.wellbeing: AssetManager2(0x784cb4b7ef38) locale list changing from [] to [en-US]
01-20 06:53:15.864  1376  1435 I .apps.wellbeing: AssetManager2(0x784cb4b7bd38) locale list changing from [] to [en-US]
01-20 06:53:15.867  1376  1435 I .apps.wellbeing: AssetManager2(0x784cb4b7a438) locale list changing from [] to [en-US]
01-20 06:53:15.903  1376  1435 I .apps.wellbeing: AssetManager2(0x784cb4b817d8) locale list changing from [] to [en-US]
01-20 06:53:15.911  1376  1435 I .apps.wellbeing: AssetManager2(0x784cb4b81198) locale list changing from [] to [en-US]
01-20 06:53:15.921  1376  1435 I .apps.wellbeing: AssetManager2(0x784cb4b7c378) locale list changing from [] to [en-US]
01-20 06:53:16.079  1376  1435 I .apps.wellbeing: AssetManager2(0x784cb4b814b8) locale list changing from [] to [en-US]
01-20 06:53:16.081  1376  1435 I .apps.wellbeing: AssetManager2(0x784cb4b7b0b8) locale list changing from [] to [en-US]
01-20 06:53:16.083  1376  1435 I .apps.wellbeing: AssetManager2(0x784cb4b81af8) locale list changing from [] to [en-US]
01-20 06:53:16.092  1376  1435 I .apps.wellbeing: AssetManager2(0x784cb4b7ad98) locale list changing from [] to [en-US]
01-20 06:53:16.246  1376  1435 I .apps.wellbeing: AssetManager2(0x784cb4b7ec18) locale list changing from [] to [en-US]
01-20 06:53:16.279  1376  1435 I .apps.wellbeing: AssetManager2(0x784cb4b801f8) locale list changing from [] to [en-US]
01-20 06:53:16.284  1376  1435 I .apps.wellbeing: AssetManager2(0x784cb4b7a118) locale list changing from [] to [en-US]
01-20 06:53:16.295  1376  1435 I .apps.wellbeing: AssetManager2(0x784cb4b73d18) locale list changing from [] to [en-US]
01-20 06:53:16.305  1376  1435 I .apps.wellbeing: AssetManager2(0x784cb4b74fd8) locale list changing from [] to [en-US]
01-20 06:53:16.314  1376  1435 I .apps.wellbeing: AssetManager2(0x784cb4b74998) locale list changing from [] to [en-US]
01-20 06:53:16.319   699   699 W binder:699_1B: type=1400 audit(0.0:209): avc:  denied  { getopt } for  scontext=u:r:system_server:s0 tcontext=u:r:shell:s0 tclass=unix_stream_socket permissive=0
01-20 06:53:16.324  1376  1435 I .apps.wellbeing: AssetManager2(0x784cb4b7a758) locale list changing from [] to [en-US]
01-20 06:53:16.324   699  1944 E SystemServiceRegistry: No service published for: persistent_data_block
01-20 06:53:16.324   699  1944 E SystemServiceRegistry: android.os.ServiceManager$ServiceNotFoundException: No service published for: persistent_data_block
01-20 06:53:16.324   699  1944 E SystemServiceRegistry: 	at android.os.ServiceManager.getServiceOrThrow(ServiceManager.java:203)
01-20 06:53:16.324   699  1944 E SystemServiceRegistry: 	at android.app.SystemServiceRegistry$82.createService(SystemServiceRegistry.java:1110)
01-20 06:53:16.324   699  1944 E SystemServiceRegistry: 	at android.app.SystemServiceRegistry$82.createService(SystemServiceRegistry.java:1107)
01-20 06:53:16.324   699  1944 E SystemServiceRegistry: 	at android.app.SystemServiceRegistry$StaticServiceFetcher.getService(SystemServiceRegistry.java:2405)
01-20 06:53:16.324   699  1944 E SystemServiceRegistry: 	at android.app.SystemServiceRegistry.getSystemService(SystemServiceRegistry.java:1918)
01-20 06:53:16.324   699  1944 E SystemServiceRegistry: 	at android.app.ContextImpl.getSystemService(ContextImpl.java:2315)
01-20 06:53:16.324   699  1944 E SystemServiceRegistry: 	at android.content.Context.getSystemService(Context.java:4630)
01-20 06:53:16.324   699  1944 E SystemServiceRegistry: 	at com.android.server.pm.PackageInstallerSession.markAsSealed(PackageInstallerSession.java:2449)
01-20 06:53:16.324   699  1944 E SystemServiceRegistry: 	at com.android.server.pm.PackageInstallerSession.commit(PackageInstallerSession.java:2198)
01-20 06:53:16.324   699  1944 E SystemServiceRegistry: 	at android.content.pm.PackageInstaller$Session.commit(PackageInstaller.java:1988)
01-20 06:53:16.324   699  1944 E SystemServiceRegistry: 	at com.android.server.pm.PackageManagerShellCommand.doCommitSession(PackageManagerShellCommand.java:4316)
01-20 06:53:16.324   699  1944 E SystemServiceRegistry: 	at com.android.server.pm.PackageManagerShellCommand.doRunInstall(PackageManagerShellCommand.java:1641)
01-20 06:53:16.324   699  1944 E SystemServiceRegistry: 	at com.android.server.pm.PackageManagerShellCommand.runInstall(PackageManagerShellCommand.java:1562)
01-20 06:53:16.324   699  1944 E SystemServiceRegistry: 	at com.android.server.pm.PackageManagerShellCommand.onCommand(PackageManagerShellCommand.java:246)
01-20 06:53:16.324   699  1944 E SystemServiceRegistry: 	at com.android.modules.utils.BasicShellCommandHandler.exec(BasicShellCommandHandler.java:97)
01-20 06:53:16.324   699  1944 E SystemServiceRegistry: 	at android.os.ShellCommand.exec(ShellCommand.java:38)
01-20 06:53:16.324   699  1944 E SystemServiceRegistry: 	at com.android.server.pm.PackageManagerService$IPackageManagerImpl.onShellCommand(PackageManagerService.java:6684)
01-20 06:53:16.324   699  1944 E SystemServiceRegistry: 	at android.os.Binder.shellCommand(Binder.java:1151)
01-20 06:53:16.324   699  1944 E SystemServiceRegistry: 	at android.os.Binder.onTransact(Binder.java:953)
01-20 06:53:16.324   699  1944 E SystemServiceRegistry: 	at android.content.pm.IPackageManager$Stub.onTransact(IPackageManager.java:4729)
01-20 06:53:16.324   699  1944 E SystemServiceRegistry: 	at com.android.server.pm.PackageManagerService$IPackageManagerImpl.onTransact(PackageManagerService.java:6668)
01-20 06:53:16.324   699  1944 E SystemServiceRegistry: 	at android.os.Binder.execTransactInternal(Binder.java:1426)
01-20 06:53:16.324   699  1944 E SystemServiceRegistry: 	at android.os.Binder.execTransact(Binder.java:1365)
01-20 06:53:16.325   699  1944 E SystemServiceRegistry: Manager wrapper not available: persistent_data_block
01-20 06:53:16.350  1376  1435 I .apps.wellbeing: AssetManager2(0x784cb4b79498) locale list changing from [] to [en-US]
01-20 06:53:16.352  1376  1435 I .apps.wellbeing: AssetManager2(0x784cb4b79df8) locale list changing from [] to [en-US]
01-20 06:53:16.360  1376  1435 I .apps.wellbeing: AssetManager2(0x784cb4b78e58) locale list changing from [] to [en-US]
01-20 06:53:16.416  1376  1435 I .apps.wellbeing: AssetManager2(0x784cb4b73098) locale list changing from [] to [en-US]
01-20 06:53:16.425   699   721 D FileSystemUtils: Total number of LOAD segments 3
01-20 06:53:16.425   699   721 D FileSystemUtils: Size before punching holes st_blocks: 208176, st_blksize: 4096, st_size: 106581239
01-20 06:53:16.425   699   721 D FileSystemUtils: Size after punching holes st_blocks: 208176, st_blksize: 4096, st_size: 106581239
01-20 06:53:16.425   699   721 D FileSystemUtils: Extra field length: 406,  Size before punching holes st_blocks: 208176, st_blksize: 4096, st_size: 106581239
01-20 06:53:16.425   699   721 D FileSystemUtils: Skipping punching apk as extra field length is less than block size
01-20 06:53:16.425   699   721 W NativeLibraryHelper: Failed to punch apk : /data/app/vmdl683680727.tmp/base.apk at extra field
01-20 06:53:16.425   699   721 D FileSystemUtils: Total number of LOAD segments 3
01-20 06:53:16.425   699   721 D FileSystemUtils: Size before punching holes st_blocks: 208176, st_blksize: 4096, st_size: 106581239
01-20 06:53:16.425   699   721 D FileSystemUtils: Size after punching holes st_blocks: 208176, st_blksize: 4096, st_size: 106581239
01-20 06:53:16.425   699   721 D FileSystemUtils: Extra field length: 11203,  Size before punching holes st_blocks: 208176, st_blksize: 4096, st_size: 106581239
01-20 06:53:16.426   699   721 D FileSystemUtils: Extra field length: 11203 content near offset: 0000000000000000000000000000000000000000000000000000000000000000000000000000000000000000000000000000000000000000000000000000000000000000000000000000000000000000000000000000000000000000000000000000000000000000000000000000000000000000000000000000000000000000000000000000000000000000000000000000000000000000000000000000000000000000000000000000000000000000000000000000000000000000000000000000000000000000000000000000000000000000000000000000000000000000000000000000000000000000000000000000000000000000000000000000000000000000000000000000000000000000000000000000000000000000000000000000000000000000000000000000000000000000000000000000000000000000000000000000000000000000000000000000000000000000000000000000000000000000000000000000000000000000000000000000000000000000000000000000000000000000000000000000000000000000000000000000000000000000000000000000000000000000000000000000000000000000000000000000000000000000000000000000000000000000000000000000000000000000000000000000000000000000
01-20 06:53:16.426   699   721 D FileSystemUtils: Punching hole in file - start: 84008960 len:8192
01-20 06:53:16.427   699   721 D FileSystemUtils: punchHolesInApk:: Size after punching holes st_blocks: 208160, st_blksize: 4096, st_size: 106581239
01-20 06:53:16.427   699   721 D FileSystemUtils: Total number of LOAD segments 3
01-20 06:53:16.427   699   721 D FileSystemUtils: Size before punching holes st_blocks: 208160, st_blksize: 4096, st_size: 106581239
01-20 06:53:16.427   699   721 D FileSystemUtils: Size after punching holes st_blocks: 208160, st_blksize: 4096, st_size: 106581239
01-20 06:53:16.427   699   721 D FileSystemUtils: Extra field length: 9884,  Size before punching holes st_blocks: 208160, st_blksize: 4096, st_size: 106581239
01-20 06:53:16.427   699   721 D FileSystemUtils: Extra field length: 9884 content near offset: 00000000000000000000000000000000000000000000000000000000000000000000000000000000000000000000000000000000000000000000000000000000000000000000000000000000000000000000000000000000000000000000000000000000000000000000000000000000000000000000000000000000000000000000000000000000000000000000000000000000000000000000000000000000000000000000000000000000000000000000000000000000000000000000000000000000000000000000000000000000000000000000000000000000000000000000000000000000000000000000000000000000000000000000000000000000000000000000000000000000000000000000000000000000000000000000000000000000000000000000000000000000000000000000000000000000000000000000000000000000000000000000000000000000000000000000000000000000000000000000000000000000000000000000000000000000000000000000000000000000000000000000000000000000000000000000000000000000000000000000000000000000000000000000000000000000000000000000000000000000000000000000000000000000000000000000000000000000000000000000000000000000000000000
01-20 06:53:16.427   699   721 D FileSystemUtils: Punching hole in file - start: 82419712 len:8192
01-20 06:53:16.429   699   721 D FileSystemUtils: punchHolesInApk:: Size after punching holes st_blocks: 208152, st_blksize: 4096, st_size: 106581239
01-20 06:53:16.429   699   721 D FileSystemUtils: Total number of LOAD segments 4
01-20 06:53:16.429   699   721 D FileSystemUtils: Size before punching holes st_blocks: 208152, st_blksize: 4096, st_size: 106581239
01-20 06:53:16.429   699   721 D FileSystemUtils: Size after punching holes st_blocks: 208152, st_blksize: 4096, st_size: 106581239
01-20 06:53:16.429   699   721 D FileSystemUtils: Extra field length: 1323,  Size before punching holes st_blocks: 208152, st_blksize: 4096, st_size: 106581239
01-20 06:53:16.429   699   721 D FileSystemUtils: Skipping punching apk as extra field length is less than block size
01-20 06:53:16.429   699   721 W NativeLibraryHelper: Failed to punch apk : /data/app/vmdl683680727.tmp/base.apk at extra field
01-20 06:53:16.429   699   721 D FileSystemUtils: Total number of LOAD segments 3
01-20 06:53:16.429   699   721 D FileSystemUtils: Size before punching holes st_blocks: 208152, st_blksize: 4096, st_size: 106581239
01-20 06:53:16.429   699   721 D FileSystemUtils: Size after punching holes st_blocks: 208152, st_blksize: 4096, st_size: 106581239
01-20 06:53:16.429   699   721 D FileSystemUtils: Extra field length: 7228,  Size before punching holes st_blocks: 208152, st_blksize: 4096, st_size: 106581239
01-20 06:53:16.429   699   721 D FileSystemUtils: Extra field length: 7228 content near offset: 00000000000000000000000000000000000000000000000000000000000000000000000000000000000000000000000000000000000000000000000000000000000000000000000000000000000000000000000000000000000000000000000000000000000000000000000000000000000000000000000000000000000000000000000000000000000000000000000000000000000000000000000000000000000000000000000000000000000000000000000000000000000000000000000000000000000000000000000000000000000000000000000000000000000000000000000000000000000000000000000000000000000000000000000000000000000000000000000000000000000000000000000000000000000000000000000000000000000000000000000000000000000000000000000000000000000000000000000000000000000000000000000000000000000000000000000000000000000000000000000000000000000000000000000000000000000000000000000000000000000000000000000000000000000000000000000000000000000000000000000000000000000000000000000000000000000000000000000000000000000000000000000000000000000000000000000000000000000000000000000000000000000000000
01-20 06:53:16.429   699   721 D FileSystemUtils: Punching hole in file - start: 83079168 len:4096
01-20 06:53:16.431   699   721 D FileSystemUtils: punchHolesInApk:: Size after punching holes st_blocks: 208144, st_blksize: 4096, st_size: 106581239
01-20 06:53:16.431   699   721 D FileSystemUtils: Total number of LOAD segments 3
01-20 06:53:16.431   699   721 D FileSystemUtils: Size before punching holes st_blocks: 208144, st_blksize: 4096, st_size: 106581239
01-20 06:53:16.431   699   721 D FileSystemUtils: Size after punching holes st_blocks: 208144, st_blksize: 4096, st_size: 106581239
01-20 06:53:16.431   699   721 D FileSystemUtils: Extra field length: 9436,  Size before punching holes st_blocks: 208144, st_blksize: 4096, st_size: 106581239
01-20 06:53:16.431   699   721 D FileSystemUtils: Extra field length: 9436 content near offset: 00000000000000000000000000000000000000000000000000000000000000000000000000000000000000000000000000000000000000000000000000000000000000000000000000000000000000000000000000000000000000000000000000000000000000000000000000000000000000000000000000000000000000000000000000000000000000000000000000000000000000000000000000000000000000000000000000000000000000000000000000000000000000000000000000000000000000000000000000000000000000000000000000000000000000000000000000000000000000000000000000000000000000000000000000000000000000000000000000000000000000000000000000000000000000000000000000000000000000000000000000000000000000000000000000000000000000000000000000000000000000000000000000000000000000000000000000000000000000000000000000000000000000000000000000000000000000000000000000000000000000000000000000000000000000000000000000000000000000000000000000000000000000000000000000000000000000000000000000000000000000000000000000000000000000000000000000000000000000000000000000000000000000000
01-20 06:53:16.431   699   721 D FileSystemUtils: Punching hole in file - start: 78176256 len:8192
01-20 06:53:16.432   699   721 D FileSystemUtils: punchHolesInApk:: Size after punching holes st_blocks: 208128, st_blksize: 4096, st_size: 106581239
01-20 06:53:16.432   699   721 D FileSystemUtils: Total number of LOAD segments 3
01-20 06:53:16.432   699   721 D FileSystemUtils: Size before punching holes st_blocks: 208128, st_blksize: 4096, st_size: 106581239
01-20 06:53:16.432   699   721 D FileSystemUtils: Size after punching holes st_blocks: 208128, st_blksize: 4096, st_size: 106581239
01-20 06:53:16.432   699   721 D FileSystemUtils: Extra field length: 4048,  Size before punching holes st_blocks: 208128, st_blksize: 4096, st_size: 106581239
01-20 06:53:16.433   699   721 D FileSystemUtils: Skipping punching apk as extra field length is less than block size
01-20 06:53:16.433   699   721 W NativeLibraryHelper: Failed to punch apk : /data/app/vmdl683680727.tmp/base.apk at extra field
01-20 06:53:16.433   699   721 D FileSystemUtils: Total number of LOAD segments 3
01-20 06:53:16.433   699   721 D FileSystemUtils: Size before punching holes st_blocks: 208128, st_blksize: 4096, st_size: 106581239
01-20 06:53:16.433   699   721 D FileSystemUtils: Size after punching holes st_blocks: 208128, st_blksize: 4096, st_size: 106581239
01-20 06:53:16.433   699   721 D FileSystemUtils: Extra field length: 7870,  Size before punching holes st_blocks: 208128, st_blksize: 4096, st_size: 106581239
01-20 06:53:16.433   699   721 D FileSystemUtils: Extra field length: 7870 content near offset: 00000000000000000000000000000000000000000000000000000000000000000000000000000000000000000000000000000000000000000000000000000000000000000000000000000000000000000000000000000000000000000000000000000000000000000000000000000000000000000000000000000000000000000000000000000000000000000000000000000000000000000000000000000000000000000000000000000000000000000000000000000000000000000000000000000000000000000000000000000000000000000000000000000000000000000000000000000000000000000000000000000000000000000000000000000000000000000000000000000000000000000000000000000000000000000000000000000000000000000000000000000000000000000000000000000000000000000000000000000000000000000000000000000000000000000000000000000000000000000000000000000000000000000000000000000000000000000000000000000000000000000000000000000000000000000000000000000000000000000000000000000000000000000000000000000000000000000000000000000000000000000000000000000000000000000000000000000000000000000000000000000000000000000
01-20 06:53:16.433   699   721 D FileSystemUtils: Punching hole in file - start: 83095552 len:4096
01-20 06:53:16.433   699   721 D FileSystemUtils: punchHolesInApk:: Size after punching holes st_blocks: 208120, st_blksize: 4096, st_size: 106581239
01-20 06:53:16.433   699   721 D FileSystemUtils: Total number of LOAD segments 3
01-20 06:53:16.433   699   721 D FileSystemUtils: Size before punching holes st_blocks: 208120, st_blksize: 4096, st_size: 106581239
01-20 06:53:16.433   699   721 D FileSystemUtils: Size after punching holes st_blocks: 208120, st_blksize: 4096, st_size: 106581239
01-20 06:53:16.434   699   721 D FileSystemUtils: Extra field length: 7219,  Size before punching holes st_blocks: 208120, st_blksize: 4096, st_size: 106581239
01-20 06:53:16.434   699   721 D FileSystemUtils: Extra field length: 7219 content near offset: 00000000000000000000000000000000000000000000000000000000000000000000000000000000000000000000000000000000000000000000000000000000000000000000000000000000000000000000000000000000000000000000000000000000000000000000000000000000000000000000000000000000000000000000000000000000000000000000000000000000000000000000000000000000000000000000000000000000000000000000000000000000000000000000000000000000000000000000000000000000000000000000000000000000000000000000000000000000000000000000000000000000000000000000000000000000000000000000000000000000000000000000000000000000000000000000000000000000000000000000000000000000000000000000000000000000000000000000000000000000000000000000000000000000000000000000000000000000000000000000000000000000000000000000000000000000000000000000000000000000000000000000000000000000000000000000000000000000000000000000000000000000000000000000000000000000000000000000000000000000000000000000000000000000000000000000000000000000000000000000000000000000000000000
01-20 06:53:16.434   699   721 D FileSystemUtils: Punching hole in file - start: 78360576 len:4096
01-20 06:53:16.434   699   721 D FileSystemUtils: punchHolesInApk:: Size after punching holes st_blocks: 208112, st_blksize: 4096, st_size: 106581239
01-20 06:53:16.435   699   721 D FileSystemUtils: Total number of LOAD segments 3
01-20 06:53:16.435   699   721 D FileSystemUtils: Size before punching holes st_blocks: 208112, st_blksize: 4096, st_size: 106581239
01-20 06:53:16.435   699   721 D FileSystemUtils: Size after punching holes st_blocks: 208112, st_blksize: 4096, st_size: 106581239
01-20 06:53:16.435   699   721 D FileSystemUtils: Extra field length: 2171,  Size before punching holes st_blocks: 208112, st_blksize: 4096, st_size: 106581239
01-20 06:53:16.435   699   721 D FileSystemUtils: Skipping punching apk as extra field length is less than block size
01-20 06:53:16.435   699   721 W NativeLibraryHelper: Failed to punch apk : /data/app/vmdl683680727.tmp/base.apk at extra field
01-20 06:53:16.437   699   762 D InstallDependencyHelper: No missing dependency for com.myapp1reactnative
01-20 06:53:16.438  1376  1435 I .apps.wellbeing: AssetManager2(0x784cb4b82458) locale list changing from [] to [en-US]
01-20 06:53:16.443   699   754 V Configuration: Updating configuration, locales updated from [] to [en_US]
01-20 06:53:16.443   699   754 I system_server: AssetManager2(0x784cb4b8fbf8) locale list changing from [] to [en-US]
01-20 06:53:16.451  1376  1435 I .apps.wellbeing: AssetManager2(0x784cb4b88858) locale list changing from [] to [en-US]
01-20 06:53:16.451   699   754 I PackageManager: Update package com.myapp1reactnative code path from /data/app/~~A1_td2lWxCrlj-ku6T6SVA==/com.myapp1reactnative-SDy7EtM1KcQyIuiYMbg_EQ== to /data/app/vmdl683680727.tmp; Retain data and using new
01-20 06:53:16.457  1376  1435 I .apps.wellbeing: AssetManager2(0x784cb4b85978) locale list changing from [] to [en-US]
01-20 06:53:16.460  1376  1435 I .apps.wellbeing: AssetManager2(0x784cb4b897f8) locale list changing from [] to [en-US]
01-20 06:53:16.463   699   754 I AppsFilter: interaction: PackageSetting{9e35d55 com.android.microdroid.empty_payload/10212} -> PackageSetting{1562880 com.myapp1reactnative/10228} BLOCKED
01-20 06:53:16.463   699   754 I AppsFilter: interaction: PackageSetting{9e35d55 com.android.microdroid.empty_payload/10212} -> PackageSetting{548271a com.myapp1reactnative/10228} BLOCKED
01-20 06:53:16.467  1376  1435 I .apps.wellbeing: AssetManager2(0x784cb4b88218) locale list changing from [] to [en-US]
01-20 06:53:16.498   699   728 I ActivityManager: Force stopping com.myapp1reactnative appid=10228 user=-1: installPackageLI
01-20 06:53:16.502   699   754 I PackageManager: installation completed for package:com.myapp1reactnative. Final code path: /data/app/~~kNRlYkQiCx-C1b3DbxgYuQ==/com.myapp1reactnative-cIospiekAByQ518w_KhoWg==
01-20 06:53:16.502   699   754 I AppsFilter: interaction: PackageSetting{1faf680 com.android.microdroid.empty_payload/10212} -> PackageSetting{86c3f09 com.myapp1reactnative/10228} BLOCKED
01-20 06:53:16.503  1376  1435 I .apps.wellbeing: AssetManager2(0x784cb4b88e98) locale list changing from [] to [en-US]
01-20 06:53:16.511   699   754 I ActivityManager: Force stopping com.myapp1reactnative appid=10228 user=0: pkg removed
01-20 06:53:16.515   699   754 W IPCThreadState: Sending oneway calls to frozen process.
01-20 06:53:16.515   699   754 W IPCThreadState: Sending oneway calls to frozen process.
01-20 06:53:16.515   699   754 W IPCThreadState: Sending oneway calls to frozen process.
01-20 06:53:16.515   699   754 W IPCThreadState: Sending oneway calls to frozen process.
01-20 06:53:16.515   699   754 W IPCThreadState: Sending oneway calls to frozen process.
01-20 06:53:16.515   699   754 W IPCThreadState: Sending oneway calls to frozen process.
01-20 06:53:16.515   699   754 W IPCThreadState: Sending oneway calls to frozen process.
01-20 06:53:16.516   699   754 W IPCThreadState: Sending oneway calls to frozen process.
01-20 06:53:16.516   699   754 W IPCThreadState: Sending oneway calls to frozen process.
01-20 06:53:16.516   699   754 W IPCThreadState: Sending oneway calls to frozen process.
01-20 06:53:16.516   699   754 W IPCThreadState: Sending oneway calls to frozen process.
01-20 06:53:16.516   699   754 W IPCThreadState: Sending oneway calls to frozen process.
01-20 06:53:16.517   699   754 W IPCThreadState: Sending oneway calls to frozen process.
01-20 06:53:16.517   699   754 W IPCThreadState: Sending oneway calls to frozen process.
01-20 06:53:16.517   699   754 W IPCThreadState: Sending oneway calls to frozen process.
01-20 06:53:16.517   699   754 W IPCThreadState: Sending oneway calls to frozen process.
01-20 06:53:16.517   699   754 W IPCThreadState: Sending oneway calls to frozen process.
01-20 06:53:16.517   699   754 W IPCThreadState: Sending oneway calls to frozen process.
01-20 06:53:16.517   699   754 W IPCThreadState: Sending oneway calls to frozen process.
01-20 06:53:16.517   699   754 W IPCThreadState: Sending oneway calls to frozen process.
01-20 06:53:16.517   699   754 W IPCThreadState: Sending oneway calls to frozen process.
01-20 06:53:16.517   699   754 W IPCThreadState: Sending oneway calls to frozen process.
01-20 06:53:16.517   699   754 W IPCThreadState: Sending oneway calls to frozen process.
01-20 06:53:16.518  1376  1435 I .apps.wellbeing: AssetManager2(0x784cb4b74358) locale list changing from [] to [en-US]
01-20 06:53:16.525  1376  1435 I .apps.wellbeing: AssetManager2(0x784cb4b865f8) locale list changing from [] to [en-US]
01-20 06:53:16.527   699   810 I system_server: AssetManager2(0x784cb4b8fbf8) locale list changing from [] to [en-US]
01-20 06:53:16.533   699   888 D ShortcutService: received package broadcast intent: Intent { act=android.intent.action.PACKAGE_REMOVED dat=package: flg=0x4000010 (has extras) }
01-20 06:53:16.535   699   722 I system_server: AssetManager2(0x784cb4ba6678) locale list changing from [] to [en-US]
01-20 06:53:16.539   699   849 E AppOps  : attributionTag VCN not declared in manifest of android
01-20 06:53:16.546   699   810 I system_server: AssetManager2(0x784cb4b959b8) locale list changing from [] to [en-US]
01-20 06:53:16.553   699   895 I SdkSandboxManager: No SDKs used. Skipping SDK data reconcilation for CallingInfo{mUid=10228, mPackageName='com.myapp1reactnative, mAppProcessToken='null'}
01-20 06:53:16.554   699   816 W PackageConfigPersister: App-specific configuration not found for packageName: com.myapp1reactnative and userId: 0
01-20 06:53:16.557  1038  1038 E SmsApplication: com.google.android.apps.messaging lost android:read_cell_broadcasts:  (fixing)
01-20 06:53:16.559  1050  1113 D PackageUpdatedTask: Package updated: mOp=UPDATE packages=[com.myapp1reactnative], user=UserHandle{0}
01-20 06:53:16.562   699   715 W AppOpService: Ignored setUidMode call for runtime permission app op: uid = 10146, code = READ_CELL_BROADCASTS, mode = allow, callingUid = 1001, oldMode = allow
01-20 06:53:16.563   931   931 D ControlsListingControllerImpl: ServiceConfig reloaded, count: 0
01-20 06:53:16.563  1038  1242 I SatelliteAppTracker: onPackageUpdateFinished : com.myapp1reactnative
01-20 06:53:16.563  1038  1242 I SatelliteAppTracker: onPackageModified : com.myapp1reactnative
01-20 06:53:16.567   699   813 I system_server: AssetManager2(0x784cb4b92df8) locale list changing from [] to [en-US]
01-20 06:53:16.569   699   699 D ActivityManager: sync unfroze 3771 com.android.keychain for 10
01-20 06:53:16.570   699   888 D ShortcutService: received package broadcast intent: Intent { act=android.intent.action.PACKAGE_ADDED dat=package: flg=0x4000010 (has extras) }
01-20 06:53:16.571   699   888 D ShortcutService: replacing package: com.myapp1reactnative userId=0
01-20 06:53:16.572   699   988 W AppOpService: Ignored setUidMode call for runtime permission app op: uid = 1001, code = READ_SMS, mode = allow, callingUid = 1001, oldMode = allow
01-20 06:53:16.573  1050  1065 I s.nexuslauncher: Background concurrent mark compact GC freed 1503KB AllocSpace bytes, 17(984KB) LOS objects, 49% free, 7613KB/14MB, paused 5.576ms,2.100ms total 57.973ms
01-20 06:53:16.575  1444  4303 I AiAiEcho: AppIndexer Package:[com.myapp1reactnative] UserProfile:[0] Enabled:[true].
01-20 06:53:16.579  1050  1113 I s.nexuslauncher: AssetManager2(0x784cb4b83718) locale list changing from [] to [en-US]
01-20 06:53:16.580  1050  1113 W HWUI    : Image decoding logging dropped!
01-20 06:53:16.580   931   931 D ControlsListingControllerImpl: ServiceConfig reloaded, count: 0
01-20 06:53:16.584  1444  4303 I AiAiEcho: AppFetcherImplV2 updateApps package:[com.myapp1reactnative], userId:[0], reason:[package is updated.].
01-20 06:53:16.586   699   988 W AppOpService: Ignored setUidMode call for runtime permission app op: uid = 1001, code = RECEIVE_SMS, mode = allow, callingUid = 1001, oldMode = allow
01-20 06:53:16.586   699  1771 W AppOpService: Ignored setUidMode call for runtime permission app op: uid = 1001, code = RECEIVE_WAP_PUSH, mode = allow, callingUid = 1001, oldMode = allow
01-20 06:53:16.587  1444  4303 I ogle.android.as: AssetManager2(0x784cb4b88e98) locale list changing from [] to [en-US]
01-20 06:53:16.588   699  1771 W AppOpService: Ignored setUidMode call for runtime permission app op: uid = 1001, code = SEND_SMS, mode = allow, callingUid = 1001, oldMode = allow
01-20 06:53:16.594   699   890 D BackgroundInstallControlService: Package event received: 0
01-20 06:53:16.598  1349  1349 I SafetyLabelChangedBroadcastReceiver: received broadcast packageName: com.myapp1reactnative, current user: UserHandle{0}, packageChangeEvent: UPDATE, intent user: UserHandle{0}
01-20 06:53:16.600   699   699 I Telecom : CarModeTracker: Package com.myapp1reactnative is not tracked.: SSH.oR@AJ0
01-20 06:53:16.600   699   699 I Telecom : InCallController: updateCarModeForConnections: car mode apps: : SSH.oR@AJ0
01-20 06:53:16.606  3853  3853 D ActivityThread: Package [com.myapp1reactnative] reported as REPLACED, but missing application info. Assuming REMOVED.
01-20 06:53:16.606  3771  3771 D ActivityThread: Package [com.myapp1reactnative] reported as REPLACED, but missing application info. Assuming REMOVED.
01-20 06:53:16.607  1050  1050 D ActivityThread: Package [com.myapp1reactnative] reported as REPLACED, but missing application info. Assuming REMOVED.
01-20 06:53:16.607  3768  3768 D ActivityThread: Package [com.myapp1reactnative] reported as REPLACED, but missing application info. Assuming REMOVED.
01-20 06:53:16.607  1717  1717 D ActivityThread: Package [com.myapp1reactnative] reported as REPLACED, but missing application info. Assuming REMOVED.
01-20 06:53:16.607  1473  1473 D ActivityThread: Package [com.myapp1reactnative] reported as REPLACED, but missing application info. Assuming REMOVED.
01-20 06:53:16.608  1501  1501 D ActivityThread: Package [com.myapp1reactnative] reported as REPLACED, but missing application info. Assuming REMOVED.
01-20 06:53:16.610  1376  1376 D ActivityThread: Package [com.myapp1reactnative] reported as REPLACED, but missing application info. Assuming REMOVED.
01-20 06:53:16.610  1422  1422 D ActivityThread: Package [com.myapp1reactnative] reported as REPLACED, but missing application info. Assuming REMOVED.
01-20 06:53:16.610  1444  1444 D ActivityThread: Package [com.myapp1reactnative] reported as REPLACED, but missing application info. Assuming REMOVED.
01-20 06:53:16.611   699   890 D BackgroundInstallControlService: Package event received: 0
01-20 06:53:16.612   699   754 W IPCThreadState: Sending oneway calls to frozen process.
01-20 06:53:16.612   699   754 W IPCThreadState: Sending oneway calls to frozen process.
01-20 06:53:16.612   699   754 W IPCThreadState: Sending oneway calls to frozen process.
01-20 06:53:16.612   699   754 W IPCThreadState: Sending oneway calls to frozen process.
01-20 06:53:16.612   699   754 W IPCThreadState: Sending oneway calls to frozen process.
01-20 06:53:16.612  3187  3187 D ActivityThread: Package [com.myapp1reactnative] reported as REPLACED, but missing application info. Assuming REMOVED.
01-20 06:53:16.612   699  1952 W AppOpService: Ignored setUidMode call for runtime permission app op: uid = 1001, code = READ_CELL_BROADCASTS, mode = allow, callingUid = 1001, oldMode = allow
01-20 06:53:16.612  2913  2913 D ActivityThread: Package [com.myapp1reactnative] reported as REPLACED, but missing application info. Assuming REMOVED.
01-20 06:53:16.613  1050  1113 W HWUI    : Image decoding logging dropped!
01-20 06:53:16.613  1258  1258 D ActivityThread: Package [com.myapp1reactnative] reported as REPLACED, but missing application info. Assuming REMOVED.
01-20 06:53:16.614  1050  1113 D AlphabeticIndexCompat: computeSectionName: cs:  sectionName: 
01-20 06:53:16.614  1050  1050 D AllAppsStore: setApps: apps.length=20
01-20 06:53:16.615   699   699 I Telecom : InCallController: update carmode current:UserHandle{0} parent:null: SSH.oR@AJ0
01-20 06:53:16.615  1050  1050 D AllAppsStore: notifyUpdate: notifying listeners
01-20 06:53:16.615  1050  1050 D ActivityAllAppsContainerView: onAppsUpdated; number of apps: 20
01-20 06:53:16.615  1050  1050 D ActivityAllAppsContainerView: rebindAdapters: force: false
01-20 06:53:16.615  1050  1050 D ActivityAllAppsContainerView: rebindAdapters: Not needed.
01-20 06:53:16.615  1050  1050 D StatsLog: LAUNCHER_ALLAPPS_COUNT
01-20 06:53:16.615  1050  1050 D AlphabeticalAppsList: Clearing FastScrollerSections.
01-20 06:53:16.615  1050  1050 D AlphabeticalAppsList: Adding apps with sections. HasPrivateApps: false
01-20 06:53:16.615  1050  1050 D AlphabeticalAppsList: addAppsWithSections: adding sectionName: C with appInfoTitle: Calendar
01-20 06:53:16.615  1050  1050 D AlphabeticalAppsList: addAppsWithSections: adding sectionName: D with appInfoTitle: Drive
01-20 06:53:16.615  1050  1050 D AlphabeticalAppsList: addAppsWithSections: adding sectionName: F with appInfoTitle: Files
01-20 06:53:16.615  1050  1050 D AlphabeticalAppsList: addAppsWithSections: adding sectionName: G with appInfoTitle: Gmail
01-20 06:53:16.615  1050  1050 D AlphabeticalAppsList: addAppsWithSections: adding sectionName: M with appInfoTitle: Maps
01-20 06:53:16.615  1050  1050 D AlphabeticalAppsList: addAppsWithSections: adding sectionName: P with appInfoTitle: Phone
01-20 06:53:16.615  1050  1050 D AlphabeticalAppsList: addAppsWithSections: adding sectionName: S with appInfoTitle: Safety
01-20 06:53:16.615  1050  1050 D AlphabeticalAppsList: addAppsWithSections: adding sectionName: T with appInfoTitle: TMoble
01-20 06:53:16.615  1050  1050 D AlphabeticalAppsList: addAppsWithSections: adding sectionName: Y with appInfoTitle: YouTube
01-20 06:53:16.615  1050  1050 D AlphabeticalAppsList: addAppsWithSections: adding sectionName:  with appInfoTitle: 
01-20 06:53:16.615  1050  1050 D AlphabeticalAppsList: Adding FastScrollSection duplicate to scroll to the bottom.
01-20 06:53:16.615  1050  1050 D AlphabeticalAppsList: Clearing FastScrollerSections.
01-20 06:53:16.615  1050  1050 D AlphabeticalAppsList: Adding apps with sections. HasPrivateApps: false
01-20 06:53:16.615  1050  1050 D AlphabeticalAppsList: addAppsWithSections: adding sectionName: C with appInfoTitle: Calendar
01-20 06:53:16.615  1050  1050 D AlphabeticalAppsList: addAppsWithSections: adding sectionName: D with appInfoTitle: Drive
01-20 06:53:16.616  1050  1050 D AlphabeticalAppsList: addAppsWithSections: adding sectionName: F with appInfoTitle: Files
01-20 06:53:16.616  1050  1050 D AlphabeticalAppsList: addAppsWithSections: adding sectionName: G with appInfoTitle: Gmail
01-20 06:53:16.616  1050  1050 D AlphabeticalAppsList: addAppsWithSections: adding sectionName: M with appInfoTitle: Maps
01-20 06:53:16.616  1050  1050 D AlphabeticalAppsList: addAppsWithSections: adding sectionName: P with appInfoTitle: Phone
01-20 06:53:16.616  1050  1050 D AlphabeticalAppsList: addAppsWithSections: adding sectionName: S with appInfoTitle: Safety
01-20 06:53:16.616  1050  1050 D AlphabeticalAppsList: addAppsWithSections: adding sectionName: T with appInfoTitle: TMoble
01-20 06:53:16.616  1050  1050 D AlphabeticalAppsList: addAppsWithSections: adding sectionName: Y with appInfoTitle: YouTube
01-20 06:53:16.616  1050  1050 D AlphabeticalAppsList: addAppsWithSections: adding sectionName:  with appInfoTitle: 
01-20 06:53:16.616  1050  1050 D AlphabeticalAppsList: Adding FastScrollSection duplicate to scroll to the bottom.
01-20 06:53:16.619   699   754 W IPCThreadState: Sending oneway calls to frozen process.
01-20 06:53:16.620   699   754 W IPCThreadState: Sending oneway calls to frozen process.
01-20 06:53:16.620  1050  1050 D b/387844520: getOutlineOffsetX: measured width = 173, mNormalizedIconSize = 159, last updated width = 173
01-20 06:53:16.621  4248  4251 I AidlLazyServiceRegistrar: Process has 0 (of 2 available) client(s) in use after notification android.system.virtualizationmaintenance has clients: 0
01-20 06:53:16.621  4248  4251 I AidlLazyServiceRegistrar: Trying to shut down the service. No clients in use for any service in process.
01-20 06:53:16.621  2827  2827 D ActivityThread: Package [com.myapp1reactnative] reported as REPLACED, but missing application info. Assuming REMOVED.
01-20 06:53:16.624  1038  1038 D CarrierSvcBindHelper: onPackageUpdateFinished: com.myapp1reactnative
01-20 06:53:16.625  1038  1038 D CarrierSvcBindHelper: No carrier app for: 0
01-20 06:53:16.625  1038  1038 D CarrierSvcBindHelper: onPackageModified: com.myapp1reactnative
01-20 06:53:16.625  1038  1038 D CarrierSvcBindHelper: No carrier app for: 0
01-20 06:53:16.625   699   754 W IPCThreadState: Sending oneway calls to frozen process.
01-20 06:53:16.627  4248  4251 I AidlLazyServiceRegistrar: Unregistered all clients and exiting
01-20 06:53:16.627   699   754 W IPCThreadState: Sending oneway calls to frozen process.
01-20 06:53:16.627   699   754 W IPCThreadState: Sending oneway calls to frozen process.
01-20 06:53:16.627  1337  1337 D ActivityThread: Package [com.myapp1reactnative] reported as REPLACED, but missing application info. Assuming REMOVED.
