01-20 06:38:20.520  1063  1063 D OverviewActionsView: updateActionButtonsVisibility() called: showSingleTaskActions = [true], showGroupActions = [false]
01-20 06:38:20.520  1063  1063 D OverviewActionsView: updateForGroupedTask() called with: isGroupedTask = [false], canSaveAppPair = [false]
01-20 06:38:20.520  1063  1063 D OverviewActionsView: updateActionButtonsVisibility() called: showSingleTaskActions = [true], showGroupActions = [false]
01-20 06:38:20.520  1063  1063 D RecentsView: onGestureAnimationEnd - mEnableDrawingLiveTile: true
01-20 06:38:20.522   510   547 I RanchuHwc: logCompositionFallbackIfChanged: layer 88 CompositionType fallback from 2 to 1
01-20 06:38:20.522  1063  1109 I AiAiSuggestUi: Connecting to system intelligence module.
01-20 06:38:20.528   693   887 D BackgroundInstallControlService: Package event received: 0
01-20 06:38:20.539   510   547 I RanchuHwc: logCompositionFallbackIfChanged: layer 89 CompositionType fallback from 3 to 1
01-20 06:38:20.566   693   887 D BackgroundInstallControlService: Package event received: 0
01-20 06:38:20.573  1063  1063 I NotificationListener: Handling notification state refresh for com.google.android.gms#0
01-20 06:38:20.573  1063  1063 I NotificationListener: Handling notification state refresh for com.android.systemui#0
01-20 06:38:20.588   549   549 E SurfaceFlinger: Out of order buffers detected for RequestedLayerState{com.google.android.apps.nexuslauncher/com.google.android.apps.nexuslauncher.NexusLauncherActivity#533 parentId=108} producedId=18 frameNumber=64 -> producedId=18 frameNumber=18
01-20 06:38:20.596  1496  1627 I AiAiEcho: Predicting[0]:  [CONTEXT sampling_count=5 ]
01-20 06:38:20.596  1496  1627 I AiAiEcho: EchoTargets: 
01-20 06:38:20.596  1496  1627 I AiAiEcho: Filtered by AiAi flag check: 
01-20 06:38:20.596  1496  1627 I AiAiEcho: [CONTEXT ratelimit_period="10 SECONDS" ]
01-20 06:38:20.596  1496  1627 I AiAiEcho: #remoteViewsTwiddler: feature disabled.
01-20 06:38:20.598  1496  1627 I AiAiEcho: #postPredictionTargets: Sending updates to UISurface home with targets# 0 (types=[])
01-20 06:38:20.603   549   549 E SurfaceFlinger: Out of order buffers detected for RequestedLayerState{com.google.android.apps.nexuslauncher/com.google.android.apps.nexuslauncher.NexusLauncherActivity#533 parentId=108} producedId=18 frameNumber=64 -> producedId=18 frameNumber=19
01-20 06:38:20.608  1496  1496 I AiAiOverview: Created AiAiContentSuggestionsService.
01-20 06:38:20.615  1063  1063 D SsBaseTemplateCard: No text view can be set up
01-20 06:38:20.615  1063  1063 D SsBaseTemplateCard: Passed-in item info is null
01-20 06:38:20.615  1063  1063 D SsBaseTemplateCard: Passed-in item info is null
01-20 06:38:20.615  1063  1063 D SsBaseTemplateCard: Passed-in item info is null
01-20 06:38:20.615  1063  1063 I SsBaseTemplateCard: Secondary card pane is null
01-20 06:38:20.620   549   549 E SurfaceFlinger: Out of order buffers detected for RequestedLayerState{com.google.android.apps.nexuslauncher/com.google.android.apps.nexuslauncher.NexusLauncherActivity#533 parentId=108} producedId=18 frameNumber=64 -> producedId=18 frameNumber=20
01-20 06:38:20.642   693  1683 E ActivityTaskManager: Could not find activity for task 43
01-20 06:38:20.652  1063  1075 I s.nexuslauncher: NativeAlloc concurrent mark compact GC freed 1262KB AllocSpace bytes, 3(420KB) LOS objects, 49% free, 7889KB/15MB, paused 3.083ms,668us total 152.784ms
01-20 06:38:20.654   549   549 E SurfaceFlinger: Out of order buffers detected for RequestedLayerState{com.google.android.apps.nexuslauncher/com.google.android.apps.nexuslauncher.NexusLauncherActivity#533 parentId=108} producedId=18 frameNumber=64 -> producedId=18 frameNumber=21
01-20 06:38:20.670   549   549 E SurfaceFlinger: Out of order buffers detected for RequestedLayerState{com.google.android.apps.nexuslauncher/com.google.android.apps.nexuslauncher.NexusLauncherActivity#533 parentId=108} producedId=18 frameNumber=64 -> producedId=18 frameNumber=22
01-20 06:38:20.684   931  1575 V ShellRecents: [94709496] RecentsController.detachNavigationBarFromApp
01-20 06:38:20.687   549   549 E SurfaceFlinger: Out of order buffers detected for RequestedLayerState{com.google.android.apps.nexuslauncher/com.google.android.apps.nexuslauncher.NexusLauncherActivity#533 parentId=108} producedId=18 frameNumber=64 -> producedId=18 frameNumber=23
01-20 06:38:20.729  1063  1443 I AiAiSuggestUi: Successfully connected to system intelligence: 
01-20 06:38:20.732  1496  6952 I DisplayManager: Choreographer implicitly registered for the refresh rate.
01-20 06:38:20.739   510   547 I RanchuHwc: logCompositionFallbackIfChanged: layer 90 CompositionType fallback from 2 to 1
01-20 06:38:20.762  1496  6952 I EGL_emulation: Opening libGLESv1_CM_emulation.so
01-20 06:38:20.763  1496  6952 I EGL_emulation: Opening libGLESv2_emulation.so
01-20 06:38:20.775  1496  6952 W HWUI    : Failed to choose config with EGL_SWAP_BEHAVIOR_PRESERVED, retrying without...
01-20 06:38:20.775  1496  6952 W HWUI    : Failed to initialize 101010-2 format, error = EGL_SUCCESS
01-20 06:38:20.781   489  4612 D android.hardware.audio@7.1-impl.ranchu: threadLoop: entering standby, frames: 2678656
01-20 06:38:20.781   489  4612 D android.hardware.audio@7.1-impl.ranchu: ~TinyalsaSink: joining consumeThread
01-20 06:38:20.796   489  6911 D android.hardware.audio@7.1-impl.ranchu: consumeThread: exiting
01-20 06:38:20.796   489  4612 D android.hardware.audio@7.1-impl.ranchu: ~TinyalsaSink: stopping PCM stream
01-20 06:38:20.951  1496  6951 D nativeloader: Load /product/priv-app/DevicePersonalizationPrebuiltPixel2021-bfinal_aiai_20250217.00_RC08/DevicePersonalizationPrebuiltPixel2021-bfinal_aiai_20250217.00_RC08.apk!/lib/x86_64/libparticle-extractor_jni.so using class loader ns product-clns-9 (caller=/product/priv-app/DevicePersonalizationPrebuiltPixel2021-bfinal_aiai_20250217.00_RC08/DevicePersonalizationPrebuiltPixel2021-bfinal_aiai_20250217.00_RC08.apk): ok
01-20 06:38:20.967  1063  1443 I AiAiSuggestUi: Request suggestContentSelections complete, took: 344
01-20 06:38:20.967  1063  1443 I AiAiSuggestUi: Fetched content back in callback
01-20 06:38:20.967  1063  1063 I AiAiSuggestUi: Display indicators
01-20 06:38:21.168  6912  6917 I app1reactnative: Compiler allocated 5042KB to compile void android.view.ViewRootImpl.performTraversals()
01-20 06:38:21.283   693  1565 E TaskPersister: File error accessing recents directory (directory doesn't exist?).
01-20 06:38:22.461   623  6894 D MediaCodec: keep callback message for reclaim
01-20 06:38:22.461   623  6895 I CCodecConfig: query failed after returning 12 values (BAD_INDEX)
01-20 06:38:22.462   623  6895 D CCodecConfig: c2 config diff is   c2::u32 coded.vui.color.matrix = 1
01-20 06:38:22.462   623  6895 D CCodecConfig:   c2::u32 coded.vui.color.primaries = 1
01-20 06:38:22.462   623  6895 D CCodecConfig:   c2::u32 coded.vui.color.transfer = 3
01-20 06:38:22.464   623  6895 W Codec2Client: query -- param skipped: index = 1342179345.
01-20 06:38:22.464   623  6895 W Codec2Client: query -- param skipped: index = 2415921170.
01-20 06:38:22.464   623  6895 W Codec2Client: query -- param skipped: index = 1610614798.
01-20 06:38:22.650   693  1817 W ActivityTaskManager: callingPackage for (uid=1000, pid=693) is ambiguous: [android, com.android.providers.settings, com.android.server.telecom, com.android.location.fused]
01-20 06:38:22.657   693  1176 W AS.PlaybackActivityMon: No piid assigned for invalid/internal port id 15
01-20 06:38:22.658   693   714 W WindowOnBackDispatcher: sendCancelIfRunning: isInProgress=false callback=android.app.Dialog$$ExternalSyntheticLambda2@97f805d
01-20 06:38:22.667   544   643 D AudioFlinger: mixer(0x76d0b0ead770) throttle end: throttle time(32)
01-20 06:38:22.682   931  1103 I ndroid.systemui: AssetManager2(0x70782269b678) locale list changing from [] to [en-US]
01-20 06:38:22.690   931   999 V WindowManagerShell: Transition requested (#47): android.os.BinderProxy@1c42a6c TransitionRequestInfo { type = OPEN, triggerTask = TaskInfo{userId=0 taskId=37 effectiveUid=1000 displayId=0 isRunning=true baseIntent=Intent { act=android.settings.APPLICATION_DETAILS_SETTINGS dat=package: flg=0x10008000 cmp=com.android.settings/.applications.InstalledAppDetails } baseActivity=ComponentInfo{com.android.settings/com.android.settings.spa.SpaActivity} topActivity=ComponentInfo{com.android.settings/com.android.settings.spa.SpaActivity} origActivity=ComponentInfo{com.android.settings/com.android.settings.applications.InstalledAppDetails} realActivity=ComponentInfo{com.android.settings/com.android.settings.applications.InstalledAppDetailsTop} numActivities=1 lastActiveTime=1553276 supportsMultiWindow=true resizeMode=1 isResizeable=true minWidth=-1 minHeight=-1 defaultMinSize=220 token=WCT{android.window.IWindowContainerToken$Stub$Proxy@fb2835} topActivityType=1 pictureInPictureParams=null shouldDockBigOverlays=false launchIntoPipHostTaskId=-1 lastParentTaskIdBeforePip=-1 displayCutoutSafeInsets=Rect(0, 0 - 0, 0) topActivityInfo=ActivityInfo{f2e74ca com.android.settings.spa.SpaActivity} launchCookies=[android.os.BinderProxy@90ef8bb] positionInParent=Point(0, 0) parentTaskId=-1 isFocused=true isVisible=false isVisibleRequested=true isTopActivityNoDisplay=false isSleeping=false locusId=null displayAreaFeatureId=1 isTopActivityTransparent=false isActivityStackTransparent=false lastNonFullscreenBounds=Rect(276, 696 - 805, 1776) capturedLink=null capturedLinkTimestamp=0 requestedVisibleTypes=-9 topActivityRequestOpenInBrowserEducationTimestamp=0 appCompatTaskInfo=AppCompatTaskInfo { topActivityInSizeCompat=false eligibleForLetterboxEducation= false isLetterboxEducationEnabled= true isLetterboxDoubleTapEnabled= false eligibleForUserAspectRatioButton= false topActivityBoundsLetterboxed= false isFromLetterboxDoubleTap= false topActivityLetterboxVerticalPosition= -1 topActivityLetterboxHorizontalPosition= -1 topActivityLetterboxWidth=-1 topActivityLetterboxHeight=-1 topActivityAppBounds=Rect(0, 0 - 1080, 2400) isUserFullscreenOverrideEnabled=false isSystemFullscreenOverrideEnabled=false hasMinAspectRatioOverride=false topActivityLetterboxBounds=null cameraCompatTaskInfo=CameraCompatTaskInfo { freeformCameraCompatMode=inactive}} topActivityMainWindowFrame=null}, pipChange = null, remoteTransition = null, displayChange = null, flags = 0, debugId = 47 }
01-20 06:38:22.691   931   999 D ShellSplitScreen: logExit: no-op, mLoggerSessionId is null
01-20 06:38:22.703   693  1817 I ActivityTaskManager: START u0 {act=android.settings.APPLICATION_DETAILS_SETTINGS dat=package: flg=0x10000000 xflg=0x4 cmp=com.android.settings/.applications.InstalledAppDetails} with LAUNCH_MULTIPLE from uid 1000 (BAL_ALLOW_NON_APP_VISIBLE_WINDOW) result code=2
01-20 06:38:22.704   693   714 D CoreBackPreview: Window{6daf46e u0 Application Error: com.myapp1reactnative}: Setting back callback null
01-20 06:38:22.709   931   999 D WindowManagerShell: onActivityRestartAttempt: topActivity=ComponentInfo{com.android.settings/com.android.settings.spa.SpaActivity}, wasVisible=false
01-20 06:38:22.710   693  5528 D HWUI    : endAllActiveAnimators on 0x707862701b80 (RippleDrawable) with handle 0x7077628ebdf0
01-20 06:38:22.723  6912  6934 I Process : Sending signal. PID: 6912 SIG: 9
01-20 06:38:22.748   693   887 D BackgroundInstallControlService: Package event received: 0
01-20 06:38:22.748   693   887 D BackgroundInstallControlService: Package event received: 0
01-20 06:38:22.751   693   887 D BackgroundInstallControlService: Package event received: 0
01-20 06:38:22.755   693   716 V WindowManager: Unknown focus tokens, dropping reportFocusChanged
01-20 06:38:22.767   693   714 W Looper  : Slow dispatch took 132ms android.ui app=system_server main=false group=TOP_APP h=com.android.server.am.AppErrorDialog$1 c=null m=8
01-20 06:38:22.771   693  1829 I WindowManager: WIN DEATH: Window{5d5202d u0 com.myapp1reactnative/com.myapp1reactnative.MainActivity}
01-20 06:38:22.776   693  1683 I ActivityManager: Process com.myapp1reactnative (pid 6912) has died: prcp CRE 
01-20 06:38:22.779   563   563 I adbd    : Remote process closed the socket (on MSG_PEEK)
01-20 06:38:22.779   693  1179 I ImeTracker: com.myapp1reactnative:f42b7ede: onRequestHide at ORIGIN_SERVER reason HIDE_REMOVE_CLIENT fromUser false
01-20 06:38:22.779   693  1179 I ImeTracker: com.myapp1reactnative:f42b7ede: onCancelled at PHASE_SERVER_SHOULD_HIDE
01-20 06:38:22.781   549   572 I BpBinder: onLastStrongRef automatically unlinking death recipients: 
01-20 06:38:22.784   693   716 W ActivityManager: setHasOverlayUi called on unknown pid: 6912
01-20 06:38:22.787   693   887 D BackgroundInstallControlService: Package event received: 0
01-20 06:38:22.799   693   724 I libprocessgroup: Removed cgroup /sys/fs/cgroup/apps/uid_10226/pid_6912
01-20 06:38:22.802   481   481 I Zygote  : Process 6912 exited due to signal 9 (Killed)
01-20 06:38:22.812  4787  4787 D SpaLogMetricsProvider: PAGE_ENTER page 0
01-20 06:38:22.814   609   686 W IPCThreadState: Sending oneway calls to frozen process.
01-20 06:38:22.922   693   713 V WindowManager: Sent Transition (#47) createdAt=01-20 06:38:22.655 via request=TransitionRequestInfo { type = OPEN, triggerTask = TaskInfo{userId=0 taskId=37 effectiveUid=1000 displayId=0 isRunning=true baseIntent=Intent { act=android.settings.APPLICATION_DETAILS_SETTINGS dat=package: flg=0x10008000 cmp=com.android.settings/.applications.InstalledAppDetails } baseActivity=ComponentInfo{com.android.settings/com.android.settings.spa.SpaActivity} topActivity=ComponentInfo{com.android.settings/com.android.settings.spa.SpaActivity} origActivity=ComponentInfo{com.android.settings/com.android.settings.applications.InstalledAppDetails} realActivity=ComponentInfo{com.android.settings/com.android.settings.applications.InstalledAppDetailsTop} numActivities=1 lastActiveTime=1553276 supportsMultiWindow=true resizeMode=1 isResizeable=true minWidth=-1 minHeight=-1 defaultMinSize=220 token=WCT{RemoteToken{774622e Task{a8ea2df #37 type=standard A=1000:com.android.settings}}} topActivityType=1 pictureInPictureParams=null shouldDockBigOverlays=false launchIntoPipHostTaskId=-1 lastParentTaskIdBeforePip=-1 displayCutoutSafeInsets=Rect(0, 0 - 0, 0) topActivityInfo=ActivityInfo{e91c69f com.android.settings.spa.SpaActivity} launchCookies=[android.os.BinderProxy@2c4075c] positionInParent=Point(0, 0) parentTaskId=-1 isFocused=true isVisible=false isVisibleRequested=true isTopActivityNoDisplay=false isSleeping=false locusId=null displayAreaFeatureId=1 isTopActivityTransparent=false isActivityStackTransparent=false lastNonFullscreenBounds=Rect(276, 696 - 805, 1776) capturedLink=null capturedLinkTimestamp=0 requestedVisibleTypes=-9 topActivityRequestOpenInBrowserEducationTimestamp=0 appCompatTaskInfo=AppCompatTaskInfo { topActivityInSizeCompat=false eligibleForLetterboxEducation= false isLetterboxEducationEnabled= true isLetterboxDoubleTapEnabled= false eligibleForUserAspectRatioButton= false topActivityBoundsLetterboxed= false isFromLetterboxDoubleTap= false topActivityLetterboxVerticalPosition= -1 topActivityLetterboxHorizontalPosition= -1 topActivityLetterboxWidth=-1 topActivityLetterboxHeight=-1 topActivityAppBounds=Rect(0, 0 - 1080, 2400) isUserFullscreenOverrideEnabled=false isSystemFullscreenOverrideEnabled=false hasMinAspectRatioOverride=false topActivityLetterboxBounds=null cameraCompatTaskInfo=CameraCompatTaskInfo { freeformCameraCompatMode=inactive}} topActivityMainWindowFrame=null}, pipChange = null, remoteTransition = null, displayChange = null, flags = 0, debugId = 47 }
01-20 06:38:22.923   693   713 V WindowManager:     startWCT=WindowContainerTransaction { changes= {} hops= [] errorCallbackToken=null taskFragmentOrganizer=null }
01-20 06:38:22.923   693   713 V WindowManager:     info={id=47 t=OPEN f=0x0 trk=0 r=[0@Point(0, 0)] c=[
01-20 06:38:22.923   693   713 V WindowManager:         {WCT{RemoteToken{774622e Task{a8ea2df #37 type=standard A=1000:com.android.settings}}} m=TO_FRONT f=MOVE_TO_TOP leash=Surface(name=Task=37)/@0xe659830 sb=Rect(0, 0 - 1080, 2400) eb=Rect(0, 0 - 1080, 2400) epz=Point(1080, 2400) d=0 taskParent=-1},
01-20 06:38:22.923   693   713 V WindowManager:         {WCT{RemoteToken{d3797d4 Task{37cbc36 #1 type=home}}} m=TO_BACK f=SHOW_WALLPAPER leash=Surface(name=Task=1)/@0xde0aac5 sb=Rect(0, 0 - 1080, 2400) eb=Rect(0, 0 - 1080, 2400) epz=Point(1080, 2400) d=0 taskParent=-1},
01-20 06:38:22.923   693   713 V WindowManager:         {m=TO_BACK f=IS_WALLPAPER leash=Surface(name=WallpaperWindowToken{775e1d6 showWhenLocked=false})/@0x13add3c sb=Rect(0, 0 - 1080, 2400) eb=Rect(0, 0 - 1080, 2400) epz=Point(1080, 2400) d=0}
01-20 06:38:22.923   693   713 V WindowManager:     ]}
01-20 06:38:22.934   931  1251 V WindowManagerShell: onTransitionReady(transaction=2976412338175)
01-20 06:38:22.935   931   999 V WindowManagerShell: onTransitionReady (#47) android.os.BinderProxy@1c42a6c: {id=47 t=OPEN f=0x0 trk=0 r=[0@Point(0, 0)] c=[
01-20 06:38:22.935   931   999 V WindowManagerShell:         {m=TO_FRONT f=MOVE_TO_TOP leash=Surface(name=Task=37)/@0xbb12370 sb=Rect(0, 0 - 1080, 2400) eb=Rect(0, 0 - 1080, 2400) epz=Point(1080, 2400) d=0 taskParent=-1},
01-20 06:38:22.935   931   999 V WindowManagerShell:         {m=TO_BACK f=SHOW_WALLPAPER leash=Surface(name=Task=1)/@0xbd866e9 sb=Rect(0, 0 - 1080, 2400) eb=Rect(0, 0 - 1080, 2400) epz=Point(1080, 2400) d=0 taskParent=-1},
01-20 06:38:22.935   931   999 V WindowManagerShell:         {m=TO_BACK f=IS_WALLPAPER leash=Surface(name=WallpaperWindowToken{775e1d6 showWhenLocked=false})/@0xbb4ff6e sb=Rect(0, 0 - 1080, 2400) eb=Rect(0, 0 - 1080, 2400) epz=Point(1080, 2400) d=0}
01-20 06:38:22.935   931   999 V WindowManagerShell:     ]}
01-20 06:38:22.942   931   999 V WindowManagerShell: Transition (#47) android.os.BinderProxy@1c42a6c@0 ready while (#45) android.os.BinderProxy@a9dae5b@0 is still animating. Notify the animating transition in case they can be merged
01-20 06:38:22.942   931   999 V ShellRecents: [94709496] RecentsController.merge
01-20 06:38:22.944   931   999 V ShellRecents:   opening new leaf taskId=37 wasClosing=false
01-20 06:38:22.944   931   999 V ShellRecents: [94709496] RecentsController.merge: empty pausing tasks
01-20 06:38:22.944   931   999 V ShellRecents: [94709496] RecentsController.merge: consuming merge
01-20 06:38:22.944   931   999 V WindowManagerShell: Transition was merged: (#47) android.os.BinderProxy@1c42a6c@0 into (#45) android.os.BinderProxy@a9dae5b@0
01-20 06:38:22.944   931   999 V ShellRecents: [94709496] RecentsController.merge: calling onTasksAppeared
01-20 06:38:22.956   693  1822 W ParceledListSlice: Element #18 is 19052 bytes.
01-20 06:38:22.956   693  1822 W ParceledListSlice: Element #19 is 19828 bytes.
01-20 06:38:22.969   693   840 D InetDiagMessage: Destroyed 0 sockets, proto=IPPROTO_TCP, family=AF_INET, states=14
01-20 06:38:22.970   693   840 D InetDiagMessage: Destroyed 0 sockets, proto=IPPROTO_TCP, family=AF_INET6, states=14
01-20 06:38:22.970   693   840 D InetDiagMessage: Destroyed live tcp sockets for uids={10226} in 1ms
01-20 06:38:22.975   693   840 D InetDiagMessage: Destroyed 0 sockets, proto=IPPROTO_TCP, family=AF_INET, states=14
01-20 06:38:22.976   693  1823 W EnhancedConfirmationService: The packageName should not be null.
01-20 06:38:22.983   693   840 D InetDiagMessage: Destroyed 0 sockets, proto=IPPROTO_TCP, family=AF_INET6, states=14
01-20 06:38:22.983   693   840 D InetDiagMessage: Destroyed live tcp sockets for uids={20226} in 14ms
01-20 06:38:22.993  4787  4849 D AppOpsPermissionControl: isAllowed: false
01-20 06:38:22.995   693   714 W Looper  : Slow dispatch took 101ms android.ui app=system_server main=false group=TOP_APP h=com.android.server.am.ActivityManagerService$UiHandler c=com.android.server.am.UidObserverController$$ExternalSyntheticLambda0@d2d898b m=0
01-20 06:38:22.997  4787  4849 D AppOpsPermissionControl: isAllowed: false
01-20 06:38:23.010   693   714 W Looper  : Slow delivery took 209ms android.ui app=system_server main=false group=TOP_APP h=android.view.Choreographer$FrameHandler c=android.view.Choreographer$FrameDisplayEventReceiver@73a537f m=0
01-20 06:38:23.010  4787  6957 D AppForceStopRepository: canForceStopFlow: true
01-20 06:38:23.010  4787  6362 D BatteryUsageContentProvider: getLastFullChargeTimestamp() in 16/ms
01-20 06:38:23.023   549   549 E SurfaceFlinger: Out of order buffers detected for RequestedLayerState{com.google.android.apps.nexuslauncher/com.google.android.apps.nexuslauncher.NexusLauncherActivity#533 parentId=108} producedId=18 frameNumber=64 -> producedId=18 frameNumber=24
01-20 06:38:23.023   549   549 W SurfaceFlinger: Resetting transform for Snapshot{TraversalPath{.id = 583}Surface(name=Task=37)/@0xbb12370_transition-leash#583 isVisible=0 {invalidTransform} changes=Hierarchy | Geometry | Z | Visibility | AffectsChildren | FrameRate | VisibleRegion layerStack=0 geomLayerBounds={-10800,-24000,24000,10800} geomLayerTransform={tx=540,ty=1200}} because it is invalid. transform={0.000000,0.000000,0.000000,0.000000}  requestedTransform={0.000000,0.000000,0.000000,0.000000}
01-20 06:38:23.043  4787  4787 W System  : ClassLoader referenced unknown path: 
01-20 06:38:23.056  4787  4787 D nativeloader: Configuring clns-shared-10 for other apk . target_sdk_version=36, uses_libraries=, library_path=/system_ext/priv-app/SettingsGoogle/lib/x86_64:/system_ext/priv-app/SettingsGoogle/SettingsGoogle.apk!/lib/x86_64:/system/lib64:/system_ext/lib64, permitted_path=/data:/mnt/expand:/data/user_de/0/com.android.settings:/system_ext/priv-app/SettingsGoogle:/system/lib64:/system_ext/lib64
01-20 06:38:23.070  4787  6362 D DatabaseUtils: getLastFullChargeTime() lastFullChargeTime=Jan 12, 2026, 07:19:06 in 78/ms
01-20 06:38:23.070  4787  6362 D DatabaseUtils: sixDaysAgoTimestamp: Jan 14, 2026, 00:00:00
01-20 06:38:23.070  4787  6362 D BatteryUsageContentProvider: getQueryTimestamp from uri: content://com.android.settings.battery.usage.provider/BatteryState?timestamp=1768348800000
01-20 06:38:23.071  4787  4787 I ndroid.settings: AssetManager2(0x707822697b18) locale list changing from [] to [en-US]
01-20 06:38:23.071   549   549 E SurfaceFlinger: Out of order buffers detected for RequestedLayerState{com.google.android.apps.nexuslauncher/com.google.android.apps.nexuslauncher.NexusLauncherActivity#533 parentId=108} producedId=18 frameNumber=64 -> producedId=18 frameNumber=25
01-20 06:38:23.072   510   547 I RanchuHwc: logCompositionFallbackIfChanged: layer 91 CompositionType fallback from 2 to 1
01-20 06:38:23.072  4787  6362 D BatteryUsageContentProvider: getBatteryStates() after 1768348800000 in 1/ms
01-20 06:38:23.087  4787  6362 D DatabaseUtils: getBatteryHistoryMap() size=2 in 17/ms
01-20 06:38:23.088  4787  6362 D BatteryChartPreferenceController: getBatterySinceLastFullChargeUsageData() size=2 time=107/ms
01-20 06:38:23.088   549   549 E SurfaceFlinger: Out of order buffers detected for RequestedLayerState{com.google.android.apps.nexuslauncher/com.google.android.apps.nexuslauncher.NexusLauncherActivity#533 parentId=108} producedId=18 frameNumber=64 -> producedId=18 frameNumber=26
01-20 06:38:23.100  4787  6362 D DataProcessor: getHistoryMapWithExpectedTimestamps() size=17 in 0/ms
01-20 06:38:23.101  4787  6362 E DataProcessor: abnormal entry list in the timestamp:Jan 19, 2026, 17:00:00
01-20 06:38:23.101  4787  6362 E DataProcessor: abnormal entry list in the timestamp:Jan 19, 2026, 18:00:00
01-20 06:38:23.101  4787  6362 E DataProcessor: abnormal entry list in the timestamp:Jan 19, 2026, 19:00:00
01-20 06:38:23.102  4787  6362 E DataProcessor: abnormal entry list in the timestamp:Jan 19, 2026, 20:00:00
01-20 06:38:23.102  4787  6362 E DataProcessor: abnormal entry list in the timestamp:Jan 19, 2026, 21:00:00
01-20 06:38:23.102  4787  6362 E DataProcessor: abnormal entry list in the timestamp:Jan 19, 2026, 22:00:00
01-20 06:38:23.102  4787  6362 E DataProcessor: abnormal entry list in the timestamp:Jan 19, 2026, 23:00:00
01-20 06:38:23.102  4787  6362 E DataProcessor: abnormal entry list in the timestamp:Jan 20, 2026, 00:00:00
01-20 06:38:23.103  4787  6362 E DataProcessor: abnormal entry list in the timestamp:Jan 20, 2026, 01:00:00
01-20 06:38:23.103  4787  6362 E DataProcessor: abnormal entry list in the timestamp:Jan 20, 2026, 02:00:00
01-20 06:38:23.103  4787  6362 E DataProcessor: abnormal entry list in the timestamp:Jan 20, 2026, 03:00:00
01-20 06:38:23.103  4787  6362 E DataProcessor: abnormal entry list in the timestamp:Jan 20, 2026, 04:00:00
01-20 06:38:23.103  4787  6362 E DataProcessor: abnormal entry list in the timestamp:Jan 20, 2026, 05:00:00
01-20 06:38:23.103  4787  6362 E DataProcessor: abnormal entry list in the timestamp:Jan 20, 2026, 06:00:00
01-20 06:38:23.104   549   549 E SurfaceFlinger: Out of order buffers detected for RequestedLayerState{com.google.android.apps.nexuslauncher/com.google.android.apps.nexuslauncher.NexusLauncherActivity#533 parentId=108} producedId=18 frameNumber=64 -> producedId=18 frameNumber=27
01-20 06:38:23.137  4787  6959 I ndroid.settings: AssetManager2(0x7078226c17d8) locale list changing from [] to [en-US]
01-20 06:38:23.137   549   549 E SurfaceFlinger: Out of order buffers detected for RequestedLayerState{com.google.android.apps.nexuslauncher/com.google.android.apps.nexuslauncher.NexusLauncherActivity#533 parentId=108} producedId=18 frameNumber=64 -> producedId=18 frameNumber=28
01-20 06:38:23.154   549   549 E SurfaceFlinger: Out of order buffers detected for RequestedLayerState{com.google.android.apps.nexuslauncher/com.google.android.apps.nexuslauncher.NexusLauncherActivity#533 parentId=108} producedId=18 frameNumber=64 -> producedId=18 frameNumber=29
01-20 06:38:23.172   549   549 E SurfaceFlinger: Out of order buffers detected for RequestedLayerState{com.google.android.apps.nexuslauncher/com.google.android.apps.nexuslauncher.NexusLauncherActivity#533 parentId=108} producedId=18 frameNumber=64 -> producedId=18 frameNumber=30
01-20 06:38:23.187   549   549 E SurfaceFlinger: Out of order buffers detected for RequestedLayerState{com.google.android.apps.nexuslauncher/com.google.android.apps.nexuslauncher.NexusLauncherActivity#533 parentId=108} producedId=18 frameNumber=64 -> producedId=18 frameNumber=31
01-20 06:38:23.193  4787  6362 D DataProcessor: getBatteryUsageStats() from BatteryStatsManager in 89/ms
01-20 06:38:23.193  4787  6362 W DataProcessor: shouldShowBatteryAttributionList(): 0.1
01-20 06:38:23.193  4787  6362 W DataProcessor: batteryEntryList is null or empty in convertToBatteryHistEntry()
01-20 06:38:23.206   549   549 E SurfaceFlinger: Out of order buffers detected for RequestedLayerState{com.google.android.apps.nexuslauncher/com.google.android.apps.nexuslauncher.NexusLauncherActivity#533 parentId=108} producedId=18 frameNumber=64 -> producedId=18 frameNumber=32
01-20 06:38:23.209  4787  6959 I AppLocaleUtil: Can display preference - [com.myapp1reactnative] : isDisallowedPackage : false / isSignedWithPlatformKey : false / hasLauncherEntry : true / canDisplay : false / 1.1
01-20 06:38:23.237   549   549 E SurfaceFlinger: Out of order buffers detected for RequestedLayerState{com.google.android.apps.nexuslauncher/com.google.android.apps.nexuslauncher.NexusLauncherActivity#533 parentId=108} producedId=18 frameNumber=64 -> producedId=18 frameNumber=33
01-20 06:38:23.262   693  1824 I Role    : com.myapp1reactnative not qualified for android.app.role.HOME due to missing RequiredComponent{mIntentFilterData=IntentFilterData{mAction='android.intent.action.MAIN', mCategories='[android.intent.category.HOME]', mDataScheme='null', mDataType='null'}, mMinTargetSdkVersion=1, mFlags='0', mPermission='null', mQueryFlags=0, mMetaData=[]}
01-20 06:38:23.266   693   714 W Looper  : Slow dispatch took 193ms android.ui app=system_server main=false group=TOP_APP h=com.android.server.am.ActivityManagerService$UiHandler c=com.android.server.am.UidObserverController$$ExternalSyntheticLambda0@d2d898b m=0
01-20 06:38:23.273   549   549 E SurfaceFlinger: Out of order buffers detected for RequestedLayerState{com.google.android.apps.nexuslauncher/com.google.android.apps.nexuslauncher.NexusLauncherActivity#533 parentId=108} producedId=18 frameNumber=64 -> producedId=18 frameNumber=34
01-20 06:38:23.307   549   549 E SurfaceFlinger: Out of order buffers detected for RequestedLayerState{com.google.android.apps.nexuslauncher/com.google.android.apps.nexuslauncher.NexusLauncherActivity#533 parentId=108} producedId=18 frameNumber=64 -> producedId=18 frameNumber=35
01-20 06:38:23.322   693  1814 I Role    : com.myapp1reactnative not qualified for android.app.role.DIALER due to missing RequiredComponent{mIntentFilterData=IntentFilterData{mAction='android.intent.action.DIAL', mCategories='[]', mDataScheme='null', mDataType='null'}, mMinTargetSdkVersion=1, mFlags='0', mPermission='null', mQueryFlags=0, mMetaData=[]}
01-20 06:38:23.325   693  1814 I Role    : com.myapp1reactnative not qualified for android.app.role.SMS due to missing RequiredComponent{mIntentFilterData=IntentFilterData{mAction='android.provider.Telephony.SMS_DELIVER', mCategories='[]', mDataScheme='null', mDataType='null'}, mMinTargetSdkVersion=1, mFlags='0', mPermission='android.permission.BROADCAST_SMS', mQueryFlags=0, mMetaData=[]}
01-20 06:38:23.340   549   549 E SurfaceFlinger: Out of order buffers detected for RequestedLayerState{com.google.android.apps.nexuslauncher/com.google.android.apps.nexuslauncher.NexusLauncherActivity#533 parentId=108} producedId=18 frameNumber=64 -> producedId=18 frameNumber=36
01-20 06:38:23.343  4787  6324 I EGL_emulation: Opening libGLESv1_CM_emulation.so
01-20 06:38:23.354   549   549 E SurfaceFlinger: Out of order buffers detected for RequestedLayerState{com.google.android.apps.nexuslauncher/com.google.android.apps.nexuslauncher.NexusLauncherActivity#533 parentId=108} producedId=18 frameNumber=64 -> producedId=18 frameNumber=37
01-20 06:38:23.359  4787  6324 I EGL_emulation: Opening libGLESv2_emulation.so
01-20 06:38:23.370  4787  6362 D AppBatteryPresenter: loadBatteryDiffEntries():
01-20 06:38:23.370  4787  6362 D AppBatteryPresenter: null
01-20 06:38:23.371  1063  1063 D RecentsView: finishRecentsAnimation - mRecentsAnimationController: com.android.quickstep.RecentsAnimationController@8b3e924
01-20 06:38:23.371  1063  1063 D RecentsView: cleanupRemoteTargets - mRemoteTargetHandles: [com.android.quickstep.RemoteTargetGluer$RemoteTargetHandle@a743050]
01-20 06:38:23.407  4787  6324 W HWUI    : Failed to choose config with EGL_SWAP_BEHAVIOR_PRESERVED, retrying without...
01-20 06:38:23.407  4787  6324 W HWUI    : Failed to initialize 101010-2 format, error = EGL_SUCCESS
01-20 06:38:23.419   931   999 V ShellRecents: [94709496] RecentsController.finishInner: toHome=false userLeave=false willFinishToHome=true state=1 hasPausingTasks=true reason=requested
01-20 06:38:23.419   931   999 V ShellRecents:   normal finish
01-20 06:38:23.419   931   999 V ShellRecents: [94709496] RecentsController.finishInner: Completing finish
01-20 06:38:23.419   931   999 V ShellRecents: [94709496] RecentsController.cleanup
01-20 06:38:23.419   931   999 V WindowManagerShell: Transition animation finished (aborted=false), notifying core (#45) android.os.BinderProxy@a9dae5b@0
01-20 06:38:23.420   693  1814 E TransitionChain: Can't collect into a chain with no transition
01-20 06:38:23.421   693   713 V WindowManager: Finish Transition (#45): created at 01-20 06:38:19.837 collect-started=26.532ms started=26.603ms ready=51.143ms sent=186.757ms commit=45.839ms finished=3583.464ms
01-20 06:38:23.422   549   549 E SurfaceFlinger: Out of order buffers detected for RequestedLayerState{com.google.android.apps.nexuslauncher/com.google.android.apps.nexuslauncher.NexusLauncherActivity#533 parentId=108} producedId=18 frameNumber=64 -> producedId=18 frameNumber=38
01-20 06:38:23.422  1063  1063 D RecentsView: cleanupRemoteTargets - mRemoteTargetHandles: null
01-20 06:38:23.542   693   795 I InputDispatcher: No new touched window at (297.0, 1225.9) in display 0
01-20 06:38:23.548   693  1814 E IPCThreadState: Binder transaction failure. id: 831993, BR_*: 29189, error: -22 (Invalid argument)
01-20 06:38:23.548   693  1814 W ActivityManager: pid 693 system sent binder code 7 with flags 1 to frozen apps and got error -32
01-20 06:38:23.548   693  1814 W WindowManager: Exception thrown during dispatchAppVisibility Window{5d5202d u0 com.myapp1reactnative/com.myapp1reactnative.MainActivity EXITING}
01-20 06:38:23.548   693  1814 W WindowManager: android.os.DeadObjectException
01-20 06:38:23.548   693  1814 W WindowManager: 	at android.os.BinderProxy.transactNative(Native Method)
01-20 06:38:23.548   693  1814 W WindowManager: 	at android.os.BinderProxy.transact(BinderProxy.java:592)
01-20 06:38:23.548   693  1814 W WindowManager: 	at android.view.IWindow$Stub$Proxy.dispatchAppVisibility(IWindow.java:557)
01-20 06:38:23.548   693  1814 W WindowManager: 	at com.android.server.wm.WindowState.sendAppVisibilityToClients(WindowState.java:3151)
01-20 06:38:23.548   693  1814 W WindowManager: 	at com.android.server.wm.WindowContainer.sendAppVisibilityToClients(WindowContainer.java:1311)
01-20 06:38:23.548   693  1814 W WindowManager: 	at com.android.server.wm.WindowToken.setClientVisible(WindowToken.java:389)
01-20 06:38:23.548   693  1814 W WindowManager: 	at com.android.server.wm.ActivityRecord.setClientVisible(ActivityRecord.java:6650)
01-20 06:38:23.548   693  1814 W WindowManager: 	at com.android.server.wm.ActivityRecord.commitVisibility(ActivityRecord.java:5561)
01-20 06:38:23.548   693  1814 W WindowManager: 	at com.android.server.wm.Transition.finishTransition(Transition.java:1391)
01-20 06:38:23.548   693  1814 W WindowManager: 	at com.android.server.wm.TransitionController.finishTransition(TransitionController.java:1029)
01-20 06:38:23.548   693  1814 W WindowManager: 	at com.android.server.wm.WindowOrganizerController.finishTransition(WindowOrganizerController.java:496)
01-20 06:38:23.548   693  1814 W WindowManager: 	at android.window.IWindowOrganizerController$Stub.onTransact(IWindowOrganizerController.java:261)
01-20 06:38:23.548   693  1814 W WindowManager: 	at com.android.server.wm.WindowOrganizerController.onTransact(WindowOrganizerController.java:223)
01-20 06:38:23.548   693  1814 W WindowManager: 	at android.os.Binder.execTransactInternal(Binder.java:1421)
01-20 06:38:23.548   693  1814 W WindowManager: 	at android.os.Binder.execTransact(Binder.java:1365)
01-20 06:38:23.548   693  1814 W Process : Unable to open /proc/6912/status
01-20 06:38:23.555   693   714 W Looper  : Drained
01-20 06:38:23.557   693   795 I InputDispatcher: No new touched window at (301.0, 1236.9) in display 0
01-20 06:38:23.563  1063  1063 W SplitSelectStateCtor: Missing session instanceIds
01-20 06:38:23.564  1063  1063 D StatsLog: LAUNCHER_SPLIT_SELECTION_EXIT_INTERRUPTED
01-20 06:38:23.571   693   713 V WindowManager: Finish Transition (#46): created at 01-20 06:38:20.123 collect-started=0.087ms request-sent=0.242ms started=61.483ms ready=61.472ms sent=67.144ms commit=64.915ms finished=3441.443ms
01-20 06:38:23.581   693   795 I InputDispatcher: No new touched window at (304.0, 1253.9) in display 0
01-20 06:38:23.591   693   713 V WindowManager: Finish Transition (#47): created at 01-20 06:38:22.655 collect-started=0.069ms request-sent=34.497ms started=50.34ms ready=100.828ms sent=252.084ms commit=60.76ms finished=935.734ms
01-20 06:38:23.594   693  1824 I ImeTracker: system_server:27f0ed02: onRequestHide at ORIGIN_SERVER reason IME_REQUESTED_CHANGED_LISTENER fromUser false
01-20 06:38:23.607   931   999 V WindowManagerShell: Track 0 became idle
01-20 06:38:23.607   931   999 V WindowManagerShell: All active transition animations finished
01-20 06:38:23.607   931   999 V ShellRecents: [94709496] RecentsController.finishInner: calling finish callback
01-20 06:38:23.621   693   795 I InputDispatcher: No new touched window at (311.0, 1282.9) in display 0
01-20 06:38:23.629  1063  1063 I AiAiSuggestUi: Clearing suggestions.
01-20 06:38:23.629  1063  1063 I AiAiSuggestUi: Clearing suggestions.
01-20 06:38:23.630  1063  1063 I AiAiSuggestUi: Requesting to show indicators
01-20 06:38:23.630  1063  1063 I AiAiSuggestUi: Fetching contents, isPrimaryTask = true
01-20 06:38:23.634   693  1179 W ActivityTaskManager: getApplicationThreadForTopActivity failed: Requested task not found
01-20 06:38:23.634   693  1179 E ActivityTaskManager: Could not find activity for task 43
01-20 06:38:23.641   549   549 E SurfaceFlinger: Out of order buffers detected for RequestedLayerState{com.google.android.apps.nexuslauncher/com.google.android.apps.nexuslauncher.NexusLauncherActivity#533 parentId=108} producedId=18 frameNumber=64 -> producedId=18 frameNumber=39
01-20 06:38:23.645   693   795 I InputDispatcher: No new touched window at (315.0, 1292.9) in display 0
01-20 06:38:23.657   693   716 I ImeTracker: system_server:27f0ed02: onCancelled at PHASE_SERVER_SHOULD_HIDE
01-20 06:38:23.657   693   887 D BackgroundInstallControlService: Package event received: 0
01-20 06:38:23.664  1063  1063 D RecentsView: onRecentsAnimationComplete - mRecentsAnimationController: com.android.quickstep.RecentsAnimationController@8b3e924, mSideTaskLaunchCallback: null
01-20 06:38:23.671   549   549 E BpTransactionCompletedListener: Failed to transact (-32)
01-20 06:38:23.692   693   795 W InputDispatcher: Not sending touch gesture to 6ba169a ActivityRecordInputSink com.android.settings/.spa.SpaActivity because it has config NO_INPUT_CHANNEL
01-20 06:38:23.704   549   549 E SurfaceFlinger: Out of order buffers detected for RequestedLayerState{com.google.android.apps.nexuslauncher/com.google.android.apps.nexuslauncher.NexusLauncherActivity#533 parentId=108} producedId=18 frameNumber=64 -> producedId=18 frameNumber=40
01-20 06:38:23.728  1496  1496 W AiAiOverview: ProcessContentImage contextImage is null
01-20 06:38:23.750   693   887 D BackgroundInstallControlService: Package event received: 0
01-20 06:38:23.753  1063  1063 D BaseDepthController: setSurface:
01-20 06:38:23.753  1063  1063 D BaseDepthController: 	mWaitingOnSurfaceValidity: false
01-20 06:38:23.753  1063  1063 D BaseDepthController: 	mBaseSurface: null
01-20 06:38:23.753  1063  1063 D BaseDepthController: mSurface is null and mCurrentBlur is: 0
01-20 06:38:23.756  1063  1063 D StateManager: goToState - fromState: Overview, toState: Normal, partial trace:
01-20 06:38:23.756  1063  1063 D StateManager: 	at com.android.launcher3.statemanager.StateManager.moveToRestState(go/retraceme 72a59688580715d19f0e415c69e80376c2f062d1648c80db6730905005a27c20:4)
01-20 06:38:23.756  1063  1063 D StateManager: 	at com.android.launcher3.statemanager.StateManager.moveToRestState(go/retraceme 72a59688580715d19f0e415c69e80376c2f062d1648c80db6730905005a27c20:1)
01-20 06:38:23.756  1063  1063 D StateManager: 	at com.android.launcher3.statemanager.StatefulActivity.onStop(go/retraceme 72a59688580715d19f0e415c69e80376c2f062d1648c80db6730905005a27c20:34)
01-20 06:38:23.756  1063  1063 D StateManager: onStateTransitionStart - state: Normal
01-20 06:38:23.757  1063  1063 D RecentsView: updateTaskStackListenerState: false
01-20 06:38:23.760  4787  5248 I HWUI    : Davey! duration=1022ms; Flags=1, FrameTimelineVsyncId=399075, IntendedVsync=1553326661516, Vsync=1553476661510, InputEventId=0, HandleInputStart=1553489242400, AnimationStart=1553489267700, PerformTraversalsStart=1553933386900, DrawStart=1554089963100, FrameDeadline=1553343328182, FrameStartTime=1553488228200, FrameInterval=16666666, WorkloadTarget=16666666, SyncQueued=1554177961400, SyncStart=1554184432700, IssueDrawCommandsStart=1554187226700, SwapBuffers=1554346287400, FrameCompleted=1554355263600, DequeueBufferDuration=91400, QueueBufferDuration=369100, GpuCompleted=1554354707300, SwapBuffersCompleted=1554355263600, DisplayPresentTime=0, CommandSubmissionCompleted=1554346287400, 
01-20 06:38:23.768   693  1814 D ActivityManager: sync unfroze 4577 com.android.chrome for 6
01-20 06:38:23.792  1063  1063 D BaseDepthController: mSurface is null and mCurrentBlur is: 0
01-20 06:38:23.793  1063  1063 D BaseDepthController: mSurface is null and mCurrentBlur is: 0
01-20 06:38:23.797  1063  1063 D KeyboardInsetsHandler: setState, toState:Normal StateManager(mLastStableState:Normal, mCurrentStableState:Overview, mState:Normal, mRestState:Normal, isInTransition:false)
01-20 06:38:23.798  1063  1063 D StateManager: onStateTransitionEnd - state: Normal
01-20 06:38:23.798  1063  1063 D RecentsView: reset - mEnableDrawingLiveTile: true, mRecentsAnimationController: null
01-20 06:38:23.799  1063  1063 I AiAiSuggestUi: Clearing suggestions.
01-20 06:38:23.799  1063  1063 I AiAiSuggestUi: Clearing suggestions.
01-20 06:38:23.800  1063  1063 D ActivityAllAppsContainerView: rebindAdapters: force: false
01-20 06:38:23.800  1063  1063 D ActivityAllAppsContainerView: rebindAdapters: Not needed.
01-20 06:38:23.800  1063  1063 D StatsLog: LAUNCHER_ONSTOP
01-20 06:38:23.801  1063  1063 D StatsLog: LAUNCHER_GOOGLE_SEARCH_RESTORE_LIST_SIZE_AFTER_ACTIVITY_RESTART
01-20 06:38:23.802  1063  1063 D NexusLauncherModelDelegate: notifySmartspaceEvent: SmartspaceTargetEvent{mSmartspaceTarget=null, mSmartspaceActionId='null', mEventType=7}
01-20 06:38:23.802   693   887 D BackgroundInstallControlService: Package event received: 0
01-20 06:38:23.802   693   887 D BackgroundInstallControlService: Package event received: 0
01-20 06:38:23.804  1063  1063 D NexusLauncherModelDelegate: notifySmartspaceEvent: SmartspaceTargetEvent{mSmartspaceTarget=null, mSmartspaceActionId='null', mEventType=7}
01-20 06:38:23.833   693  1814 D ActivityManager: sync unfroze 1607 com.google.android.gms for 6
01-20 06:38:23.836   693   887 D BackgroundInstallControlService: Package event received: 0
01-20 06:38:23.849   693  1814 D ActivityManager: sync unfroze 3403 com.google.android.adservices.api for 6
01-20 06:38:23.883  1496  6951 I AiAiScreenProcessor: Timed out waiting for Bitmap to be updated.
01-20 06:38:23.884  1496  6951 E AiAiScreenProcessor: Can't run parseContents because there are InputSources that are missing.
01-20 06:38:23.938  1063  1063 D RecentsView: onTaskRemoved: 43, not handling task stack changes
01-20 06:38:23.938  1063  1063 D RecentsView: onTaskRemoved: 43, not handling task stack changes
01-20 06:38:23.939  1063  1063 D OverviewActionsView: updateForGroupedTask() called with: isGroupedTask = [false], canSaveAppPair = [false]
01-20 06:38:23.939  1063  1063 D OverviewActionsView: updateActionButtonsVisibility() called: showSingleTaskActions = [true], showGroupActions = [false]
01-20 06:38:23.851   693   887 D BackgroundInstallControlService: Package event received: 0
01-20 06:38:23.951   693   887 D BackgroundInstallControlService: Package event received: 0
01-20 06:38:24.001   693   887 D BackgroundInstallControlService: Package event received: 0
01-20 06:38:24.039   693  1544 D ActivityManager: sync unfroze 4939 com.google.android.permissioncontroller for 6
01-20 06:38:24.058   693   887 D BackgroundInstallControlService: Package event received: 0
01-20 06:38:24.078  4787  6966 D BatteryUsageContentProvider: getLastFullChargeTimestamp() in 0/ms
01-20 06:38:24.078  4577  6354 D CompatChangeReporter: Compat change id reported: 263076149; UID 10150; state: ENABLED
01-20 06:38:24.079  4787  6966 D DatabaseUtils: getLastFullChargeTime() lastFullChargeTime=Jan 12, 2026, 07:19:06 in 1/ms
01-20 06:38:24.090  4787  6966 D DatabaseUtils: sixDaysAgoTimestamp: Jan 14, 2026, 00:00:00
01-20 06:38:24.091  4787  6966 D BatteryUsageContentProvider: getQueryTimestamp from uri: content://com.android.settings.battery.usage.provider/BatteryState?timestamp=1768348800000
01-20 06:38:24.091  4787  6966 D BatteryUsageContentProvider: getBatteryStates() after 1768348800000 in 0/ms
01-20 06:38:24.091  4787  6966 D DatabaseUtils: getBatteryHistoryMap() size=2 in 1/ms
01-20 06:38:24.091  4787  6966 D BatteryChartPreferenceController: getBatterySinceLastFullChargeUsageData() size=2 time=13/ms
01-20 06:38:24.092  4787  6958 W HWUI    : Image decoding logging dropped!
01-20 06:38:24.094  4787  6966 D DataProcessor: getHistoryMapWithExpectedTimestamps() size=17 in 0/ms
01-20 06:38:24.094  4787  6966 E DataProcessor: abnormal entry list in the timestamp:Jan 19, 2026, 17:00:00
01-20 06:38:24.094  4787  6966 E DataProcessor: abnormal entry list in the timestamp:Jan 19, 2026, 18:00:00
01-20 06:38:24.094  4787  6966 E DataProcessor: abnormal entry list in the timestamp:Jan 19, 2026, 19:00:00
01-20 06:38:24.096  4787  6966 E DataProcessor: abnormal entry list in the timestamp:Jan 19, 2026, 20:00:00
01-20 06:38:24.100  4787  6966 E DataProcessor: abnormal entry list in the timestamp:Jan 19, 2026, 21:00:00
01-20 06:38:24.101  4787  6966 E DataProcessor: abnormal entry list in the timestamp:Jan 19, 2026, 22:00:00
01-20 06:38:24.105  4787  6966 E DataProcessor: abnormal entry list in the timestamp:Jan 19, 2026, 23:00:00
01-20 06:38:24.110  4787  6966 E DataProcessor: abnormal entry list in the timestamp:Jan 20, 2026, 00:00:00
01-20 06:38:24.112  4787  6966 E DataProcessor: abnormal entry list in the timestamp:Jan 20, 2026, 01:00:00
01-20 06:38:24.114  4787  6966 E DataProcessor: abnormal entry list in the timestamp:Jan 20, 2026, 02:00:00
01-20 06:38:24.114  4787  6966 E DataProcessor: abnormal entry list in the timestamp:Jan 20, 2026, 03:00:00
01-20 06:38:24.114  4787  6966 E DataProcessor: abnormal entry list in the timestamp:Jan 20, 2026, 04:00:00
01-20 06:38:24.114  4787  6966 E DataProcessor: abnormal entry list in the timestamp:Jan 20, 2026, 05:00:00
01-20 06:38:24.114  4787  6966 E DataProcessor: abnormal entry list in the timestamp:Jan 20, 2026, 06:00:00
01-20 06:38:24.117  1607  1607 D BoundBrokerSvc: onUnbind: Intent { act=com.google.android.gms.common.BIND_SHARED_PREFS xflg=0x4 pkg=com.google.android.gms }
01-20 06:38:24.118  4787  4848 D AppForceStopRepository: canForceStopFlow: true
01-20 06:38:24.141  1063  6950 I AiAiSuggestUi: Request suggestContentSelections complete, took: 508
01-20 06:38:24.145   693   803 I ImeTracker: com.android.settings:370777e4: onRequestHide at ORIGIN_SERVER reason HIDE_UNSPECIFIED_WINDOW fromUser false
01-20 06:38:24.146  1063  6950 E AiAiSuggestUi: Timeout while retrieving suggestContentSelections
01-20 06:38:24.146  1063  6950 E AiAiSuggestUi: java.util.concurrent.TimeoutException
01-20 06:38:24.146  1063  6950 E AiAiSuggestUi: 	at java.util.concurrent.CompletableFuture$Timeout.run(CompletableFuture.java:2908)
01-20 06:38:24.146  1063  6950 E AiAiSuggestUi: 	at java.util.concurrent.Executors$RunnableAdapter.call(Executors.java:524)
01-20 06:38:24.146  1063  6950 E AiAiSuggestUi: 	at java.util.concurrent.FutureTask.run(FutureTask.java:317)
01-20 06:38:24.146  1063  6950 E AiAiSuggestUi: 	at java.util.concurrent.ScheduledThreadPoolExecutor$ScheduledFutureTask.run(ScheduledThreadPoolExecutor.java:348)
01-20 06:38:24.146  1063  6950 E AiAiSuggestUi: 	at java.util.concurrent.ThreadPoolExecutor.runWorker(ThreadPoolExecutor.java:1156)
01-20 06:38:24.146  1063  6950 E AiAiSuggestUi: 	at java.util.concurrent.ThreadPoolExecutor$Worker.run(ThreadPoolExecutor.java:651)
01-20 06:38:24.146  1063  6950 E AiAiSuggestUi: 	at java.lang.Thread.run(Thread.java:1119)
01-20 06:38:24.149  4787  4787 D InsetsController: hide(ime(), fromIme=false)
01-20 06:38:24.149  4787  4787 I ImeTracker: com.android.settings:370777e4: onCancelled at PHASE_CLIENT_ALREADY_HIDDEN
01-20 06:38:24.150  1063  6950 I AiAiSuggestUi: Fetched content back in callback
01-20 06:38:24.156  1386  1386 I GoogleInputMethodService: GoogleInputMethodService.onFinishInput():2043 
01-20 06:38:24.158  1386  1386 I Module  : DeviceLockedStatusModuleProvider$Module.updateDeviceLockedStatus():100 repeatCheckTimes = 0, locked = false
01-20 06:38:24.162  1386  1386 I GoogleInputMethodService: GoogleInputMethodService.onStartInput():1293 onStartInput(EditorInfo{EditorInfo{packageName=com.android.settings, inputType=0, inputTypeString=NULL, enableLearning=false, autoCorrection=false, autoComplete=false, imeOptions=0, privateImeOptions=null, actionName=UNSPECIFIED, actionLabel=null, initialSelStart=-1, initialSelEnd=-1, initialCapsMode=0, label=null, fieldId=0, fieldName=null, extras=null, hintText=null, hintLocales=[]}}, false)
01-20 06:38:24.163  1386  1386 I Module  : DeviceLockedStatusModuleProvider$Module.updateDeviceLockedStatus():100 repeatCheckTimes = 1, locked = false
01-20 06:38:24.163  1386  1386 I EmojiCompatManager: EmojiCompatManager.getEmojiCompatIfLoaded():343 EmojiCompat.init() was never called.
01-20 06:38:24.163  1386  1386 I EmojiCompatManager: java.lang.IllegalStateException: EmojiCompat is not initialized. Please call EmojiCompat.init() first
01-20 06:38:24.163  1386  1386 I EmojiCompatManager: 	at asx.p(PG:6)
01-20 06:38:24.163  1386  1386 I EmojiCompatManager: 	at axb.b(PG:13)
01-20 06:38:24.163  1386  1386 I EmojiCompatManager: 	at jnr.b(PG:2)
01-20 06:38:24.163  1386  1386 I EmojiCompatManager: 	at jnr.c(PG:4)
01-20 06:38:24.163  1386  1386 I EmojiCompatManager: 	at jnr.f(PG:3)
01-20 06:38:24.163  1386  1386 I EmojiCompatManager: 	at jnx.c(PG:3)
01-20 06:38:24.163  1386  1386 I EmojiCompatManager: 	at kif.cz(PG:47)
01-20 06:38:24.163  1386  1386 I EmojiCompatManager: 	at lhl.run(PG:1025)
01-20 06:38:24.163  1386  1386 I EmojiCompatManager: 	at jaf.execute(PG:12)
01-20 06:38:24.163  1386  1386 I EmojiCompatManager: 	at nco.v(PG:13)
01-20 06:38:24.163  1386  1386 I EmojiCompatManager: 	at lhn.m(PG:96)
01-20 06:38:24.163  1386  1386 I EmojiCompatManager: 	at lhn.k(PG:25)
01-20 06:38:24.163  1386  1386 I EmojiCompatManager: 	at kgn.onStartInput(PG:250)
