01-20 06:53:13.663   699   721 D FileSystemUtils: Size before punching holes st_blocks: 208160, st_blksize: 4096, st_size: 106581239
01-20 06:53:13.663   699   721 D FileSystemUtils: Size after punching holes st_blocks: 208160, st_blksize: 4096, st_size: 106581239
01-20 06:53:13.663   699   721 D FileSystemUtils: Extra field length: 9884,  Size before punching holes st_blocks: 208160, st_blksize: 4096, st_size: 106581239
01-20 06:53:13.663   699   721 D FileSystemUtils: Extra field length: 9884 content near offset: 00000000000000000000000000000000000000000000000000000000000000000000000000000000000000000000000000000000000000000000000000000000000000000000000000000000000000000000000000000000000000000000000000000000000000000000000000000000000000000000000000000000000000000000000000000000000000000000000000000000000000000000000000000000000000000000000000000000000000000000000000000000000000000000000000000000000000000000000000000000000000000000000000000000000000000000000000000000000000000000000000000000000000000000000000000000000000000000000000000000000000000000000000000000000000000000000000000000000000000000000000000000000000000000000000000000000000000000000000000000000000000000000000000000000000000000000000000000000000000000000000000000000000000000000000000000000000000000000000000000000000000000000000000000000000000000000000000000000000000000000000000000000000000000000000000000000000000000000000000000000000000000000000000000000000000000000000000000000000000000000000000000000000000
01-20 06:53:13.663   699   721 D FileSystemUtils: Punching hole in file - start: 82419712 len:8192
01-20 06:53:13.664   699   721 D FileSystemUtils: punchHolesInApk:: Size after punching holes st_blocks: 208152, st_blksize: 4096, st_size: 106581239
01-20 06:53:13.664   699   721 D FileSystemUtils: Total number of LOAD segments 4
01-20 06:53:13.664   699   721 D FileSystemUtils: Size before punching holes st_blocks: 208152, st_blksize: 4096, st_size: 106581239
01-20 06:53:13.664   699   721 D FileSystemUtils: Size after punching holes st_blocks: 208152, st_blksize: 4096, st_size: 106581239
01-20 06:53:13.664   699   721 D FileSystemUtils: Extra field length: 1323,  Size before punching holes st_blocks: 208152, st_blksize: 4096, st_size: 106581239
01-20 06:53:13.664   699   721 D FileSystemUtils: Skipping punching apk as extra field length is less than block size
01-20 06:53:13.664   699   721 W NativeLibraryHelper: Failed to punch apk : /data/app/vmdl1222557365.tmp/base.apk at extra field
01-20 06:53:13.664   699   721 D FileSystemUtils: Total number of LOAD segments 3
01-20 06:53:13.664   699   721 D FileSystemUtils: Size before punching holes st_blocks: 208152, st_blksize: 4096, st_size: 106581239
01-20 06:53:13.664   699   721 D FileSystemUtils: Size after punching holes st_blocks: 208152, st_blksize: 4096, st_size: 106581239
01-20 06:53:13.664   699   721 D FileSystemUtils: Extra field length: 7228,  Size before punching holes st_blocks: 208152, st_blksize: 4096, st_size: 106581239
01-20 06:53:13.664   699   721 D FileSystemUtils: Extra field length: 7228 content near offset: 00000000000000000000000000000000000000000000000000000000000000000000000000000000000000000000000000000000000000000000000000000000000000000000000000000000000000000000000000000000000000000000000000000000000000000000000000000000000000000000000000000000000000000000000000000000000000000000000000000000000000000000000000000000000000000000000000000000000000000000000000000000000000000000000000000000000000000000000000000000000000000000000000000000000000000000000000000000000000000000000000000000000000000000000000000000000000000000000000000000000000000000000000000000000000000000000000000000000000000000000000000000000000000000000000000000000000000000000000000000000000000000000000000000000000000000000000000000000000000000000000000000000000000000000000000000000000000000000000000000000000000000000000000000000000000000000000000000000000000000000000000000000000000000000000000000000000000000000000000000000000000000000000000000000000000000000000000000000000000000000000000000000000000
01-20 06:53:13.664   699   721 D FileSystemUtils: Punching hole in file - start: 83079168 len:4096
01-20 06:53:13.665   699   721 D FileSystemUtils: punchHolesInApk:: Size after punching holes st_blocks: 208144, st_blksize: 4096, st_size: 106581239
01-20 06:53:13.665   699   721 D FileSystemUtils: Total number of LOAD segments 3
01-20 06:53:13.665   699   721 D FileSystemUtils: Size before punching holes st_blocks: 208144, st_blksize: 4096, st_size: 106581239
01-20 06:53:13.665   699   721 D FileSystemUtils: Size after punching holes st_blocks: 208144, st_blksize: 4096, st_size: 106581239
01-20 06:53:13.665   699   721 D FileSystemUtils: Extra field length: 9436,  Size before punching holes st_blocks: 208144, st_blksize: 4096, st_size: 106581239
01-20 06:53:13.665   699   721 D FileSystemUtils: Extra field length: 9436 content near offset: 00000000000000000000000000000000000000000000000000000000000000000000000000000000000000000000000000000000000000000000000000000000000000000000000000000000000000000000000000000000000000000000000000000000000000000000000000000000000000000000000000000000000000000000000000000000000000000000000000000000000000000000000000000000000000000000000000000000000000000000000000000000000000000000000000000000000000000000000000000000000000000000000000000000000000000000000000000000000000000000000000000000000000000000000000000000000000000000000000000000000000000000000000000000000000000000000000000000000000000000000000000000000000000000000000000000000000000000000000000000000000000000000000000000000000000000000000000000000000000000000000000000000000000000000000000000000000000000000000000000000000000000000000000000000000000000000000000000000000000000000000000000000000000000000000000000000000000000000000000000000000000000000000000000000000000000000000000000000000000000000000000000000000000
01-20 06:53:13.665   699   721 D FileSystemUtils: Punching hole in file - start: 78176256 len:8192
01-20 06:53:13.666   699   721 D FileSystemUtils: punchHolesInApk:: Size after punching holes st_blocks: 208128, st_blksize: 4096, st_size: 106581239
01-20 06:53:13.666   699   721 D FileSystemUtils: Total number of LOAD segments 3
01-20 06:53:13.666   699   721 D FileSystemUtils: Size before punching holes st_blocks: 208128, st_blksize: 4096, st_size: 106581239
01-20 06:53:13.666   699   721 D FileSystemUtils: Size after punching holes st_blocks: 208128, st_blksize: 4096, st_size: 106581239
01-20 06:53:13.666   699   721 D FileSystemUtils: Extra field length: 4048,  Size before punching holes st_blocks: 208128, st_blksize: 4096, st_size: 106581239
01-20 06:53:13.666   699   721 D FileSystemUtils: Skipping punching apk as extra field length is less than block size
01-20 06:53:13.666   699   721 W NativeLibraryHelper: Failed to punch apk : /data/app/vmdl1222557365.tmp/base.apk at extra field
01-20 06:53:13.666   699   721 D FileSystemUtils: Total number of LOAD segments 3
01-20 06:53:13.667   699   721 D FileSystemUtils: Size before punching holes st_blocks: 208128, st_blksize: 4096, st_size: 106581239
01-20 06:53:13.667   699   721 D FileSystemUtils: Size after punching holes st_blocks: 208128, st_blksize: 4096, st_size: 106581239
01-20 06:53:13.667   699   721 D FileSystemUtils: Extra field length: 7870,  Size before punching holes st_blocks: 208128, st_blksize: 4096, st_size: 106581239
01-20 06:53:13.667   699   721 D FileSystemUtils: Extra field length: 7870 content near offset: 00000000000000000000000000000000000000000000000000000000000000000000000000000000000000000000000000000000000000000000000000000000000000000000000000000000000000000000000000000000000000000000000000000000000000000000000000000000000000000000000000000000000000000000000000000000000000000000000000000000000000000000000000000000000000000000000000000000000000000000000000000000000000000000000000000000000000000000000000000000000000000000000000000000000000000000000000000000000000000000000000000000000000000000000000000000000000000000000000000000000000000000000000000000000000000000000000000000000000000000000000000000000000000000000000000000000000000000000000000000000000000000000000000000000000000000000000000000000000000000000000000000000000000000000000000000000000000000000000000000000000000000000000000000000000000000000000000000000000000000000000000000000000000000000000000000000000000000000000000000000000000000000000000000000000000000000000000000000000000000000000000000000000000
01-20 06:53:13.667   699   721 D FileSystemUtils: Punching hole in file - start: 83095552 len:4096
01-20 06:53:13.667   699   721 D FileSystemUtils: punchHolesInApk:: Size after punching holes st_blocks: 208120, st_blksize: 4096, st_size: 106581239
01-20 06:53:13.667   699   721 D FileSystemUtils: Total number of LOAD segments 3
01-20 06:53:13.667   699   721 D FileSystemUtils: Size before punching holes st_blocks: 208120, st_blksize: 4096, st_size: 106581239
01-20 06:53:13.667   699   721 D FileSystemUtils: Size after punching holes st_blocks: 208120, st_blksize: 4096, st_size: 106581239
01-20 06:53:13.667   699   721 D FileSystemUtils: Extra field length: 7219,  Size before punching holes st_blocks: 208120, st_blksize: 4096, st_size: 106581239
01-20 06:53:13.667   699   721 D FileSystemUtils: Extra field length: 7219 content near offset: 00000000000000000000000000000000000000000000000000000000000000000000000000000000000000000000000000000000000000000000000000000000000000000000000000000000000000000000000000000000000000000000000000000000000000000000000000000000000000000000000000000000000000000000000000000000000000000000000000000000000000000000000000000000000000000000000000000000000000000000000000000000000000000000000000000000000000000000000000000000000000000000000000000000000000000000000000000000000000000000000000000000000000000000000000000000000000000000000000000000000000000000000000000000000000000000000000000000000000000000000000000000000000000000000000000000000000000000000000000000000000000000000000000000000000000000000000000000000000000000000000000000000000000000000000000000000000000000000000000000000000000000000000000000000000000000000000000000000000000000000000000000000000000000000000000000000000000000000000000000000000000000000000000000000000000000000000000000000000000000000000000000000000000
01-20 06:53:13.667   699   721 D FileSystemUtils: Punching hole in file - start: 78360576 len:4096
01-20 06:53:13.668   699   721 D FileSystemUtils: punchHolesInApk:: Size after punching holes st_blocks: 208112, st_blksize: 4096, st_size: 106581239
01-20 06:53:13.668   699   721 D FileSystemUtils: Total number of LOAD segments 3
01-20 06:53:13.668   699   721 D FileSystemUtils: Size before punching holes st_blocks: 208112, st_blksize: 4096, st_size: 106581239
01-20 06:53:13.668   699   721 D FileSystemUtils: Size after punching holes st_blocks: 208112, st_blksize: 4096, st_size: 106581239
01-20 06:53:13.668   699   721 D FileSystemUtils: Extra field length: 2171,  Size before punching holes st_blocks: 208112, st_blksize: 4096, st_size: 106581239
01-20 06:53:13.668   699   721 D FileSystemUtils: Skipping punching apk as extra field length is less than block size
01-20 06:53:13.668   699   721 W NativeLibraryHelper: Failed to punch apk : /data/app/vmdl1222557365.tmp/base.apk at extra field
01-20 06:53:13.672   699   762 D InstallDependencyHelper: No missing dependency for com.myapp1reactnative
01-20 06:53:13.685   699   754 V Configuration: Updating configuration, locales updated from [] to [en_US]
01-20 06:53:13.685   699   754 I system_server: AssetManager2(0x784cb4b89e38) locale list changing from [] to [en-US]
01-20 06:53:13.785   699   755 D OomAdjuster: Not killing cached processes
01-20 06:53:13.785   699   755 W IPCThreadState: Sending oneway calls to frozen process.
01-20 06:53:13.786   699   755 W IPCThreadState: Sending oneway calls to frozen process.
01-20 06:53:13.786   699   755 W IPCThreadState: Sending oneway calls to frozen process.
01-20 06:53:13.786   699   755 W IPCThreadState: Sending oneway calls to frozen process.
01-20 06:53:13.786   699   755 W IPCThreadState: Sending oneway calls to frozen process.
01-20 06:53:13.786   699   755 W IPCThreadState: Sending oneway calls to frozen process.
01-20 06:53:13.787   699   755 W IPCThreadState: Sending oneway calls to frozen process.
01-20 06:53:13.787   699   755 W IPCThreadState: Sending oneway calls to frozen process.
01-20 06:53:13.788   699   755 W IPCThreadState: Sending oneway calls to frozen process.
01-20 06:53:13.788   699   755 W IPCThreadState: Sending oneway calls to frozen process.
01-20 06:53:13.788   699   755 W IPCThreadState: Sending oneway calls to frozen process.
01-20 06:53:13.788   699   755 W IPCThreadState: Sending oneway calls to frozen process.
01-20 06:53:13.789   699   755 W IPCThreadState: Sending oneway calls to frozen process.
01-20 06:53:13.789   699   755 W IPCThreadState: Sending oneway calls to frozen process.
01-20 06:53:13.789   699   755 W IPCThreadState: Sending oneway calls to frozen process.
01-20 06:53:13.790   699   755 W IPCThreadState: Sending oneway calls to frozen process.
01-20 06:53:13.790   699   755 W IPCThreadState: Sending oneway calls to frozen process.
01-20 06:53:13.790   699   755 W IPCThreadState: Sending oneway calls to frozen process.
01-20 06:53:13.791   699   755 W IPCThreadState: Sending oneway calls to frozen process.
01-20 06:53:13.791   699   755 W IPCThreadState: Sending oneway calls to frozen process.
01-20 06:53:13.791   699   755 W IPCThreadState: Sending oneway calls to frozen process.
01-20 06:53:13.791   699   755 W IPCThreadState: Sending oneway calls to frozen process.
01-20 06:53:13.792   699   755 W IPCThreadState: Sending oneway calls to frozen process.
01-20 06:53:13.792   699   755 W IPCThreadState: Sending oneway calls to frozen process.
01-20 06:53:13.792   699   755 W IPCThreadState: Sending oneway calls to frozen process.
01-20 06:53:13.793   699   755 W IPCThreadState: Sending oneway calls to frozen process.
01-20 06:53:13.793   699   755 W IPCThreadState: Sending oneway calls to frozen process.
01-20 06:53:13.793   699   755 W IPCThreadState: Sending oneway calls to frozen process.
01-20 06:53:13.821   699   754 D BackupManagerService: [UserID:0] restoreAtInstall pkg=com.myapp1reactnative token=3 restoreSet=0
01-20 06:53:13.821  1038  1242 D SatelliteController: iisInCarrierRoamingNbIotNtn: satellite is disabled
01-20 06:53:13.825   699   754 D BackupManagerService: [UserID:0] Finishing install immediately
01-20 06:53:13.828   699   719 V StorageManagerService: Package null does not have legacy storage
01-20 06:53:13.833   699   754 I PackageManager: installation completed for package:com.myapp1reactnative. Final code path: /data/app/~~A1_td2lWxCrlj-ku6T6SVA==/com.myapp1reactnative-SDy7EtM1KcQyIuiYMbg_EQ==
01-20 06:53:13.834   699   754 I AppsFilter: interaction: PackageSetting{c7b18ff com.android.microdroid.empty_payload/10212} -> PackageSetting{7bc5c0c com.myapp1reactnative/10228} BLOCKED
01-20 06:53:13.834   699   890 D BackgroundInstallControlService: Package event received: 0
01-20 06:53:13.835   699   890 D BackgroundInstallControlService: Package event received: 1
01-20 06:53:13.835   699   754 D PackageInstallerSession: Marking session 1222557365 as applied
01-20 06:53:13.841   699   911 D ActivityManager: sync unfroze 1349 com.google.android.permissioncontroller for 6
01-20 06:53:13.851   699   890 D BackgroundInstallControlService: Package event received: 0
01-20 06:53:13.856   699   762 D InstallDependencyHelper: Session complete for 1222557365
01-20 06:53:13.857  1422  1440 D MediaGrants: Removed 0 media_grants for 0 user for [com.myapp1reactnative]. Reason: Mode changed: android:read_external_storage
01-20 06:53:13.878  1050  1113 D SessionCommitReceiver: Removing unneeded PromiseIcon for package: com.myapp1reactnative, install reason: 0, alreadyAddedPromiseIcon: false
01-20 06:53:13.889   699   728 W ProcessStats: Tracking association SourceState{de7322f system/1000 ImpFg #2375} whose proc state 5 is better than process ProcessState{856fc51 com.google.android.permissioncontroller/10195 pkg=com.google.android.permissioncontroller} proc state 14 (0 skipped)
01-20 06:53:13.892   699   849 E AppOps  : attributionTag VCN not declared in manifest of android
01-20 06:53:13.894   699   849 E AppOps  : attributionTag VCN not declared in manifest of android
01-20 06:53:13.899  1038  1242 I SatelliteAppTracker: onPackageAdded : com.myapp1reactnative
01-20 06:53:13.900   699   810 I system_server: AssetManager2(0x784cb4b89e38) locale list changing from [] to [en-US]
01-20 06:53:13.902  1038  1038 D CarrierSvcBindHelper: onPackageAdded: com.myapp1reactnative
01-20 06:53:13.913   699   728 D ActivityManager: sync unfroze 3187 com.google.android.packageinstaller for 3
01-20 06:53:13.915  3187  3187 D ActivityThread: Package [com.myapp1reactnative] reported as REPLACED, but missing application info. Assuming REMOVED.
01-20 06:53:13.916  1038  1038 D CarrierSvcBindHelper: No carrier app for: 0
01-20 06:53:13.917  1349  1349 I SafetyLabelChangedBroadcastReceiver: received broadcast packageName: com.myapp1reactnative, current user: UserHandle{0}, packageChangeEvent: NEW_INSTALL, intent user: UserHandle{0}
01-20 06:53:13.920   699   888 D ShortcutService: received package broadcast intent: Intent { act=android.intent.action.PACKAGE_ADDED dat=package: flg=0x4000010 (has extras) }
01-20 06:53:13.920   699   888 D ShortcutService: adding package: com.myapp1reactnative userId=0
01-20 06:53:13.937   699   795 I RoleService: Granting default roles...
01-20 06:53:13.937  3187  3187 D ActivityThread: Package [com.myapp1reactnative] reported as REPLACED, but missing application info. Assuming REMOVED.
01-20 06:53:13.941  3187  3187 D ActivityThread: Package [com.myapp1reactnative] reported as REPLACED, but missing application info. Assuming REMOVED.
01-20 06:53:13.942   699   895 I SdkSandboxManager: No SDKs used. Skipping SDK data reconcilation for CallingInfo{mUid=10228, mPackageName='com.myapp1reactnative, mAppProcessToken='null'}
01-20 06:53:13.949   699  2471 W SignedPackage: Package doesn't have required signing certificate: com.google.android.retaildemo
01-20 06:53:13.949   699  2471 E RoleControllerServiceImpl: Default/fallback role holder package doesn't qualify for the role, package: com.google.android.gms.supervision, role: android.app.role.SYSTEM_SUPERVISION
01-20 06:53:13.953  1349  4300 E BackupHelper: Could not parse delayed permissions
01-20 06:53:13.953  1349  4300 E BackupHelper: java.io.FileNotFoundException: /data/user_de/0/com.google.android.permissioncontroller/files/delayed_restore_permissions.xml: open failed: ENOENT (No such file or directory)
01-20 06:53:13.953  1349  4300 E BackupHelper: 	at libcore.io.IoBridge.open(IoBridge.java:574)
01-20 06:53:13.953  1349  4300 E BackupHelper: 	at java.io.FileInputStream.<init>(FileInputStream.java:179)
01-20 06:53:13.953  1349  4300 E BackupHelper: 	at android.app.ContextImpl.openFileInput(ContextImpl.java:773)
01-20 06:53:13.953  1349  4300 E BackupHelper: 	at com.android.permissioncontroller.permission.service.BackupHelper.restoreDelayedState(BackupHelper.java:407)
01-20 06:53:13.953  1349  4300 E BackupHelper: 	at com.android.permissioncontroller.permission.service.PermissionControllerServiceImpl.onRestoreDelayedRuntimePermissionsBackup(PermissionControllerServiceImpl.java:430)
01-20 06:53:13.953  1349  4300 E BackupHelper: 	at com.android.permissioncontroller.permission.service.PermissionControllerServiceImpl.lambda$onApplyStagedRuntimePermissionBackup$4(PermissionControllerServiceImpl.java:424)
01-20 06:53:13.953  1349  4300 E BackupHelper: 	at com.android.permissioncontroller.permission.service.PermissionControllerServiceImpl.$r8$lambda$TbAZrpVHU85LYBnlVdzyQvclH0Q(PermissionControllerServiceImpl.java:0)
01-20 06:53:13.953  1349  4300 E BackupHelper: 	at com.android.permissioncontroller.permission.service.PermissionControllerServiceImpl$$ExternalSyntheticLambda4.run(R8$$SyntheticClass:0)
01-20 06:53:13.953  1349  4300 E BackupHelper: 	at android.os.AsyncTask$SerialExecutor$1.run(AsyncTask.java:305)
01-20 06:53:13.953  1349  4300 E BackupHelper: 	at java.util.concurrent.ThreadPoolExecutor.runWorker(ThreadPoolExecutor.java:1156)
01-20 06:53:13.953  1349  4300 E BackupHelper: 	at java.util.concurrent.ThreadPoolExecutor$Worker.run(ThreadPoolExecutor.java:651)
01-20 06:53:13.953  1349  4300 E BackupHelper: 	at java.lang.Thread.run(Thread.java:1119)
01-20 06:53:13.953  1349  4300 E BackupHelper: Caused by: android.system.ErrnoException: open failed: ENOENT (No such file or directory)
01-20 06:53:13.953  1349  4300 E BackupHelper: 	at libcore.io.Linux.open(Native Method)
01-20 06:53:13.953  1349  4300 E BackupHelper: 	at libcore.io.ForwardingOs.open(ForwardingOs.java:568)
01-20 06:53:13.953  1349  4300 E BackupHelper: 	at libcore.io.BlockGuardOs.open(BlockGuardOs.java:274)
01-20 06:53:13.953  1349  4300 E BackupHelper: 	at libcore.io.ForwardingOs.open(ForwardingOs.java:568)
01-20 06:53:13.953  1349  4300 E BackupHelper: 	at android.app.ActivityThread$AndroidOs.open(ActivityThread.java:8953)
01-20 06:53:13.953  1349  4300 E BackupHelper: 	at libcore.io.IoBridge.open(IoBridge.java:560)
01-20 06:53:13.953  1349  4300 E BackupHelper: 	... 11 more
01-20 06:53:13.953  3187  3187 D ActivityThread: Package [com.myapp1reactnative] reported as REPLACED, but missing application info. Assuming REMOVED.
01-20 06:53:13.954   699   810 I system_server: AssetManager2(0x784cb4b94a18) locale list changing from [] to [en-US]
01-20 06:53:13.957  3187  3187 V ActivityThread: getPackageInfo() caused update to cached ApplicationInfo for package com.google.android.packageinstaller
01-20 06:53:13.957   699  2471 W SignedPackage: Package doesn't have required signing certificate: com.google.android.apps.work.clouddpc
01-20 06:53:13.959   699   727 D LauncherAppsService: onPackageAdded: triggering onPackageAdded for user=UserHandle{0}, packageName=com.myapp1reactnative
01-20 06:53:13.968   931   931 D ControlsListingControllerImpl: ServiceConfig reloaded, count: 0
01-20 06:53:13.971  3187  3187 I ackageinstaller: AssetManager2(0x784cb4b61758) locale list changing from [] to [en-US]
01-20 06:53:13.974   699   727 D LauncherAppsService: onPackageAdded: triggering onPackageAdded for user=UserHandle{0}, packageName=com.myapp1reactnative
01-20 06:53:13.975  1050  1113 D LauncherAppsCallbackImpl: onPackageAdded triggered for packageName=com.myapp1reactnative, user=UserHandle{0}
01-20 06:53:13.975   699   727 D LauncherAppsService: onPackageAdded: triggering onPackageAdded for user=UserHandle{0}, packageName=com.myapp1reactnative
01-20 06:53:13.975  1050  1113 D PackageUpdatedTask: Package updated: mOp=ADD packages=[com.myapp1reactnative], user=UserHandle{0}
01-20 06:53:13.975   699   727 D LauncherAppsService: onPackageAdded: Skipping - package filtered for user=UserHandle{0}, packageName=com.myapp1reactnative
01-20 06:53:13.979   699  2471 I Role    : com.google.android.gms not qualified for android.app.role.SYSTEM_DEPENDENCY_INSTALLER due to missing RequiredComponent{mIntentFilterData=IntentFilterData{mAction='android.content.pm.action.INSTALL_DEPENDENCY', mCategories='[]', mDataScheme='null', mDataType='null'}, mMinTargetSdkVersion=1, mFlags='0', mPermission='android.permission.BIND_DEPENDENCY_INSTALLER', mQueryFlags=0, mMetaData=[]}
01-20 06:53:13.979   699  2471 E RoleControllerServiceImpl: Default/fallback role holder package doesn't qualify for the role, package: com.google.android.gms, role: android.app.role.SYSTEM_DEPENDENCY_INSTALLER
01-20 06:53:13.986  1050  1113 I s.nexuslauncher: AssetManager2(0x784cb4b6a0d8) locale list changing from [] to [en-US]
01-20 06:53:13.990  1038  1038 E SmsApplication: com.google.android.apps.messaging lost android:read_cell_broadcasts:  (fixing)
01-20 06:53:13.992   699   722 I system_server: AssetManager2(0x784cb4ba6cb8) locale list changing from [] to [en-US]
01-20 06:53:13.995  1050  1113 W HWUI    : Image decoding logging dropped!
01-20 06:53:13.997   699  1769 W AppOpService: Ignored setUidMode call for runtime permission app op: uid = 10146, code = READ_CELL_BROADCASTS, mode = allow, callingUid = 1001, oldMode = allow
01-20 06:53:14.004  1444  1444 I AiAiEcho: AppFetcherImplV2 updateApps package:[com.myapp1reactnative], userId:[0], reason:[package is added.].
01-20 06:53:14.006   550   565 D NativePermissionController: updatePackagesForUid, UidPackageState{uid: 10228, packageNames: [com.myapp1reactnative]}
01-20 06:53:14.009  1444  4127 I ogle.android.as: AssetManager2(0x784cb4b88e98) locale list changing from [] to [en-US]
01-20 06:53:14.018  1349  4210 I PermissionControllerServiceImpl: Updating user sensitive for uid 10228
01-20 06:53:14.019   699   699 D AppSearchAppsIndexerManagerS: userid in package receiver: 10228
01-20 06:53:14.042   699   699 D TransparencyService: Not an update. Skipping...
01-20 06:53:14.046   699   727 W PackageManager: Failed registering loading progress callback. Package is fully loaded.
01-20 06:53:14.064  3187  3187 E ashmem  : Pinning is deprecated since Android Q. Please use trim or other methods.
01-20 06:53:14.075   699  1661 W AppOpService: Ignored setUidMode call for runtime permission app op: uid = 1001, code = READ_SMS, mode = allow, callingUid = 1001, oldMode = allow
01-20 06:53:14.088   699  1661 W AppOpService: Ignored setUidMode call for runtime permission app op: uid = 1001, code = RECEIVE_SMS, mode = allow, callingUid = 1001, oldMode = allow
01-20 06:53:14.091   699  1944 W AppOpService: Ignored setUidMode call for runtime permission app op: uid = 1001, code = RECEIVE_WAP_PUSH, mode = allow, callingUid = 1001, oldMode = allow
01-20 06:53:14.098   699  1944 W AppOpService: Ignored setUidMode call for runtime permission app op: uid = 1001, code = SEND_SMS, mode = allow, callingUid = 1001, oldMode = allow
01-20 06:53:14.100   699  1944 W AppOpService: Ignored setUidMode call for runtime permission app op: uid = 1001, code = READ_CELL_BROADCASTS, mode = allow, callingUid = 1001, oldMode = allow
01-20 06:53:14.206  1050  1826 W HWUI    : Failed to choose config with EGL_SWAP_BEHAVIOR_PRESERVED, retrying without...
01-20 06:53:14.206  1050  1826 W HWUI    : Failed to initialize 101010-2 format, error = EGL_SUCCESS
01-20 06:53:14.215   699   699 W Looper  : Slow dispatch took 107ms main app=system_server main=true group=FOREGROUND h=android.os.Handler c=com.android.server.telecom.DefaultDialerCache$1$$ExternalSyntheticLambda0@9650bb2 m=0
01-20 06:53:14.215   699   699 I AppsFilter: interaction: PackageSetting{1faf680 com.android.microdroid.empty_payload/10212} -> PackageSetting{5f624b9 com.myapp1reactnative/10228} BLOCKED
01-20 06:53:14.232   699   888 D ShortcutService: received package broadcast intent: Intent { act=android.intent.action.PACKAGE_CHANGED dat=package: flg=0x5000010 (has extras) }
01-20 06:53:14.232   699   888 D ShortcutService: changing package: com.myapp1reactnative userId=0
01-20 06:53:14.248   699  2471 E RoleControllerServiceImpl: Default/fallback role holder package doesn't qualify for the role, package: com.google.android.gms, role: android.app.role.WALLET
01-20 06:53:14.252  3768  3768 I Finsky  : [2] Memory trim requested to level 40
01-20 06:53:14.252  3768  3768 I Finsky  : [2] Flushing in-memory image cache
01-20 06:53:14.256   699   728 D ActivityManager: sync unfroze 3768 com.android.vending for 3
01-20 06:53:14.262   699   813 I system_server: AssetManager2(0x784cb4b846b8) locale list changing from [] to [en-US]
01-20 06:53:14.266  1038  1235 D ImsResolver: maybeAddedImsService, packageName: com.myapp1reactnative
01-20 06:53:14.266  1038  1235 V ImsResolver: searchForImsServices: package=com.myapp1reactnative, users=[UserHandle{0}]
01-20 06:53:14.269  1038  1235 V ImsResolver: searchForImsServices: package=com.myapp1reactnative, users=[UserHandle{0}]
01-20 06:53:14.271  3768  3858 I Finsky  : [61] AIM: AppInfoManager-Perf > Destroying AppInfoManager ...
01-20 06:53:14.272  1050  1113 W HWUI    : Image decoding logging dropped!
01-20 06:53:14.273  1444  4128 I AiAiEcho: AppIndexer Package:[com.myapp1reactnative] UserProfile:[0] Enabled:[true].
01-20 06:53:14.273  1444  4128 I AiAiEcho: AppFetcherImplV2 updateApps package:[com.myapp1reactnative], userId:[0], reason:[package is updated.].
01-20 06:53:14.274  3768  3768 I Finsky  : [2] Memory trim requested to level 40
01-20 06:53:14.274  3768  3768 I Finsky  : [2] Flushing in-memory image cache
01-20 06:53:14.274  3768  3768 I Finsky  : [2] Memory trim requested to level 40
01-20 06:53:14.274  3768  3768 I Finsky  : [2] Flushing in-memory image cache
01-20 06:53:14.283   699   728 D ActivityManager: sync unfroze 3853 com.android.vending:background for 3
01-20 06:53:14.288  1050  1113 D AlphabeticIndexCompat: computeSectionName: cs:  sectionName: 
01-20 06:53:14.289  1050  1050 D AllAppsStore: setApps: apps.length=20
01-20 06:53:14.289  1050  1050 D AllAppsStore: notifyUpdate: notifying listeners
01-20 06:53:14.289  1050  1050 D ActivityAllAppsContainerView: onAppsUpdated; number of apps: 20
01-20 06:53:14.289  1050  1050 D ActivityAllAppsContainerView: rebindAdapters: force: false
01-20 06:53:14.289  1050  1050 D ActivityAllAppsContainerView: rebindAdapters: Not needed.
01-20 06:53:14.290   699  1661 W ParceledListSlice: Element #26 is 19556 bytes.
01-20 06:53:14.290   699  1661 W ParceledListSlice: Element #27 is 19592 bytes.
01-20 06:53:14.291  3853  3853 I Finsky:background: [2] Memory trim requested to level 40
01-20 06:53:14.291  1050  1050 D StatsLog: LAUNCHER_ALLAPPS_COUNT
01-20 06:53:14.291  1050  1050 D AlphabeticalAppsList: Clearing FastScrollerSections.
01-20 06:53:14.291  1050  1050 D AlphabeticalAppsList: Adding apps with sections. HasPrivateApps: false
01-20 06:53:14.291  1050  1050 D AlphabeticalAppsList: addAppsWithSections: adding sectionName: C with appInfoTitle: Calendar
01-20 06:53:14.292  1050  1050 D AlphabeticalAppsList: addAppsWithSections: adding sectionName: D with appInfoTitle: Drive
01-20 06:53:14.293  1050  1050 D AlphabeticalAppsList: addAppsWithSections: adding sectionName: F with appInfoTitle: Files
01-20 06:53:14.293  1050  1050 D AlphabeticalAppsList: addAppsWithSections: adding sectionName: G with appInfoTitle: Gmail
01-20 06:53:14.293  1050  1050 D AlphabeticalAppsList: addAppsWithSections: adding sectionName: M with appInfoTitle: Maps
01-20 06:53:14.293  1050  1050 D AlphabeticalAppsList: addAppsWithSections: adding sectionName: P with appInfoTitle: Phone
01-20 06:53:14.293  1050  1050 D AlphabeticalAppsList: addAppsWithSections: adding sectionName: S with appInfoTitle: Safety
01-20 06:53:14.293  1050  1050 D AlphabeticalAppsList: addAppsWithSections: adding sectionName: T with appInfoTitle: TMoble
01-20 06:53:14.293  1050  1050 D AlphabeticalAppsList: addAppsWithSections: adding sectionName: Y with appInfoTitle: YouTube
01-20 06:53:14.293  1050  1050 D AlphabeticalAppsList: addAppsWithSections: adding sectionName:  with appInfoTitle: 
01-20 06:53:14.293  1050  1050 D AlphabeticalAppsList: Adding FastScrollSection duplicate to scroll to the bottom.
01-20 06:53:14.295  1050  1050 D AlphabeticalAppsList: Clearing FastScrollerSections.
01-20 06:53:14.295  1050  1050 D AlphabeticalAppsList: Adding apps with sections. HasPrivateApps: false
01-20 06:53:14.295  1050  1050 D AlphabeticalAppsList: addAppsWithSections: adding sectionName: C with appInfoTitle: Calendar
01-20 06:53:14.295  1050  1050 D AlphabeticalAppsList: addAppsWithSections: adding sectionName: D with appInfoTitle: Drive
01-20 06:53:14.295  1050  1050 D AlphabeticalAppsList: addAppsWithSections: adding sectionName: F with appInfoTitle: Files
01-20 06:53:14.295  1050  1050 D AlphabeticalAppsList: addAppsWithSections: adding sectionName: G with appInfoTitle: Gmail
01-20 06:53:14.295  1050  1050 D AlphabeticalAppsList: addAppsWithSections: adding sectionName: M with appInfoTitle: Maps
01-20 06:53:14.295  1050  1050 D AlphabeticalAppsList: addAppsWithSections: adding sectionName: P with appInfoTitle: Phone
01-20 06:53:14.295  1050  1050 D AlphabeticalAppsList: addAppsWithSections: adding sectionName: S with appInfoTitle: Safety
01-20 06:53:14.295  1050  1050 D AlphabeticalAppsList: addAppsWithSections: adding sectionName: T with appInfoTitle: TMoble
01-20 06:53:14.295  1050  1050 D AlphabeticalAppsList: addAppsWithSections: adding sectionName: Y with appInfoTitle: YouTube
01-20 06:53:14.295  1050  1050 D AlphabeticalAppsList: addAppsWithSections: adding sectionName:  with appInfoTitle: 
01-20 06:53:14.295  1050  1050 D AlphabeticalAppsList: Adding FastScrollSection duplicate to scroll to the bottom.
01-20 06:53:14.299   699  1768 W ParceledListSlice: Element #28 is 19732 bytes.
01-20 06:53:14.301   699  1768 W ParceledListSlice: Element #29 is 19820 bytes.
01-20 06:53:14.301   699  1768 W ParceledListSlice: Element #30 is 19456 bytes.
01-20 06:53:14.303  3768  3768 I Finsky  : [2] ahkp - Received: android.intent.action.PACKAGE_ADDED, [3YmRuZdk5t4K8lT635X9TGpB8noq2MIh0YCaw_Djdz8]
01-20 06:53:14.307  1038  1242 I SatelliteAppTracker: onPackageModified : com.myapp1reactnative
01-20 06:53:14.309  3853  3853 I Finsky:background: [2] Memory trim requested to level 40
01-20 06:53:14.309  3853  3853 I Finsky:background: [2] Memory trim requested to level 40
01-20 06:53:14.310  1050  1113 W HWUI    : Image decoding logging dropped!
01-20 06:53:14.310   699   813 V AccessibilityManagerService: onUserStateChangedLocked for userId: 0, forceUpdate: false
01-20 06:53:14.310   699   813 W MagnificationConnectionManager: requestConnection duplicated request: connect=false, mConnectionState=DISCONNECTED
01-20 06:53:14.315  3853  3853 I Finsky:background: [2] ahkf - Received: android.intent.action.PACKAGE_ADDED, [3YmRuZdk5t4K8lT635X9TGpB8noq2MIh0YCaw_Djdz8]
01-20 06:53:14.324   931   931 D ControlsListingControllerImpl: ServiceConfig reloaded, count: 0
01-20 06:53:14.325  1444  1687 I AiAiEcho: EchoSearch: WidgetFetcherImpl is initialized with [34] widgets [reason=package added for userId: 0]
01-20 06:53:14.330  1038  1038 W VvmPkgInstalledRcvr: carrierVvmPkgAdded: carrier vvm packages doesn't contain com.myapp1reactnative
01-20 06:53:14.340   699  2471 W SignedPackage: Cannot get ApplicationInfo for package: com.google.android.devicelockcontroller
01-20 06:53:14.351  3768  3867 I Finsky  : [63] AIM: AppInfoManager-Perf > Destroying AppInfoManager ...
01-20 06:53:14.358  1038  1038 D CarrierSvcBindHelper: onPackageModified: com.myapp1reactnative
01-20 06:53:14.358  1038  1038 D CarrierSvcBindHelper: No carrier app for: 0
01-20 06:53:14.364   699   699 D AppSearchAppsIndexerManagerS: userid in package receiver: 10228
01-20 06:53:14.370   699   813 V AccessibilityManagerService: onUserStateChangedLocked for userId: 0, forceUpdate: false
01-20 06:53:14.384  1038  1038 E SmsApplication: com.google.android.apps.messaging lost android:read_cell_broadcasts:  (fixing)
01-20 06:53:14.385   699  1661 W AppOpService: Ignored setUidMode call for runtime permission app op: uid = 10146, code = READ_CELL_BROADCASTS, mode = allow, callingUid = 1001, oldMode = allow
01-20 06:53:14.385  1050  1113 D AlphabeticIndexCompat: computeSectionName: cs: Settings sectionName: S
01-20 06:53:14.386  1050  1113 D AlphabeticIndexCompat: computeSectionName: cs: Photos sectionName: P
01-20 06:53:14.387  1349  4210 I PermissionControllerServiceImpl: Updating user sensitive for uid 10228
01-20 06:53:14.387  1050  1113 D AlphabeticIndexCompat: computeSectionName: cs: Battery sectionName: B
01-20 06:53:14.390   699   813 W MagnificationConnectionManager: requestConnection duplicated request: connect=false, mConnectionState=DISCONNECTED
01-20 06:53:14.390  1050  1113 D AlphabeticIndexCompat: computeSectionName: cs: Chrome sectionName: C
01-20 06:53:14.392  1050  1113 D AlphabeticIndexCompat: computeSectionName: cs: Gmail sectionName: G
01-20 06:53:14.393  1050  1113 D AlphabeticIndexCompat: computeSectionName: cs: Drive sectionName: D
01-20 06:53:14.394  1050  1113 D AlphabeticIndexCompat: computeSectionName: cs: Clock sectionName: C
01-20 06:53:14.394  1050  1113 D AlphabeticIndexCompat: computeSectionName: cs: Contacts sectionName: C
01-20 06:53:14.394  1050  1113 D AlphabeticIndexCompat: computeSectionName: cs: Calendar sectionName: C
01-20 06:53:14.394  1050  1113 D AlphabeticIndexCompat: computeSectionName: cs: Maps sectionName: M
01-20 06:53:14.395  1050  1113 D AlphabeticIndexCompat: computeSectionName: cs: YouTube Music sectionName: Y
01-20 06:53:14.395  1050  1113 D AlphabeticIndexCompat: computeSectionName: cs: YouTube sectionName: Y
01-20 06:53:14.395  1050  1113 D AlphabeticIndexCompat: computeSectionName: cs: Google sectionName: G
01-20 06:53:14.395  1050  1113 D AlphabeticIndexCompat: computeSectionName: cs: Android System Intelligence sectionName: A
01-20 06:53:14.396  1050  1113 D AlphabeticIndexCompat: computeSectionName: cs: Digital Wellbeing sectionName: D
01-20 06:53:14.396  1050  1113 D AlphabeticIndexCompat: computeSectionName: cs: Conversations sectionName: C
01-20 06:53:14.397  1050  1113 D PackageUpdatedTask: Package updated: mOp=UPDATE packages=[com.myapp1reactnative], user=UserHandle{0}
01-20 06:53:14.402  1473  1473 I faht    : (REDACTED) O received %s
01-20 06:53:14.406   699   699 W IPCThreadState: Sending oneway calls to frozen process.
01-20 06:53:14.406   699   699 W IPCThreadState: Sending oneway calls to frozen process.
01-20 06:53:14.407   699   699 W IPCThreadState: Sending oneway calls to frozen process.
01-20 06:53:14.407   699   699 W IPCThreadState: Sending oneway calls to frozen process.
01-20 06:53:14.408   699   699 W IPCThreadState: Sending oneway calls to frozen process.
01-20 06:53:14.408   699   699 W IPCThreadState: Sending oneway calls to frozen process.
01-20 06:53:14.410   699   699 W IPCThreadState: Sending oneway calls to frozen process.
01-20 06:53:14.410   699   699 W IPCThreadState: Sending oneway calls to frozen process.
01-20 06:53:14.416   699   699 W IPCThreadState: Sending oneway calls to frozen process.
01-20 06:53:14.418   699   699 W IPCThreadState: Sending oneway calls to frozen process.
01-20 06:53:14.419   699   699 W IPCThreadState: Sending oneway calls to frozen process.
01-20 06:53:14.419   699   699 W IPCThreadState: Sending oneway calls to frozen process.
01-20 06:53:14.425  1050  1113 W HWUI    : Image decoding logging dropped!
01-20 06:53:14.429   699  1952 W AppOpService: Ignored setUidMode call for runtime permission app op: uid = 1001, code = READ_SMS, mode = allow, callingUid = 1001, oldMode = allow
01-20 06:53:14.444   699  1620 W AppOpService: Ignored setUidMode call for runtime permission app op: uid = 1001, code = RECEIVE_SMS, mode = allow, callingUid = 1001, oldMode = allow
01-20 06:53:14.451   699  1952 W AppOpService: Ignored setUidMode call for runtime permission app op: uid = 1001, code = RECEIVE_WAP_PUSH, mode = allow, callingUid = 1001, oldMode = allow
01-20 06:53:14.457   699  1947 W AppOpService: Ignored setUidMode call for runtime permission app op: uid = 1001, code = SEND_SMS, mode = allow, callingUid = 1001, oldMode = allow
01-20 06:53:14.459   699  1947 W AppOpService: Ignored setUidMode call for runtime permission app op: uid = 1001, code = READ_CELL_BROADCASTS, mode = allow, callingUid = 1001, oldMode = allow
01-20 06:53:14.494  3768  3768 I Finsky  : [2] AIM: AppInfoCacheUpdater -> invalidating apps: [com.myapp1reactnative]
01-20 06:53:14.501  3768  3768 I Finsky  : [2] AIM: AppInfoManager-Perf > getApps > called for 1 apps
01-20 06:53:14.501  1050  1113 W HWUI    : Image decoding logging dropped!
01-20 06:53:14.501  1050  1113 D AlphabeticIndexCompat: computeSectionName: cs:  sectionName: 
01-20 06:53:14.504  1050  1050 D AllAppsStore: setApps: apps.length=20
01-20 06:53:14.504  1050  1050 D AllAppsStore: notifyUpdate: notifying listeners
01-20 06:53:14.504  1050  1050 D ActivityAllAppsContainerView: onAppsUpdated; number of apps: 20
01-20 06:53:14.504  1050  1050 D ActivityAllAppsContainerView: rebindAdapters: force: false
01-20 06:53:14.504  1050  1050 D ActivityAllAppsContainerView: rebindAdapters: Not needed.
01-20 06:53:14.504  1050  1050 D StatsLog: LAUNCHER_ALLAPPS_COUNT
01-20 06:53:14.505  1050  1050 D AlphabeticalAppsList: Clearing FastScrollerSections.
01-20 06:53:14.505  1050  1050 D AlphabeticalAppsList: Adding apps with sections. HasPrivateApps: false
01-20 06:53:14.505  1050  1050 D AlphabeticalAppsList: addAppsWithSections: adding sectionName: C with appInfoTitle: Calendar
01-20 06:53:14.505  1050  1050 D AlphabeticalAppsList: addAppsWithSections: adding sectionName: D with appInfoTitle: Drive
01-20 06:53:14.505  1050  1050 D AlphabeticalAppsList: addAppsWithSections: adding sectionName: F with appInfoTitle: Files
01-20 06:53:14.505  1050  1050 D AlphabeticalAppsList: addAppsWithSections: adding sectionName: G with appInfoTitle: Gmail
01-20 06:53:14.505  1050  1050 D AlphabeticalAppsList: addAppsWithSections: adding sectionName: M with appInfoTitle: Maps
01-20 06:53:14.505  1050  1050 D AlphabeticalAppsList: addAppsWithSections: adding sectionName: P with appInfoTitle: Phone
01-20 06:53:14.505  1050  1050 D AlphabeticalAppsList: addAppsWithSections: adding sectionName: S with appInfoTitle: Safety
01-20 06:53:14.505  1050  1050 D AlphabeticalAppsList: addAppsWithSections: adding sectionName: T with appInfoTitle: TMoble
01-20 06:53:14.505  1050  1050 D AlphabeticalAppsList: addAppsWithSections: adding sectionName: Y with appInfoTitle: YouTube
01-20 06:53:14.505  1050  1050 D AlphabeticalAppsList: addAppsWithSections: adding sectionName:  with appInfoTitle: 
01-20 06:53:14.505  1050  1050 D AlphabeticalAppsList: Adding FastScrollSection duplicate to scroll to the bottom.
01-20 06:53:14.505  1050  1050 D AlphabeticalAppsList: Clearing FastScrollerSections.
01-20 06:53:14.505  1050  1050 D AlphabeticalAppsList: Adding apps with sections. HasPrivateApps: false
01-20 06:53:14.505  1050  1050 D AlphabeticalAppsList: addAppsWithSections: adding sectionName: C with appInfoTitle: Calendar
01-20 06:53:14.505  1050  1050 D AlphabeticalAppsList: addAppsWithSections: adding sectionName: D with appInfoTitle: Drive
01-20 06:53:14.505  1050  1050 D AlphabeticalAppsList: addAppsWithSections: adding sectionName: F with appInfoTitle: Files
01-20 06:53:14.505  1050  1050 D AlphabeticalAppsList: addAppsWithSections: adding sectionName: G with appInfoTitle: Gmail
01-20 06:53:14.505  1050  1050 D AlphabeticalAppsList: addAppsWithSections: adding sectionName: M with appInfoTitle: Maps
01-20 06:53:14.505  1050  1050 D AlphabeticalAppsList: addAppsWithSections: adding sectionName: P with appInfoTitle: Phone
01-20 06:53:14.505  1050  1050 D AlphabeticalAppsList: addAppsWithSections: adding sectionName: S with appInfoTitle: Safety
01-20 06:53:14.505  1050  1050 D AlphabeticalAppsList: addAppsWithSections: adding sectionName: T with appInfoTitle: TMoble
01-20 06:53:14.505  1050  1050 D AlphabeticalAppsList: addAppsWithSections: adding sectionName: Y with appInfoTitle: YouTube
01-20 06:53:14.505  1050  1050 D AlphabeticalAppsList: addAppsWithSections: adding sectionName:  with appInfoTitle: 
01-20 06:53:14.505  1050  1050 D AlphabeticalAppsList: Adding FastScrollSection duplicate to scroll to the bottom.
01-20 06:53:14.508  1038  1235 D ImsResolver: maybeAddedImsService, packageName: com.myapp1reactnative
01-20 06:53:14.508  1038  1235 V ImsResolver: searchForImsServices: package=com.myapp1reactnative, users=[UserHandle{0}]
01-20 06:53:14.508  1038  1235 V ImsResolver: searchForImsServices: package=com.myapp1reactnative, users=[UserHandle{0}]
01-20 06:53:14.543  3853  3853 I Finsky:background: [2] ahkf - Received: android.intent.action.PACKAGE_CHANGED, [3YmRuZdk5t4K8lT635X9TGpB8noq2MIh0YCaw_Djdz8]
01-20 06:53:14.558  3768  3851 I Finsky  : [57] AIM: AppInfoManager-Perf > OnDeviceAppInfo > cacheHitCount=0, cacheMissCount=1. Missed  in cache (limit 10) : [com.myapp1reactnative]
01-20 06:53:14.567  1038  1038 D SatelliteController: packageStateChanged: package:com.myapp1reactnative DefaultSmsPackageName:com.google.android.apps.messaging
01-20 06:53:14.567  3853  4313 I Finsky:background: [98] Wrote row to frosting DB: 649
01-20 06:53:14.570  1050  1050 D b/387844520: getOutlineOffsetX: measured width = 173, mNormalizedIconSize = 159, last updated width = 173
01-20 06:53:14.574   699  1661 D ActivityManager: sync unfroze 1717 com.google.android.googlequicksearchbox:search for 6
01-20 06:53:14.574  3768  3851 I Finsky  : [57] AIM: Got app ownership map. App counts: . Unique apps: 0
01-20 06:53:14.574  3768  3851 E Finsky  : [57] [Counters] attempted to use a non-positive increment for: 4752
01-20 06:53:14.581  1038  1038 V SatelliteController: Neither SMS or SatelliteGateway package
01-20 06:53:14.582   699   890 D BackgroundInstallControlService: Package event received: 0
01-20 06:53:14.590  3768  3768 I Finsky  : [2] Clearing split related stale data.
01-20 06:53:14.600  3768  3851 E Finsky  : [57] [Counters] attempted to use a non-positive increment for: 4753
01-20 06:53:14.604  3768  3851 I android.vending: AssetManager2(0x784cb4b6eef8) locale list changing from [] to [en-US]
01-20 06:53:14.613  1038  1038 E SmsApplication: com.google.android.apps.messaging lost android:read_cell_broadcasts:  (fixing)
01-20 06:53:14.618  1501  4207 I gle.android.gms: AssetManager2(0x784cb4b687d8) locale list changing from [] to [en-US]
01-20 06:53:14.622  1473  1777 I hbox:interactor: AssetManager2(0x784cb4b63cd8) locale list changing from [] to [en-US]
01-20 06:53:14.625  3768  3851 W HWUI    : Image decoding logging dropped!
01-20 06:53:14.629   699   714 W AppOpService: Ignored setUidMode call for runtime permission app op: uid = 10146, code = READ_CELL_BROADCASTS, mode = allow, callingUid = 1001, oldMode = allow
01-20 06:53:14.640  3853  3933 I Finsky:background: [51] RECEIVER_PACKAGE_MONITOR_BACKGROUND#logWorkEndAndFinishGoAsync: SUCCESS
01-20 06:53:14.646  3768  3768 I Finsky  : [2] DTU: Received onPackageAdded, replacing: false
01-20 06:53:14.652   699   988 W AppOpService: Ignored setUidMode call for runtime permission app op: uid = 1001, code = READ_SMS, mode = allow, callingUid = 1001, oldMode = allow
01-20 06:53:14.657   699   988 W AppOpService: Ignored setUidMode call for runtime permission app op: uid = 1001, code = RECEIVE_SMS, mode = allow, callingUid = 1001, oldMode = allow
01-20 06:53:14.667   699  1013 W AppOpService: Ignored setUidMode call for runtime permission app op: uid = 1001, code = RECEIVE_WAP_PUSH, mode = allow, callingUid = 1001, oldMode = allow
01-20 06:53:14.667   699  1013 W AppOpService: Ignored setUidMode call for runtime permission app op: uid = 1001, code = SEND_SMS, mode = allow, callingUid = 1001, oldMode = allow
01-20 06:53:14.668   699  1013 W AppOpService: Ignored setUidMode call for runtime permission app op: uid = 1001, code = READ_CELL_BROADCASTS, mode = allow, callingUid = 1001, oldMode = allow
01-20 06:53:14.669  1038  1038 D SatelliteAccessController: Current default SMS app:ComponentInfo{com.google.android.apps.messaging/com.google.android.apps.messaging.shared.receiver.SmsDeliverReceiver}
01-20 06:53:14.669  1038  1038 D SatelliteController: getSelectedSatelliteSubId: subId=-1
01-20 06:53:14.669  1038  1038 D SatelliteAccessController: supportedMsgApps:com.google.android.apps.messaging
01-20 06:53:14.678  3853  4313 I Finsky:background: [98] Wrote row to frosting DB: 650
01-20 06:53:14.702  3768  3867 I Finsky  : [63] AIM: AppInfoManager-Perf > ItemModel > CacheSize=35, cacheHitCount=0, cacheMissCount=0, total appsWithNoServerDataCount=1. Missed  in cache (limit 10) : []
01-20 06:53:14.703  3853  4313 I Finsky:background: [98] Wrote row to frosting DB: 651
01-20 06:53:14.722  1444  1456 W ogle.android.as: Suspending all threads took: 100.511ms
01-20 06:53:14.733  3853  4313 I Finsky:background: [98] Wrote row to frosting DB: 652
01-20 06:53:14.736   699  1521 I system_server: AssetManager2(0x784cb4b98ed8) locale list changing from [] to [en-US]
01-20 06:53:14.839  3768  3768 I Finsky  : [2] Do not start WearSupportService due to Wear service optimization
01-20 06:53:14.885  1501  4310 I gle.android.gms: AssetManager2(0x784cb4b85338) locale list changing from [] to [en-US]
01-20 06:53:14.893  1501  4314 I Auth    : (REDACTED) [SupervisedAccountIntentOperation] onHandleIntent: %s
01-20 06:53:14.902  3768  3839 I Finsky  : [53] AIM: AppInfoManager-Perf > OnDeviceAppInfo > cacheHitCount=1, cacheMissCount=0. Missed  in cache (limit 10) : []
01-20 06:53:14.902  3768  3839 I Finsky  : [53] AIM: Got app ownership map. App counts: . Unique apps: 0
01-20 06:53:14.902  3768  3839 E Finsky  : [53] [Counters] attempted to use a non-positive increment for: 4752
01-20 06:53:14.928  3768  3768 I Finsky  : [2] ahkp - Received: android.intent.action.PACKAGE_CHANGED, [3YmRuZdk5t4K8lT635X9TGpB8noq2MIh0YCaw_Djdz8]
01-20 06:53:14.930  3768  3839 E Finsky  : [53] [Counters] attempted to use a non-positive increment for: 4753
01-20 06:53:14.939  1501  4314 I Blockstore: (REDACTED) [DataStoreImpl] Clearing Blockstore Data for package %s
01-20 06:53:14.939  1501  4314 I Blockstore: [DataStoreImpl] Keyless data not found or its IsLastInstallationData = false. [CONTEXT service_id=258 ]
01-20 06:53:14.946  1258  4339 I Fitness : (REDACTED) OnPackageChangedOperation got intent: %s
01-20 06:53:14.958  1501  2843 I Icing   : IndexChimeraService.getServiceInterface callingPackage=com.google.android.gms componentName=AppsCorpus serviceId=36
01-20 06:53:14.959  3768  3768 I Finsky  : [2] AIM: AppInfoCacheUpdater -> invalidating apps: [com.myapp1reactnative]
01-20 06:53:14.959  3768  3768 I Finsky  : [2] AIM: AppInfoManager-Perf > getApps > called for 1 apps
