01-20 06:38:24.163  1386  1386 I EmojiCompatManager: 	at android.inputmethodservice.InputMethodService.doStartInput(InputMethodService.java:3521)
01-20 06:38:24.163  1386  1386 I EmojiCompatManager: 	at android.inputmethodservice.InputMethodService$InputMethodImpl.startInput(InputMethodService.java:879)
01-20 06:38:24.163  1386  1386 I EmojiCompatManager: 	at android.inputmethodservice.InputMethodService$InputMethodImpl.dispatchStartInput(InputMethodService.java:908)
01-20 06:38:24.163  1386  1386 I EmojiCompatManager: 	at android.inputmethodservice.IInputMethodWrapper.executeMessage(IInputMethodWrapper.java:201)
01-20 06:38:24.163  1386  1386 I EmojiCompatManager: 	at com.android.internal.os.HandlerCaller$MyHandler.handleMessage(HandlerCaller.java:44)
01-20 06:38:24.163  1386  1386 I EmojiCompatManager: 	at android.os.Handler.dispatchMessage(Handler.java:110)
01-20 06:38:24.163  1386  1386 I EmojiCompatManager: 	at android.os.Looper.loopOnce(Looper.java:248)
01-20 06:38:24.163  1386  1386 I EmojiCompatManager: 	at android.os.Looper.loop(Looper.java:338)
01-20 06:38:24.163  1386  1386 I EmojiCompatManager: 	at android.app.ActivityThread.main(ActivityThread.java:9067)
01-20 06:38:24.163  1386  1386 I EmojiCompatManager: 	at java.lang.reflect.Method.invoke(Native Method)
01-20 06:38:24.163  1386  1386 I EmojiCompatManager: 	at com.android.internal.os.RuntimeInit$MethodAndArgsCaller.run(RuntimeInit.java:593)
01-20 06:38:24.163  1386  1386 I EmojiCompatManager: 	at com.android.internal.os.ZygoteInit.main(ZygoteInit.java:932)
01-20 06:38:24.167   693  1544 W PackageConfigPersister: App-specific configuration not found for packageName: com.android.settings and userId: 0
01-20 06:38:24.172   693   708 I ImeTracker: system_server:3ec37037: onRequestHide at ORIGIN_SERVER reason IME_REQUESTED_CHANGED_LISTENER fromUser false
01-20 06:38:24.183   693   716 I ImeTracker: system_server:3ec37037: onCancelled at PHASE_SERVER_SHOULD_HIDE
01-20 06:38:24.189  4577  4577 D ActivityThread: Package [com.myapp1reactnative] reported as REPLACED, but missing application info. Assuming REMOVED.
01-20 06:38:24.189  4577  4577 D ActivityThread: Package [com.myapp1reactnative] reported as REPLACED, but missing application info. Assuming REMOVED.
01-20 06:38:24.190  4577  4577 D ActivityThread: Package [com.myapp1reactnative] reported as REPLACED, but missing application info. Assuming REMOVED.
01-20 06:38:24.190  4577  4577 D ActivityThread: Package [com.myapp1reactnative] reported as REPLACED, but missing application info. Assuming REMOVED.
01-20 06:38:24.194  4787  6966 D DataProcessor: getBatteryUsageStats() from BatteryStatsManager in 80/ms
01-20 06:38:24.194  4787  6966 W DataProcessor: shouldShowBatteryAttributionList(): 0.1
01-20 06:38:24.194  4787  6966 W DataProcessor: batteryEntryList is null or empty in convertToBatteryHistEntry()
01-20 06:38:24.321  1424  1477 W BrowserUsageLoader: <DWB> Failed to query website usage
01-20 06:38:24.321  1424  1477 W BrowserUsageLoader: fxv: Service rejected request (status=5)
01-20 06:38:24.321  1424  1477 W BrowserUsageLoader: 	at fao.a(PG:230)
01-20 06:38:24.321  1424  1477 W BrowserUsageLoader: 	at lre.a(PG:57)
01-20 06:38:24.321  1424  1477 W BrowserUsageLoader: 	at lqs.e(PG:3)
01-20 06:38:24.321  1424  1477 W BrowserUsageLoader: 	at lqu.run(PG:38)
01-20 06:38:24.321  1424  1477 W BrowserUsageLoader: 	at idd.run(PG:3)
01-20 06:38:24.321  1424  1477 W BrowserUsageLoader: 	at loz.run(PG:50)
01-20 06:38:24.321  1424  1477 W BrowserUsageLoader: 	at hsu.run(PG:768)
01-20 06:38:24.321  1424  1477 W BrowserUsageLoader: 	at java.lang.Thread.run(Thread.java:1119)
01-20 06:38:24.321  1424  1477 W BrowserUsageLoader: 	at ieo.run(PG:63)
01-20 06:38:24.340   693   703 W system_server: Suspending all threads took: 5.720ms
01-20 06:38:24.379  4787  6966 D AppBatteryPresenter: loadBatteryDiffEntries():
01-20 06:38:24.379  4787  6966 D AppBatteryPresenter: null
01-20 06:38:24.443   693   703 I system_server: NativeAlloc concurrent mark compact GC freed 20MB AllocSpace bytes, 15(888KB) LOS objects, 42% free, 32MB/56MB, paused 24.758ms,2.202ms total 898.442ms
01-20 06:38:24.452   693   887 D BackgroundInstallControlService: Package event received: 0
01-20 06:38:24.467  4577  6352 I GoogleAuthUtil: Error on service connection.
01-20 06:38:24.467  4577  6352 I GoogleAuthUtil: java.lang.InterruptedException
01-20 06:38:24.467  4577  6352 I GoogleAuthUtil: 	at java.util.concurrent.locks.ReentrantLock$Sync.lockInterruptibly(ReentrantLock.java:159)
01-20 06:38:24.467  4577  6352 I GoogleAuthUtil: 	at java.util.concurrent.locks.ReentrantLock.lockInterruptibly(ReentrantLock.java:372)
01-20 06:38:24.467  4577  6352 I GoogleAuthUtil: 	at java.util.concurrent.LinkedBlockingQueue.take(LinkedBlockingQueue.java:432)
01-20 06:38:24.467  4577  6352 I GoogleAuthUtil: 	at iJ.a(chromium-TrichromeChromeGoogle6432.aab-stable-694313738:10)
01-20 06:38:24.467  4577  6352 I GoogleAuthUtil: 	at Sr1.b(chromium-TrichromeChromeGoogle6432.aab-stable-694313738:33)
01-20 06:38:24.467  4577  6352 I GoogleAuthUtil: 	at Sr1.l(chromium-TrichromeChromeGoogle6432.aab-stable-694313738:142)
01-20 06:38:24.467  4577  6352 I GoogleAuthUtil: 	at Sr1.e(chromium-TrichromeChromeGoogle6432.aab-stable-694313738:21)
01-20 06:38:24.467  4577  6352 I GoogleAuthUtil: 	at J3.b(chromium-TrichromeChromeGoogle6432.aab-stable-694313738:47)
01-20 06:38:24.467  4577  6352 I GoogleAuthUtil: 	at vo.call(chromium-TrichromeChromeGoogle6432.aab-stable-694313738:9)
01-20 06:38:24.467  4577  6352 I GoogleAuthUtil: 	at java.util.concurrent.FutureTask.run(FutureTask.java:317)
01-20 06:38:24.467  4577  6352 I GoogleAuthUtil: 	at yo.run(chromium-TrichromeChromeGoogle6432.aab-stable-694313738:26)
01-20 06:38:24.467  4577  6352 I GoogleAuthUtil: 	at eM3.run(chromium-TrichromeChromeGoogle6432.aab-stable-694313738:8)
01-20 06:38:24.467  4577  6352 E cr_Auth : SystemAccountManagerDelegate.getAccountGaiaId
01-20 06:38:24.467  4577  6352 E cr_Auth : java.io.IOException: Error on service connection.
01-20 06:38:24.467  4577  6352 E cr_Auth : 	at Sr1.b(chromium-TrichromeChromeGoogle6432.aab-stable-694313738:58)
01-20 06:38:24.467  4577  6352 E cr_Auth : 	at Sr1.l(chromium-TrichromeChromeGoogle6432.aab-stable-694313738:142)
01-20 06:38:24.467  4577  6352 E cr_Auth : 	at Sr1.e(chromium-TrichromeChromeGoogle6432.aab-stable-694313738:21)
01-20 06:38:24.467  4577  6352 E cr_Auth : 	at J3.b(chromium-TrichromeChromeGoogle6432.aab-stable-694313738:47)
01-20 06:38:24.467  4577  6352 E cr_Auth : 	at vo.call(chromium-TrichromeChromeGoogle6432.aab-stable-694313738:9)
01-20 06:38:24.467  4577  6352 E cr_Auth : 	at java.util.concurrent.FutureTask.run(FutureTask.java:317)
01-20 06:38:24.467  4577  6352 E cr_Auth : 	at yo.run(chromium-TrichromeChromeGoogle6432.aab-stable-694313738:26)
01-20 06:38:24.467  4577  6352 E cr_Auth : 	at eM3.run(chromium-TrichromeChromeGoogle6432.aab-stable-694313738:8)
01-20 06:38:24.467  4577  6352 E cr_Auth : Caused by: java.lang.InterruptedException
01-20 06:38:24.467  4577  6352 E cr_Auth : 	at java.util.concurrent.locks.ReentrantLock$Sync.lockInterruptibly(ReentrantLock.java:159)
01-20 06:38:24.467  4577  6352 E cr_Auth : 	at java.util.concurrent.locks.ReentrantLock.lockInterruptibly(ReentrantLock.java:372)
01-20 06:38:24.467  4577  6352 E cr_Auth : 	at java.util.concurrent.LinkedBlockingQueue.take(LinkedBlockingQueue.java:432)
01-20 06:38:24.467  4577  6352 E cr_Auth : 	at iJ.a(chromium-TrichromeChromeGoogle6432.aab-stable-694313738:10)
01-20 06:38:24.467  4577  6352 E cr_Auth : 	at Sr1.b(chromium-TrichromeChromeGoogle6432.aab-stable-694313738:33)
01-20 06:38:24.467  4577  6352 E cr_Auth : 	... 7 more
01-20 06:38:24.496   693   705 W System  : A resource failed to call release. 
01-20 06:38:24.497   693   705 W System  : A resource failed to call release. 
01-20 06:38:24.497   693   705 W System  : A resource failed to call release. 
01-20 06:38:24.574   693   887 D BackgroundInstallControlService: Package event received: 0
01-20 06:38:24.668   693  1822 W ParceledListSlice: Element #67 is 146456 bytes.
01-20 06:38:24.670   693  1822 W ParceledListSlice: Overly large reply size: 189920
01-20 06:38:24.680   693  1831 W ParceledListSlice: Element #142 is 69584 bytes.
01-20 06:38:24.680   693  1831 W ParceledListSlice: Overly large reply size: 117516
01-20 06:38:24.692   693  1683 W ParceledListSlice: Element #193 is 24688 bytes.
01-20 06:38:24.695   693  1683 W ParceledListSlice: Overly large reply size: 84908
01-20 06:38:24.696   693  1683 W ParceledListSlice: Element #224 is 31164 bytes.
01-20 06:38:24.697   693  1683 W ParceledListSlice: Element #234 is 16960 bytes.
01-20 06:38:24.811   693  1823 W ParceledListSlice: Element #67 is 146456 bytes.
01-20 06:38:24.811   693  1823 W ParceledListSlice: Overly large reply size: 189920
01-20 06:38:24.821   693  1822 W ParceledListSlice: Element #142 is 69584 bytes.
01-20 06:38:24.821   693  1822 W ParceledListSlice: Overly large reply size: 117516
01-20 06:38:24.823   693  1683 W ParceledListSlice: Element #193 is 24688 bytes.
01-20 06:38:24.824   693  1683 W ParceledListSlice: Overly large reply size: 84908
01-20 06:38:24.825   693  1683 W ParceledListSlice: Element #224 is 31164 bytes.
01-20 06:38:24.826   693  1823 W ParceledListSlice: Element #234 is 16960 bytes.
01-20 06:38:24.998  4577  6352 W chromium: [WARNING:ev_root_ca_metadata.cc(119)] Not implemented
01-20 06:38:25.529   623  6895 D BufferPoolAccessor2.0: bufferpool2 0x70393eb9a848 : 8(50331648 size) total buffers - 4(25165824 size) used buffers - 593/601 (recycle/alloc) - 12/600 (fetch/transfer)
01-20 06:38:25.731   489  4612 D android.hardware.audio@7.1-impl.ranchu: threadLoop: entering standby, frames: 2824448
01-20 06:38:25.731   489  4612 D android.hardware.audio@7.1-impl.ranchu: ~TinyalsaSink: joining consumeThread
01-20 06:38:25.750   489  6953 D android.hardware.audio@7.1-impl.ranchu: consumeThread: exiting
01-20 06:38:25.751   489  4612 D android.hardware.audio@7.1-impl.ranchu: ~TinyalsaSink: stopping PCM stream
01-20 06:38:26.176   693  1565 E TaskPersister: File error accessing recents directory (directory doesn't exist?).
01-20 06:38:26.278   693  1823 I system_server: AssetManager2(0x707822778e38) locale list changing from [] to [en-US]
01-20 06:38:26.286   693  1823 W OptProp : Cannot read opt property android.window.PROPERTY_COMPAT_ALLOW_USER_ASPECT_RATIO_OVERRIDE
01-20 06:38:26.286   693  1823 W OptProp : Cannot read opt property android.window.PROPERTY_COMPAT_ALLOW_USER_ASPECT_RATIO_FULLSCREEN_OVERRIDE
01-20 06:38:26.287   693  1823 W OptProp : Cannot read opt property android.window.PROPERTY_COMPAT_ALLOW_MIN_ASPECT_RATIO_OVERRIDE
01-20 06:38:26.287   693  1823 W OptProp : Cannot read opt property android.window.PROPERTY_COMPAT_ALLOW_ORIENTATION_OVERRIDE
01-20 06:38:26.287   693  1823 W OptProp : Cannot read opt property android.window.PROPERTY_COMPAT_ALLOW_RESIZEABLE_ACTIVITY_OVERRIDES
01-20 06:38:26.290   549  1043 I BpBinder: onLastStrongRef automatically unlinking death recipients: 
01-20 06:38:26.291   693  1823 I ActivityTaskManager: START u0 {act=android.intent.action.UNINSTALL_PACKAGE dat=package: xflg=0x4 cmp=com.google.android.packageinstaller/com.android.packageinstaller.UninstallerActivity (has extras)} with LAUNCH_MULTIPLE from uid 1000 (sr=87735243) (BAL_ALLOW_VISIBLE_WINDOW) result code=0
01-20 06:38:26.292   931   999 V WindowManagerShell: Transition requested (#48): android.os.BinderProxy@796201e TransitionRequestInfo { type = OPEN, triggerTask = TaskInfo{userId=0 taskId=37 effectiveUid=1000 displayId=0 isRunning=true baseIntent=Intent { act=android.settings.APPLICATION_DETAILS_SETTINGS dat=package: flg=0x10008000 cmp=com.android.settings/.applications.InstalledAppDetails } baseActivity=ComponentInfo{com.android.settings/com.android.settings.spa.SpaActivity} topActivity=ComponentInfo{com.google.android.packageinstaller/com.android.packageinstaller.UninstallerActivity} origActivity=ComponentInfo{com.android.settings/com.android.settings.applications.InstalledAppDetails} realActivity=ComponentInfo{com.android.settings/com.android.settings.applications.InstalledAppDetailsTop} numActivities=2 lastActiveTime=1556895 supportsMultiWindow=true resizeMode=1 isResizeable=true minWidth=-1 minHeight=-1 defaultMinSize=220 token=WCT{android.window.IWindowContainerToken$Stub$Proxy@de900ff} topActivityType=1 pictureInPictureParams=null shouldDockBigOverlays=false launchIntoPipHostTaskId=-1 lastParentTaskIdBeforePip=-1 displayCutoutSafeInsets=Rect(0, 0 - 0, 0) topActivityInfo=ActivityInfo{ebd4ecc com.android.packageinstaller.UninstallerActivity} launchCookies=[android.os.BinderProxy@90ef8bb] positionInParent=Point(0, 0) parentTaskId=-1 isFocused=true isVisible=true isVisibleRequested=true isTopActivityNoDisplay=false isSleeping=false locusId=null displayAreaFeatureId=1 isTopActivityTransparent=true isActivityStackTransparent=false lastNonFullscreenBounds=Rect(276, 696 - 805, 1776) capturedLink=null capturedLinkTimestamp=0 requestedVisibleTypes=-9 topActivityRequestOpenInBrowserEducationTimestamp=0 appCompatTaskInfo=AppCompatTaskInfo { topActivityInSizeCompat=false eligibleForLetterboxEducation= false isLetterboxEducationEnabled= true isLetterboxDoubleTapEnabled= false eligibleForUserAspectRatioButton= false topActivityBoundsLetterboxed= false isFromLetterboxDoubleTap= false topActivityLetterboxVerticalPosition= -1 topActivityLetterboxHorizontalPosition= -1 topActivityLetterboxWidth=-1 topActivityLetterboxHeight=-1 topActivityAppBounds=Rect(0, 0 - 1080, 2400) isUserFullscreenOverrideEnabled=false isSystemFullscreenOverrideEnabled=false hasMinAspectRatioOverride=false topActivityLetterboxBounds=null cameraCompatTaskInfo=CameraCompatTaskInfo { freeformCameraCompatMode=inactive}} topActivityMainWindowFrame=null}, pipChange = null, remoteTransition = null, displayChange = null, flags = 0, debugId = 48 }
01-20 06:38:26.292   931   999 D ShellSplitScreen: logExit: no-op, mLoggerSessionId is null
01-20 06:38:26.304   693   887 D BackgroundInstallControlService: Package event received: 0
01-20 06:38:26.304   549   549 I BpBinder: onLastStrongRef automatically unlinking death recipients: 
01-20 06:38:26.305   481   481 D Zygote  : Forked child process 6975
01-20 06:38:26.310   693   723 I ActivityManager: Start proc 6975:com.google.android.packageinstaller/u0a105 for next-top-activity {com.google.android.packageinstaller/com.android.packageinstaller.UninstallerActivity}
01-20 06:38:26.310   693   723 I ActivityManager: ProcessObserver broadcast disabled
01-20 06:38:26.345  6975  6975 I ackageinstaller: Using CollectorTypeCMC GC.
01-20 06:38:26.346  6975  6975 W ackageinstaller: Unexpected CPU variant for x86: x86_64.
01-20 06:38:26.346  6975  6975 W ackageinstaller: Known variants: atom, sandybridge, silvermont, goldmont, goldmont-plus, goldmont-without-sha-xsaves, tremont, kabylake, alderlake, default
01-20 06:38:26.353  6975  6975 E ackageinstaller: Not starting debugger since process cannot load the jdwp agent.
01-20 06:38:26.363  6975  6975 D nativeloader: Load libframework-connectivity-tiramisu-jni.so using APEX ns com_android_tethering for caller /apex/com.android.tethering/javalib/framework-connectivity-t.jar: ok
01-20 06:38:26.377   693   887 D BackgroundInstallControlService: Package event received: 0
01-20 06:38:26.417  6975  6975 D nativeloader: Configuring clns-shared-9 for other apk /system/priv-app/GooglePackageInstaller/GooglePackageInstaller.apk. target_sdk_version=36, uses_libraries=, library_path=/system/priv-app/GooglePackageInstaller/lib/x86_64:/system/lib64:/system_ext/lib64, permitted_path=/data:/mnt/expand:/data/user_de/0/com.google.android.packageinstaller:/system/priv-app/GooglePackageInstaller:/system/lib64:/system_ext/lib64
01-20 06:38:26.423  6975  6975 I ackageinstaller: AssetManager2(0x7078226896f8) locale list changing from [] to [en-US]
01-20 06:38:26.433  6975  6975 V GraphicsEnvironment: Currently set values for:
01-20 06:38:26.434  6975  6975 V GraphicsEnvironment:   angle_gl_driver_selection_pkgs=[]
01-20 06:38:26.434  6975  6975 V GraphicsEnvironment:   angle_gl_driver_selection_values=[]
01-20 06:38:26.434  6975  6975 V GraphicsEnvironment: com.google.android.packageinstaller is not listed in per-application setting
01-20 06:38:26.434  6975  6975 V GraphicsEnvironment: ANGLE allowlist from config: com.dreamgames.royalmatch com.dts.freefiremax com.dxx.firenow com.gramgames.mergedragons com.ludo.king com.mojang.minecraftpe com.my.defense com.nintendo.zaka com.os.airforce com.playrix.fishdomdd.gplay io.teslatech.callbreak jp.konami.prospia net.peakgames.toonblast
01-20 06:38:26.434  6975  6975 V GraphicsEnvironment: com.google.android.packageinstaller is not listed in ANGLE allowlist or settings, returning default
01-20 06:38:26.434  6975  6975 V GraphicsEnvironment: Neither updatable production driver nor prerelease driver is supported.
01-20 06:38:26.453   693  1683 W OptProp : Cannot read opt property android.window.PROPERTY_COMPAT_ENABLE_FAKE_FOCUS
01-20 06:38:26.460   693   887 D BackgroundInstallControlService: Package event received: 0
01-20 06:38:26.462  6975  6987 I DisplayManager: Choreographer implicitly registered for the refresh rate.
01-20 06:38:26.462   693   887 D BackgroundInstallControlService: Package event received: 0
01-20 06:38:26.463  6975  6975 I ackageinstaller: AssetManager2(0x707822685b98) locale list changing from [] to [en-US]
01-20 06:38:26.473  6975  6975 E ashmem  : Pinning is deprecated since Android Q. Please use trim or other methods.
01-20 06:38:26.517  6975  6975 I ackageinstaller: AssetManager2(0x707822682998) locale list changing from [] to [en-US]
01-20 06:38:26.521  6975  6987 I EGL_emulation: Opening libGLESv1_CM_emulation.so
01-20 06:38:26.521  6975  6987 I EGL_emulation: Opening libGLESv2_emulation.so
01-20 06:38:26.523  6975  6975 I ackageinstaller: AssetManager2(0x7078226845b8) locale list changing from [] to [en-US]
01-20 06:38:26.527  6975  6975 D CompatChangeReporter: Compat change id reported: 379365266; UID 10105; state: ENABLED
01-20 06:38:26.537  6975  6975 D CompatChangeReporter: Compat change id reported: 377864165; UID 10105; state: ENABLED
01-20 06:38:26.538  6975  6987 W HWUI    : Failed to choose config with EGL_SWAP_BEHAVIOR_PRESERVED, retrying without...
01-20 06:38:26.538  6975  6987 W HWUI    : Failed to initialize 101010-2 format, error = EGL_SUCCESS
01-20 06:38:26.542  6975  6975 D DesktopModeFlags: Toggle override initialized to: OVERRIDE_UNSET
01-20 06:38:26.587  6975  6975 D CompatChangeReporter: Compat change id reported: 376561342; UID 10105; state: ENABLED
01-20 06:38:26.613  6975  6975 W HWUI    : Unknown dataspace 0
01-20 06:38:26.649   693  1683 D CoreBackPreview: Window{199bb79 u0 com.google.android.packageinstaller/com.android.packageinstaller.UninstallerActivity}: Setting back callback OnBackInvokedCallbackInfo{mCallback=android.window.IOnBackInvokedCallback$Stub$Proxy@c918104, mPriority=-1, mIsAnimationCallback=false, mOverrideBehavior=0}
01-20 06:38:26.666   549   571 W ServiceManagerCppClient: Permission failure: android.permission.ACCESS_SURFACE_FLINGER from uid=10105 pid=6975
01-20 06:38:26.666   549   571 D PermissionCache: checking android.permission.ACCESS_SURFACE_FLINGER for uid=10105 => denied (363 us)
01-20 06:38:26.666   549   571 W ServiceManagerCppClient: Permission failure: android.permission.ROTATE_SURFACE_FLINGER from uid=10105 pid=6975
01-20 06:38:26.666   549   571 D PermissionCache: checking android.permission.ROTATE_SURFACE_FLINGER for uid=10105 => denied (249 us)
01-20 06:38:26.670   549   571 W ServiceManagerCppClient: Permission failure: android.permission.INTERNAL_SYSTEM_WINDOW from uid=10105 pid=6975
01-20 06:38:26.671   549   571 D PermissionCache: checking android.permission.INTERNAL_SYSTEM_WINDOW for uid=10105 => denied (4003 us)
01-20 06:38:26.748   693  1822 W ServiceManagerCppClient: Permission failure: android.permission.ACCESS_SURFACE_FLINGER from uid=10105 pid=0
01-20 06:38:26.748   693  1822 D PermissionCache: checking android.permission.ACCESS_SURFACE_FLINGER for uid=10105 => denied (222 us)
01-20 06:38:26.748   693  1822 W ServiceManagerCppClient: Permission failure: android.permission.ROTATE_SURFACE_FLINGER from uid=10105 pid=0
01-20 06:38:26.748   693  1822 D PermissionCache: checking android.permission.ROTATE_SURFACE_FLINGER for uid=10105 => denied (112 us)
01-20 06:38:26.748   693  1822 W ServiceManagerCppClient: Permission failure: android.permission.INTERNAL_SYSTEM_WINDOW from uid=10105 pid=0
01-20 06:38:26.748   693  1822 D PermissionCache: checking android.permission.INTERNAL_SYSTEM_WINDOW for uid=10105 => denied (59 us)
01-20 06:38:26.754   693  1822 D CoreBackPreview: Window{14f4996 u0 com.google.android.packageinstaller/com.android.packageinstaller.UninstallerActivity}: Setting back callback OnBackInvokedCallbackInfo{mCallback=android.window.IOnBackInvokedCallback$Stub$Proxy@c5b56ed, mPriority=-1, mIsAnimationCallback=false, mOverrideBehavior=0}
01-20 06:38:26.798   931  6742 V WindowManagerShell: onTransitionReady(transaction=2976412338233)
01-20 06:38:26.798   931   999 V WindowManagerShell: onTransitionReady (#48) android.os.BinderProxy@796201e: {id=48 t=OPEN f=0x0 trk=0 r=[0@Point(0, 0)] c=[
01-20 06:38:26.798   931   999 V WindowManagerShell:         {m=OPEN f=TRANSLUCENT|FILLS_TASK leash=Surface(name=ActivityRecord{32885851 u0 com.google.android.packageinstaller/com.android.packageinstaller.UninstallerActivity)/@0x264e515 sb=Rect(0, 0 - 0, 0) eb=Rect(0, 0 - 1080, 2400) epz=Point(1080, 2400) d=-1->0 r=-1->0:-1 bc=ffeeedf4 component=com.google.android.packageinstaller/com.android.packageinstaller.UninstallerActivity}
01-20 06:38:26.798   931   999 V WindowManagerShell:     ]}
01-20 06:38:26.800   931   999 V WindowManagerShell: Playing animation for (#48) android.os.BinderProxy@796201e@0
01-20 06:38:26.800   931   999 V ShellRecents: RecentsTransitionHandler.startAnimation: no controller found
01-20 06:38:26.800   931   999 V WindowManagerShell: Transition doesn't have explicit remote, search filters for match for {id=48 t=OPEN f=0x0 trk=0 r=[0@Point(0, 0)] c=[{m=OPEN f=TRANSLUCENT|FILLS_TASK leash=Surface(name=ActivityRecord{32885851 u0 com.google.android.packageinstaller/com.android.packageinstaller.UninstallerActivity)/@0x264e515 sb=Rect(0, 0 - 0, 0) eb=Rect(0, 0 - 1080, 2400) epz=Point(1080, 2400) d=-1->0 r=-1->0:-1 bc=ffeeedf4 component=com.google.android.packageinstaller/com.android.packageinstaller.UninstallerActivity}]}
01-20 06:38:26.800   931   999 V WindowManagerShell:  Checking filter Pair{{types=[] flags=0x0] notFlags=0x0 checks=[{atype=undefined independent=true modes=[CLOSE,TO_BACK] flags=IN_TASK_WITH_EMBEDDED_ACTIVITY mustBeTask=false order=ANY topActivity=null launchCookie=null taskFragmentToken=android.os.BinderProxy@b77a7 windowingMode=undefined}]} RemoteTransition { remoteTransition = android.window.IRemoteTransition$Stub$Proxy@5810454, appThread = android.app.IApplicationThread$Stub$Proxy@4389ffd, debugName = overlayBackTransition }}
01-20 06:38:26.800   931   999 V WindowManagerShell:  Checking filter Pair{{types=[] flags=0x0] notFlags=0x0 checks=[{atype=dream independent=true modes=[OPEN,TO_FRONT] flags=NONE mustBeTask=false order=ANY topActivity=null launchCookie=null windowingMode=undefined},{atype=home independent=true modes=[CLOSE,TO_BACK] flags=NONE mustBeTask=false order=ANY topActivity=null launchCookie=null windowingMode=undefined}]} RemoteTransition { remoteTransition = android.window.IRemoteTransition$Stub$Proxy@78964f2, appThread = android.app.IApplicationThread$Stub$Proxy@76de743, debugName = LauncherToDream }}
01-20 06:38:26.800   931   999 V WindowManagerShell:  Checking filter Pair{{types=[] flags=0x0] notFlags=0x100 checks=[{atype=home independent=true modes=[OPEN,TO_FRONT] flags=NONE mustBeTask=false order=TOP topActivity=ComponentInfo{com.google.android.apps.nexuslauncher/com.google.android.apps.nexuslauncher.NexusLauncherActivity} launchCookie=null windowingMode=undefined},{atype=standard independent=true modes=[CLOSE,TO_BACK] flags=NONE mustBeTask=false order=ANY topActivity=null launchCookie=null windowingMode=undefined},{NOT atype=undefined independent=true modes=[] flags=NONE mustBeTask=true order=ANY topActivity=null launchCookie=null customAnim=true windowingMode=undefined}]} RemoteTransition { remoteTransition = android.window.IRemoteTransition$Stub$Proxy@71411c0, appThread = android.app.IApplicationThread$Stub$Proxy@b743ef9, debugName = QuickstepLaunchHome }}
01-20 06:38:26.801   931   999 V WindowManagerShell:  Delegate animation for (#48) to null
01-20 06:38:26.801   931   999 V WindowManagerShell: start default transition animation, info = {id=48 t=OPEN f=0x0 trk=0 r=[0@Point(0, 0)] c=[{m=OPEN f=TRANSLUCENT|FILLS_TASK leash=Surface(name=ActivityRecord{32885851 u0 com.google.android.packageinstaller/com.android.packageinstaller.UninstallerActivity)/@0x264e515 sb=Rect(0, 0 - 0, 0) eb=Rect(0, 0 - 1080, 2400) epz=Point(1080, 2400) d=-1->0 r=-1->0:-1 bc=ffeeedf4 component=com.google.android.packageinstaller/com.android.packageinstaller.UninstallerActivity}]}
01-20 06:38:26.801   931   999 V WindowManagerShell: loadAnimation: anim=null animAttr=0x4 type=OPEN isEntrance=true
01-20 06:38:26.801   693   713 I ActivityTaskManager: Displayed com.google.android.packageinstaller/com.android.packageinstaller.UninstallerActivity for user 0: +483ms
01-20 06:38:26.801   693   713 V WindowManager: Sent Transition (#48) createdAt=01-20 06:38:26.285 via request=TransitionRequestInfo { type = OPEN, triggerTask = TaskInfo{userId=0 taskId=37 effectiveUid=1000 displayId=0 isRunning=true baseIntent=Intent { act=android.settings.APPLICATION_DETAILS_SETTINGS dat=package: flg=0x10008000 cmp=com.android.settings/.applications.InstalledAppDetails } baseActivity=ComponentInfo{com.android.settings/com.android.settings.spa.SpaActivity} topActivity=ComponentInfo{com.google.android.packageinstaller/com.android.packageinstaller.UninstallerActivity} origActivity=ComponentInfo{com.android.settings/com.android.settings.applications.InstalledAppDetails} realActivity=ComponentInfo{com.android.settings/com.android.settings.applications.InstalledAppDetailsTop} numActivities=2 lastActiveTime=1556895 supportsMultiWindow=true resizeMode=1 isResizeable=true minWidth=-1 minHeight=-1 defaultMinSize=220 token=WCT{RemoteToken{774622e Task{a8ea2df #37 type=standard A=1000:com.android.settings}}} topActivityType=1 pictureInPictureParams=null shouldDockBigOverlays=false launchIntoPipHostTaskId=-1 lastParentTaskIdBeforePip=-1 displayCutoutSafeInsets=Rect(0, 0 - 0, 0) topActivityInfo=ActivityInfo{87fa7a com.android.packageinstaller.UninstallerActivity} launchCookies=[android.os.BinderProxy@2c4075c] positionInParent=Point(0, 0) parentTaskId=-1 isFocused=true isVisible=true isVisibleRequested=true isTopActivityNoDisplay=false isSleeping=false locusId=null displayAreaFeatureId=1 isTopActivityTransparent=true isActivityStackTransparent=false lastNonFullscreenBounds=Rect(276, 696 - 805, 1776) capturedLink=null capturedLinkTimestamp=0 requestedVisibleTypes=-9 topActivityRequestOpenInBrowserEducationTimestamp=0 appCompatTaskInfo=AppCompatTaskInfo { topActivityInSizeCompat=false eligibleForLetterboxEducation= false isLetterboxEducationEnabled= true isLetterboxDoubleTapEnabled= false eligibleForUserAspectRatioButton= false topActivityBoundsLetterboxed= false isFromLetterboxDoubleTap= false topActivityLetterboxVerticalPosition= -1 topActivityLetterboxHorizontalPosition= -1 topActivityLetterboxWidth=-1 topActivityLetterboxHeight=-1 topActivityAppBounds=Rect(0, 0 - 1080, 2400) isUserFullscreenOverrideEnabled=false isSystemFullscreenOverrideEnabled=false hasMinAspectRatioOverride=false topActivityLetterboxBounds=null cameraCompatTaskInfo=CameraCompatTaskInfo { freeformCameraCompatMode=inactive}} topActivityMainWindowFrame=null}, pipChange = null, remoteTransition = null, displayChange = null, flags = 0, debugId = 48 }
01-20 06:38:26.801   693   713 V WindowManager:     startWCT=WindowContainerTransaction { changes= {} hops= [] errorCallbackToken=null taskFragmentOrganizer=null }
01-20 06:38:26.801   693   713 V WindowManager:     info={id=48 t=OPEN f=0x0 trk=0 r=[0@Point(0, 0)] c=[
01-20 06:38:26.801   693   713 V WindowManager:         {m=OPEN f=TRANSLUCENT|FILLS_TASK leash=Surface(name=ActivityRecord{32885851 u0 com.google.android.packageinstaller/com.android.packageinstaller.UninstallerActivity)/@0x9edf56e sb=Rect(0, 0 - 0, 0) eb=Rect(0, 0 - 1080, 2400) epz=Point(1080, 2400) d=-1->0 r=-1->0:-1 bc=ffeeedf4 component=com.google.android.packageinstaller/com.android.packageinstaller.UninstallerActivity}
01-20 06:38:26.801   693   713 V WindowManager:     ]}
01-20 06:38:26.802   931   999 V WindowManagerShell: Transition animation finished (aborted=false), notifying core (#48) android.os.BinderProxy@796201e@0
01-20 06:38:26.810   693   713 V WindowManager: Finish Transition (#48): created at 01-20 06:38:26.285 collect-started=0.189ms request-sent=6.496ms started=8.008ms ready=171.113ms sent=512.094ms finished=522.177ms
01-20 06:38:26.813   931   999 V WindowManagerShell: Track 0 became idle
01-20 06:38:26.814   931   999 V WindowManagerShell: All active transition animations finished
01-20 06:38:26.814   931   999 V WindowManagerShell:  animated by com.android.wm.shell.transition.DefaultTransitionHandler@eb673df
01-20 06:38:26.814   931   999 V WindowManagerShell: Track 0 became idle
01-20 06:38:26.814   931   999 V WindowManagerShell: All active transition animations finished
01-20 06:38:26.835   693   907 W HWUI    : Image decoding logging dropped!
01-20 06:38:27.029   693   716 W IPCThreadState: Sending oneway calls to frozen process.
01-20 06:38:27.030   693   716 W IPCThreadState: Sending oneway calls to frozen process.
01-20 06:38:27.030   693   716 W IPCThreadState: Sending oneway calls to frozen process.
01-20 06:38:27.030   693   716 W IPCThreadState: Sending oneway calls to frozen process.
01-20 06:38:27.030   693   716 W IPCThreadState: Sending oneway calls to frozen process.
01-20 06:38:27.030   693   716 W IPCThreadState: Sending oneway calls to frozen process.
01-20 06:38:27.031   693   716 W IPCThreadState: Sending oneway calls to frozen process.
01-20 06:38:27.031   693   716 W IPCThreadState: Sending oneway calls to frozen process.
01-20 06:38:27.031   693   716 W IPCThreadState: Sending oneway calls to frozen process.
01-20 06:38:27.031   693   716 W IPCThreadState: Sending oneway calls to frozen process.
01-20 06:38:27.031   693   716 W IPCThreadState: Sending oneway calls to frozen process.
01-20 06:38:27.031   693   716 W IPCThreadState: Sending oneway calls to frozen process.
01-20 06:38:27.031   693   716 W IPCThreadState: Sending oneway calls to frozen process.
01-20 06:38:27.032   693   716 W IPCThreadState: Sending oneway calls to frozen process.
01-20 06:38:27.032   693   716 W IPCThreadState: Sending oneway calls to frozen process.
01-20 06:38:27.032   693   716 W IPCThreadState: Sending oneway calls to frozen process.
01-20 06:38:27.036   693   716 W IPCThreadState: Sending oneway calls to frozen process.
01-20 06:38:27.036   693   716 W IPCThreadState: Sending oneway calls to frozen process.
01-20 06:38:27.037   693   716 W IPCThreadState: Sending oneway calls to frozen process.
01-20 06:38:27.037   693   716 W IPCThreadState: Sending oneway calls to frozen process.
01-20 06:38:27.037   693   716 W IPCThreadState: Sending oneway calls to frozen process.
01-20 06:38:27.037   693   716 W IPCThreadState: Sending oneway calls to frozen process.
01-20 06:38:27.038   693   716 W IPCThreadState: Sending oneway calls to frozen process.
01-20 06:38:27.038   693   716 W IPCThreadState: Sending oneway calls to frozen process.
01-20 06:38:27.038   693   716 W IPCThreadState: Sending oneway calls to frozen process.
01-20 06:38:27.042   693   716 W ProcessStats: Tracking association SourceState{7f0539b com.google.android.gms/10147 BTop #5478} whose proc state 2 is better than process ProcessState{8342548 com.google.android.adservices.api/10213 pkg=com.google.android.adservices.api} proc state 15 (20 skipped)
01-20 06:38:27.045  1054  1293 D SatelliteController: iisInCarrierRoamingNbIotNtn: satellite is disabled
01-20 06:38:27.795   693  1822 W AS.PlaybackActivityMon: No piid assigned for invalid/internal port id 15
01-20 06:38:27.797   544   643 D AudioFlinger: mixer(0x76d0b0ead770) throttle end: throttle time(34)
01-20 06:38:27.823   544   643 D AF::Track: interceptBuffer: took 1581us to intercept 0 tracks
01-20 06:38:27.831  6975  6975 I UninstallerActivity: Uninstalling extras=Bundle[{com.android.packageinstaller.extra.IS_CLONE_APP=false, com.android.packageinstaller.extra.APP_LABEL=, com.android.packageinstaller.applicationInfo=ApplicationInfo{7695ebe com.myapp1reactnative}, android.intent.extra.UNINSTALL_ALL_USERS=false, com.android.packageinstaller.extra.UNINSTALL_ID=-2147483647}]
01-20 06:38:27.840  6975  6975 W WindowOnBackDispatcher: sendCancelIfRunning: isInProgress=false callback=android.app.Dialog$$ExternalSyntheticLambda2@d9b299
01-20 06:38:27.840   693  1831 D CoreBackPreview: Window{199bb79 u0 com.google.android.packageinstaller/com.android.packageinstaller.UninstallerActivity}: Setting back callback null
01-20 06:38:27.844   693   747 I AppsFilter: interaction: PackageSetting{6bd429a com.android.microdroid.empty_payload/10212} -> PackageSetting{abd660e com.myapp1reactnative/10226} BLOCKED
01-20 06:38:27.846   693   722 I ActivityManager: Force stopping com.myapp1reactnative appid=10226 user=0: deletePackageX
01-20 06:38:27.849  6975  6987 D HWUI    : endAllActiveAnimators on 0x7078626a7310 (RippleDrawable) with handle 0x7077626b4fd0
01-20 06:38:27.863   931   999 V WindowManagerShell: Transition requested (#49): android.os.BinderProxy@bd68bb8 TransitionRequestInfo { type = CLOSE, triggerTask = null, pipChange = null, remoteTransition = null, displayChange = null, flags = 0, debugId = 49 }
01-20 06:38:27.865   549  1043 I BpBinder: onLastStrongRef automatically unlinking death recipients: 
01-20 06:38:27.869   693   887 D BackgroundInstallControlService: Package event received: 0
01-20 06:38:27.875   549   549 I BpBinder: onLastStrongRef automatically unlinking death recipients: 
01-20 06:38:27.883   931  6742 V WindowManagerShell: onTransitionReady(transaction=2976412338263)
01-20 06:38:27.883   693   713 V WindowManager: Sent Transition (#49) createdAt=01-20 06:38:27.863 via request=TransitionRequestInfo { type = CLOSE, triggerTask = null, pipChange = null, remoteTransition = null, displayChange = null, flags = 0, debugId = 49 }
01-20 06:38:27.884   931   999 V WindowManagerShell: onTransitionReady (#49) android.os.BinderProxy@bd68bb8: {id=49 t=CLOSE f=0x0 trk=0 r=[0@Point(0, 0)] c=[
01-20 06:38:27.884   931   999 V WindowManagerShell:         {m=CLOSE f=TRANSLUCENT|FILLS_TASK leash=Surface(name=ActivityRecord{32885851 u0 com.google.android.packageinstaller/com.android.packageinstaller.UninstallerActivity)/@0x13bbd91 sb=Rect(0, 0 - 1080, 2400) eb=Rect(0, 0 - 1080, 2400) epz=Point(1080, 2400) d=0 bc=ffeeedf4 component=com.google.android.packageinstaller/com.android.packageinstaller.UninstallerActivity}
01-20 06:38:27.884   931   999 V WindowManagerShell:     ]}
01-20 06:38:27.884   931   999 V WindowManagerShell: Playing animation for (#49) android.os.BinderProxy@bd68bb8@0
01-20 06:38:27.885   693   713 V WindowManager:     startWCT=WindowContainerTransaction { changes= {} hops= [] errorCallbackToken=null taskFragmentOrganizer=null }
01-20 06:38:27.885   931   999 V ShellRecents: RecentsTransitionHandler.startAnimation: no controller found
01-20 06:38:27.885   931   999 V WindowManagerShell: Transition doesn't have explicit remote, search filters for match for {id=49 t=CLOSE f=0x0 trk=0 r=[0@Point(0, 0)] c=[{m=CLOSE f=TRANSLUCENT|FILLS_TASK leash=Surface(name=ActivityRecord{32885851 u0 com.google.android.packageinstaller/com.android.packageinstaller.UninstallerActivity)/@0x13bbd91 sb=Rect(0, 0 - 1080, 2400) eb=Rect(0, 0 - 1080, 2400) epz=Point(1080, 2400) d=0 bc=ffeeedf4 component=com.google.android.packageinstaller/com.android.packageinstaller.UninstallerActivity}]}
01-20 06:38:27.885   931   999 V WindowManagerShell:  Checking filter Pair{{types=[] flags=0x0] notFlags=0x0 checks=[{atype=undefined independent=true modes=[CLOSE,TO_BACK] flags=IN_TASK_WITH_EMBEDDED_ACTIVITY mustBeTask=false order=ANY topActivity=null launchCookie=null taskFragmentToken=android.os.BinderProxy@b77a7 windowingMode=undefined}]} RemoteTransition { remoteTransition = android.window.IRemoteTransition$Stub$Proxy@5810454, appThread = android.app.IApplicationThread$Stub$Proxy@4389ffd, debugName = overlayBackTransition }}
01-20 06:38:27.885   693   713 V WindowManager:     info={id=49 t=CLOSE f=0x0 trk=0 r=[0@Point(0, 0)] c=[
01-20 06:38:27.885   693   713 V WindowManager:         {m=CLOSE f=TRANSLUCENT|FILLS_TASK leash=Surface(name=ActivityRecord{32885851 u0 com.google.android.packageinstaller/com.android.packageinstaller.UninstallerActivity)/@0x9edf56e sb=Rect(0, 0 - 1080, 2400) eb=Rect(0, 0 - 1080, 2400) epz=Point(1080, 2400) d=0 bc=ffeeedf4 component=com.google.android.packageinstaller/com.android.packageinstaller.UninstallerActivity}
01-20 06:38:27.885   693   713 V WindowManager:     ]}
01-20 06:38:27.885   931   999 V WindowManagerShell:  Checking filter Pair{{types=[] flags=0x0] notFlags=0x0 checks=[{atype=dream independent=true modes=[OPEN,TO_FRONT] flags=NONE mustBeTask=false order=ANY topActivity=null launchCookie=null windowingMode=undefined},{atype=home independent=true modes=[CLOSE,TO_BACK] flags=NONE mustBeTask=false order=ANY topActivity=null launchCookie=null windowingMode=undefined}]} RemoteTransition { remoteTransition = android.window.IRemoteTransition$Stub$Proxy@78964f2, appThread = android.app.IApplicationThread$Stub$Proxy@76de743, debugName = LauncherToDream }}
01-20 06:38:27.885   931   999 V WindowManagerShell:  Checking filter Pair{{types=[] flags=0x0] notFlags=0x100 checks=[{atype=home independent=true modes=[OPEN,TO_FRONT] flags=NONE mustBeTask=false order=TOP topActivity=ComponentInfo{com.google.android.apps.nexuslauncher/com.google.android.apps.nexuslauncher.NexusLauncherActivity} launchCookie=null windowingMode=undefined},{atype=standard independent=true modes=[CLOSE,TO_BACK] flags=NONE mustBeTask=false order=ANY topActivity=null launchCookie=null windowingMode=undefined},{NOT atype=undefined independent=true modes=[] flags=NONE mustBeTask=true order=ANY topActivity=null launchCookie=null customAnim=true windowingMode=undefined}]} RemoteTransition { remoteTransition = android.window.IRemoteTransition$Stub$Proxy@71411c0, appThread = android.app.IApplicationThread$Stub$Proxy@b743ef9, debugName = QuickstepLaunchHome }}
01-20 06:38:27.885   931   999 V WindowManagerShell:  Delegate animation for (#49) to null
01-20 06:38:27.885   931   999 V WindowManagerShell: start default transition animation, info = {id=49 t=CLOSE f=0x0 trk=0 r=[0@Point(0, 0)] c=[{m=CLOSE f=TRANSLUCENT|FILLS_TASK leash=Surface(name=ActivityRecord{32885851 u0 com.google.android.packageinstaller/com.android.packageinstaller.UninstallerActivity)/@0x13bbd91 sb=Rect(0, 0 - 1080, 2400) eb=Rect(0, 0 - 1080, 2400) epz=Point(1080, 2400) d=0 bc=ffeeedf4 component=com.google.android.packageinstaller/com.android.packageinstaller.UninstallerActivity}]}
01-20 06:38:27.886   931   999 V WindowManagerShell: loadAnimation: anim=null animAttr=0x7 type=CLOSE isEntrance=false
01-20 06:38:27.886   931   999 V WindowManagerShell: Transition animation finished (aborted=false), notifying core (#49) android.os.BinderProxy@bd68bb8@0
01-20 06:38:27.886   693   716 V WindowManager: Unknown focus tokens, dropping reportFocusChanged
01-20 06:38:27.887   693   713 V WindowManager: Finish Transition (#49): created at 01-20 06:38:27.863 collect-started=0.062ms request-sent=0.1ms started=3.862ms ready=16.53ms sent=20.05ms finished=23.742ms
01-20 06:38:27.887   693   887 D BackgroundInstallControlService: Package event received: 0
01-20 06:38:27.888   693   887 D BackgroundInstallControlService: Package event received: 0
01-20 06:38:27.889   931   999 V WindowManagerShell: Track 0 became idle
01-20 06:38:27.889   931   999 V WindowManagerShell: All active transition animations finished
01-20 06:38:27.889   931   999 V WindowManagerShell:  animated by com.android.wm.shell.transition.DefaultTransitionHandler@eb673df
01-20 06:38:27.889   931   999 V WindowManagerShell: Track 0 became idle
01-20 06:38:27.889   931   999 V WindowManagerShell: All active transition animations finished
01-20 06:38:27.913  6975  6975 W WindowOnBackDispatcher: sendCancelIfRunning: isInProgress=false callback=android.app.Activity$$ExternalSyntheticLambda0@4827af8
01-20 06:38:27.925   693   803 I ImeTracker: com.android.settings:9fd14206: onRequestHide at ORIGIN_SERVER reason HIDE_SAME_WINDOW_FOCUSED_WITHOUT_EDITOR fromUser false
01-20 06:38:27.928  1386  1386 I GoogleInputMethodService: GoogleInputMethodService.onFinishInput():2043 
01-20 06:38:27.928   693  1823 D CoreBackPreview: Window{14f4996 u0 com.google.android.packageinstaller/com.android.packageinstaller.UninstallerActivity}: Setting back callback null
01-20 06:38:27.929  1386  1386 I Module  : DeviceLockedStatusModuleProvider$Module.updateDeviceLockedStatus():100 repeatCheckTimes = 0, locked = false
01-20 06:38:27.929  6975  6975 D ViewRootImpl: Skipping stats log for color mode
01-20 06:38:27.931  1386  1386 I GoogleInputMethodService: GoogleInputMethodService.onStartInput():1293 onStartInput(EditorInfo{EditorInfo{packageName=com.android.settings, inputType=0, inputTypeString=NULL, enableLearning=false, autoCorrection=false, autoComplete=false, imeOptions=0, privateImeOptions=null, actionName=UNSPECIFIED, actionLabel=null, initialSelStart=-1, initialSelEnd=-1, initialCapsMode=0, label=null, fieldId=0, fieldName=null, extras=null, hintText=null, hintLocales=[]}}, false)
01-20 06:38:27.935  1386  1386 I Module  : DeviceLockedStatusModuleProvider$Module.updateDeviceLockedStatus():100 repeatCheckTimes = 1, locked = false
01-20 06:38:27.935  1386  1386 I EmojiCompatManager: EmojiCompatManager.getEmojiCompatIfLoaded():343 EmojiCompat.init() was never called.
01-20 06:38:27.935  1386  1386 I EmojiCompatManager: java.lang.IllegalStateException: EmojiCompat is not initialized. Please call EmojiCompat.init() first
01-20 06:38:27.935  1386  1386 I EmojiCompatManager: 	at asx.p(PG:6)
01-20 06:38:27.935  1386  1386 I EmojiCompatManager: 	at axb.b(PG:13)
01-20 06:38:27.935  1386  1386 I EmojiCompatManager: 	at jnr.b(PG:2)
01-20 06:38:27.935  1386  1386 I EmojiCompatManager: 	at jnr.c(PG:4)
01-20 06:38:27.935  1386  1386 I EmojiCompatManager: 	at jnr.f(PG:3)
01-20 06:38:27.935  1386  1386 I EmojiCompatManager: 	at jnx.c(PG:3)
01-20 06:38:27.935  1386  1386 I EmojiCompatManager: 	at kif.cz(PG:47)
01-20 06:38:27.935  1386  1386 I EmojiCompatManager: 	at lhl.run(PG:1025)
01-20 06:38:27.935  1386  1386 I EmojiCompatManager: 	at jaf.execute(PG:12)
01-20 06:38:27.935  1386  1386 I EmojiCompatManager: 	at nco.v(PG:13)
01-20 06:38:27.935  1386  1386 I EmojiCompatManager: 	at lhn.m(PG:96)
01-20 06:38:27.935  1386  1386 I EmojiCompatManager: 	at lhn.k(PG:25)
01-20 06:38:27.935  1386  1386 I EmojiCompatManager: 	at kgn.onStartInput(PG:250)
01-20 06:38:27.935  1386  1386 I EmojiCompatManager: 	at android.inputmethodservice.InputMethodService.doStartInput(InputMethodService.java:3521)
01-20 06:38:27.935  1386  1386 I EmojiCompatManager: 	at android.inputmethodservice.InputMethodService$InputMethodImpl.startInput(InputMethodService.java:879)
01-20 06:38:27.935  1386  1386 I EmojiCompatManager: 	at android.inputmethodservice.InputMethodService$InputMethodImpl.dispatchStartInput(InputMethodService.java:908)
01-20 06:38:27.935  1386  1386 I EmojiCompatManager: 	at android.inputmethodservice.IInputMethodWrapper.executeMessage(IInputMethodWrapper.java:201)
01-20 06:38:27.935  1386  1386 I EmojiCompatManager: 	at com.android.internal.os.HandlerCaller$MyHandler.handleMessage(HandlerCaller.java:44)
01-20 06:38:27.935  1386  1386 I EmojiCompatManager: 	at android.os.Handler.dispatchMessage(Handler.java:110)
01-20 06:38:27.935  1386  1386 I EmojiCompatManager: 	at android.os.Looper.loopOnce(Looper.java:248)
01-20 06:38:27.935  1386  1386 I EmojiCompatManager: 	at android.os.Looper.loop(Looper.java:338)
01-20 06:38:27.935  1386  1386 I EmojiCompatManager: 	at android.app.ActivityThread.main(ActivityThread.java:9067)
01-20 06:38:27.935  1386  1386 I EmojiCompatManager: 	at java.lang.reflect.Method.invoke(Native Method)
01-20 06:38:27.935  1386  1386 I EmojiCompatManager: 	at com.android.internal.os.RuntimeInit$MethodAndArgsCaller.run(RuntimeInit.java:593)
01-20 06:38:27.935  1386  1386 I EmojiCompatManager: 	at com.android.internal.os.ZygoteInit.main(ZygoteInit.java:932)
01-20 06:38:27.937  4787  4787 D InsetsController: hide(ime(), fromIme=false)
01-20 06:38:27.938  4787  4787 I ImeTracker: com.android.settings:9fd14206: onCancelled at PHASE_CLIENT_ALREADY_HIDDEN
01-20 06:38:27.938   693  1822 W PackageConfigPersister: App-specific configuration not found for packageName: com.android.settings and userId: 0
01-20 06:38:27.950   693   887 D BackgroundInstallControlService: Package event received: 0
01-20 06:38:28.043  7002  7002 I artd    : Starting artd
01-20 06:38:28.048  7002  7002 I AidlLazyServiceRegistrar: Registering service artd
01-20 06:38:28.050  7002  7002 I AidlLazyServiceRegistrar: Process has 1 (of 1 available) client(s) in use after notification artd has clients: 1
01-20 06:38:28.141   270  4247 I keystore2: system/security/keystore2/src/maintenance.rs:607 - clearNamespace(r#APP, nspace=10226)
01-20 06:38:28.224   693   887 D BackgroundInstallControlService: Package event received: 2
01-20 06:38:28.225   693   693 W NotificationHistory: Attempted to add notif for locked/gone/disabled user 0
01-20 06:38:28.226   693   693 W Looper  : Slow dispatch took 152ms main app=system_server main=true group=FOREGROUND h=com.android.server.notification.NotificationManagerService$WorkerHandler c=com.android.server.notification.NotificationManagerService$PostNotificationRunnable@642fff5 m=0
01-20 06:38:28.233  1063  1063 I NotificationListener: received notification posted event - com.google.android.packageinstaller#UserHandle{0},category=-1
01-20 06:38:28.235   693   887 D BackgroundInstallControlService: handlePackageRemove: removing com.myapp1reactnative from 0
01-20 06:38:28.241  1496  1858 W AiAiEcho: LyftNotificationParser Ridesharing ETA not enabled
01-20 06:38:28.241  1496  1858 I AiAiEcho: SmartspaceNotificationPredictor no parser can handle this notification or notification is invalid
01-20 06:38:28.241   693  1565 E TaskPersister: File error accessing recents directory (directory doesn't exist?).
01-20 06:38:28.254   693   887 D BackgroundInstallControlService: Package event received: 0
01-20 06:38:28.264  6975  6975 I UninstallFinish: Uninstall finished extras=Bundle[{android.content.pm.extra.STATUS=0, com.android.packageinstaller.extra.IS_CLONE_APP=false, android.content.pm.extra.PACKAGE_NAME=com.myapp1reactnative, com.android.packageinstaller.extra.APP_LABEL=, com.android.packageinstaller.applicationInfo=Supplier{VAL_PARCELABLE@532+1644}, android.intent.extra.UNINSTALL_ALL_USERS=false, android.content.pm.extra.LEGACY_STATUS=1, com.android.packageinstaller.extra.UNINSTALL_ID=-2147483647, android.content.pm.extra.STATUS_MESSAGE=DELETE_SUCCEEDED}]
01-20 06:38:28.272   693   747 I ActivityManager: Force stopping com.myapp1reactnative appid=10226 user=0: pkg removed
01-20 06:38:28.276   931   931 I ndroid.systemui: AssetManager2(0x7078226a3ff8) locale list changing from [] to [en-US]
01-20 06:38:28.279   693   747 W IPCThreadState: Sending oneway calls to frozen process.
01-20 06:38:28.279   693   747 W IPCThreadState: Sending oneway calls to frozen process.
01-20 06:38:28.279   693   747 W IPCThreadState: Sending oneway calls to frozen process.
01-20 06:38:28.280   693   747 W IPCThreadState: Sending oneway calls to frozen process.
01-20 06:38:28.280   693   747 W IPCThreadState: Sending oneway calls to frozen process.
01-20 06:38:28.280   693   747 W IPCThreadState: Sending oneway calls to frozen process.
01-20 06:38:28.280   693   747 W IPCThreadState: Sending oneway calls to frozen process.
01-20 06:38:28.280   693   747 W IPCThreadState: Sending oneway calls to frozen process.
01-20 06:38:28.280   693   747 W IPCThreadState: Sending oneway calls to frozen process.
01-20 06:38:28.280   693   747 W IPCThreadState: Sending oneway calls to frozen process.
01-20 06:38:28.280   693   747 W IPCThreadState: Sending oneway calls to frozen process.
01-20 06:38:28.280   693   747 W IPCThreadState: Sending oneway calls to frozen process.
01-20 06:38:28.280   693   747 W IPCThreadState: Sending oneway calls to frozen process.
01-20 06:38:28.281   693   747 W IPCThreadState: Sending oneway calls to frozen process.
01-20 06:38:28.281   693   747 W IPCThreadState: Sending oneway calls to frozen process.
01-20 06:38:28.281   693   747 W IPCThreadState: Sending oneway calls to frozen process.
01-20 06:38:28.281   693   747 W IPCThreadState: Sending oneway calls to frozen process.
01-20 06:38:28.281   693   747 W IPCThreadState: Sending oneway calls to frozen process.
01-20 06:38:28.281   693   747 W IPCThreadState: Sending oneway calls to frozen process.
01-20 06:38:28.281   693   747 W IPCThreadState: Sending oneway calls to frozen process.
01-20 06:38:28.281   693   747 W IPCThreadState: Sending oneway calls to frozen process.
01-20 06:38:28.281   693   747 W IPCThreadState: Sending oneway calls to frozen process.
01-20 06:38:28.281   693   747 W IPCThreadState: Sending oneway calls to frozen process.
