--------- beginning of main
01-20 06:38:14.606  6843  6843 W HWUI    : Unknown dataspace 0
01-20 06:38:14.614  6843  6878 I WM-GreedyScheduler: Ignoring schedule request in non-main process
01-20 06:38:14.630  1496  1798 I SP.AiAi : Scheduling job with delay of 0s for {W:C:I:l, bg}, 5 candidates
--------- beginning of system
01-20 06:38:14.635   693  1683 D CoreBackPreview: Window{9a298d7 u0 com.google.android.as/com.google.android.apps.miphone.aiai.echo.settings.ui.material.MaterialSettingsActivity}: Setting back callback OnBackInvokedCallbackInfo{mCallback=android.window.IOnBackInvokedCallback$Stub$Proxy@d8c1cad, mPriority=-1, mIsAnimationCallback=false, mOverrideBehavior=0}
01-20 06:38:14.644  6843  6878 W JobInfo : Requested important-while-foreground flag for job47 is ignored and takes no effect
01-20 06:38:14.659   549   670 W ServiceManagerCppClient: Permission failure: android.permission.ACCESS_SURFACE_FLINGER from uid=10140 pid=0
01-20 06:38:14.659   549   670 D PermissionCache: checking android.permission.ACCESS_SURFACE_FLINGER for uid=10140 => denied (496 us)
01-20 06:38:14.659   549   572 W ServiceManagerCppClient: Permission failure: android.permission.ACCESS_SURFACE_FLINGER from uid=10140 pid=6843
01-20 06:38:14.659   549   572 D PermissionCache: checking android.permission.ACCESS_SURFACE_FLINGER for uid=10140 => denied (337 us)
01-20 06:38:14.660   549   670 W ServiceManagerCppClient: Permission failure: android.permission.ROTATE_SURFACE_FLINGER from uid=10140 pid=0
01-20 06:38:14.660   549   670 D PermissionCache: checking android.permission.ROTATE_SURFACE_FLINGER for uid=10140 => denied (481 us)
01-20 06:38:14.660   549   670 W ServiceManagerCppClient: Permission failure: android.permission.INTERNAL_SYSTEM_WINDOW from uid=10140 pid=0
01-20 06:38:14.660   549   670 D PermissionCache: checking android.permission.INTERNAL_SYSTEM_WINDOW for uid=10140 => denied (296 us)
01-20 06:38:14.660   549   572 W ServiceManagerCppClient: Permission failure: android.permission.ROTATE_SURFACE_FLINGER from uid=10140 pid=6843
01-20 06:38:14.660   549   572 D PermissionCache: checking android.permission.ROTATE_SURFACE_FLINGER for uid=10140 => denied (961 us)
01-20 06:38:14.661  6843  6878 I WM-GreedyScheduler: Ignoring schedule request in a secondary process
01-20 06:38:14.663  6843  6843 W RecyclerView: No adapter attached; skipping layout
01-20 06:38:14.701  1496  1798 I SP.AiAi : Scheduling: download registered, 0 started, 0 paused, 5 scheduled, 5 pending: manifests:spelling_correction-22110320 * {W:C:I:l, bg}, manifests:text-classifier-actions-1140547708 * {W:C:I:l, bg}, manifests:text-classifier-langid-1941001461 * {W:C:I:l, bg}, manifests:kg_collections_table-21051103 * {W:C:I:l, bg}, manifests:text-classifier-annotator-272525175 * {W:C:I:l, bg}
01-20 06:38:14.721  1496  1798 I SP.AiAi : Scheduling job with delay of 0s for {W:C:I:l, bg}, 5 candidates
01-20 06:38:14.728  6843  6843 D AudioSystem: onNewServiceWithAdapter: media.audio_flinger service obtained 0x7077626c89b0
01-20 06:38:14.732  6843  6843 D AudioSystem: getService: checking for service media.audio_flinger: 0x707842691f10
01-20 06:38:14.743  1496  1934 I WM-WorkerWrapper: Worker result SUCCESS for Work [ id=ac5de79e-3559-465a-b904-5ca8929c194f, tags={ com.google.android.apps.miphone.aiai.chronicle.data.storage.simplestorage.impl.SimpleStorageMaintenanceWorker } ]
01-20 06:38:14.760  1496  1798 I SP.AiAi : Scheduling: download registered, 0 started, 0 paused, 5 scheduled, 5 pending: manifests:spelling_correction-22110320 * {W:C:I:l, bg}, manifests:text-classifier-langid-1941001461 * {W:C:I:l, bg}, manifests:kg_collections_table-21051103 * {W:C:I:l, bg}, manifests:text-classifier-annotator-272525175 * {W:C:I:l, bg}, manifests:text-classifier-actions-1140547708 * {W:C:I:l, bg}
01-20 06:38:14.761  1496  6886 W AiAiTextClassifier: [ResourceDownloaderImpl]: downloadResource(): Failed to register superpack manifest for: kg_collections_table, download version: 21051103.
01-20 06:38:14.788  1496  1798 I SP.AiAi : Scheduling job with delay of 0s for {W:C:I:l, bg}, 5 candidates
01-20 06:38:14.804   623   636 D NuPlayerDriver: NuPlayerDriver(0x70387eb976d0) created, clientPid(6843)
01-20 06:38:14.825   245   245 I hwservicemanager: getTransport: Cannot find entry android.hardware.media.omx@1.0::IOmx/default in either framework or device VINTF manifest.
01-20 06:38:14.826   623   636 D MediaPlayerService: OMX service is not available
01-20 06:38:14.826  1496  1798 I SP.AiAi : Scheduling: download registered, 0 started, 0 paused, 5 scheduled, 5 pending: manifests:spelling_correction-22110320 * {W:C:I:l, bg}, manifests:kg_collections_table-21051103 * {W:C:I:l, bg}, manifests:text-classifier-annotator-272525175 * {W:C:I:l, bg}, manifests:text-classifier-actions-1140547708 * {W:C:I:l, bg}, manifests:text-classifier-langid-1941001461 * {W:C:I:l, bg}
01-20 06:38:14.827  1496  6886 W AiAiTextClassifier: [ResourceDownloaderImpl]: downloadResource(): Failed to register superpack manifest for: text-classifier-annotator, download version: 272525175.
01-20 06:38:14.828  1496  6889 W AiAiTextClassifier: [ResourceDownloaderImpl]: downloadResource(): Failed to register superpack manifest for: text-classifier-actions, download version: 1140547708.
01-20 06:38:14.828  1496  1678 I AiAiTextClassifier: [TcLibModelManagerImpl]: downloadNewModelRecursively: Attempt to download PackSet failed from: https://gstatic.com/matchmaker/tclib_models/annotator/v803/en/superpacks_manifest.zip. Has 1 more attempts.
01-20 06:38:14.828  1496  1678 I AiAiTextClassifier: java.lang.RuntimeException: Task was cancelled.
01-20 06:38:14.828  1496  1678 I AiAiTextClassifier: 	at ovs.a(PG:71)
01-20 06:38:14.828  1496  1678 I AiAiTextClassifier: 	at spb.e(PG:14)
01-20 06:38:14.828  1496  1678 I AiAiTextClassifier: 	at sqa.a(PG:54)
01-20 06:38:14.828  1496  1678 I AiAiTextClassifier: 	at xih.run(PG:37)
01-20 06:38:14.828  1496  1678 I AiAiTextClassifier: 	at java.util.concurrent.ThreadPoolExecutor.runWorker(ThreadPoolExecutor.java:1156)
01-20 06:38:14.828  1496  1678 I AiAiTextClassifier: 	at java.util.concurrent.ThreadPoolExecutor$Worker.run(ThreadPoolExecutor.java:651)
01-20 06:38:14.828  1496  1678 I AiAiTextClassifier: 	at java.lang.Thread.run(Thread.java:1119)
01-20 06:38:14.829  1496  1678 I AiAiTextClassifier: [TcLibModelManagerImpl]: downloadNewModelRecursively: Attempt to download PackSet failed from: https://gstatic.com/matchmaker/tclib_models/actions/v104/en-us/superpacks_manifest.zip. Has 2 more attempts.
01-20 06:38:14.829  1496  1678 I AiAiTextClassifier: java.lang.RuntimeException: Task was cancelled.
01-20 06:38:14.829  1496  1678 I AiAiTextClassifier: 	at ovs.a(PG:71)
01-20 06:38:14.829  1496  1678 I AiAiTextClassifier: 	at spb.e(PG:14)
01-20 06:38:14.829  1496  1678 I AiAiTextClassifier: 	at sqa.a(PG:54)
01-20 06:38:14.829  1496  1678 I AiAiTextClassifier: 	at xih.run(PG:37)
01-20 06:38:14.829  1496  1678 I AiAiTextClassifier: 	at java.util.concurrent.ThreadPoolExecutor.runWorker(ThreadPoolExecutor.java:1156)
01-20 06:38:14.829  1496  1678 I AiAiTextClassifier: 	at java.util.concurrent.ThreadPoolExecutor$Worker.run(ThreadPoolExecutor.java:651)
01-20 06:38:14.829  1496  1678 I AiAiTextClassifier: 	at java.lang.Thread.run(Thread.java:1119)
01-20 06:38:14.829  1496  1798 I SP.AiAi : Registering text-classifier-annotator.1422551093, url: https://gstatic.com/matchmaker/tclib_models/annotator/v803/universal/superpacks_manifest.zip, constraints: *:*:*:*, flags: *, requested: 1422551093, current: -1
01-20 06:38:14.829  1496  6890 W AiAiTextClassifier: [ResourceDownloaderImpl]: downloadResource(): Failed to register superpack manifest for: text-classifier-langid, download version: 1941001461.
01-20 06:38:14.830  1496  1678 W AiAiTextClassifier: [TcLibModelManagerImpl]: downloadNewModelRecursively: Attempt to download PackSet failed from: https://gstatic.com/matchmaker/tclib_models/langid/v1/superpacks_manifest.zip. Has 0 more attempts.
01-20 06:38:14.830  1496  1678 W AiAiTextClassifier: java.lang.RuntimeException: Task was cancelled.
01-20 06:38:14.830  1496  1678 W AiAiTextClassifier: 	at ovs.a(PG:71)
01-20 06:38:14.830  1496  1678 W AiAiTextClassifier: 	at spb.e(PG:14)
01-20 06:38:14.830  1496  1678 W AiAiTextClassifier: 	at sqa.a(PG:54)
01-20 06:38:14.830  1496  1678 W AiAiTextClassifier: 	at xih.run(PG:37)
01-20 06:38:14.830  1496  1678 W AiAiTextClassifier: 	at java.util.concurrent.ThreadPoolExecutor.runWorker(ThreadPoolExecutor.java:1156)
01-20 06:38:14.830  1496  1678 W AiAiTextClassifier: 	at java.util.concurrent.ThreadPoolExecutor$Worker.run(ThreadPoolExecutor.java:651)
01-20 06:38:14.830  1496  1678 W AiAiTextClassifier: 	at java.lang.Thread.run(Thread.java:1119)
01-20 06:38:14.830  1496  1678 W AiAiTextClassifier: [AssetFileDescriptorOpener]: Failed to open file at /textclassifier/lang_id.model
01-20 06:38:14.830  1496  1678 W AiAiTextClassifier: java.io.FileNotFoundException: open failed: ENOENT (No such file or directory)
01-20 06:38:14.830  1496  1678 W AiAiTextClassifier: 	at android.os.ParcelFileDescriptor.openInternal(ParcelFileDescriptor.java:356)
01-20 06:38:14.830  1496  1678 W AiAiTextClassifier: 	at android.os.ParcelFileDescriptor.open(ParcelFileDescriptor.java:233)
01-20 06:38:14.830  1496  1678 W AiAiTextClassifier: 	at ovk.a(PG:8)
01-20 06:38:14.830  1496  1678 W AiAiTextClassifier: 	at oww.g(PG:1)
01-20 06:38:14.830  1496  1678 W AiAiTextClassifier: 	at oww.d(PG:1)
01-20 06:38:14.830  1496  1678 W AiAiTextClassifier: 	at owv.a(PG:68)
01-20 06:38:14.830  1496  1678 W AiAiTextClassifier: 	at xih.run(PG:18)
01-20 06:38:14.830  1496  1678 W AiAiTextClassifier: 	at java.util.concurrent.Executors$RunnableAdapter.call(Executors.java:524)
01-20 06:38:14.830  1496  1678 W AiAiTextClassifier: 	at xjo.a(PG:3)
01-20 06:38:14.830  1496  1678 W AiAiTextClassifier: 	at xir.run(PG:19)
01-20 06:38:14.830  1496  1678 W AiAiTextClassifier: 	at xjp.run(PG:5)
01-20 06:38:14.830  1496  1678 W AiAiTextClassifier: 	at java.util.concurrent.Executors$RunnableAdapter.call(Executors.java:524)
01-20 06:38:14.830  1496  1678 W AiAiTextClassifier: 	at java.util.concurrent.FutureTask.run(FutureTask.java:317)
01-20 06:38:14.830  1496  1678 W AiAiTextClassifier: 	at java.util.concurrent.ScheduledThreadPoolExecutor$ScheduledFutureTask.run(ScheduledThreadPoolExecutor.java:348)
01-20 06:38:14.830  1496  1678 W AiAiTextClassifier: 	at java.util.concurrent.ThreadPoolExecutor.runWorker(ThreadPoolExecutor.java:1156)
01-20 06:38:14.830  1496  1678 W AiAiTextClassifier: 	at java.util.concurrent.ThreadPoolExecutor$Worker.run(ThreadPoolExecutor.java:651)
01-20 06:38:14.830  1496  1678 W AiAiTextClassifier: 	at hxw.run(PG:221)
01-20 06:38:14.830  1496  1678 W AiAiTextClassifier: 	at java.lang.Thread.run(Thread.java:1119)
01-20 06:38:14.830  1496  1678 E AiAiTextClassifier: [TcLibModelManagerImpl]: updateBackupModel: Failed to get AssetFileDescriptor from backup path: textclassifier/lang_id.model.
01-20 06:38:14.830  1496  1678 E AiAiTextClassifier: java.io.FileNotFoundException: [AssetFileDescriptorOpener]: getAssetFileDescriptorFromPath: Model file: textclassifier/lang_id.model was not found.
01-20 06:38:14.830  1496  1678 E AiAiTextClassifier: 	at ovk.a(PG:84)
01-20 06:38:14.830  1496  1678 E AiAiTextClassifier: 	at oww.g(PG:1)
01-20 06:38:14.830  1496  1678 E AiAiTextClassifier: 	at oww.d(PG:1)
01-20 06:38:14.830  1496  1678 E AiAiTextClassifier: 	at owv.a(PG:68)
01-20 06:38:14.830  1496  1678 E AiAiTextClassifier: 	at xih.run(PG:18)
01-20 06:38:14.830  1496  1678 E AiAiTextClassifier: 	at java.util.concurrent.Executors$RunnableAdapter.call(Executors.java:524)
01-20 06:38:14.830  1496  1678 E AiAiTextClassifier: 	at xjo.a(PG:3)
01-20 06:38:14.830  1496  1678 E AiAiTextClassifier: 	at xir.run(PG:19)
01-20 06:38:14.830  1496  1678 E AiAiTextClassifier: 	at xjp.run(PG:5)
01-20 06:38:14.830  1496  1678 E AiAiTextClassifier: 	at java.util.concurrent.Executors$RunnableAdapter.call(Executors.java:524)
01-20 06:38:14.830  1496  1678 E AiAiTextClassifier: 	at java.util.concurrent.FutureTask.run(FutureTask.java:317)
01-20 06:38:14.830  1496  1678 E AiAiTextClassifier: 	at java.util.concurrent.ScheduledThreadPoolExecutor$ScheduledFutureTask.run(ScheduledThreadPoolExecutor.java:348)
01-20 06:38:14.830  1496  1678 E AiAiTextClassifier: 	at java.util.concurrent.ThreadPoolExecutor.runWorker(ThreadPoolExecutor.java:1156)
01-20 06:38:14.830  1496  1678 E AiAiTextClassifier: 	at java.util.concurrent.ThreadPoolExecutor$Worker.run(ThreadPoolExecutor.java:651)
01-20 06:38:14.830  1496  1678 E AiAiTextClassifier: 	at hxw.run(PG:221)
01-20 06:38:14.830  1496  1678 E AiAiTextClassifier: 	at java.lang.Thread.run(Thread.java:1119)
01-20 06:38:14.831  1496  1798 I SP.AiAi : Canceling inactive download: manifests:text-classifier-annotator-272525175
01-20 06:38:14.839  1496  1798 I SP.AiAi : Scheduling job with delay of 0s for {W:C:I:l, bg}, 4 candidates
01-20 06:38:14.875  1496  1798 I SP.AiAi : Scheduling: download cancelled, 0 started, 0 paused, 4 scheduled, 4 pending: manifests:spelling_correction-22110320 * {W:C:I:l, bg}, manifests:kg_collections_table-21051103 * {W:C:I:l, bg}, manifests:text-classifier-actions-1140547708 * {W:C:I:l, bg}, manifests:text-classifier-langid-1941001461 * {W:C:I:l, bg}
01-20 06:38:14.877  1496  1798 I SP.AiAi : Canceling checksum validation of manifests:text-classifier-annotator-272525175
01-20 06:38:14.878  1496  1798 I SP.AiAi : Registering text-classifier-actions.1238844047, url: https://gstatic.com/matchmaker/tclib_models/actions/v104/en/superpacks_manifest.zip, constraints: *:*:*:*, flags: *, requested: 1238844047, current: -1
01-20 06:38:14.879  6843  6871 W AiAiTextClassifier: [ResourceDownloaderImpl]: downloadResource(): Failed to register superpack manifest for: text-classifier-annotator, download version: 272525175.
01-20 06:38:14.879  1496  1798 I SP.AiAi : Canceling inactive download: manifests:text-classifier-actions-1140547708
01-20 06:38:14.883  6843  6867 I AiAiTextClassifier: [TcLibModelManagerImpl]: downloadNewModelRecursively: Attempt to download PackSet failed from: https://gstatic.com/matchmaker/tclib_models/annotator/v803/en/superpacks_manifest.zip. Has 1 more attempts.
01-20 06:38:14.883  6843  6867 I AiAiTextClassifier: java.lang.RuntimeException: Task was cancelled.
01-20 06:38:14.883  6843  6867 I AiAiTextClassifier: 	at ovs.a(PG:71)
01-20 06:38:14.883  6843  6867 I AiAiTextClassifier: 	at spb.e(PG:14)
01-20 06:38:14.883  6843  6867 I AiAiTextClassifier: 	at spb.A(PG:16)
01-20 06:38:14.883  6843  6867 I AiAiTextClassifier: 	at dtj.onTransact(PG:21)
01-20 06:38:14.883  6843  6867 I AiAiTextClassifier: 	at android.os.Binder.execTransactInternal(Binder.java:1426)
01-20 06:38:14.883  6843  6867 I AiAiTextClassifier: 	at android.os.Binder.execTransact(Binder.java:1365)
01-20 06:38:14.888  1496  1798 I SP.AiAi : Scheduling job with delay of 0s for {W:C:I:l, bg}, 3 candidates
01-20 06:38:14.923   623   636 D SurfaceUtils: connecting to surface 0x70384eb9e3a0, reason setVideoSurfaceTexture
01-20 06:38:14.925   623  6888 D NuPlayer: onSetVideoSurface(0x70384eb9bcf0, no video decoder)
01-20 06:38:14.926  1496  1798 I SP.AiAi : Scheduling: download cancelled, 0 started, 0 paused, 3 scheduled, 3 pending: manifests:spelling_correction-22110320 * {W:C:I:l, bg}, manifests:kg_collections_table-21051103 * {W:C:I:l, bg}, manifests:text-classifier-langid-1941001461 * {W:C:I:l, bg}
01-20 06:38:14.926  1496  1798 I SP.AiAi : Canceling checksum validation of manifests:text-classifier-actions-1140547708
01-20 06:38:14.934  1496  1798 I SP.AiAi : Registering text-classifier-annotator.1422551093, url: https://gstatic.com/matchmaker/tclib_models/annotator/v803/universal/superpacks_manifest.zip, constraints: *:*:*:*, flags: *, requested: 1422551093, current: -1
01-20 06:38:14.935   623  6891 D GenericSource: FileSource remote
01-20 06:38:14.935  6843  6871 W AiAiTextClassifier: [ResourceDownloaderImpl]: downloadResource(): Failed to register superpack manifest for: text-classifier-actions, download version: 1140547708.
01-20 06:38:14.936  6843  6867 I AiAiTextClassifier: [TcLibModelManagerImpl]: downloadNewModelRecursively: Attempt to download PackSet failed from: https://gstatic.com/matchmaker/tclib_models/actions/v104/en-us/superpacks_manifest.zip. Has 2 more attempts.
01-20 06:38:14.936  6843  6867 I AiAiTextClassifier: java.lang.RuntimeException: Task was cancelled.
01-20 06:38:14.936  6843  6867 I AiAiTextClassifier: 	at ovs.a(PG:71)
01-20 06:38:14.936  6843  6867 I AiAiTextClassifier: 	at spb.e(PG:14)
01-20 06:38:14.936  6843  6867 I AiAiTextClassifier: 	at spb.A(PG:16)
01-20 06:38:14.936  6843  6867 I AiAiTextClassifier: 	at dtj.onTransact(PG:21)
01-20 06:38:14.936  6843  6867 I AiAiTextClassifier: 	at android.os.Binder.execTransactInternal(Binder.java:1426)
01-20 06:38:14.936  6843  6867 I AiAiTextClassifier: 	at android.os.Binder.execTransact(Binder.java:1365)
01-20 06:38:14.960  1496  1798 I SP.AiAi : Scheduling job with delay of 0s for {W:C:I:l, bg}, 4 candidates
01-20 06:38:14.982   614   946 I SampleTable: There are reordered frames present.
01-20 06:38:14.998   614  5397 D MediaBufferGroup: creating MemoryDealer
01-20 06:38:14.999  1496  1798 I SP.AiAi : Scheduling: download registered, 0 started, 0 paused, 4 scheduled, 4 pending: manifests:spelling_correction-22110320 * {W:C:I:l, bg}, manifests:kg_collections_table-21051103 * {W:C:I:l, bg}, manifests:text-classifier-langid-1941001461 * {W:C:I:l, bg}, manifests:text-classifier-annotator-1422551093 * {W:C:I:l, bg}
01-20 06:38:15.000  1496  1798 I SP.AiAi : Registering text-classifier-actions.1238844047, url: https://gstatic.com/matchmaker/tclib_models/actions/v104/en/superpacks_manifest.zip, constraints: *:*:*:*, flags: *, requested: 1238844047, current: -1
01-20 06:38:15.001  1496  6890 W AiAiTextClassifier: [ResourceDownloaderImpl]: downloadResource(): Failed to register superpack manifest for: text-classifier-annotator, download version: 1422551093.
01-20 06:38:15.002  1496  1678 W AiAiTextClassifier: [TcLibModelManagerImpl]: downloadNewModelRecursively: Attempt to download PackSet failed from: https://gstatic.com/matchmaker/tclib_models/annotator/v803/universal/superpacks_manifest.zip. Has 0 more attempts.
01-20 06:38:15.002  1496  1678 W AiAiTextClassifier: java.lang.RuntimeException: Task was cancelled.
01-20 06:38:15.002  1496  1678 W AiAiTextClassifier: 	at ovs.a(PG:71)
01-20 06:38:15.002  1496  1678 W AiAiTextClassifier: 	at spb.e(PG:14)
01-20 06:38:15.002  1496  1678 W AiAiTextClassifier: 	at sqa.a(PG:54)
01-20 06:38:15.002  1496  1678 W AiAiTextClassifier: 	at xih.run(PG:37)
01-20 06:38:15.002  1496  1678 W AiAiTextClassifier: 	at java.util.concurrent.ThreadPoolExecutor.runWorker(ThreadPoolExecutor.java:1156)
01-20 06:38:15.002  1496  1678 W AiAiTextClassifier: 	at java.util.concurrent.ThreadPoolExecutor$Worker.run(ThreadPoolExecutor.java:651)
01-20 06:38:15.002  1496  1678 W AiAiTextClassifier: 	at java.lang.Thread.run(Thread.java:1119)
01-20 06:38:15.002  1496  1678 W AiAiTextClassifier: [AssetFileDescriptorOpener]: Failed to open file at /textclassifier/annotator.universal.model
01-20 06:38:15.002  1496  1678 W AiAiTextClassifier: java.io.FileNotFoundException: open failed: ENOENT (No such file or directory)
01-20 06:38:15.002  1496  1678 W AiAiTextClassifier: 	at android.os.ParcelFileDescriptor.openInternal(ParcelFileDescriptor.java:356)
01-20 06:38:15.002  1496  1678 W AiAiTextClassifier: 	at android.os.ParcelFileDescriptor.open(ParcelFileDescriptor.java:233)
01-20 06:38:15.002  1496  1678 W AiAiTextClassifier: 	at ovk.a(PG:8)
01-20 06:38:15.002  1496  1678 W AiAiTextClassifier: 	at oww.g(PG:1)
01-20 06:38:15.002  1496  1678 W AiAiTextClassifier: 	at oww.d(PG:1)
01-20 06:38:15.002  1496  1678 W AiAiTextClassifier: 	at owv.a(PG:68)
01-20 06:38:15.002  1496  1678 W AiAiTextClassifier: 	at xih.run(PG:18)
01-20 06:38:15.002  1496  1678 W AiAiTextClassifier: 	at java.util.concurrent.Executors$RunnableAdapter.call(Executors.java:524)
01-20 06:38:15.002  1496  1678 W AiAiTextClassifier: 	at xjo.a(PG:3)
01-20 06:38:15.002  1496  1678 W AiAiTextClassifier: 	at xir.run(PG:19)
01-20 06:38:15.002  1496  1678 W AiAiTextClassifier: 	at xjp.run(PG:5)
01-20 06:38:15.002  1496  1678 W AiAiTextClassifier: 	at java.util.concurrent.Executors$RunnableAdapter.call(Executors.java:524)
01-20 06:38:15.002  1496  1678 W AiAiTextClassifier: 	at java.util.concurrent.FutureTask.run(FutureTask.java:317)
01-20 06:38:15.002  1496  1678 W AiAiTextClassifier: 	at java.util.concurrent.ScheduledThreadPoolExecutor$ScheduledFutureTask.run(ScheduledThreadPoolExecutor.java:348)
01-20 06:38:15.002  1496  1678 W AiAiTextClassifier: 	at java.util.concurrent.ThreadPoolExecutor.runWorker(ThreadPoolExecutor.java:1156)
01-20 06:38:15.002  1496  1678 W AiAiTextClassifier: 	at java.util.concurrent.ThreadPoolExecutor$Worker.run(ThreadPoolExecutor.java:651)
01-20 06:38:15.002  1496  1678 W AiAiTextClassifier: 	at hxw.run(PG:221)
01-20 06:38:15.002  1496  1678 W AiAiTextClassifier: 	at java.lang.Thread.run(Thread.java:1119)
01-20 06:38:15.002  1496  1678 E AiAiTextClassifier: [TcLibModelManagerImpl]: updateBackupModel: Failed to get AssetFileDescriptor from backup path: textclassifier/annotator.universal.model.
01-20 06:38:15.002  1496  1678 E AiAiTextClassifier: java.io.FileNotFoundException: [AssetFileDescriptorOpener]: getAssetFileDescriptorFromPath: Model file: textclassifier/annotator.universal.model was not found.
01-20 06:38:15.002  1496  1678 E AiAiTextClassifier: 	at ovk.a(PG:84)
01-20 06:38:15.002  1496  1678 E AiAiTextClassifier: 	at oww.g(PG:1)
01-20 06:38:15.002  1496  1678 E AiAiTextClassifier: 	at oww.d(PG:1)
01-20 06:38:15.002  1496  1678 E AiAiTextClassifier: 	at owv.a(PG:68)
01-20 06:38:15.002  1496  1678 E AiAiTextClassifier: 	at xih.run(PG:18)
01-20 06:38:15.002  1496  1678 E AiAiTextClassifier: 	at java.util.concurrent.Executors$RunnableAdapter.call(Executors.java:524)
01-20 06:38:15.002  1496  1678 E AiAiTextClassifier: 	at xjo.a(PG:3)
01-20 06:38:15.002  1496  1678 E AiAiTextClassifier: 	at xir.run(PG:19)
01-20 06:38:15.002  1496  1678 E AiAiTextClassifier: 	at xjp.run(PG:5)
01-20 06:38:15.002  1496  1678 E AiAiTextClassifier: 	at java.util.concurrent.Executors$RunnableAdapter.call(Executors.java:524)
01-20 06:38:15.002  1496  1678 E AiAiTextClassifier: 	at java.util.concurrent.FutureTask.run(FutureTask.java:317)
01-20 06:38:15.002  1496  1678 E AiAiTextClassifier: 	at java.util.concurrent.ScheduledThreadPoolExecutor$ScheduledFutureTask.run(ScheduledThreadPoolExecutor.java:348)
01-20 06:38:15.002  1496  1678 E AiAiTextClassifier: 	at java.util.concurrent.ThreadPoolExecutor.runWorker(ThreadPoolExecutor.java:1156)
01-20 06:38:15.002  1496  1678 E AiAiTextClassifier: 	at java.util.concurrent.ThreadPoolExecutor$Worker.run(ThreadPoolExecutor.java:651)
01-20 06:38:15.002  1496  1678 E AiAiTextClassifier: 	at hxw.run(PG:221)
01-20 06:38:15.002  1496  1678 E AiAiTextClassifier: 	at java.lang.Thread.run(Thread.java:1119)
01-20 06:38:15.006   623  6888 I GenericSource: start
01-20 06:38:15.028  1496  1798 I SP.AiAi : Scheduling job with delay of 0s for {W:C:I:l, bg}, 5 candidates
01-20 06:38:15.031   623  6896 D CCodec  : allocate(c2.goldfish.h264.decoder)
01-20 06:38:15.033   623  6896 I CCodec  : setting up 'default' as default (vendor) store
01-20 06:38:15.038   693  1176 W ServiceManagerCppClient: Permission failure: android.permission.ACCESS_SURFACE_FLINGER from uid=10140 pid=0
01-20 06:38:15.038   693  1176 D PermissionCache: checking android.permission.ACCESS_SURFACE_FLINGER for uid=10140 => denied (176 us)
01-20 06:38:15.038   693  1176 W ServiceManagerCppClient: Permission failure: android.permission.ROTATE_SURFACE_FLINGER from uid=10140 pid=0
01-20 06:38:15.038   693  1176 D PermissionCache: checking android.permission.ROTATE_SURFACE_FLINGER for uid=10140 => denied (104 us)
01-20 06:38:15.038   693  1176 W ServiceManagerCppClient: Permission failure: android.permission.INTERNAL_SYSTEM_WINDOW from uid=10140 pid=0
01-20 06:38:15.039   693  1176 D PermissionCache: checking android.permission.INTERNAL_SYSTEM_WINDOW for uid=10140 => denied (63 us)
01-20 06:38:15.046   499   676 I GoldfishComponentStore: in init
01-20 06:38:15.046   499   676 I GoldfishComponentStore: loading dll of path libcodec2_goldfish_avcdec.so
01-20 06:38:15.049   693   713 I ActivityTaskManager: Displayed com.google.android.as/com.google.android.apps.miphone.aiai.echo.settings.ui.material.MaterialSettingsActivity for user 0: +1s139ms
01-20 06:38:15.063   499   676 I GoldfishComponentStore: Create()
01-20 06:38:15.078  1496  1798 I SP.AiAi : Scheduling: download registered, 0 started, 0 paused, 5 scheduled, 5 pending: manifests:spelling_correction-22110320 * {W:C:I:l, bg}, manifests:kg_collections_table-21051103 * {W:C:I:l, bg}, manifests:text-classifier-langid-1941001461 * {W:C:I:l, bg}, manifests:text-classifier-annotator-1422551093 * {W:C:I:l, bg}, manifests:text-classifier-actions-1238844047 * {W:C:I:l, bg}
01-20 06:38:15.079  1496  6890 W AiAiTextClassifier: [ResourceDownloaderImpl]: downloadResource(): Failed to register superpack manifest for: text-classifier-actions, download version: 1238844047.
01-20 06:38:15.080  1496  1678 I AiAiTextClassifier: [TcLibModelManagerImpl]: downloadNewModelRecursively: Attempt to download PackSet failed from: https://gstatic.com/matchmaker/tclib_models/actions/v104/en/superpacks_manifest.zip. Has 1 more attempts.
01-20 06:38:15.080  1496  1678 I AiAiTextClassifier: java.lang.RuntimeException: Task was cancelled.
01-20 06:38:15.080  1496  1678 I AiAiTextClassifier: 	at ovs.a(PG:71)
01-20 06:38:15.080  1496  1678 I AiAiTextClassifier: 	at spb.e(PG:14)
01-20 06:38:15.080  1496  1678 I AiAiTextClassifier: 	at sqa.a(PG:54)
01-20 06:38:15.080  1496  1678 I AiAiTextClassifier: 	at xih.run(PG:37)
01-20 06:38:15.080  1496  1678 I AiAiTextClassifier: 	at java.util.concurrent.ThreadPoolExecutor.runWorker(ThreadPoolExecutor.java:1156)
01-20 06:38:15.080  1496  1678 I AiAiTextClassifier: 	at java.util.concurrent.ThreadPoolExecutor$Worker.run(ThreadPoolExecutor.java:651)
01-20 06:38:15.080  1496  1678 I AiAiTextClassifier: 	at java.lang.Thread.run(Thread.java:1119)
01-20 06:38:15.082  1496  1798 I SP.AiAi : Registering text-classifier-actions.1168400571, url: https://gstatic.com/matchmaker/tclib_models/actions/v104/default/superpacks_manifest.zip, constraints: *:*:*:*, flags: *, requested: 1168400571, current: -1
01-20 06:38:15.084  1496  1798 I SP.AiAi : Canceling inactive download: manifests:text-classifier-actions-1238844047
01-20 06:38:15.090   499   676 I android.hardware.media.c2@1.0-service-goldfish: missing struct descriptor #Param::CoreIndex(--005) for field values of struct #Param::CoreIndex(F-10821)
01-20 06:38:15.090   499   676 I GoldfishComponentStore: created interface
01-20 06:38:15.090   499   676 I android.hardware.media.c2@1.0-service-goldfish: missing struct descriptor #Param::CoreIndex(--005) for field values of struct #Param::CoreIndex(F-10821)
01-20 06:38:15.092   499   676 I GoldfishComponentStore: created component
01-20 06:38:15.100   623  6896 I CCodec  : Created component [c2.goldfish.h264.decoder] for [c2.goldfish.h264.decoder]
01-20 06:38:15.100  1496  1798 I SP.AiAi : Scheduling job with delay of 0s for {W:C:I:l, bg}, 4 candidates
01-20 06:38:15.102   623  6896 D CCodecConfig: read media type: video/avc
01-20 06:38:15.119   623  6896 D ReflectedParamUpdater: extent() != 1 for single value type: algo.buffers.max-count.values
01-20 06:38:15.124   623  6896 D ReflectedParamUpdater: extent() != 1 for single value type: output.subscribed-indices.values
01-20 06:38:15.124   623  6896 D ReflectedParamUpdater: extent() != 1 for single value type: input.buffers.allocator-ids.values
01-20 06:38:15.125   623  6896 D ReflectedParamUpdater: extent() != 1 for single value type: output.buffers.allocator-ids.values
01-20 06:38:15.129   623  6896 D ReflectedParamUpdater: extent() != 1 for single value type: algo.buffers.allocator-ids.values
01-20 06:38:15.129   623  6896 D ReflectedParamUpdater: extent() != 1 for single value type: output.buffers.pool-ids.values
01-20 06:38:15.129   623  6896 D ReflectedParamUpdater: extent() != 1 for single value type: algo.buffers.pool-ids.values
01-20 06:38:15.134   623  6896 D ReflectedParamUpdater: ignored struct field coded.color-format.locations
01-20 06:38:15.135   623  6896 D ReflectedParamUpdater: ignored struct field resources.needed.values
01-20 06:38:15.135   623  6896 D CCodecConfig: ignoring local param raw.size (0xd2001800) as it is already supported
01-20 06:38:15.135   623  6896 D CCodecConfig: ignoring local param default.color (0x5200180b) as it is already supported
01-20 06:38:15.136   623  6896 D ReflectedParamUpdater: ignored struct field raw.hdr-static-info.mastering
01-20 06:38:15.140   693   803 I ImeTracker: com.google.android.as:4cddaa4b: onRequestHide at ORIGIN_SERVER reason HIDE_UNSPECIFIED_WINDOW fromUser false
01-20 06:38:15.147  6843  6843 D InsetsController: hide(ime(), fromIme=false)
01-20 06:38:15.147   623  6896 I CCodecConfig: query failed after returning 12 values (BAD_INDEX)
01-20 06:38:15.147  6843  6843 I ImeTracker: com.google.android.as:4cddaa4b: onCancelled at PHASE_CLIENT_ALREADY_HIDDEN
01-20 06:38:15.147   623  6896 D CCodecConfig: c2 config diff is Dict {
01-20 06:38:15.147   623  6896 D CCodecConfig:   c2::u32 coded.pl.level = 20496
01-20 06:38:15.147   623  6896 D CCodecConfig:   c2::u32 coded.pl.profile = 20481
01-20 06:38:15.147   623  6896 D CCodecConfig:   c2::u32 coded.vui.color.matrix = 0
01-20 06:38:15.147   623  6896 D CCodecConfig:   c2::u32 coded.vui.color.primaries = 0
01-20 06:38:15.147   623  6896 D CCodecConfig:   c2::u32 coded.vui.color.range = 2
01-20 06:38:15.147   623  6896 D CCodecConfig:   c2::u32 coded.vui.color.transfer = 0
01-20 06:38:15.147   623  6896 D CCodecConfig:   c2::u32 default.color.matrix = 0
01-20 06:38:15.147   623  6896 D CCodecConfig:   c2::u32 default.color.primaries = 0
01-20 06:38:15.147   623  6896 D CCodecConfig:   c2::u32 default.color.range = 0
01-20 06:38:15.147   623  6896 D CCodecConfig:   c2::u32 default.color.transfer = 0
01-20 06:38:15.147   623  6896 D CCodecConfig:   c2::u32 input.buffers.max-size.value = 6291456
01-20 06:38:15.147   623  6896 D CCodecConfig:   c2::u32 input.delay.value = 0
01-20 06:38:15.147   623  6896 D CCodecConfig:   string input.media-type.value = "video/avc"
01-20 06:38:15.147   623  6896 D CCodecConfig:   c2::u32 output.delay.value = 8
01-20 06:38:15.147   623  6896 D CCodecConfig:   string output.media-type.value = "video/raw"
01-20 06:38:15.147   623  6896 D CCodecConfig:   c2::u32 raw.color.matrix = 0
01-20 06:38:15.147   623  6896 D CCodecConfig:   c2::u32 raw.color.primaries = 0
01-20 06:38:15.147   623  6896 D CCodecConfig:   c2::u32 raw.color.range = 2
01-20 06:38:15.147   623  6896 D CCodecConfig:   c2::u32 raw.color.transfer = 0
01-20 06:38:15.147   623  6896 D CCodecConfig:   c2::u32 raw.max-size.height = 240
01-20 06:38:15.147   623  6896 D CCodecConfig:   c2::u32 raw.max-size.width = 320
01-20 06:38:15.147   623  6896 D CCodecConfig:   c2::u32 raw.pixel-format.value = 35
01-20 06:38:15.147   623  6896 D CCodecConfig:   c2::i32 raw.rotation.flip = 0
01-20 06:38:15.147   623  6896 D CCodecConfig:   c2::i32 raw.rotation.value = 0
01-20 06:38:15.147   623  6896 D CCodecConfig:   c2::u32 raw.sar.height = 1
01-20 06:38:15.147   623  6896 D CCodecConfig:   c2::u32 raw.sar.width = 1
01-20 06:38:15.147   623  6896 D CCodecConfig:   c2::u32 raw.size.height = 240
01-20 06:38:15.147   623  6896 D CCodecConfig:   c2::u32 raw.size.width = 320
01-20 06:38:15.147   623  6896 D CCodecConfig:   c2:
01-20 06:38:15.148   623  6896 W ColorUtils: expected specified color aspects (2:0:0:0)
01-20 06:38:15.149   623  6894 D SurfaceUtils: disconnecting from surface 0x70384eb9bd00, reason onConfigure
01-20 06:38:15.151  1386  1386 I GoogleInputMethodService: GoogleInputMethodService.onFinishInput():2043 
01-20 06:38:15.152  1386  1386 I Module  : DeviceLockedStatusModuleProvider$Module.updateDeviceLockedStatus():100 repeatCheckTimes = 0, locked = false
01-20 06:38:15.152   693  1683 I ImeTracker: system_server:efb55f36: onRequestHide at ORIGIN_SERVER reason IME_REQUESTED_CHANGED_LISTENER fromUser false
01-20 06:38:15.152   623  6894 W ServiceManagerCppClient: Failed to get isDeclared for media_quality: Status(-1, EX_SECURITY): 'SELinux denied for service.'
01-20 06:38:15.152   623  6894 E MediaCodec: Media Quality Service not found.
01-20 06:38:15.153   623  6895 D SurfaceUtils: connecting to surface 0x70384eb9bd00, reason connectToSurface
01-20 06:38:15.155  1386  1386 I GoogleInputMethodService: GoogleInputMethodService.onStartInput():1293 onStartInput(EditorInfo{EditorInfo{packageName=com.google.android.as, inputType=0, inputTypeString=NULL, enableLearning=false, autoCorrection=false, autoComplete=false, imeOptions=0, privateImeOptions=null, actionName=UNSPECIFIED, actionLabel=null, initialSelStart=-1, initialSelEnd=-1, initialCapsMode=0, label=null, fieldId=0, fieldName=null, extras=null, hintText=null, hintLocales=[]}}, false)
01-20 06:38:15.156   693   716 I ImeTracker: system_server:efb55f36: onCancelled at PHASE_SERVER_SHOULD_HIDE
01-20 06:38:15.157  1386  1386 I Module  : DeviceLockedStatusModuleProvider$Module.updateDeviceLockedStatus():100 repeatCheckTimes = 1, locked = false
01-20 06:38:15.158   623  6895 I MediaCodec: [c2.goldfish.h264.decoder] setting surface generation to 637953
01-20 06:38:15.158   623  6895 D SurfaceUtils: disconnecting from surface 0x70384eb9bd00, reason connectToSurface(reconnect)
01-20 06:38:15.159  1386  1386 I EmojiCompatManager: EmojiCompatManager.getEmojiCompatIfLoaded():343 EmojiCompat.init() was never called.
01-20 06:38:15.159  1386  1386 I EmojiCompatManager: java.lang.IllegalStateException: EmojiCompat is not initialized. Please call EmojiCompat.init() first
01-20 06:38:15.159  1386  1386 I EmojiCompatManager: 	at asx.p(PG:6)
01-20 06:38:15.159  1386  1386 I EmojiCompatManager: 	at axb.b(PG:13)
01-20 06:38:15.159  1386  1386 I EmojiCompatManager: 	at jnr.b(PG:2)
01-20 06:38:15.159  1386  1386 I EmojiCompatManager: 	at jnr.c(PG:4)
01-20 06:38:15.159  1386  1386 I EmojiCompatManager: 	at jnr.f(PG:3)
01-20 06:38:15.159  1386  1386 I EmojiCompatManager: 	at jnx.c(PG:3)
01-20 06:38:15.159  1386  1386 I EmojiCompatManager: 	at kif.cz(PG:47)
01-20 06:38:15.159  1386  1386 I EmojiCompatManager: 	at lhl.run(PG:1025)
01-20 06:38:15.159  1386  1386 I EmojiCompatManager: 	at jaf.execute(PG:12)
01-20 06:38:15.159  1386  1386 I EmojiCompatManager: 	at nco.v(PG:13)
01-20 06:38:15.159  1386  1386 I EmojiCompatManager: 	at lhn.m(PG:96)
01-20 06:38:15.159  1386  1386 I EmojiCompatManager: 	at lhn.k(PG:25)
01-20 06:38:15.159  1386  1386 I EmojiCompatManager: 	at kgn.onStartInput(PG:250)
01-20 06:38:15.159  1386  1386 I EmojiCompatManager: 	at android.inputmethodservice.InputMethodService.doStartInput(InputMethodService.java:3521)
01-20 06:38:15.159  1386  1386 I EmojiCompatManager: 	at android.inputmethodservice.InputMethodService$InputMethodImpl.startInput(InputMethodService.java:879)
01-20 06:38:15.159  1386  1386 I EmojiCompatManager: 	at android.inputmethodservice.InputMethodService$InputMethodImpl.dispatchStartInput(InputMethodService.java:908)
01-20 06:38:15.159  1386  1386 I EmojiCompatManager: 	at android.inputmethodservice.IInputMethodWrapper.executeMessage(IInputMethodWrapper.java:201)
01-20 06:38:15.159  1386  1386 I EmojiCompatManager: 	at com.android.internal.os.HandlerCaller$MyHandler.handleMessage(HandlerCaller.java:44)
01-20 06:38:15.159  1386  1386 I EmojiCompatManager: 	at android.os.Handler.dispatchMessage(Handler.java:110)
01-20 06:38:15.159  1386  1386 I EmojiCompatManager: 	at android.os.Looper.loopOnce(Looper.java:248)
01-20 06:38:15.159  1386  1386 I EmojiCompatManager: 	at android.os.Looper.loop(Looper.java:338)
01-20 06:38:15.159  1386  1386 I EmojiCompatManager: 	at android.app.ActivityThread.main(ActivityThread.java:9067)
01-20 06:38:15.159  1386  1386 I EmojiCompatManager: 	at java.lang.reflect.Method.invoke(Native Method)
01-20 06:38:15.159  1386  1386 I EmojiCompatManager: 	at com.android.internal.os.RuntimeInit$MethodAndArgsCaller.run(RuntimeInit.java:593)
01-20 06:38:15.159  1386  1386 I EmojiCompatManager: 	at com.android.internal.os.ZygoteInit.main(ZygoteInit.java:932)
01-20 06:38:15.159   623  6895 D SurfaceUtils: connecting to surface 0x70384eb9bcf0, reason connectToSurface(reconnect-with-listener)
01-20 06:38:15.163   623  6896 D CCodec  : [c2.goldfish.h264.decoder] buffers are bound to CCodec for this session
01-20 06:38:15.163   693  1825 W PackageConfigPersister: App-specific configuration not found for packageName: com.google.android.as and userId: 0
01-20 06:38:15.164  1386  1386 I ShortcutsDataManager: AbstractContentDataManager.startImportContentTask():243 startImportContentTask()
01-20 06:38:15.165   623  6896 D CCodecConfig: no c2 equivalents for durationUs
01-20 06:38:15.165   623  6896 D CCodecConfig: no c2 equivalents for frame-count
01-20 06:38:15.165   623  6896 D CCodecConfig: no c2 equivalents for track-id
01-20 06:38:15.165   623  6896 D CCodecConfig: no c2 equivalents for language
01-20 06:38:15.165   623  6896 D CCodecConfig: no c2 equivalents for display-width
01-20 06:38:15.165   623  6896 D CCodecConfig: no c2 equivalents for display-height
01-20 06:38:15.165   623  6896 D CCodecConfig: no c2 equivalents for csd-1
01-20 06:38:15.165   623  6896 D CCodecConfig: no c2 equivalents for native-window
01-20 06:38:15.165   623  6896 D CCodecConfig: no c2 equivalents for native-window-generation
01-20 06:38:15.165   623  6896 D CCodecConfig: no c2 equivalents for flags
01-20 06:38:15.165  1386  1795 I ShortcutsDataManager: AbstractContentDataManager$ImportContentTask.doInBackground():258 doInBackground()
01-20 06:38:15.166  1386  1795 I PersonalDictionaryDataHandler: PersonalDictionaryDataHandler.beginProcess():114 LanguageTags = [en-US]
01-20 06:38:15.167   623  6896 D CCodecConfig: config failed => CORRUPTED
01-20 06:38:15.167   623  6896 D CCodecConfig: c2 config diff is   c2::u32 coded.pl.level = 20491
01-20 06:38:15.167   623  6896 D CCodecConfig:   c2::u32 coded.pl.profile = 20482
01-20 06:38:15.167   623  6896 D CCodecConfig:   c2::u32 raw.size.height = 840
01-20 06:38:15.167   623  6896 D CCodecConfig:   c2::u32 raw.size.width = 1442
01-20 06:38:15.168   623  6896 W Codec2Client: query -- param skipped: index = 1107298332.
01-20 06:38:15.168   623  6896 D CCodec  : client requested max input size 4494, which is smaller than what component recommended (6291456); overriding with component recommendation.
01-20 06:38:15.168   623  6896 W CCodec  : This behavior is subject to change. It is recommended that app developers double check whether the requested max input size is in reasonable range.
01-20 06:38:15.168   623  6896 D CCodec  : encoding statistics level = 0
01-20 06:38:15.168   623  6896 D CCodec  : setup formats input: AMessage(what = 0x00000000) = {
01-20 06:38:15.168   623  6896 D CCodec  :   int32_t height = 840
01-20 06:38:15.168   623  6896 D CCodec  :   int32_t level = 2048
01-20 06:38:15.168   623  6896 D CCodec  :   int32_t max-input-size = 6291456
01-20 06:38:15.168   623  6896 D CCodec  :   string mime = "video/avc"
01-20 06:38:15.168   623  6896 D CCodec  :   int32_t profile = 2
01-20 06:38:15.168   623  6896 D CCodec  :   int32_t width = 1442
01-20 06:38:15.168   623  6896 D CCodec  :   Rect crop(0, 0, 1441, 839)
01-20 06:38:15.168   623  6896 D CCodec  : }
01-20 06:38:15.168   623  6896 D CCodec  : setup formats output: AMessage(what = 0x00000000) = {
01-20 06:38:15.168   623  6896 D CCodec  :   int32_t android._color-format = 2135033992
01-20 06:38:15.168   623  6896 D CCodec  :   int32_t android._video-scaling = 1
01-20 06:38:15.168   623  6896 D CCodec  :   int32_t rotation-degrees = 0
01-20 06:38:15.168   623  6896 D CCodec  :   int32_t color-standard = 1
01-20 06:38:15.168   623  6896 D CCodec  :   int32_t color-range = 2
01-20 06:38:15.168   623  6896 D CCodec  :   int32_t color-transfer = 3
01-20 06:38:15.168   623  6896 D CCodec  :   int32_t sar-height = 1
01-20 06:38:15.168   623  6896 D CCodec  :   int32_t sar-width = 1
01-20 06:38:15.168   623  6896 D CCodec  :   Rect crop(0, 0, 1441, 839)
01-20 06:38:15.168   623  6896 D CCodec  :   int32_t width = 1442
01-20 06:38:15.168   623  6896 D CCodec  :   int32_t height = 840
01-20 06:38:15.168   623  6896 D CCodec  :   int32_t max-height = 240
01-20 06:38:15.168   623  6896 D CCodec  :   int32_t max-width = 320
01-20 06:38:15.168   623  6896 D CCodec  :   string mime = "video/raw"
01-20 06:38:15.168   623  6896 D CCodec  :   int32_t android._dataspace = 260
01-20 06:38:15.168   623  6896 D CCodec  :   int32_t color-format = 2130708361
01-20 06:38:15.168   623  6896 D CCodec  : }
01-20 06:38:15.169  1063  1063 D BaseDepthController: setSurface:
01-20 06:38:15.169  1063  1063 D BaseDepthController: 	mWaitingOnSurfaceValidity: false
01-20 06:38:15.169  1063  1063 D BaseDepthController: 	mBaseSurface: null
01-20 06:38:15.169   623  6896 I CCodecConfig: query failed after returning 12 values (BAD_INDEX)
01-20 06:38:15.169  1063  1063 D BaseDepthController: mSurface is null and mCurrentBlur is: 0
01-20 06:38:15.169   623  6896 D CCodecConfig: c2 config diff is   c2::u32 raw.max-size.height = 840
01-20 06:38:15.169   623  6896 D CCodecConfig:   c2::u32 raw.max-size.width = 1442
01-20 06:38:15.170  1063  1063 D StateManager: goToState - fromState: Normal, toState: Normal, partial trace:
01-20 06:38:15.170  1063  1063 D StateManager: 	at com.android.launcher3.statemanager.StateManager.moveToRestState(go/retraceme 72a59688580715d19f0e415c69e80376c2f062d1648c80db6730905005a27c20:4)
01-20 06:38:15.170  1063  1063 D StateManager: 	at com.android.launcher3.statemanager.StateManager.moveToRestState(go/retraceme 72a59688580715d19f0e415c69e80376c2f062d1648c80db6730905005a27c20:1)
01-20 06:38:15.170  1063  1063 D StateManager: 	at com.android.launcher3.statemanager.StatefulActivity.onStop(go/retraceme 72a59688580715d19f0e415c69e80376c2f062d1648c80db6730905005a27c20:34)
01-20 06:38:15.170  1063  1063 D StatsLog: LAUNCHER_ONSTOP
01-20 06:38:15.171   623  6895 I MediaCodec: MediaCodec will operate in async mode
01-20 06:38:15.171   623  6894 D MediaCodec: keep callback message for reclaim
01-20 06:38:15.171  1063  1063 D StatsLog: LAUNCHER_GOOGLE_SEARCH_RESTORE_LIST_SIZE_AFTER_ACTIVITY_RESTART
01-20 06:38:15.178   499  6897 D C2GoldfishAvcDec: calling onInit
01-20 06:38:15.178   623  6896 W Codec2Client: query -- param skipped: index = 1342179345.
01-20 06:38:15.178   623  6896 W Codec2Client: query -- param skipped: index = 2415921170.
01-20 06:38:15.178   623  6896 W Codec2Client: query -- param skipped: index = 1610614798.
01-20 06:38:15.181   623  6896 W Codec2Client: query -- param skipped: index = 2684356609.
01-20 06:38:15.183  1496  1798 I SP.AiAi : Scheduling: download cancelled, 0 started, 0 paused, 4 scheduled, 4 pending: manifests:spelling_correction-22110320 * {W:C:I:l, bg}, manifests:kg_collections_table-21051103 * {W:C:I:l, bg}, manifests:text-classifier-langid-1941001461 * {W:C:I:l, bg}, manifests:text-classifier-annotator-1422551093 * {W:C:I:l, bg}
01-20 06:38:15.183   623  6896 D CCodecBufferChannel: [c2.goldfish.h264.decoder#596] Created input block pool with allocatorID 16 => poolID 18 - OK (0)
01-20 06:38:15.183  1496  1798 I SP.AiAi : Canceling checksum validation of manifests:text-classifier-actions-1238844047
01-20 06:38:15.184  6843  6903 W AiAiTextClassifier: [ResourceDownloaderImpl]: downloadResource(): Failed to register superpack manifest for: text-classifier-actions, download version: 1238844047.
01-20 06:38:15.186  6843  6867 I AiAiTextClassifier: [TcLibModelManagerImpl]: downloadNewModelRecursively: Attempt to download PackSet failed from: https://gstatic.com/matchmaker/tclib_models/actions/v104/en/superpacks_manifest.zip. Has 1 more attempts.
01-20 06:38:15.186  6843  6867 I AiAiTextClassifier: java.lang.RuntimeException: Task was cancelled.
01-20 06:38:15.186  6843  6867 I AiAiTextClassifier: 	at ovs.a(PG:71)
01-20 06:38:15.186  6843  6867 I AiAiTextClassifier: 	at spb.e(PG:14)
01-20 06:38:15.186  6843  6867 I AiAiTextClassifier: 	at spb.A(PG:16)
01-20 06:38:15.186  6843  6867 I AiAiTextClassifier: 	at dtj.onTransact(PG:21)
01-20 06:38:15.186  6843  6867 I AiAiTextClassifier: 	at android.os.Binder.execTransactInternal(Binder.java:1426)
01-20 06:38:15.186  6843  6867 I AiAiTextClassifier: 	at android.os.Binder.execTransact(Binder.java:1365)
01-20 06:38:15.186   627   677 D BufferPoolAccessor2.0: bufferpool2 0x790190bdbc88 : 0(0 size) total buffers - 0(0 size) used buffers - 93/97 (recycle/alloc) - 4/96 (fetch/transfer)
01-20 06:38:15.187   623  6896 D CCodecBufferChannel: [c2.goldfish.h264.decoder#596] Query output surface allocator returned 0 params => BAD_INDEX (6)
01-20 06:38:15.188   623  6896 I CCodecBufferChannel: [c2.goldfish.h264.decoder#596] Created output block pool with allocatorID 18 => poolID 17 - OK
01-20 06:38:15.188   627   677 D BufferPoolAccessor2.0: Destruction - bufferpool2 0x790190bdbc88 cached: 0/0M, 0/0% in use; allocs: 97, 96% recycled; transfers: 96, 96% unfetched
01-20 06:38:15.192   623  6896 D CCodecBufferChannel: [c2.goldfish.h264.decoder#596] Configured output block pool ids 17 => OK
01-20 06:38:15.195   623  6896 D Codec2-OutputBufferQueue: remote graphic buffer migration 0/0
01-20 06:38:15.195   693  1825 D ActivityManager: sync unfroze 4828 android.process.acore for 7
01-20 06:38:15.203   623  6896 D Codec2Client: setOutputSurface -- failed to set consumer usage (6/BAD_INDEX)
01-20 06:38:15.203   623  6896 D Codec2Client: setOutputSurface -- generation=637953 consumer usage=0x900
01-20 06:38:15.203  1496  1798 I SP.AiAi : Registering text-classifier-actions.1168400571, url: https://gstatic.com/matchmaker/tclib_models/actions/v104/default/superpacks_manifest.zip, constraints: *:*:*:*, flags: *, requested: 1168400571, current: -1
01-20 06:38:15.233  1496  1798 I SP.AiAi : Scheduling job with delay of 0s for {W:C:I:l, bg}, 5 candidates
01-20 06:38:15.238  4828  4828 D ActivityThread: Package [com.myapp1reactnative] reported as REPLACED, but missing application info. Assuming REMOVED.
01-20 06:38:15.243  4828  4828 D ActivityThread: Package [com.myapp1reactnative] reported as REPLACED, but missing application info. Assuming REMOVED.
01-20 06:38:15.246  4828  4828 D ActivityThread: Package [com.myapp1reactnative] reported as REPLACED, but missing application info. Assuming REMOVED.
01-20 06:38:15.247  4828  4828 D ActivityThread: Package [com.myapp1reactnative] reported as REPLACED, but missing application info. Assuming REMOVED.
01-20 06:38:15.248  4828  4828 D ActivityThread: Package [com.myapp1reactnative] reported as REPLACED, but missing application info. Assuming REMOVED.
01-20 06:38:15.248  4828  4828 D ActivityThread: Package [com.myapp1reactnative] reported as REPLACED, but missing application info. Assuming REMOVED.
01-20 06:38:15.250  4828  4828 D ActivityThread: Package [com.myapp1reactnative] reported as REPLACED, but missing application info. Assuming REMOVED.
01-20 06:38:15.250   693   887 D BackgroundInstallControlService: Package event received: 0
01-20 06:38:15.251  4828  4828 D ActivityThread: Package [com.myapp1reactnative] reported as REPLACED, but missing application info. Assuming REMOVED.
01-20 06:38:15.258   499   675 W android.hardware.media.c2@1.0-service-goldfish: Thread Pool max thread count is 0. Cannot cache binder as linkToDeath cannot be implemented. serviceName: android.hardware.graphics.allocator.IAllocator/default
01-20 06:38:15.261   499   675 W android.hardware.media.c2@1.0-service-goldfish: Thread Pool max thread count is 0. Cannot cache binder as linkToDeath cannot be implemented. serviceName: android.hardware.graphics.allocator.IAllocator/default
01-20 06:38:15.305   499   675 D C2BqBuffer: local generation change 637953 , bqId: 29390461206529 migrated buffers # 0
01-20 06:38:15.306   623  6896 D Codec2Client: Surface configure completed
01-20 06:38:15.313  1386  1795 I ShortcutsDataManager: AbstractContentDataManager.importRecords():349 importRecords() : Success : Count = 0
01-20 06:38:15.330  1386  1795 I ShortcutsDataManager: AbstractContentDataManager.importContentData():298 importContentData() : Ending import process
01-20 06:38:15.333   609   686 W IPCThreadState: Sending oneway calls to frozen process.
01-20 06:38:15.350   623  6895 W ResourceManagerServiceUtils: Ignoring request to add new resource entry with value <= 0
01-20 06:38:15.361   499   675 D C2Store : Using DMABUF Heaps
01-20 06:38:15.364   499  6897 D SimpleC2Component: Using output block pool with poolID 17 => got 17 - 0
01-20 06:38:15.364   499  6897 D android.hardware.media.c2@1.0-service-goldfish: isMinigbmFromProperty:codecs: minigbm query prop value is: ranchu
01-20 06:38:15.364   499  6897 D android.hardware.media.c2@1.0-service-goldfish: isMinigbmFromProperty:codecs: Is not using minigbm, in goldfish mode.
01-20 06:38:15.374   623  6895 D CCodecConfig: no recognized params in: Dict {
01-20 06:38:15.374   623  6895 D CCodecConfig:   c2::float algo.rate.value = 60
01-20 06:38:15.374   623  6895 D CCodecConfig:   c2::float ctrl.operating-rate.value = 60
01-20 06:38:15.374   623  6895 D CCodecConfig: }
01-20 06:38:15.375   499  6897 I android.hardware.media.c2@1.0-service-goldfish: successfully allocated 33558528 bytes in goldfish_address_block
01-20 06:38:15.376   499  6897 I android.hardware.media.c2@1.0-service-goldfish: guest address is 0x7c9ac355d000
01-20 06:38:15.376   499  6897 I android.hardware.media.c2@1.0-service-goldfish: successfully pinged host to allocate memory
