01-20 06:53:19.863   931   986 V ShellRecents: RecentsTransitionHandler.startAnimation: no controller found
01-20 06:53:19.867   931   986 V WindowManagerShell: Transition doesn't have explicit remote, search filters for match for {id=17 t=CLOSE f=0x10 trk=0 r=[0@Point(0, 0)] c=[{m=TO_FRONT f=SHOW_WALLPAPER|MOVE_TO_TOP leash=Surface(name=Task=1)/@0xebd9beb sb=Rect(0, 0 - 1080, 2400) eb=Rect(0, 0 - 1080, 2400) epz=Point(1080, 2400) d=0 taskParent=-1},{m=CLOSE f=NONE leash=Surface(name=Task=49)/@0xeff2d48 sb=Rect(0, 0 - 1080, 2400) eb=Rect(0, 0 - 1080, 2400) epz=Point(1080, 2400) d=0 taskParent=-1},{m=TO_FRONT f=IS_WALLPAPER leash=Surface(name=WallpaperWindowToken{a8f127b showWhenLocked=false})/@0x2267e1 sb=Rect(0, 0 - 1080, 2400) eb=Rect(0, 0 - 1080, 2400) epz=Point(1080, 2400) d=0}]}
01-20 06:53:19.867   931   986 V WindowManagerShell:  Checking filter Pair{{types=[] flags=0x0] notFlags=0x0 checks=[{atype=undefined independent=true modes=[CLOSE,TO_BACK] flags=IN_TASK_WITH_EMBEDDED_ACTIVITY mustBeTask=false order=ANY topActivity=null launchCookie=null taskFragmentToken=android.os.BinderProxy@8c10f6c windowingMode=undefined}]} RemoteTransition { remoteTransition = android.window.IRemoteTransition$Stub$Proxy@66ea935, appThread = android.app.IApplicationThread$Stub$Proxy@8aa61ca, debugName = overlayBackTransition }}
01-20 06:53:19.867   931   986 V WindowManagerShell:  Checking filter Pair{{types=[] flags=0x0] notFlags=0x0 checks=[{atype=dream independent=true modes=[OPEN,TO_FRONT] flags=NONE mustBeTask=false order=ANY topActivity=null launchCookie=null windowingMode=undefined},{atype=home independent=true modes=[CLOSE,TO_BACK] flags=NONE mustBeTask=false order=ANY topActivity=null launchCookie=null windowingMode=undefined}]} RemoteTransition { remoteTransition = android.window.IRemoteTransition$Stub$Proxy@6935f3b, appThread = android.app.IApplicationThread$Stub$Proxy@665b658, debugName = LauncherToDream }}
01-20 06:53:19.868   931   986 V WindowManagerShell:  Checking filter Pair{{types=[] flags=0x0] notFlags=0x100 checks=[{atype=home independent=true modes=[OPEN,TO_FRONT] flags=NONE mustBeTask=false order=TOP topActivity=ComponentInfo{com.google.android.apps.nexuslauncher/com.google.android.apps.nexuslauncher.NexusLauncherActivity} launchCookie=null windowingMode=undefined},{atype=standard independent=true modes=[CLOSE,TO_BACK] flags=NONE mustBeTask=false order=ANY topActivity=null launchCookie=null windowingMode=undefined},{NOT atype=undefined independent=true modes=[] flags=NONE mustBeTask=true order=ANY topActivity=null launchCookie=null customAnim=true windowingMode=undefined}]} RemoteTransition { remoteTransition = android.window.IRemoteTransition$Stub$Proxy@6eda3b1, appThread = android.app.IApplicationThread$Stub$Proxy@6f4d096, debugName = QuickstepLaunchHome }}
01-20 06:53:19.868   931   986 D RemoteTransitionHandler: Found filterPair{{types=[] flags=0x0] notFlags=0x100 checks=[{atype=home independent=true modes=[OPEN,TO_FRONT] flags=NONE mustBeTask=false order=TOP topActivity=ComponentInfo{com.google.android.apps.nexuslauncher/com.google.android.apps.nexuslauncher.NexusLauncherActivity} launchCookie=null windowingMode=undefined},{atype=standard independent=true modes=[CLOSE,TO_BACK] flags=NONE mustBeTask=false order=ANY topActivity=null launchCookie=null windowingMode=undefined},{NOT atype=undefined independent=true modes=[] flags=NONE mustBeTask=true order=ANY topActivity=null launchCookie=null customAnim=true windowingMode=undefined}]} RemoteTransition { remoteTransition = android.window.IRemoteTransition$Stub$Proxy@6eda3b1, appThread = android.app.IApplicationThread$Stub$Proxy@6f4d096, debugName = QuickstepLaunchHome }}
01-20 06:53:19.868   931   986 V WindowManagerShell:  Delegate animation for (#17) to RemoteTransition { remoteTransition = android.window.IRemoteTransition$Stub$Proxy@6eda3b1, appThread = android.app.IApplicationThread$Stub$Proxy@6f4d096, debugName = QuickstepLaunchHome }
01-20 06:53:19.879  1050  1050 D StateManager: createAtomicAnimation - fromState: Background, toState: Normal, partial trace:
01-20 06:53:19.879  1050  1050 D StateManager: 	at com.android.quickstep.util.ScalingWorkspaceRevealAnim.<init>(go/retraceme 72a59688580715d19f0e415c69e80376c2f062d1648c80db6730905005a27c20:39)
01-20 06:53:19.879  1050  1050 D StateManager: 	at com.android.launcher3.QuickstepTransitionManager.createWallpaperOpenAnimations(go/retraceme 72a59688580715d19f0e415c69e80376c2f062d1648c80db6730905005a27c20:168)
01-20 06:53:19.879  1050  1050 D StateManager: 	at com.android.launcher3.QuickstepTransitionManager$WallpaperOpenLauncherAnimationRunner.onAnimationStart(go/retraceme 72a59688580715d19f0e415c69e80376c2f062d1648c80db6730905005a27c20:17)
01-20 06:53:19.883  1050  1050 D b/311077782: LauncherAnimationRunner.setAnimation
01-20 06:53:19.893   699   719 V WindowManager: Sent Transition (#17) createdAt=01-20 06:53:19.553 via request=TransitionRequestInfo { type = CLOSE, triggerTask = TaskInfo{userId=0 taskId=49 effectiveUid=10228 displayId=0 isRunning=true baseIntent=Intent { act=android.intent.action.MAIN cat=[android.intent.category.LAUNCHER] flg=0x10000000 cmp=com.myapp1reactnative/.MainActivity } baseActivity=ComponentInfo{com.myapp1reactnative/com.myapp1reactnative.MainActivity} topActivity=ComponentInfo{com.myapp1reactnative/com.myapp1reactnative.MainActivity} origActivity=null realActivity=ComponentInfo{com.myapp1reactnative/com.myapp1reactnative.MainActivity} numActivities=1 lastActiveTime=312294 supportsMultiWindow=true resizeMode=1 isResizeable=true minWidth=-1 minHeight=-1 defaultMinSize=220 token=WCT{RemoteToken{9c885ce Task{366d452 #49 type=standard A=10228:com.myapp1reactnative}}} topActivityType=1 pictureInPictureParams=null shouldDockBigOverlays=false launchIntoPipHostTaskId=-1 lastParentTaskIdBeforePip=-1 displayCutoutSafeInsets=Rect(0, 0 - 0, 0) topActivityInfo=ActivityInfo{e79ecef com.myapp1reactnative.MainActivity} launchCookies=[] positionInParent=Point(0, 0) parentTaskId=-1 isFocused=true isVisible=true isVisibleRequested=true isTopActivityNoDisplay=false isSleeping=false locusId=null displayAreaFeatureId=1 isTopActivityTransparent=false isActivityStackTransparent=false lastNonFullscreenBounds=Rect(276, 696 - 805, 1776) capturedLink=null capturedLinkTimestamp=0 requestedVisibleTypes=-9 topActivityRequestOpenInBrowserEducationTimestamp=0 appCompatTaskInfo=AppCompatTaskInfo { topActivityInSizeCompat=false eligibleForLetterboxEducation= false isLetterboxEducationEnabled= true isLetterboxDoubleTapEnabled= false eligibleForUserAspectRatioButton= false topActivityBoundsLetterboxed= false isFromLetterboxDoubleTap= false topActivityLetterboxVerticalPosition= -1 topActivityLetterboxHorizontalPosition= -1 topActivityLetterboxWidth=-1 topActivityLetterboxHeight=-1 topActivityAppBounds=Rect(0, 0 - 1080, 2400) isUserFullscreenOverrideEnabled=false isSystemFullscreenOverrideEnabled=false hasMinAspectRatioOverride=false topActivityLetterboxBounds=null cameraCompatTaskInfo=CameraCompatTaskInfo { freeformCameraCompatMode=inactive}} topActivityMainWindowFrame=null}, pipChange = null, remoteTransition = null, displayChange = null, flags = 16, debugId = 17 }
01-20 06:53:19.893   699   719 V WindowManager:     startWCT=WindowContainerTransaction { changes= {} hops= [] errorCallbackToken=null taskFragmentOrganizer=null }
01-20 06:53:19.900   931   986 V WindowManagerShell:  animated by com.android.wm.shell.transition.RemoteTransitionHandler@7ceb417
01-20 06:53:19.910  1050  1113 W HWUI    : Image decoding logging dropped!
01-20 06:53:19.920   699   719 V WindowManager:     info={id=17 t=CLOSE f=0x10 trk=0 r=[0@Point(0, 0)] c=[
01-20 06:53:19.920   699   719 V WindowManager:         {WCT{RemoteToken{766b567 Task{272caf4 #1 type=home}}} m=TO_FRONT f=SHOW_WALLPAPER|MOVE_TO_TOP leash=Surface(name=Task=1)/@0x6b0c149 sb=Rect(0, 0 - 1080, 2400) eb=Rect(0, 0 - 1080, 2400) epz=Point(1080, 2400) d=0 taskParent=-1},
01-20 06:53:19.920   699   719 V WindowManager:         {WCT{RemoteToken{9c885ce Task{366d452 #49 type=standard A=10228:com.myapp1reactnative}}} m=CLOSE f=NONE leash=Surface(name=Task=49)/@0x93b145d sb=Rect(0, 0 - 1080, 2400) eb=Rect(0, 0 - 1080, 2400) epz=Point(1080, 2400) d=0 taskParent=-1},
01-20 06:53:19.920   699   719 V WindowManager:         {m=TO_FRONT f=IS_WALLPAPER leash=Surface(name=WallpaperWindowToken{a8f127b showWhenLocked=false})/@0xd62eb50 sb=Rect(0, 0 - 1080, 2400) eb=Rect(0, 0 - 1080, 2400) epz=Point(1080, 2400) d=0}
01-20 06:53:19.920   699   719 V WindowManager:     ]}
01-20 06:53:19.929   554   554 I BpBinder: onLastStrongRef automatically unlinking death recipients: 
01-20 06:53:19.935   699   809 I ImeTracker: com.google.android.apps.nexuslauncher:b84ade80: onRequestHide at ORIGIN_SERVER reason HIDE_UNSPECIFIED_WINDOW fromUser false
01-20 06:53:19.937   931  1034 W WindowOnBackDispatcher: sendCancelIfRunning: isInProgress=false callback=android.view.ViewRootImpl$$ExternalSyntheticLambda13@5ebfd94
01-20 06:53:19.939   699  1574 E TaskPersister: File error accessing recents directory (directory doesn't exist?).
01-20 06:53:19.951   699  1661 D CoreBackPreview: Window{72a0ef3 u0 Splash Screen com.myapp1reactnative EXITING}: Setting back callback null
01-20 06:53:19.962  1337  1337 I GoogleInputMethodService: GoogleInputMethodService.onFinishInput():2043 
01-20 06:53:19.964  1337  1337 I Module  : DeviceLockedStatusModuleProvider$Module.updateDeviceLockedStatus():100 repeatCheckTimes = 0, locked = false
01-20 06:53:19.968  1337  1337 I GoogleInputMethodService: GoogleInputMethodService.onStartInput():1293 onStartInput(EditorInfo{EditorInfo{packageName=com.google.android.apps.nexuslauncher, inputType=0, inputTypeString=NULL, enableLearning=false, autoCorrection=false, autoComplete=false, imeOptions=0, privateImeOptions=null, actionName=UNSPECIFIED, actionLabel=null, initialSelStart=-1, initialSelEnd=-1, initialCapsMode=0, label=null, fieldId=0, fieldName=null, extras=null, hintText=null, hintLocales=[]}}, false)
01-20 06:53:19.968   699  1620 I ImeTracker: system_server:c5af810e: onRequestHide at ORIGIN_SERVER reason IME_REQUESTED_CHANGED_LISTENER fromUser false
01-20 06:53:19.970  1337  1337 I Module  : DeviceLockedStatusModuleProvider$Module.updateDeviceLockedStatus():100 repeatCheckTimes = 1, locked = false
01-20 06:53:19.970  1337  1337 I EmojiCompatManager: EmojiCompatManager.getEmojiCompatIfLoaded():343 EmojiCompat.init() was never called.
01-20 06:53:19.970  1337  1337 I EmojiCompatManager: java.lang.IllegalStateException: EmojiCompat is not initialized. Please call EmojiCompat.init() first
01-20 06:53:19.970  1337  1337 I EmojiCompatManager: 	at asx.p(PG:6)
01-20 06:53:19.970  1337  1337 I EmojiCompatManager: 	at axb.b(PG:13)
01-20 06:53:19.970  1337  1337 I EmojiCompatManager: 	at jnr.b(PG:2)
01-20 06:53:19.970  1337  1337 I EmojiCompatManager: 	at jnr.c(PG:4)
01-20 06:53:19.970  1337  1337 I EmojiCompatManager: 	at jnr.f(PG:3)
01-20 06:53:19.970  1337  1337 I EmojiCompatManager: 	at jnx.c(PG:3)
01-20 06:53:19.970  1337  1337 I EmojiCompatManager: 	at kif.cz(PG:47)
01-20 06:53:19.970  1337  1337 I EmojiCompatManager: 	at lhl.run(PG:1025)
01-20 06:53:19.970  1337  1337 I EmojiCompatManager: 	at jaf.execute(PG:12)
01-20 06:53:19.970  1337  1337 I EmojiCompatManager: 	at nco.v(PG:13)
01-20 06:53:19.970  1337  1337 I EmojiCompatManager: 	at lhn.m(PG:96)
01-20 06:53:19.970  1337  1337 I EmojiCompatManager: 	at lhn.k(PG:25)
01-20 06:53:19.970  1337  1337 I EmojiCompatManager: 	at kgn.onStartInput(PG:250)
01-20 06:53:19.970  1337  1337 I EmojiCompatManager: 	at android.inputmethodservice.InputMethodService.doStartInput(InputMethodService.java:3521)
01-20 06:53:19.970  1337  1337 I EmojiCompatManager: 	at android.inputmethodservice.InputMethodService$InputMethodImpl.startInput(InputMethodService.java:879)
01-20 06:53:19.970  1337  1337 I EmojiCompatManager: 	at android.inputmethodservice.InputMethodService$InputMethodImpl.dispatchStartInput(InputMethodService.java:908)
01-20 06:53:19.970  1337  1337 I EmojiCompatManager: 	at android.inputmethodservice.IInputMethodWrapper.executeMessage(IInputMethodWrapper.java:201)
01-20 06:53:19.970  1337  1337 I EmojiCompatManager: 	at com.android.internal.os.HandlerCaller$MyHandler.handleMessage(HandlerCaller.java:44)
01-20 06:53:19.970  1337  1337 I EmojiCompatManager: 	at android.os.Handler.dispatchMessage(Handler.java:110)
01-20 06:53:19.970  1337  1337 I EmojiCompatManager: 	at android.os.Looper.loopOnce(Looper.java:248)
01-20 06:53:19.970  1337  1337 I EmojiCompatManager: 	at android.os.Looper.loop(Looper.java:338)
01-20 06:53:19.970  1337  1337 I EmojiCompatManager: 	at android.app.ActivityThread.main(ActivityThread.java:9067)
01-20 06:53:19.970  1337  1337 I EmojiCompatManager: 	at java.lang.reflect.Method.invoke(Native Method)
01-20 06:53:19.970  1337  1337 I EmojiCompatManager: 	at com.android.internal.os.RuntimeInit$MethodAndArgsCaller.run(RuntimeInit.java:593)
01-20 06:53:19.970  1337  1337 I EmojiCompatManager: 	at com.android.internal.os.ZygoteInit.main(ZygoteInit.java:932)
01-20 06:53:19.972   699   714 W PackageConfigPersister: App-specific configuration not found for packageName: com.google.android.apps.nexuslauncher and userId: 0
01-20 06:53:19.972  1050  1050 D InsetsController: hide(ime(), fromIme=false)
01-20 06:53:19.973  1050  1050 I ImeTracker: com.google.android.apps.nexuslauncher:b84ade80: onCancelled at PHASE_CLIENT_ALREADY_HIDDEN
01-20 06:53:19.975   699   722 I ImeTracker: system_server:c5af810e: onCancelled at PHASE_SERVER_SHOULD_HIDE
01-20 06:53:19.993   699   710 I system_server: Background concurrent mark compact GC freed 24MB AllocSpace bytes, 59(1684KB) LOS objects, 43% free, 31MB/55MB, paused 8.641ms,4.342ms total 336.674ms
01-20 06:53:19.997   699   712 W System  : A resource failed to call close. 
01-20 06:53:20.009   699   712 W System  : A resource failed to call release. 
01-20 06:53:20.058   699   722 W ActivityTaskManager: Activity top resumed state loss timeout for ActivityRecord{85517038 u0 com.myapp1reactnative/.MainActivity t49 f} isExiting}
01-20 06:53:20.319  1258  4072 E IPCThreadState: Binder transaction failure. id: 196127, BR_*: 29189, error: -22 (Invalid argument)
01-20 06:53:20.320   699  1620 W ActivityManager: pid 1258 com.google.android.gms.persistent sent binder code 1 with flags 1 to frozen apps and got error -32
01-20 06:53:20.324  1258  4072 W GCM     : Failed sending response to request: 2
01-20 06:53:20.865  1050  1050 D ScalingWorkspaceRevealAnim: alpha of workspace at the end of animation: 1.0
01-20 06:53:20.866   931   986 V WindowManagerShell: Transition animation finished (aborted=false), notifying core (#17) android.os.BinderProxy@78ed22e@0
01-20 06:53:20.867   699   719 V WindowManager: Finish Transition (#17): created at 01-20 06:53:19.553 collect-started=0.115ms request-sent=0.252ms started=24.618ms ready=107.718ms sent=304.223ms commit=30.754ms finished=1313.613ms
01-20 06:53:20.870   699  1620 E IPCThreadState: Binder transaction failure. id: 196477, BR_*: 29189, error: -22 (Invalid argument)
01-20 06:53:20.870   699  1620 W ActivityManager: pid 699 system sent binder code 7 with flags 1 to frozen apps and got error -32
01-20 06:53:20.870   699  1620 D ActivityManager: Too many transaction errors, throttling freezer binder callback.
01-20 06:53:20.874   699  1620 W WindowManager: Exception thrown during dispatchAppVisibility Window{b6f8e62 u0 com.myapp1reactnative/com.myapp1reactnative.MainActivity EXITING}
01-20 06:53:20.874   699  1620 W WindowManager: android.os.DeadObjectException
01-20 06:53:20.874   699  1620 W WindowManager: 	at android.os.BinderProxy.transactNative(Native Method)
01-20 06:53:20.874   699  1620 W WindowManager: 	at android.os.BinderProxy.transact(BinderProxy.java:592)
01-20 06:53:20.874   699  1620 W WindowManager: 	at android.view.IWindow$Stub$Proxy.dispatchAppVisibility(IWindow.java:557)
01-20 06:53:20.874   699  1620 W WindowManager: 	at com.android.server.wm.WindowState.sendAppVisibilityToClients(WindowState.java:3151)
01-20 06:53:20.874   699  1620 W WindowManager: 	at com.android.server.wm.WindowContainer.sendAppVisibilityToClients(WindowContainer.java:1311)
01-20 06:53:20.874   699  1620 W WindowManager: 	at com.android.server.wm.WindowToken.setClientVisible(WindowToken.java:389)
01-20 06:53:20.874   699  1620 W WindowManager: 	at com.android.server.wm.ActivityRecord.setClientVisible(ActivityRecord.java:6650)
01-20 06:53:20.874   699  1620 W WindowManager: 	at com.android.server.wm.ActivityRecord.commitVisibility(ActivityRecord.java:5561)
01-20 06:53:20.874   699  1620 W WindowManager: 	at com.android.server.wm.Transition.finishTransition(Transition.java:1391)
01-20 06:53:20.874   699  1620 W WindowManager: 	at com.android.server.wm.TransitionController.finishTransition(TransitionController.java:1029)
01-20 06:53:20.874   699  1620 W WindowManager: 	at com.android.server.wm.WindowOrganizerController.finishTransition(WindowOrganizerController.java:496)
01-20 06:53:20.874   699  1620 W WindowManager: 	at android.window.IWindowOrganizerController$Stub.onTransact(IWindowOrganizerController.java:261)
01-20 06:53:20.874   699  1620 W WindowManager: 	at com.android.server.wm.WindowOrganizerController.onTransact(WindowOrganizerController.java:223)
01-20 06:53:20.874   699  1620 W WindowManager: 	at android.os.Binder.execTransactInternal(Binder.java:1426)
01-20 06:53:20.874   699  1620 W WindowManager: 	at android.os.Binder.execTransact(Binder.java:1365)
01-20 06:53:20.874   699  1620 W Process : Unable to open /proc/4372/status
01-20 06:53:20.877   931   986 V WindowManagerShell: Track 0 became idle
01-20 06:53:20.877   931   986 V WindowManagerShell: All active transition animations finished
01-20 06:53:20.878  1050  1050 D RecentsView: onTaskRemoved: 49, not handling task stack changes
01-20 06:53:20.883  1050  1050 D RecentsView: onTaskRemoved: 49, not handling task stack changes
01-20 06:53:20.913   554   554 E BpTransactionCompletedListener: Failed to transact (-32)
01-20 06:53:23.832  1038  1242 D SatelliteController: iisInCarrierRoamingNbIotNtn: satellite is disabled
01-20 06:53:23.883   699  1574 E TaskPersister: File error accessing recents directory (directory doesn't exist?).
01-20 06:53:24.079   699   793 D ActivityManager: freezing 3187 com.google.android.packageinstaller
01-20 06:53:24.080   699   843 D InetDiagMessage: Destroyed 0 sockets, proto=IPPROTO_TCP, family=AF_INET, states=14
01-20 06:53:24.081   699   843 D InetDiagMessage: Destroyed 0 sockets, proto=IPPROTO_TCP, family=AF_INET6, states=14
01-20 06:53:24.081   699   843 D InetDiagMessage: Destroyed live tcp sockets for uids={10105} in 1ms
01-20 06:53:24.411   265  4296 I keystore2: system/security/keystore2/watchdog/src/lib.rs:377 - Watchdog thread idle -> terminating. Have a great day.
01-20 06:53:25.078   699  1475 D OomAdjuster: Not killing cached processes
01-20 06:53:26.798   699   793 D ActivityManager: freezing 3853 com.android.vending:background
01-20 06:53:26.913   699   793 D ActivityManager: freezing 3768 com.android.vending
01-20 06:53:26.915   699   843 D InetDiagMessage: Destroyed 0 sockets, proto=IPPROTO_TCP, family=AF_INET, states=14
01-20 06:53:26.916   699   843 D InetDiagMessage: Destroyed 1 sockets, proto=IPPROTO_TCP, family=AF_INET6, states=14
01-20 06:53:26.917   699   843 D InetDiagMessage: Destroyed live tcp sockets for uids={10145} in 2ms
01-20 06:53:27.776   699   793 D ActivityManager: freezing 1717 com.google.android.googlequicksearchbox:search
01-20 06:53:29.567   699   809 I ImeTracker: com.myapp1reactnative:3b90e4bf: setFinished at PHASE_CLIENT_SET_IME_VISIBILITY with STATUS_TIMEOUT
01-20 06:53:30.169   699  1620 D OomAdjuster: Not killing cached processes
01-20 06:53:30.261  1501  1501 D BoundBrokerSvc: onUnbind: Intent { act=com.google.android.gms.feedback.internal.IFeedbackService dat=chimera-action:/... xflg=0x4 cmp=com.google.android.gms/.chimera.GmsBoundBrokerService }
01-20 06:53:32.085  1258  1399 D CompatChangeReporter: Compat change id reported: 288912692; UID 10147; state: ENABLED
01-20 06:53:33.585  1473  1777 I eebf    : (REDACTED) Probing voice interaction service recovery for condition(%s).
01-20 06:53:33.586  1473  1777 I eebf    : (REDACTED) Skipping voice interaction service recovery(%s) for condition(%s).
01-20 06:53:33.586  1473  1777 I eebf    : (REDACTED) Skipping voice interaction service recovery(%s) for condition(%s).
01-20 06:53:33.819  1038  1242 D SatelliteController: iisInCarrierRoamingNbIotNtn: satellite is disabled
01-20 06:53:36.885  1473  2032 I bbax    : (REDACTED) getHotwordActive::active query: %s, watch: %s, devices connected: %s
01-20 06:53:38.987   699   719 I GnssLocationProvider: WakeLock acquired by handleDownloadPsdsData()
01-20 06:53:38.987   699  4447 E GnssPsdsDownloader: No Long-Term PSDS servers were specified in the GnssConfiguration
01-20 06:53:39.359   699   793 D ActivityManager: freezing 1349 com.google.android.permissioncontroller
01-20 06:53:39.361   699   843 D InetDiagMessage: Destroyed 0 sockets, proto=IPPROTO_TCP, family=AF_INET, states=14
01-20 06:53:39.361   699   843 D InetDiagMessage: Destroyed 0 sockets, proto=IPPROTO_TCP, family=AF_INET6, states=14
01-20 06:53:39.361   699   843 D InetDiagMessage: Destroyed live tcp sockets for uids={10195} in 1ms
01-20 06:53:43.819  1038  1242 D SatelliteController: iisInCarrierRoamingNbIotNtn: satellite is disabled
01-20 06:53:43.890   699   728 D OomAdjuster: Not killing cached processes
01-20 06:53:44.115  1258  3035 I AlarmManager: setExactAndAllowWhileIdle [name: GCM_HB_ALARM type: 2 triggerAtMillis: 698015]
01-20 06:53:44.118  1258  3035 I AlarmManager: setExactAndAllowWhileIdle [name: GCM_HB_ALARM type: 2 triggerAtMillis: 698017]
01-20 06:53:45.741  1019  1238 W ScanManager: Moving filtered scan client to downgraded scan (scannerId 1)
01-20 06:53:45.759  1019  1238 I bt_shim_scanner: system/main/shim/le_scanning_manager.cc:147 Scan: in shim layer stopped
01-20 06:53:45.776  1019  1213 I bluetooth: system/gd/hci/le_address_manager.cc:278 unregister_client: Client unregistered
01-20 06:53:45.776  1019  1213 I bluetooth: system/gd/hci/le_address_manager.cc:293 unregister_client: Cancelled address rotation alarm
01-20 06:53:45.784  1019  1238 I bt_shim_scanner: system/main/shim/le_scanning_manager.cc:311 SetScanParameters: in shim layer, scannerId1m=1, scannerIdCoded=0
01-20 06:53:45.784  1019  1238 I bt_shim_scanner: system/main/shim/le_scanning_manager.cc:147 Scan: in shim layer started
01-20 06:53:45.795  1019  1213 I bluetooth: system/gd/hci/le_scanning_manager.cc:601 stop_scan: Scanning already stopped, return!
01-20 06:53:45.805  1019  1213 I bluetooth: system/gd/hci/le_address_manager.cc:576 GetNextPrivateAddressIntervalRange: client=LeAddressManager, nonwake=8m41s, wake=14m7s
01-20 06:53:45.806  1019  1213 I bluetooth: system/gd/hci/le_address_manager.cc:259 register_client: Scheduled address rotation for first client registered
01-20 06:53:45.806  1019  1213 I bluetooth: system/gd/hci/le_address_manager.cc:263 register_client: Client registered
01-20 06:53:49.606   699   714 D WifiNl80211Manager: Scan result ready event
01-20 06:53:49.606   699   714 D WifiNative: Scan result ready event
01-20 06:53:49.613  1258  1275 I WifiScanner: onFullResults
01-20 06:53:49.629   699   837 I HalDevMgr: bestIfaceCreationProposal is null, requestIface=STA, existingIface=[name=wlan0 type=STA]
