01-13 12:27:13.152   926  1008 V WindowManagerShell:  Checking filter Pair{{types=[] flags=0x0] notFlags=0x0 checks=[{atype=dream independent=true modes=[OPEN,TO_FRONT] flags=NONE mustBeTask=false order=ANY topActivity=null launchCookie=null windowingMode=undefined},{atype=home independent=true modes=[CLOSE,TO_BACK] flags=NONE mustBeTask=false order=ANY topActivity=null launchCookie=null windowingMode=undefined}]} RemoteTransition { remoteTransition = android.window.IRemoteTransition$Stub$Proxy@a224a8, appThread = android.app.IApplicationThread$Stub$Proxy@e24fbc1, debugName = LauncherToDream }}
01-13 12:27:13.153   926  1008 V WindowManagerShell:  Checking filter Pair{{types=[] flags=0x0] notFlags=0x100 checks=[{atype=home independent=true modes=[OPEN,TO_FRONT] flags=NONE mustBeTask=false order=TOP topActivity=ComponentInfo{com.google.android.apps.nexuslauncher/com.google.android.apps.nexuslauncher.NexusLauncherActivity} launchCookie=null windowingMode=undefined},{atype=standard independent=true modes=[CLOSE,TO_BACK] flags=NONE mustBeTask=false order=ANY topActivity=null launchCookie=null windowingMode=undefined},{NOT atype=undefined independent=true modes=[] flags=NONE mustBeTask=true order=ANY topActivity=null launchCookie=null customAnim=true windowingMode=undefined}]} RemoteTransition { remoteTransition = android.window.IRemoteTransition$Stub$Proxy@2ba2f66, appThread = android.app.IApplicationThread$Stub$Proxy@29b72a7, debugName = QuickstepLaunchHome }}
01-13 12:27:13.153   926  1008 D RemoteTransitionHandler: Found filterPair{{types=[] flags=0x0] notFlags=0x100 checks=[{atype=home independent=true modes=[OPEN,TO_FRONT] flags=NONE mustBeTask=false order=TOP topActivity=ComponentInfo{com.google.android.apps.nexuslauncher/com.google.android.apps.nexuslauncher.NexusLauncherActivity} launchCookie=null windowingMode=undefined},{atype=standard independent=true modes=[CLOSE,TO_BACK] flags=NONE mustBeTask=false order=ANY topActivity=null launchCookie=null windowingMode=undefined},{NOT atype=undefined independent=true modes=[] flags=NONE mustBeTask=true order=ANY topActivity=null launchCookie=null customAnim=true windowingMode=undefined}]} RemoteTransition { remoteTransition = android.window.IRemoteTransition$Stub$Proxy@2ba2f66, appThread = android.app.IApplicationThread$Stub$Proxy@29b72a7, debugName = QuickstepLaunchHome }}
01-13 12:27:13.153   926  1008 V WindowManagerShell:  Delegate animation for (#36) to RemoteTransition { remoteTransition = android.window.IRemoteTransition$Stub$Proxy@2ba2f66, appThread = android.app.IApplicationThread$Stub$Proxy@29b72a7, debugName = QuickstepLaunchHome }
01-13 12:27:13.157  1055  1055 I NotificationListener: Handling notification state refresh for com.android.systemui#0
01-13 12:27:13.163  1055  2582 E FrameEvents: addRelease: Did not find frame.
01-13 12:27:13.164   685   710 V WindowManager: Sent Transition (#36) createdAt=01-13 12:27:12.953 via request=TransitionRequestInfo { type = CLOSE, triggerTask = TaskInfo{userId=0 taskId=18 effectiveUid=10222 displayId=0 isRunning=true baseIntent=Intent { flg=0x10000000 cmp=com.myapp1reactnative/.MainActivity } baseActivity=ComponentInfo{com.myapp1reactnative/com.myapp1reactnative.MainActivity} topActivity=ComponentInfo{com.myapp1reactnative/com.myapp1reactnative.MainActivity} origActivity=null realActivity=ComponentInfo{com.myapp1reactnative/com.myapp1reactnative.MainActivity} numActivities=1 lastActiveTime=7731753 supportsMultiWindow=true resizeMode=1 isResizeable=true minWidth=-1 minHeight=-1 defaultMinSize=220 token=WCT{RemoteToken{8ce0217 Task{a0f7b4b #18 type=standard A=10222:com.myapp1reactnative}}} topActivityType=1 pictureInPictureParams=null shouldDockBigOverlays=false launchIntoPipHostTaskId=-1 lastParentTaskIdBeforePip=-1 displayCutoutSafeInsets=Rect(0, 0 - 0, 0) topActivityInfo=ActivityInfo{9241604 com.myapp1reactnative.MainActivity} launchCookies=[] positionInParent=Point(0, 0) parentTaskId=-1 isFocused=true isVisible=true isVisibleRequested=true isTopActivityNoDisplay=false isSleeping=false locusId=null displayAreaFeatureId=1 isTopActivityTransparent=false isActivityStackTransparent=false lastNonFullscreenBounds=Rect(276, 696 - 805, 1776) capturedLink=null capturedLinkTimestamp=0 requestedVisibleTypes=-9 topActivityRequestOpenInBrowserEducationTimestamp=0 appCompatTaskInfo=AppCompatTaskInfo { topActivityInSizeCompat=false eligibleForLetterboxEducation= false isLetterboxEducationEnabled= true isLetterboxDoubleTapEnabled= false eligibleForUserAspectRatioButton= false topActivityBoundsLetterboxed= false isFromLetterboxDoubleTap= false topActivityLetterboxVerticalPosition= -1 topActivityLetterboxHorizontalPosition= -1 topActivityLetterboxWidth=-1 topActivityLetterboxHeight=-1 topActivityAppBounds=Rect(0, 0 - 1080, 2400) isUserFullscreenOverrideEnabled=false isSystemFullscreenOverrideEnabled=false hasMinAspectRatioOverride=false topActivityLetterboxBounds=null cameraCompatTaskInfo=CameraCompatTaskInfo { freeformCameraCompatMode=inactive}} topActivityMainWindowFrame=null}, pipChange = null, remoteTransition = null, displayChange = null, flags = 16, debugId = 36 }
01-13 12:27:13.164   685   710 V WindowManager:     startWCT=WindowContainerTransaction { changes= {} hops= [] errorCallbackToken=null taskFragmentOrganizer=null }
01-13 12:27:13.164   685   710 V WindowManager:     info={id=36 t=CLOSE f=0x10 trk=0 r=[0@Point(0, 0)] c=[
01-13 12:27:13.164   685   710 V WindowManager:         {WCT{RemoteToken{7319a40 Task{759ffbb #1 type=home}}} m=TO_FRONT f=SHOW_WALLPAPER|MOVE_TO_TOP leash=Surface(name=Task=1)/@0x795aa3c sb=Rect(0, 0 - 1080, 2400) eb=Rect(0, 0 - 1080, 2400) epz=Point(1080, 2400) d=0 taskParent=-1},
01-13 12:27:13.164   685   710 V WindowManager:         {WCT{RemoteToken{8ce0217 Task{a0f7b4b #18 type=standard A=10222:com.myapp1reactnative}}} m=CLOSE f=NONE leash=Surface(name=Task=18)/@0xde7e735 sb=Rect(0, 0 - 1080, 2400) eb=Rect(0, 0 - 1080, 2400) epz=Point(1080, 2400) d=0 taskParent=-1},
01-13 12:27:13.164   685   710 V WindowManager:         {m=TO_FRONT f=IS_WALLPAPER leash=Surface(name=WallpaperWindowToken{ffbae50 showWhenLocked=false})/@0xb24e42f sb=Rect(0, 0 - 1080, 2400) eb=Rect(0, 0 - 1080, 2400) epz=Point(1080, 2400) d=0}
01-13 12:27:13.164   685   710 V WindowManager:     ]}
01-13 12:27:13.170  1055  1055 D b/311077782: LauncherAnimationRunner.setAnimation
01-13 12:27:13.171  1428  1607 I AiAiEcho: Predicting[0]:  [CONTEXT sampling_count=5 ]
01-13 12:27:13.171  1428  1607 I AiAiEcho: EchoTargets: 
01-13 12:27:13.171  1428  1607 I AiAiEcho: Filtered by AiAi flag check: 
01-13 12:27:13.171  1428  1607 I AiAiEcho: [CONTEXT ratelimit_period="10 SECONDS" ]
01-13 12:27:13.173   926  1008 V WindowManagerShell:  animated by com.android.wm.shell.transition.RemoteTransitionHandler@2007c40
01-13 12:27:13.173  1428  1607 I AiAiEcho: #remoteViewsTwiddler: feature disabled.
01-13 12:27:13.176  1428  1607 I AiAiEcho: #postPredictionTargets: Sending updates to UISurface home with targets# 0 (types=[])
01-13 12:27:13.179  1055  1110 W HWUI    : Image decoding logging dropped!
01-13 12:27:13.182   685   796 I ImeTracker: com.google.android.apps.nexuslauncher:75d60c12: onRequestHide at ORIGIN_SERVER reason HIDE_SAME_WINDOW_FOCUSED_WITHOUT_EDITOR fromUser false
01-13 12:27:13.184  1055  1055 D InsetsController: hide(ime(), fromIme=false)
01-13 12:27:13.184  1055  1055 I ImeTracker: com.google.android.apps.nexuslauncher:75d60c12: onCancelled at PHASE_CLIENT_ALREADY_HIDDEN
01-13 12:27:13.186  1339  1339 I GoogleInputMethodService: GoogleInputMethodService.onFinishInput():2043 
01-13 12:27:13.188  1339  1339 I Module  : DeviceLockedStatusModuleProvider$Module.updateDeviceLockedStatus():100 repeatCheckTimes = 0, locked = false
01-13 12:27:13.190  1339  1339 I GoogleInputMethodService: GoogleInputMethodService.onStartInput():1293 onStartInput(EditorInfo{EditorInfo{packageName=com.google.android.apps.nexuslauncher, inputType=0, inputTypeString=NULL, enableLearning=false, autoCorrection=false, autoComplete=false, imeOptions=0, privateImeOptions=null, actionName=UNSPECIFIED, actionLabel=null, initialSelStart=-1, initialSelEnd=-1, initialCapsMode=0, label=null, fieldId=0, fieldName=null, extras=null, hintText=null, hintLocales=[]}}, false)
01-13 12:27:13.191  1339  1339 I EmojiCompatManager: EmojiCompatManager.getEmojiCompatIfLoaded():343 EmojiCompat.init() was never called.
01-13 12:27:13.191  1339  1339 I EmojiCompatManager: java.lang.IllegalStateException: EmojiCompat is not initialized. Please call EmojiCompat.init() first
01-13 12:27:13.191  1339  1339 I EmojiCompatManager: 	at asx.p(PG:6)
01-13 12:27:13.191  1339  1339 I EmojiCompatManager: 	at axb.b(PG:13)
01-13 12:27:13.191  1339  1339 I EmojiCompatManager: 	at jnr.b(PG:2)
01-13 12:27:13.191  1339  1339 I EmojiCompatManager: 	at jnr.c(PG:4)
01-13 12:27:13.191  1339  1339 I EmojiCompatManager: 	at jnr.f(PG:3)
01-13 12:27:13.191  1339  1339 I EmojiCompatManager: 	at jnx.c(PG:3)
01-13 12:27:13.191  1339  1339 I EmojiCompatManager: 	at kif.cz(PG:47)
01-13 12:27:13.191  1339  1339 I EmojiCompatManager: 	at lhl.run(PG:1025)
01-13 12:27:13.191  1339  1339 I EmojiCompatManager: 	at jaf.execute(PG:12)
01-13 12:27:13.191  1339  1339 I EmojiCompatManager: 	at nco.v(PG:13)
01-13 12:27:13.191  1339  1339 I EmojiCompatManager: 	at lhn.m(PG:96)
01-13 12:27:13.191  1339  1339 I EmojiCompatManager: 	at lhn.k(PG:25)
01-13 12:27:13.191  1339  1339 I EmojiCompatManager: 	at kgn.onStartInput(PG:250)
01-13 12:27:13.191  1339  1339 I EmojiCompatManager: 	at android.inputmethodservice.InputMethodService.doStartInput(InputMethodService.java:3521)
01-13 12:27:13.191  1339  1339 I EmojiCompatManager: 	at android.inputmethodservice.InputMethodService$InputMethodImpl.startInput(InputMethodService.java:879)
01-13 12:27:13.191  1339  1339 I EmojiCompatManager: 	at android.inputmethodservice.InputMethodService$InputMethodImpl.dispatchStartInput(InputMethodService.java:908)
01-13 12:27:13.191  1339  1339 I EmojiCompatManager: 	at android.inputmethodservice.IInputMethodWrapper.executeMessage(IInputMethodWrapper.java:201)
01-13 12:27:13.191  1339  1339 I EmojiCompatManager: 	at com.android.internal.os.HandlerCaller$MyHandler.handleMessage(HandlerCaller.java:44)
01-13 12:27:13.191  1339  1339 I EmojiCompatManager: 	at android.os.Handler.dispatchMessage(Handler.java:110)
01-13 12:27:13.191  1339  1339 I EmojiCompatManager: 	at android.os.Looper.loopOnce(Looper.java:248)
01-13 12:27:13.191  1339  1339 I EmojiCompatManager: 	at android.os.Looper.loop(Looper.java:338)
01-13 12:27:13.191  1339  1339 I EmojiCompatManager: 	at android.app.ActivityThread.main(ActivityThread.java:9067)
01-13 12:27:13.191  1339  1339 I EmojiCompatManager: 	at java.lang.reflect.Method.invoke(Native Method)
01-13 12:27:13.191  1339  1339 I EmojiCompatManager: 	at com.android.internal.os.RuntimeInit$MethodAndArgsCaller.run(RuntimeInit.java:593)
01-13 12:27:13.191  1339  1339 I EmojiCompatManager: 	at com.android.internal.os.ZygoteInit.main(ZygoteInit.java:932)
01-13 12:27:13.192  1339  1339 I Module  : DeviceLockedStatusModuleProvider$Module.updateDeviceLockedStatus():100 repeatCheckTimes = 1, locked = false
01-13 12:27:13.193   685  1818 W PackageConfigPersister: App-specific configuration not found for packageName: com.google.android.apps.nexuslauncher and userId: 0
01-13 12:27:13.194   549   549 E SurfaceFlinger: Out of order buffers detected for RequestedLayerState{com.google.android.apps.nexuslauncher/com.google.android.apps.nexuslauncher.NexusLauncherActivity#351 parentId=102} producedId=15 frameNumber=35 -> producedId=15 frameNumber=2
01-13 12:27:13.195   507   507 I RanchuHwc: logCompositionFallbackIfChanged: layer 66 CompositionType fallback from 2 to 1
01-13 12:27:13.210   549   549 E SurfaceFlinger: Out of order buffers detected for RequestedLayerState{com.google.android.apps.nexuslauncher/com.google.android.apps.nexuslauncher.NexusLauncherActivity#351 parentId=102} producedId=15 frameNumber=35 -> producedId=15 frameNumber=3
01-13 12:27:13.231   549   549 E SurfaceFlinger: Out of order buffers detected for RequestedLayerState{com.google.android.apps.nexuslauncher/com.google.android.apps.nexuslauncher.NexusLauncherActivity#351 parentId=102} producedId=15 frameNumber=35 -> producedId=15 frameNumber=4
01-13 12:27:13.242   549   549 E SurfaceFlinger: Out of order buffers detected for RequestedLayerState{com.google.android.apps.nexuslauncher/com.google.android.apps.nexuslauncher.NexusLauncherActivity#351 parentId=102} producedId=15 frameNumber=35 -> producedId=15 frameNumber=5
01-13 12:27:13.260   549   549 E SurfaceFlinger: Out of order buffers detected for RequestedLayerState{com.google.android.apps.nexuslauncher/com.google.android.apps.nexuslauncher.NexusLauncherActivity#351 parentId=102} producedId=15 frameNumber=35 -> producedId=15 frameNumber=6
01-13 12:27:13.275   549   549 E SurfaceFlinger: Out of order buffers detected for RequestedLayerState{com.google.android.apps.nexuslauncher/com.google.android.apps.nexuslauncher.NexusLauncherActivity#351 parentId=102} producedId=15 frameNumber=35 -> producedId=15 frameNumber=7
01-13 12:27:13.292   549   549 E SurfaceFlinger: Out of order buffers detected for RequestedLayerState{com.google.android.apps.nexuslauncher/com.google.android.apps.nexuslauncher.NexusLauncherActivity#351 parentId=102} producedId=15 frameNumber=35 -> producedId=15 frameNumber=8
01-13 12:27:13.310   549   549 E SurfaceFlinger: Out of order buffers detected for RequestedLayerState{com.google.android.apps.nexuslauncher/com.google.android.apps.nexuslauncher.NexusLauncherActivity#351 parentId=102} producedId=15 frameNumber=35 -> producedId=15 frameNumber=9
01-13 12:27:13.310   685   711 W Looper  : Slow dispatch took 187ms android.ui app=system_server main=false group=TOP_APP h=android.view.Choreographer$FrameHandler c=android.view.Choreographer$FrameDisplayEventReceiver@655a9df m=0
01-13 12:27:13.313  1248  1265 I FontLog : (REDACTED) Received query %s, URI %s
01-13 12:27:13.313  1248  1265 I FontLog : (REDACTED) Query [%s] resolved to %s
01-13 12:27:13.314   685   711 W Looper  : Slow delivery took 213ms android.ui app=system_server main=false group=TOP_APP h=com.android.server.wm.DisplayPolicy$PolicyHandler c=com.android.server.wm.DisplayPolicy$$ExternalSyntheticLambda14@7ce08f4 m=0
01-13 12:27:13.319  1248  1265 I FontLog : (REDACTED) Fetch %s end status %s
01-13 12:27:13.325   685   711 W Looper  : Drained
01-13 12:27:13.326   549   549 E SurfaceFlinger: Out of order buffers detected for RequestedLayerState{com.google.android.apps.nexuslauncher/com.google.android.apps.nexuslauncher.NexusLauncherActivity#351 parentId=102} producedId=15 frameNumber=35 -> producedId=15 frameNumber=10
01-13 12:27:13.331  1248  2131 I FontLog : (REDACTED) Pulling font file for id = %d, cache size = %d
01-13 12:27:13.348  1248  2131 I FontLog : (REDACTED) Pulling font file for id = %d, cache size = %d
01-13 12:27:13.359   549   549 E SurfaceFlinger: Out of order buffers detected for RequestedLayerState{com.google.android.apps.nexuslauncher/com.google.android.apps.nexuslauncher.NexusLauncherActivity#351 parentId=102} producedId=15 frameNumber=35 -> producedId=15 frameNumber=11
01-13 12:27:13.392   549   549 E SurfaceFlinger: Out of order buffers detected for RequestedLayerState{com.google.android.apps.nexuslauncher/com.google.android.apps.nexuslauncher.NexusLauncherActivity#351 parentId=102} producedId=15 frameNumber=35 -> producedId=15 frameNumber=12
01-13 12:27:13.410   549   549 E SurfaceFlinger: Out of order buffers detected for RequestedLayerState{com.google.android.apps.nexuslauncher/com.google.android.apps.nexuslauncher.NexusLauncherActivity#351 parentId=102} producedId=15 frameNumber=35 -> producedId=15 frameNumber=13
01-13 12:27:13.425   549   549 E SurfaceFlinger: Out of order buffers detected for RequestedLayerState{com.google.android.apps.nexuslauncher/com.google.android.apps.nexuslauncher.NexusLauncherActivity#351 parentId=102} producedId=15 frameNumber=35 -> producedId=15 frameNumber=14
01-13 12:27:13.442   549   549 E SurfaceFlinger: Out of order buffers detected for RequestedLayerState{com.google.android.apps.nexuslauncher/com.google.android.apps.nexuslauncher.NexusLauncherActivity#351 parentId=102} producedId=15 frameNumber=35 -> producedId=15 frameNumber=15
01-13 12:27:13.460   549   549 E SurfaceFlinger: Out of order buffers detected for RequestedLayerState{com.google.android.apps.nexuslauncher/com.google.android.apps.nexuslauncher.NexusLauncherActivity#351 parentId=102} producedId=15 frameNumber=35 -> producedId=15 frameNumber=16
01-13 12:27:13.477   549   549 E SurfaceFlinger: Out of order buffers detected for RequestedLayerState{com.google.android.apps.nexuslauncher/com.google.android.apps.nexuslauncher.NexusLauncherActivity#351 parentId=102} producedId=15 frameNumber=35 -> producedId=15 frameNumber=17
